###############################################################################
#
# IAR ELF Linker V9.10.1.308/W64 for ARM                  12/Oct/2021  10:33:04
# Copyright 2007-2021 IAR Systems AB.
#
#    Output file  =
#        C:\Users\yael\source\repos\EcoMilk\STM32H7A3ZITxQ\EWARM\STM32H7A3ZITxQ\Exe\STM32H7A3ZITxQ.out
#    Map file     =
#        C:\Users\yael\source\repos\EcoMilk\STM32H7A3ZITxQ\EWARM\STM32H7A3ZITxQ\List\STM32H7A3ZITxQ.map
#    Command line =
#        -f
#        C:\Users\yael\source\repos\EcoMilk\STM32H7A3ZITxQ\EWARM\STM32H7A3ZITxQ\Exe\STM32H7A3ZITxQ.out.rsp
#        (C:\Users\yael\source\repos\EcoMilk\STM32H7A3ZITxQ\EWARM\STM32H7A3ZITxQ\Obj\Application\User\Core\main.o
#        C:\Users\yael\source\repos\EcoMilk\STM32H7A3ZITxQ\EWARM\STM32H7A3ZITxQ\Obj\Application\EWARM\startup_stm32h7a3xxq.o
#        C:\Users\yael\source\repos\EcoMilk\STM32H7A3ZITxQ\EWARM\STM32H7A3ZITxQ\Obj\Drivers\STM32H7xx_HAL_Driver\stm32h7xx_hal.o
#        C:\Users\yael\source\repos\EcoMilk\STM32H7A3ZITxQ\EWARM\STM32H7A3ZITxQ\Obj\Drivers\STM32H7xx_HAL_Driver\stm32h7xx_hal_cortex.o
#        C:\Users\yael\source\repos\EcoMilk\STM32H7A3ZITxQ\EWARM\STM32H7A3ZITxQ\Obj\Drivers\STM32H7xx_HAL_Driver\stm32h7xx_hal_dma.o
#        C:\Users\yael\source\repos\EcoMilk\STM32H7A3ZITxQ\EWARM\STM32H7A3ZITxQ\Obj\Drivers\STM32H7xx_HAL_Driver\stm32h7xx_hal_dma_ex.o
#        C:\Users\yael\source\repos\EcoMilk\STM32H7A3ZITxQ\EWARM\STM32H7A3ZITxQ\Obj\Drivers\STM32H7xx_HAL_Driver\stm32h7xx_hal_exti.o
#        C:\Users\yael\source\repos\EcoMilk\STM32H7A3ZITxQ\EWARM\STM32H7A3ZITxQ\Obj\Drivers\STM32H7xx_HAL_Driver\stm32h7xx_hal_flash.o
#        C:\Users\yael\source\repos\EcoMilk\STM32H7A3ZITxQ\EWARM\STM32H7A3ZITxQ\Obj\Drivers\STM32H7xx_HAL_Driver\stm32h7xx_hal_flash_ex.o
#        C:\Users\yael\source\repos\EcoMilk\STM32H7A3ZITxQ\EWARM\STM32H7A3ZITxQ\Obj\Drivers\STM32H7xx_HAL_Driver\stm32h7xx_hal_gpio.o
#        C:\Users\yael\source\repos\EcoMilk\STM32H7A3ZITxQ\EWARM\STM32H7A3ZITxQ\Obj\Drivers\STM32H7xx_HAL_Driver\stm32h7xx_hal_hsem.o
#        C:\Users\yael\source\repos\EcoMilk\STM32H7A3ZITxQ\EWARM\STM32H7A3ZITxQ\Obj\Drivers\STM32H7xx_HAL_Driver\stm32h7xx_hal_i2c.o
#        C:\Users\yael\source\repos\EcoMilk\STM32H7A3ZITxQ\EWARM\STM32H7A3ZITxQ\Obj\Drivers\STM32H7xx_HAL_Driver\stm32h7xx_hal_i2c_ex.o
#        C:\Users\yael\source\repos\EcoMilk\STM32H7A3ZITxQ\EWARM\STM32H7A3ZITxQ\Obj\Drivers\STM32H7xx_HAL_Driver\stm32h7xx_hal_mdma.o
#        C:\Users\yael\source\repos\EcoMilk\STM32H7A3ZITxQ\EWARM\STM32H7A3ZITxQ\Obj\Application\User\Core\stm32h7xx_hal_msp.o
#        C:\Users\yael\source\repos\EcoMilk\STM32H7A3ZITxQ\EWARM\STM32H7A3ZITxQ\Obj\Drivers\STM32H7xx_HAL_Driver\stm32h7xx_hal_pwr.o
#        C:\Users\yael\source\repos\EcoMilk\STM32H7A3ZITxQ\EWARM\STM32H7A3ZITxQ\Obj\Drivers\STM32H7xx_HAL_Driver\stm32h7xx_hal_pwr_ex.o
#        C:\Users\yael\source\repos\EcoMilk\STM32H7A3ZITxQ\EWARM\STM32H7A3ZITxQ\Obj\Drivers\STM32H7xx_HAL_Driver\stm32h7xx_hal_rcc.o
#        C:\Users\yael\source\repos\EcoMilk\STM32H7A3ZITxQ\EWARM\STM32H7A3ZITxQ\Obj\Drivers\STM32H7xx_HAL_Driver\stm32h7xx_hal_rcc_ex.o
#        C:\Users\yael\source\repos\EcoMilk\STM32H7A3ZITxQ\EWARM\STM32H7A3ZITxQ\Obj\Drivers\STM32H7xx_HAL_Driver\stm32h7xx_hal_tim.o
#        C:\Users\yael\source\repos\EcoMilk\STM32H7A3ZITxQ\EWARM\STM32H7A3ZITxQ\Obj\Drivers\STM32H7xx_HAL_Driver\stm32h7xx_hal_tim_ex.o
#        C:\Users\yael\source\repos\EcoMilk\STM32H7A3ZITxQ\EWARM\STM32H7A3ZITxQ\Obj\Application\User\Core\stm32h7xx_it.o
#        C:\Users\yael\source\repos\EcoMilk\STM32H7A3ZITxQ\EWARM\STM32H7A3ZITxQ\Obj\Drivers\CMSIS\system_stm32h7xx.o
#        --no_out_extension -o
#        C:\Users\yael\source\repos\EcoMilk\STM32H7A3ZITxQ\EWARM\STM32H7A3ZITxQ\Exe\STM32H7A3ZITxQ.out
#        --redirect _Printf=_PrintfFullNoMb --redirect _Scanf=_ScanfFullNoMb
#        --map
#        C:\Users\yael\source\repos\EcoMilk\STM32H7A3ZITxQ\EWARM\STM32H7A3ZITxQ\List\STM32H7A3ZITxQ.map
#        --config
#        C:\Users\yael\source\repos\EcoMilk\STM32H7A3ZITxQ\EWARM/stm32h7a3xxq_flash.icf
#        --semihosting --entry __iar_program_start --vfe --text_out locale)
#
###############################################################################

*******************************************************************************
*** RUNTIME MODEL ATTRIBUTES
***

CppFlavor       = *
__SystemLibrary = DLib
__dlib_version  = 6


*******************************************************************************
*** HEAP SELECTION
***

The basic heap was selected because no calls to memory allocation
functions were found in the application outside of system library
functions, and there are calls to deallocation functions in the
application.


*******************************************************************************
*** PLACEMENT SUMMARY
***

"A0":  place at address 0x800'0000 { ro section .intvec };
"P1":  place in [from 0x800'0000 to 0x81f'ffff] { ro };
define block CSTACK with size = 1K, alignment = 8 { };
define block HEAP with size = 512, alignment = 8 { };
"P2":  place in [from 0x2000'0000 to 0x2001'ffff] {
          rw, block CSTACK, block HEAP };
initialize by copy { rw };

  Section            Kind         Address   Size  Object
  -------            ----         -------   ----  ------
"A0":                                      0x2ac
  .intvec            ro code   0x800'0000  0x2ac  startup_stm32h7a3xxq.o [1]
                             - 0x800'02ac  0x2ac

"P1":                                      0xef8
  .text              ro code   0x800'02ac  0x4b8  stm32h7xx_hal_rcc.o [4]
  .text              ro code   0x800'0764    0xc  stm32h7xx_hal.o [4]
  .text              ro code   0x800'0770  0x33c  stm32h7xx_hal_rcc.o [4]
  .text              ro code   0x800'0aac   0x44  stm32h7xx_hal.o [4]
  .text              ro code   0x800'0af0   0xac  stm32h7xx_hal_cortex.o [4]
  .text              ro code   0x800'0b9c   0xc0  system_stm32h7xx.o [3]
  .text              ro code   0x800'0c5c   0x90  main.o [2]
  .text              ro code   0x800'0cec   0x5c  stm32h7xx_hal.o [4]
  .text              ro code   0x800'0d48   0x14  memset.o [7]
  .text              ro code   0x800'0d5c   0x78  stm32h7xx_hal_pwr_ex.o [4]
  .text              ro code   0x800'0dd4   0x20  stm32h7xx_hal_msp.o [2]
  .text              ro code   0x800'0df4   0x66  ABImemset.o [7]
  .text              ro code   0x800'0e5a   0x2a  copy_init3.o [7]
  .text              ro code   0x800'0e84   0x28  data_init.o [7]
  .text              ro code   0x800'0eac   0x22  fpinit_M.o [6]
  .iar.init_table    const     0x800'0ed0   0x14  - Linker created -
  .text              ro code   0x800'0ee4   0x1e  cmain.o [7]
  .text              ro code   0x800'0f02    0x4  low_level_init.o [5]
  .text              ro code   0x800'0f06    0x4  exit.o [5]
  .text              ro code   0x800'0f0c    0xa  cexit.o [7]
  .text              ro code   0x800'0f18   0x14  exit.o [8]
  .text              ro code   0x800'0f2c   0x1c  cstartup_M.o [7]
  .text              ro code   0x800'0f48   0x14  stm32h7xx_it.o [2]
  .text              ro code   0x800'0f5c   0x10  stm32h7xx_hal.o [4]
  Initializer bytes  const     0x800'0f6c   0x14  <for P2-1>
  .text              ro code   0x800'0f80   0x10  startup_stm32h7a3xxq.o [1]
  .text              ro code   0x800'0f90    0x4  startup_stm32h7a3xxq.o [1]
  .text              ro code   0x800'0f94    0x4  startup_stm32h7a3xxq.o [1]
  .text              ro code   0x800'0f98    0x4  startup_stm32h7a3xxq.o [1]
  .text              ro code   0x800'0f9c    0x4  startup_stm32h7a3xxq.o [1]
  .text              ro code   0x800'0fa0    0x4  startup_stm32h7a3xxq.o [1]
  .text              ro code   0x800'0fa4    0x4  startup_stm32h7a3xxq.o [1]
  .text              ro code   0x800'0fa8    0x4  startup_stm32h7a3xxq.o [1]
  .text              ro code   0x800'0fac    0x4  startup_stm32h7a3xxq.o [1]
  .text              ro code   0x800'0fb0    0x4  startup_stm32h7a3xxq.o [1]
  .text              ro code   0x800'0fb4    0x4  startup_stm32h7a3xxq.o [1]
  .text              ro code   0x800'0fb8    0x4  startup_stm32h7a3xxq.o [1]
  .text              ro code   0x800'0fbc    0x4  startup_stm32h7a3xxq.o [1]
  .text              ro code   0x800'0fc0    0x4  startup_stm32h7a3xxq.o [1]
  .text              ro code   0x800'0fc4    0x4  startup_stm32h7a3xxq.o [1]
  .text              ro code   0x800'0fc8    0x4  startup_stm32h7a3xxq.o [1]
  .text              ro code   0x800'0fcc    0x4  startup_stm32h7a3xxq.o [1]
  .text              ro code   0x800'0fd0    0x4  startup_stm32h7a3xxq.o [1]
  .text              ro code   0x800'0fd4    0x4  startup_stm32h7a3xxq.o [1]
  .text              ro code   0x800'0fd8    0x4  startup_stm32h7a3xxq.o [1]
  .text              ro code   0x800'0fdc    0x4  startup_stm32h7a3xxq.o [1]
  .text              ro code   0x800'0fe0    0x4  startup_stm32h7a3xxq.o [1]
  .text              ro code   0x800'0fe4    0x4  startup_stm32h7a3xxq.o [1]
  .text              ro code   0x800'0fe8    0x4  startup_stm32h7a3xxq.o [1]
  .text              ro code   0x800'0fec    0x4  startup_stm32h7a3xxq.o [1]
  .text              ro code   0x800'0ff0    0x4  startup_stm32h7a3xxq.o [1]
  .text              ro code   0x800'0ff4    0x4  startup_stm32h7a3xxq.o [1]
  .text              ro code   0x800'0ff8    0x4  startup_stm32h7a3xxq.o [1]
  .text              ro code   0x800'0ffc    0x4  startup_stm32h7a3xxq.o [1]
  .text              ro code   0x800'1000    0x4  startup_stm32h7a3xxq.o [1]
  .text              ro code   0x800'1004    0x4  startup_stm32h7a3xxq.o [1]
  .text              ro code   0x800'1008    0x4  startup_stm32h7a3xxq.o [1]
  .text              ro code   0x800'100c    0x4  startup_stm32h7a3xxq.o [1]
  .text              ro code   0x800'1010    0x4  startup_stm32h7a3xxq.o [1]
  .text              ro code   0x800'1014    0x4  startup_stm32h7a3xxq.o [1]
  .text              ro code   0x800'1018    0x4  startup_stm32h7a3xxq.o [1]
  .text              ro code   0x800'101c    0x4  startup_stm32h7a3xxq.o [1]
  .text              ro code   0x800'1020    0x4  startup_stm32h7a3xxq.o [1]
  .text              ro code   0x800'1024    0x4  startup_stm32h7a3xxq.o [1]
  .text              ro code   0x800'1028    0x4  startup_stm32h7a3xxq.o [1]
  .text              ro code   0x800'102c    0x4  startup_stm32h7a3xxq.o [1]
  .text              ro code   0x800'1030    0x4  startup_stm32h7a3xxq.o [1]
  .text              ro code   0x800'1034    0x4  startup_stm32h7a3xxq.o [1]
  .text              ro code   0x800'1038    0x4  startup_stm32h7a3xxq.o [1]
  .text              ro code   0x800'103c    0x4  startup_stm32h7a3xxq.o [1]
  .text              ro code   0x800'1040    0x4  startup_stm32h7a3xxq.o [1]
  .text              ro code   0x800'1044    0x4  startup_stm32h7a3xxq.o [1]
  .text              ro code   0x800'1048    0x4  startup_stm32h7a3xxq.o [1]
  .text              ro code   0x800'104c    0x4  startup_stm32h7a3xxq.o [1]
  .text              ro code   0x800'1050    0x4  startup_stm32h7a3xxq.o [1]
  .text              ro code   0x800'1054    0x4  startup_stm32h7a3xxq.o [1]
  .text              ro code   0x800'1058    0x4  startup_stm32h7a3xxq.o [1]
  .text              ro code   0x800'105c    0x4  startup_stm32h7a3xxq.o [1]
  .text              ro code   0x800'1060    0x4  startup_stm32h7a3xxq.o [1]
  .text              ro code   0x800'1064    0x4  startup_stm32h7a3xxq.o [1]
  .text              ro code   0x800'1068    0x4  startup_stm32h7a3xxq.o [1]
  .text              ro code   0x800'106c    0x4  startup_stm32h7a3xxq.o [1]
  .text              ro code   0x800'1070    0x4  startup_stm32h7a3xxq.o [1]
  .text              ro code   0x800'1074    0x4  startup_stm32h7a3xxq.o [1]
  .text              ro code   0x800'1078    0x4  startup_stm32h7a3xxq.o [1]
  .text              ro code   0x800'107c    0x4  startup_stm32h7a3xxq.o [1]
  .text              ro code   0x800'1080    0x4  startup_stm32h7a3xxq.o [1]
  .text              ro code   0x800'1084    0x4  startup_stm32h7a3xxq.o [1]
  .text              ro code   0x800'1088    0x4  startup_stm32h7a3xxq.o [1]
  .text              ro code   0x800'108c    0x4  startup_stm32h7a3xxq.o [1]
  .text              ro code   0x800'1090    0x4  startup_stm32h7a3xxq.o [1]
  .text              ro code   0x800'1094    0x4  startup_stm32h7a3xxq.o [1]
  .text              ro code   0x800'1098    0x4  startup_stm32h7a3xxq.o [1]
  .text              ro code   0x800'109c    0x4  startup_stm32h7a3xxq.o [1]
  .text              ro code   0x800'10a0    0x4  startup_stm32h7a3xxq.o [1]
  .text              ro code   0x800'10a4    0x4  startup_stm32h7a3xxq.o [1]
  .text              ro code   0x800'10a8    0x4  startup_stm32h7a3xxq.o [1]
  .text              ro code   0x800'10ac    0x4  startup_stm32h7a3xxq.o [1]
  .text              ro code   0x800'10b0    0x4  startup_stm32h7a3xxq.o [1]
  .text              ro code   0x800'10b4    0x4  startup_stm32h7a3xxq.o [1]
  .text              ro code   0x800'10b8    0x4  startup_stm32h7a3xxq.o [1]
  .text              ro code   0x800'10bc    0x4  startup_stm32h7a3xxq.o [1]
  .text              ro code   0x800'10c0    0x4  startup_stm32h7a3xxq.o [1]
  .text              ro code   0x800'10c4    0x4  startup_stm32h7a3xxq.o [1]
  .text              ro code   0x800'10c8    0x4  startup_stm32h7a3xxq.o [1]
  .text              ro code   0x800'10cc    0x4  startup_stm32h7a3xxq.o [1]
  .text              ro code   0x800'10d0    0x4  startup_stm32h7a3xxq.o [1]
  .text              ro code   0x800'10d4    0x4  startup_stm32h7a3xxq.o [1]
  .text              ro code   0x800'10d8    0x4  startup_stm32h7a3xxq.o [1]
  .text              ro code   0x800'10dc    0x4  startup_stm32h7a3xxq.o [1]
  .text              ro code   0x800'10e0    0x4  startup_stm32h7a3xxq.o [1]
  .text              ro code   0x800'10e4    0x4  startup_stm32h7a3xxq.o [1]
  .text              ro code   0x800'10e8    0x4  startup_stm32h7a3xxq.o [1]
  .text              ro code   0x800'10ec    0x4  startup_stm32h7a3xxq.o [1]
  .text              ro code   0x800'10f0    0x4  startup_stm32h7a3xxq.o [1]
  .text              ro code   0x800'10f4    0x4  startup_stm32h7a3xxq.o [1]
  .text              ro code   0x800'10f8    0x4  startup_stm32h7a3xxq.o [1]
  .text              ro code   0x800'10fc    0x4  startup_stm32h7a3xxq.o [1]
  .text              ro code   0x800'1100    0x4  startup_stm32h7a3xxq.o [1]
  .text              ro code   0x800'1104    0x4  startup_stm32h7a3xxq.o [1]
  .text              ro code   0x800'1108    0x4  startup_stm32h7a3xxq.o [1]
  .text              ro code   0x800'110c    0x4  startup_stm32h7a3xxq.o [1]
  .text              ro code   0x800'1110    0x4  startup_stm32h7a3xxq.o [1]
  .text              ro code   0x800'1114    0x4  startup_stm32h7a3xxq.o [1]
  .text              ro code   0x800'1118    0x4  startup_stm32h7a3xxq.o [1]
  .text              ro code   0x800'111c    0x4  startup_stm32h7a3xxq.o [1]
  .text              ro code   0x800'1120    0x4  startup_stm32h7a3xxq.o [1]
  .text              ro code   0x800'1124    0x4  startup_stm32h7a3xxq.o [1]
  .text              ro code   0x800'1128    0x4  startup_stm32h7a3xxq.o [1]
  .text              ro code   0x800'112c    0x4  startup_stm32h7a3xxq.o [1]
  .text              ro code   0x800'1130    0x4  startup_stm32h7a3xxq.o [1]
  .text              ro code   0x800'1134    0x4  startup_stm32h7a3xxq.o [1]
  .text              ro code   0x800'1138    0x4  startup_stm32h7a3xxq.o [1]
  .text              ro code   0x800'113c    0x4  startup_stm32h7a3xxq.o [1]
  .text              ro code   0x800'1140    0x4  startup_stm32h7a3xxq.o [1]
  .text              ro code   0x800'1144    0x4  startup_stm32h7a3xxq.o [1]
  .text              ro code   0x800'1148    0x4  startup_stm32h7a3xxq.o [1]
  .text              ro code   0x800'114c    0x4  startup_stm32h7a3xxq.o [1]
  .text              ro code   0x800'1150    0x4  startup_stm32h7a3xxq.o [1]
  .text              ro code   0x800'1154    0x4  startup_stm32h7a3xxq.o [1]
  .text              ro code   0x800'1158    0x4  startup_stm32h7a3xxq.o [1]
  .text              ro code   0x800'115c    0x4  startup_stm32h7a3xxq.o [1]
  .text              ro code   0x800'1160    0x4  startup_stm32h7a3xxq.o [1]
  .text              ro code   0x800'1164    0x4  startup_stm32h7a3xxq.o [1]
  .text              ro code   0x800'1168    0x4  startup_stm32h7a3xxq.o [1]
  .text              ro code   0x800'116c    0x4  startup_stm32h7a3xxq.o [1]
  .text              ro code   0x800'1170    0x4  startup_stm32h7a3xxq.o [1]
  .text              ro code   0x800'1174    0x4  startup_stm32h7a3xxq.o [1]
  .text              ro code   0x800'1178    0x4  startup_stm32h7a3xxq.o [1]
  .text              ro code   0x800'117c    0x4  startup_stm32h7a3xxq.o [1]
  .text              ro code   0x800'1180    0x4  startup_stm32h7a3xxq.o [1]
  .text              ro code   0x800'1184    0x4  startup_stm32h7a3xxq.o [1]
  .text              ro code   0x800'1188    0x4  startup_stm32h7a3xxq.o [1]
  .text              ro code   0x800'118c    0x4  startup_stm32h7a3xxq.o [1]
  .text              ro code   0x800'1190    0x4  startup_stm32h7a3xxq.o [1]
  .text              ro code   0x800'1194    0x4  startup_stm32h7a3xxq.o [1]
  .text              ro code   0x800'1198    0x4  startup_stm32h7a3xxq.o [1]
  .text              ro code   0x800'119c    0x4  startup_stm32h7a3xxq.o [1]
  .text              ro code   0x800'11a0    0x4  startup_stm32h7a3xxq.o [1]
  .rodata            const     0x800'11a4    0x0  copy_init3.o [7]
                             - 0x800'11a4  0xef8

"P2", part 1 of 2:                          0x14
  P2-1                        0x2000'0000   0x14  <Init block>
    .data            inited   0x2000'0000    0xc  stm32h7xx_hal.o [4]
    .data            inited   0x2000'000c    0x8  system_stm32h7xx.o [3]
                            - 0x2000'0014   0x14

"P2", part 2 of 2:                         0x400
  CSTACK                      0x2000'0018  0x400  <Block>
    CSTACK           uninit   0x2000'0018  0x400  <Block tail>
                            - 0x2000'0418  0x400

Unused ranges:

         From           To       Size
         ----           --       ----
   0x800'11a4   0x81f'ffff  0x1f'ee5c
  0x2000'0014  0x2000'0017        0x4
  0x2000'0418  0x2001'ffff   0x1'fbe8


*******************************************************************************
*** INIT TABLE
***

          Address      Size
          -------      ----
Copy (__iar_copy_init3)
    1 source range, total size 0x14:
           0x800'0f6c  0x14
    1 destination range, total size 0x14:
          0x2000'0000  0x14



*******************************************************************************
*** MODULE SUMMARY
***

    Module                  ro code  ro data  rw data
    ------                  -------  -------  -------
command line/config:
    -------------------------------------------------
    Total:

C:\Users\yael\source\repos\EcoMilk\STM32H7A3ZITxQ\EWARM\STM32H7A3ZITxQ\Obj\Application\EWARM: [1]
    startup_stm32h7a3xxq.o    1'232
    -------------------------------------------------
    Total:                    1'232

C:\Users\yael\source\repos\EcoMilk\STM32H7A3ZITxQ\EWARM\STM32H7A3ZITxQ\Obj\Application\User\Core: [2]
    main.o                      144
    stm32h7xx_hal_msp.o          32
    stm32h7xx_it.o               20
    -------------------------------------------------
    Total:                      196

C:\Users\yael\source\repos\EcoMilk\STM32H7A3ZITxQ\EWARM\STM32H7A3ZITxQ\Obj\Drivers\CMSIS: [3]
    system_stm32h7xx.o          192        8        8
    -------------------------------------------------
    Total:                      192        8        8

C:\Users\yael\source\repos\EcoMilk\STM32H7A3ZITxQ\EWARM\STM32H7A3ZITxQ\Obj\Drivers\STM32H7xx_HAL_Driver: [4]
    stm32h7xx_hal.o             188       12       12
    stm32h7xx_hal_cortex.o      172
    stm32h7xx_hal_pwr_ex.o      120
    stm32h7xx_hal_rcc.o       2'036
    -------------------------------------------------
    Total:                    2'516       12       12

dl7M_tln.a: [5]
    exit.o                        4
    low_level_init.o              4
    -------------------------------------------------
    Total:                        8

m7M_tlv.a: [6]
    fpinit_M.o                   34
    -------------------------------------------------
    Total:                       34

rt7M_tl.a: [7]
    ABImemset.o                 102
    cexit.o                      10
    cmain.o                      30
    copy_init3.o                 42
    cstartup_M.o                 28
    data_init.o                  40
    memset.o                     20
    -------------------------------------------------
    Total:                      272

shb_l.a: [8]
    exit.o                       20
    -------------------------------------------------
    Total:                       20

    Gaps                          4        2
    Linker created                        20    1'024
-----------------------------------------------------
    Grand Total:              4'474       42    1'044


*******************************************************************************
*** ENTRY LIST
***

Entry                       Address   Size  Type      Object
-----                       -------   ----  ----      ------
.iar.init_table$$Base    0x800'0ed0          --   Gb  - Linker created -
.iar.init_table$$Limit   0x800'0ee4          --   Gb  - Linker created -
?main                    0x800'0ee5         Code  Gb  cmain.o [7]
BusFault_Handler         0x800'0f4f    0x2  Code  Gb  stm32h7xx_it.o [2]
CSTACK$$Base            0x2000'0018          --   Gb  - Linker created -
CSTACK$$Limit           0x2000'0418          --   Gb  - Linker created -
D1CorePrescTable         0x800'0c4c   0x10  Data  Gb  system_stm32h7xx.o [3]
DebugMon_Handler         0x800'0f55    0x2  Code  Gb  stm32h7xx_it.o [2]
HAL_GetTick              0x800'0765    0xc  Code  Gb  stm32h7xx_hal.o [4]
HAL_IncTick              0x800'0f5d   0x10  Code  Gb  stm32h7xx_hal.o [4]
HAL_Init                 0x800'0ced   0x4a  Code  Gb  stm32h7xx_hal.o [4]
HAL_InitTick             0x800'0aad   0x44  Code  Gb  stm32h7xx_hal.o [4]
HAL_MspInit              0x800'0dd5   0x20  Code  Gb  stm32h7xx_hal_msp.o [2]
HAL_NVIC_SetPriority     0x800'0b25   0x3a  Code  Gb  stm32h7xx_hal_cortex.o [4]
HAL_NVIC_SetPriorityGrouping
                         0x800'0b0b   0x1a  Code  Gb  stm32h7xx_hal_cortex.o [4]
HAL_PWREx_ConfigSupply   0x800'0d5d   0x72  Code  Gb  stm32h7xx_hal_pwr_ex.o [4]
HAL_RCC_ClockConfig      0x800'0771  0x1ac  Code  Gb  stm32h7xx_hal_rcc.o [4]
HAL_RCC_GetSysClockFreq
                         0x800'0979   0xf0  Code  Gb  stm32h7xx_hal_rcc.o [4]
HAL_RCC_OscConfig        0x800'02ad  0x4b8  Code  Gb  stm32h7xx_hal_rcc.o [4]
HAL_SYSTICK_Config       0x800'0b61   0x28  Code  Gb  stm32h7xx_hal_cortex.o [4]
HardFault_Handler        0x800'0f4b    0x2  Code  Gb  stm32h7xx_it.o [2]
MemManage_Handler        0x800'0f4d    0x2  Code  Gb  stm32h7xx_it.o [2]
NMI_Handler              0x800'0f49    0x2  Code  Gb  stm32h7xx_it.o [2]
PendSV_Handler           0x800'0f57    0x2  Code  Gb  stm32h7xx_it.o [2]
Region$$Table$$Base      0x800'0ed0          --   Gb  - Linker created -
Region$$Table$$Limit     0x800'0ee4          --   Gb  - Linker created -
SVC_Handler              0x800'0f53    0x2  Code  Gb  stm32h7xx_it.o [2]
SysTick_Handler          0x800'0f59    0x4  Code  Gb  stm32h7xx_it.o [2]
SystemClock_Config       0x800'0c69   0x7e  Code  Gb  main.o [2]
SystemCoreClock         0x2000'000c    0x4  Data  Gb  system_stm32h7xx.o [3]
SystemD2Clock           0x2000'0010    0x4  Data  Gb  system_stm32h7xx.o [3]
SystemInit               0x800'0b9d   0x90  Code  Gb  system_stm32h7xx.o [3]
UsageFault_Handler       0x800'0f51    0x2  Code  Gb  stm32h7xx_it.o [2]
__NVIC_SetPriority       0x800'0af1   0x1a  Code  Lc  stm32h7xx_hal_cortex.o [4]
__aeabi_memset           0x800'0df5         Code  Gb  ABImemset.o [7]
__cmain                  0x800'0ee5         Code  Gb  cmain.o [7]
__exit                   0x800'0f19   0x14  Code  Gb  exit.o [8]
__iar_Memset             0x800'0df5         Code  Gb  ABImemset.o [7]
__iar_Memset_word        0x800'0dfd         Code  Gb  ABImemset.o [7]
__iar_copy_init3         0x800'0e5b   0x2a  Code  Gb  copy_init3.o [7]
__iar_data_init3         0x800'0e85   0x28  Code  Gb  data_init.o [7]
__iar_init_vfp           0x800'0ead         Code  Gb  fpinit_M.o [6]
__iar_program_start      0x800'0f2d         Code  Gb  cstartup_M.o [7]
__low_level_init         0x800'0f03    0x4  Code  Gb  low_level_init.o [5]
__vector_table           0x800'0000         Data  Gb  startup_stm32h7a3xxq.o [1]
_call_main               0x800'0ef1         Code  Gb  cmain.o [7]
_exit                    0x800'0f0d         Code  Gb  cexit.o [7]
exit                     0x800'0f07    0x4  Code  Gb  exit.o [5]
main                     0x800'0c5d    0xc  Code  Gb  main.o [2]
memset                   0x800'0d49   0x14  Code  Gb  memset.o [7]
uwTick                  0x2000'0004    0x4  Data  Gb  stm32h7xx_hal.o [4]
uwTickFreq              0x2000'0000    0x1  Data  Gb  stm32h7xx_hal.o [4]
uwTickPrio              0x2000'0008    0x4  Data  Gb  stm32h7xx_hal.o [4]


[1] = C:\Users\yael\source\repos\EcoMilk\STM32H7A3ZITxQ\EWARM\STM32H7A3ZITxQ\Obj\Application\EWARM
[2] = C:\Users\yael\source\repos\EcoMilk\STM32H7A3ZITxQ\EWARM\STM32H7A3ZITxQ\Obj\Application\User\Core
[3] = C:\Users\yael\source\repos\EcoMilk\STM32H7A3ZITxQ\EWARM\STM32H7A3ZITxQ\Obj\Drivers\CMSIS
[4] = C:\Users\yael\source\repos\EcoMilk\STM32H7A3ZITxQ\EWARM\STM32H7A3ZITxQ\Obj\Drivers\STM32H7xx_HAL_Driver
[5] = dl7M_tln.a
[6] = m7M_tlv.a
[7] = rt7M_tl.a
[8] = shb_l.a

  4'474 bytes of readonly  code memory
     42 bytes of readonly  data memory
  1'044 bytes of readwrite data memory

Errors: none
Warnings: none
