###############################################################################
#
# IAR ELF Linker V9.10.1.308/W64 for ARM                  21/Oct/2021  15:42:14
# Copyright 2007-2021 IAR Systems AB.
#
#    Output file  =
#        C:\Users\yael\source\repos\EcoMilk\STM32H7A3ZITxQ\EWARM\STM32H7A3ZITxQ\Exe\STM32H7A3ZITxQ.out
#    Map file     =
#        C:\Users\yael\source\repos\EcoMilk\STM32H7A3ZITxQ\EWARM\STM32H7A3ZITxQ\List\STM32H7A3ZITxQ.map
#    Command line =
#        -f
#        C:\Users\yael\source\repos\EcoMilk\STM32H7A3ZITxQ\EWARM\STM32H7A3ZITxQ\Exe\STM32H7A3ZITxQ.out.rsp
#        (C:\Users\yael\source\repos\EcoMilk\STM32H7A3ZITxQ\EWARM\STM32H7A3ZITxQ\Obj\Application\User\Core\main.o
#        C:\Users\yael\source\repos\EcoMilk\STM32H7A3ZITxQ\EWARM\STM32H7A3ZITxQ\Obj\Application\EWARM\startup_stm32h7a3xxq.o
#        C:\Users\yael\source\repos\EcoMilk\STM32H7A3ZITxQ\EWARM\STM32H7A3ZITxQ\Obj\Drivers\STM32H7xx_HAL_Driver\stm32h7xx_hal.o
#        C:\Users\yael\source\repos\EcoMilk\STM32H7A3ZITxQ\EWARM\STM32H7A3ZITxQ\Obj\Drivers\STM32H7xx_HAL_Driver\stm32h7xx_hal_adc.o
#        C:\Users\yael\source\repos\EcoMilk\STM32H7A3ZITxQ\EWARM\STM32H7A3ZITxQ\Obj\Drivers\STM32H7xx_HAL_Driver\stm32h7xx_hal_adc_ex.o
#        C:\Users\yael\source\repos\EcoMilk\STM32H7A3ZITxQ\EWARM\STM32H7A3ZITxQ\Obj\Drivers\STM32H7xx_HAL_Driver\stm32h7xx_hal_cortex.o
#        C:\Users\yael\source\repos\EcoMilk\STM32H7A3ZITxQ\EWARM\STM32H7A3ZITxQ\Obj\Drivers\STM32H7xx_HAL_Driver\stm32h7xx_hal_dma.o
#        C:\Users\yael\source\repos\EcoMilk\STM32H7A3ZITxQ\EWARM\STM32H7A3ZITxQ\Obj\Drivers\STM32H7xx_HAL_Driver\stm32h7xx_hal_dma_ex.o
#        C:\Users\yael\source\repos\EcoMilk\STM32H7A3ZITxQ\EWARM\STM32H7A3ZITxQ\Obj\Drivers\STM32H7xx_HAL_Driver\stm32h7xx_hal_exti.o
#        C:\Users\yael\source\repos\EcoMilk\STM32H7A3ZITxQ\EWARM\STM32H7A3ZITxQ\Obj\Drivers\STM32H7xx_HAL_Driver\stm32h7xx_hal_flash.o
#        C:\Users\yael\source\repos\EcoMilk\STM32H7A3ZITxQ\EWARM\STM32H7A3ZITxQ\Obj\Drivers\STM32H7xx_HAL_Driver\stm32h7xx_hal_flash_ex.o
#        C:\Users\yael\source\repos\EcoMilk\STM32H7A3ZITxQ\EWARM\STM32H7A3ZITxQ\Obj\Drivers\STM32H7xx_HAL_Driver\stm32h7xx_hal_gpio.o
#        C:\Users\yael\source\repos\EcoMilk\STM32H7A3ZITxQ\EWARM\STM32H7A3ZITxQ\Obj\Drivers\STM32H7xx_HAL_Driver\stm32h7xx_hal_hsem.o
#        C:\Users\yael\source\repos\EcoMilk\STM32H7A3ZITxQ\EWARM\STM32H7A3ZITxQ\Obj\Drivers\STM32H7xx_HAL_Driver\stm32h7xx_hal_i2c.o
#        C:\Users\yael\source\repos\EcoMilk\STM32H7A3ZITxQ\EWARM\STM32H7A3ZITxQ\Obj\Drivers\STM32H7xx_HAL_Driver\stm32h7xx_hal_i2c_ex.o
#        C:\Users\yael\source\repos\EcoMilk\STM32H7A3ZITxQ\EWARM\STM32H7A3ZITxQ\Obj\Drivers\STM32H7xx_HAL_Driver\stm32h7xx_hal_mdma.o
#        C:\Users\yael\source\repos\EcoMilk\STM32H7A3ZITxQ\EWARM\STM32H7A3ZITxQ\Obj\Application\User\Core\stm32h7xx_hal_msp.o
#        C:\Users\yael\source\repos\EcoMilk\STM32H7A3ZITxQ\EWARM\STM32H7A3ZITxQ\Obj\Drivers\STM32H7xx_HAL_Driver\stm32h7xx_hal_pwr.o
#        C:\Users\yael\source\repos\EcoMilk\STM32H7A3ZITxQ\EWARM\STM32H7A3ZITxQ\Obj\Drivers\STM32H7xx_HAL_Driver\stm32h7xx_hal_pwr_ex.o
#        C:\Users\yael\source\repos\EcoMilk\STM32H7A3ZITxQ\EWARM\STM32H7A3ZITxQ\Obj\Drivers\STM32H7xx_HAL_Driver\stm32h7xx_hal_rcc.o
#        C:\Users\yael\source\repos\EcoMilk\STM32H7A3ZITxQ\EWARM\STM32H7A3ZITxQ\Obj\Drivers\STM32H7xx_HAL_Driver\stm32h7xx_hal_rcc_ex.o
#        C:\Users\yael\source\repos\EcoMilk\STM32H7A3ZITxQ\EWARM\STM32H7A3ZITxQ\Obj\Drivers\STM32H7xx_HAL_Driver\stm32h7xx_hal_spi.o
#        C:\Users\yael\source\repos\EcoMilk\STM32H7A3ZITxQ\EWARM\STM32H7A3ZITxQ\Obj\Drivers\STM32H7xx_HAL_Driver\stm32h7xx_hal_spi_ex.o
#        C:\Users\yael\source\repos\EcoMilk\STM32H7A3ZITxQ\EWARM\STM32H7A3ZITxQ\Obj\Drivers\STM32H7xx_HAL_Driver\stm32h7xx_hal_tim.o
#        C:\Users\yael\source\repos\EcoMilk\STM32H7A3ZITxQ\EWARM\STM32H7A3ZITxQ\Obj\Drivers\STM32H7xx_HAL_Driver\stm32h7xx_hal_tim_ex.o
#        C:\Users\yael\source\repos\EcoMilk\STM32H7A3ZITxQ\EWARM\STM32H7A3ZITxQ\Obj\Drivers\STM32H7xx_HAL_Driver\stm32h7xx_hal_uart.o
#        C:\Users\yael\source\repos\EcoMilk\STM32H7A3ZITxQ\EWARM\STM32H7A3ZITxQ\Obj\Drivers\STM32H7xx_HAL_Driver\stm32h7xx_hal_uart_ex.o
#        C:\Users\yael\source\repos\EcoMilk\STM32H7A3ZITxQ\EWARM\STM32H7A3ZITxQ\Obj\Application\User\Core\stm32h7xx_it.o
#        C:\Users\yael\source\repos\EcoMilk\STM32H7A3ZITxQ\EWARM\STM32H7A3ZITxQ\Obj\Drivers\CMSIS\system_stm32h7xx.o
#        --no_out_extension -o
#        C:\Users\yael\source\repos\EcoMilk\STM32H7A3ZITxQ\EWARM\STM32H7A3ZITxQ\Exe\STM32H7A3ZITxQ.out
#        --redirect _Printf=_PrintfFullNoMb --redirect _Scanf=_ScanfFullNoMb
#        --map
#        C:\Users\yael\source\repos\EcoMilk\STM32H7A3ZITxQ\EWARM\STM32H7A3ZITxQ\List\STM32H7A3ZITxQ.map
#        --config
#        C:\Users\yael\source\repos\EcoMilk\STM32H7A3ZITxQ\EWARM/stm32h7a3xxq_flash.icf
#        --semihosting --entry __iar_program_start --vfe --text_out locale)
#
###############################################################################

*******************************************************************************
*** RUNTIME MODEL ATTRIBUTES
***

CppFlavor       = *
__SystemLibrary = DLib
__dlib_version  = 6


*******************************************************************************
*** HEAP SELECTION
***

The basic heap was selected because no calls to memory allocation
functions were found in the application outside of system library
functions, and there are calls to deallocation functions in the
application.


*******************************************************************************
*** PLACEMENT SUMMARY
***

"A0":  place at address 0x800'0000 { ro section .intvec };
"P1":  place in [from 0x800'0000 to 0x81f'ffff] { ro };
define block CSTACK with size = 1K, alignment = 8 { };
define block HEAP with size = 512, alignment = 8 { };
"P2":  place in [from 0x2000'0000 to 0x2001'ffff] {
          rw, block CSTACK, block HEAP };
initialize by copy { rw };

  Section            Kind         Address    Size  Object
  -------            ----         -------    ----  ------
"A0":                                       0x2ac
  .intvec            ro code   0x800'0000   0x2ac  startup_stm32h7a3xxq.o [1]
                             - 0x800'02ac   0x2ac

"P1":                                      0x6fa0
  .text              ro code   0x800'02ac  0x1a18  stm32h7xx_hal_rcc_ex.o [4]
  .text              ro code   0x800'1cc4     0xc  stm32h7xx_hal.o [4]
  .text              ro code   0x800'1cd0   0x5f4  stm32h7xx_hal_rcc.o [4]
  .text              ro code   0x800'22c4    0x58  stm32h7xx_hal.o [4]
  .text              ro code   0x800'231c   0x158  stm32h7xx_hal_cortex.o [4]
  .text              ro code   0x800'2474   0xf0c  main.o [2]
  .text              ro code   0x800'3380   0x29c  stm32h7xx_hal_gpio.o [4]
  .text              ro code   0x800'361c   0x57a  stm32h7xx_hal_spi.o [4]
  .text              ro code   0x800'3b96    0x2a  copy_init3.o [7]
  .text              ro code   0x800'3bc0    0x84  stm32h7xx_hal.o [4]
  .text              ro code   0x800'3c44   0xd20  stm32h7xx_hal_tim.o [4]
  .text              ro code   0x800'4964    0x66  ABImemset.o [7]
  .text              ro code   0x800'49cc    0x9c  stm32h7xx_hal_pwr_ex.o [4]
  .text              ro code   0x800'4a68   0x704  stm32h7xx_hal_rcc.o [4]
  .text              ro code   0x800'516c   0x8a4  stm32h7xx_hal_adc.o [4]
  .text              ro code   0x800'5a10   0x14c  stm32h7xx_hal_tim_ex.o [4]
  .text              ro code   0x800'5b5c   0x54c  stm32h7xx_hal_msp.o [2]
  .text              ro code   0x800'60a8   0x904  stm32h7xx_hal_uart.o [4]
  .text              ro code   0x800'69ac   0x16c  stm32h7xx_hal_uart_ex.o [4]
  .text              ro code   0x800'6b18     0x2  stm32h7xx_hal_tim.o [4]
  .text              ro code   0x800'6b1a     0x2  stm32h7xx_hal_tim.o [4]
  .text              ro code   0x800'6b1c     0x2  stm32h7xx_hal_tim.o [4]
  .text              ro code   0x800'6b1e     0x2  stm32h7xx_hal_tim_ex.o [4]
  .text              ro code   0x800'6b20     0x2  stm32h7xx_hal_tim_ex.o [4]
  .text              ro code   0x800'6b22     0x2  stm32h7xx_hal_tim.o [4]
  .text              ro code   0x800'6b24     0x2  stm32h7xx_hal_tim_ex.o [4]
  .text              ro code   0x800'6b26    0x14  memset.o [7]
  .text              ro code   0x800'6b3c   0x230  I64DivMod.o [7]
  .text              ro code   0x800'6d6c     0x2  I64DivZer.o [7]
  .text              ro code   0x800'6d70   0x120  system_stm32h7xx.o [3]
  .text              ro code   0x800'6e90    0x38  zero_init3.o [7]
  .text              ro code   0x800'6ec8    0x34  stm32h7xx_it.o [2]
  .text              ro code   0x800'6efc    0x18  stm32h7xx_hal.o [4]
  .text              ro code   0x800'6f14    0x28  data_init.o [7]
  .text              ro code   0x800'6f3c    0x22  fpinit_M.o [6]
  .iar.init_table    const     0x800'6f60    0x24  - Linker created -
  .text              ro code   0x800'6f84    0x1e  cmain.o [7]
  .text              ro code   0x800'6fa2     0x4  low_level_init.o [5]
  .text              ro code   0x800'6fa6     0x4  exit.o [5]
  .text              ro code   0x800'6fac     0xa  cexit.o [7]
  .text              ro code   0x800'6fb8    0x14  exit.o [8]
  .text              ro code   0x800'6fcc    0x1c  cstartup_M.o [7]
  .rodata            const     0x800'6fe8    0x18  stm32h7xx_hal_uart.o [4]
  .rodata            const     0x800'7000    0x10  system_stm32h7xx.o [3]
  .text              ro code   0x800'7010    0x10  startup_stm32h7a3xxq.o [1]
  Initializer bytes  const     0x800'7020    0x10  <for P2-1>
  .rodata            const     0x800'7030     0x8  stm32h7xx_hal_uart_ex.o [4]
  .rodata            const     0x800'7038     0x8  stm32h7xx_hal_uart_ex.o [4]
  .text              ro code   0x800'7040     0x4  startup_stm32h7a3xxq.o [1]
  .text              ro code   0x800'7044     0x4  startup_stm32h7a3xxq.o [1]
  .text              ro code   0x800'7048     0x4  startup_stm32h7a3xxq.o [1]
  .text              ro code   0x800'704c     0x4  startup_stm32h7a3xxq.o [1]
  .text              ro code   0x800'7050     0x4  startup_stm32h7a3xxq.o [1]
  .text              ro code   0x800'7054     0x4  startup_stm32h7a3xxq.o [1]
  .text              ro code   0x800'7058     0x4  startup_stm32h7a3xxq.o [1]
  .text              ro code   0x800'705c     0x4  startup_stm32h7a3xxq.o [1]
  .text              ro code   0x800'7060     0x4  startup_stm32h7a3xxq.o [1]
  .text              ro code   0x800'7064     0x4  startup_stm32h7a3xxq.o [1]
  .text              ro code   0x800'7068     0x4  startup_stm32h7a3xxq.o [1]
  .text              ro code   0x800'706c     0x4  startup_stm32h7a3xxq.o [1]
  .text              ro code   0x800'7070     0x4  startup_stm32h7a3xxq.o [1]
  .text              ro code   0x800'7074     0x4  startup_stm32h7a3xxq.o [1]
  .text              ro code   0x800'7078     0x4  startup_stm32h7a3xxq.o [1]
  .text              ro code   0x800'707c     0x4  startup_stm32h7a3xxq.o [1]
  .text              ro code   0x800'7080     0x4  startup_stm32h7a3xxq.o [1]
  .text              ro code   0x800'7084     0x4  startup_stm32h7a3xxq.o [1]
  .text              ro code   0x800'7088     0x4  startup_stm32h7a3xxq.o [1]
  .text              ro code   0x800'708c     0x4  startup_stm32h7a3xxq.o [1]
  .text              ro code   0x800'7090     0x4  startup_stm32h7a3xxq.o [1]
  .text              ro code   0x800'7094     0x4  startup_stm32h7a3xxq.o [1]
  .text              ro code   0x800'7098     0x4  startup_stm32h7a3xxq.o [1]
  .text              ro code   0x800'709c     0x4  startup_stm32h7a3xxq.o [1]
  .text              ro code   0x800'70a0     0x4  startup_stm32h7a3xxq.o [1]
  .text              ro code   0x800'70a4     0x4  startup_stm32h7a3xxq.o [1]
  .text              ro code   0x800'70a8     0x4  startup_stm32h7a3xxq.o [1]
  .text              ro code   0x800'70ac     0x4  startup_stm32h7a3xxq.o [1]
  .text              ro code   0x800'70b0     0x4  startup_stm32h7a3xxq.o [1]
  .text              ro code   0x800'70b4     0x4  startup_stm32h7a3xxq.o [1]
  .text              ro code   0x800'70b8     0x4  startup_stm32h7a3xxq.o [1]
  .text              ro code   0x800'70bc     0x4  startup_stm32h7a3xxq.o [1]
  .text              ro code   0x800'70c0     0x4  startup_stm32h7a3xxq.o [1]
  .text              ro code   0x800'70c4     0x4  startup_stm32h7a3xxq.o [1]
  .text              ro code   0x800'70c8     0x4  startup_stm32h7a3xxq.o [1]
  .text              ro code   0x800'70cc     0x4  startup_stm32h7a3xxq.o [1]
  .text              ro code   0x800'70d0     0x4  startup_stm32h7a3xxq.o [1]
  .text              ro code   0x800'70d4     0x4  startup_stm32h7a3xxq.o [1]
  .text              ro code   0x800'70d8     0x4  startup_stm32h7a3xxq.o [1]
  .text              ro code   0x800'70dc     0x4  startup_stm32h7a3xxq.o [1]
  .text              ro code   0x800'70e0     0x4  startup_stm32h7a3xxq.o [1]
  .text              ro code   0x800'70e4     0x4  startup_stm32h7a3xxq.o [1]
  .text              ro code   0x800'70e8     0x4  startup_stm32h7a3xxq.o [1]
  .text              ro code   0x800'70ec     0x4  startup_stm32h7a3xxq.o [1]
  .text              ro code   0x800'70f0     0x4  startup_stm32h7a3xxq.o [1]
  .text              ro code   0x800'70f4     0x4  startup_stm32h7a3xxq.o [1]
  .text              ro code   0x800'70f8     0x4  startup_stm32h7a3xxq.o [1]
  .text              ro code   0x800'70fc     0x4  startup_stm32h7a3xxq.o [1]
  .text              ro code   0x800'7100     0x4  startup_stm32h7a3xxq.o [1]
  .text              ro code   0x800'7104     0x4  startup_stm32h7a3xxq.o [1]
  .text              ro code   0x800'7108     0x4  startup_stm32h7a3xxq.o [1]
  .text              ro code   0x800'710c     0x4  startup_stm32h7a3xxq.o [1]
  .text              ro code   0x800'7110     0x4  startup_stm32h7a3xxq.o [1]
  .text              ro code   0x800'7114     0x4  startup_stm32h7a3xxq.o [1]
  .text              ro code   0x800'7118     0x4  startup_stm32h7a3xxq.o [1]
  .text              ro code   0x800'711c     0x4  startup_stm32h7a3xxq.o [1]
  .text              ro code   0x800'7120     0x4  startup_stm32h7a3xxq.o [1]
  .text              ro code   0x800'7124     0x4  startup_stm32h7a3xxq.o [1]
  .text              ro code   0x800'7128     0x4  startup_stm32h7a3xxq.o [1]
  .text              ro code   0x800'712c     0x4  startup_stm32h7a3xxq.o [1]
  .text              ro code   0x800'7130     0x4  startup_stm32h7a3xxq.o [1]
  .text              ro code   0x800'7134     0x4  startup_stm32h7a3xxq.o [1]
  .text              ro code   0x800'7138     0x4  startup_stm32h7a3xxq.o [1]
  .text              ro code   0x800'713c     0x4  startup_stm32h7a3xxq.o [1]
  .text              ro code   0x800'7140     0x4  startup_stm32h7a3xxq.o [1]
  .text              ro code   0x800'7144     0x4  startup_stm32h7a3xxq.o [1]
  .text              ro code   0x800'7148     0x4  startup_stm32h7a3xxq.o [1]
  .text              ro code   0x800'714c     0x4  startup_stm32h7a3xxq.o [1]
  .text              ro code   0x800'7150     0x4  startup_stm32h7a3xxq.o [1]
  .text              ro code   0x800'7154     0x4  startup_stm32h7a3xxq.o [1]
  .text              ro code   0x800'7158     0x4  startup_stm32h7a3xxq.o [1]
  .text              ro code   0x800'715c     0x4  startup_stm32h7a3xxq.o [1]
  .text              ro code   0x800'7160     0x4  startup_stm32h7a3xxq.o [1]
  .text              ro code   0x800'7164     0x4  startup_stm32h7a3xxq.o [1]
  .text              ro code   0x800'7168     0x4  startup_stm32h7a3xxq.o [1]
  .text              ro code   0x800'716c     0x4  startup_stm32h7a3xxq.o [1]
  .text              ro code   0x800'7170     0x4  startup_stm32h7a3xxq.o [1]
  .text              ro code   0x800'7174     0x4  startup_stm32h7a3xxq.o [1]
  .text              ro code   0x800'7178     0x4  startup_stm32h7a3xxq.o [1]
  .text              ro code   0x800'717c     0x4  startup_stm32h7a3xxq.o [1]
  .text              ro code   0x800'7180     0x4  startup_stm32h7a3xxq.o [1]
  .text              ro code   0x800'7184     0x4  startup_stm32h7a3xxq.o [1]
  .text              ro code   0x800'7188     0x4  startup_stm32h7a3xxq.o [1]
  .text              ro code   0x800'718c     0x4  startup_stm32h7a3xxq.o [1]
  .text              ro code   0x800'7190     0x4  startup_stm32h7a3xxq.o [1]
  .text              ro code   0x800'7194     0x4  startup_stm32h7a3xxq.o [1]
  .text              ro code   0x800'7198     0x4  startup_stm32h7a3xxq.o [1]
  .text              ro code   0x800'719c     0x4  startup_stm32h7a3xxq.o [1]
  .text              ro code   0x800'71a0     0x4  startup_stm32h7a3xxq.o [1]
  .text              ro code   0x800'71a4     0x4  startup_stm32h7a3xxq.o [1]
  .text              ro code   0x800'71a8     0x4  startup_stm32h7a3xxq.o [1]
  .text              ro code   0x800'71ac     0x4  startup_stm32h7a3xxq.o [1]
  .text              ro code   0x800'71b0     0x4  startup_stm32h7a3xxq.o [1]
  .text              ro code   0x800'71b4     0x4  startup_stm32h7a3xxq.o [1]
  .text              ro code   0x800'71b8     0x4  startup_stm32h7a3xxq.o [1]
  .text              ro code   0x800'71bc     0x4  startup_stm32h7a3xxq.o [1]
  .text              ro code   0x800'71c0     0x4  startup_stm32h7a3xxq.o [1]
  .text              ro code   0x800'71c4     0x4  startup_stm32h7a3xxq.o [1]
  .text              ro code   0x800'71c8     0x4  startup_stm32h7a3xxq.o [1]
  .text              ro code   0x800'71cc     0x4  startup_stm32h7a3xxq.o [1]
  .text              ro code   0x800'71d0     0x4  startup_stm32h7a3xxq.o [1]
  .text              ro code   0x800'71d4     0x4  startup_stm32h7a3xxq.o [1]
  .text              ro code   0x800'71d8     0x4  startup_stm32h7a3xxq.o [1]
  .text              ro code   0x800'71dc     0x4  startup_stm32h7a3xxq.o [1]
  .text              ro code   0x800'71e0     0x4  startup_stm32h7a3xxq.o [1]
  .text              ro code   0x800'71e4     0x4  startup_stm32h7a3xxq.o [1]
  .text              ro code   0x800'71e8     0x4  startup_stm32h7a3xxq.o [1]
  .text              ro code   0x800'71ec     0x4  startup_stm32h7a3xxq.o [1]
  .text              ro code   0x800'71f0     0x4  startup_stm32h7a3xxq.o [1]
  .text              ro code   0x800'71f4     0x4  startup_stm32h7a3xxq.o [1]
  .text              ro code   0x800'71f8     0x4  startup_stm32h7a3xxq.o [1]
  .text              ro code   0x800'71fc     0x4  startup_stm32h7a3xxq.o [1]
  .text              ro code   0x800'7200     0x4  startup_stm32h7a3xxq.o [1]
  .text              ro code   0x800'7204     0x4  startup_stm32h7a3xxq.o [1]
  .text              ro code   0x800'7208     0x4  startup_stm32h7a3xxq.o [1]
  .text              ro code   0x800'720c     0x4  startup_stm32h7a3xxq.o [1]
  .text              ro code   0x800'7210     0x4  startup_stm32h7a3xxq.o [1]
  .text              ro code   0x800'7214     0x4  startup_stm32h7a3xxq.o [1]
  .text              ro code   0x800'7218     0x4  startup_stm32h7a3xxq.o [1]
  .text              ro code   0x800'721c     0x4  startup_stm32h7a3xxq.o [1]
  .text              ro code   0x800'7220     0x4  startup_stm32h7a3xxq.o [1]
  .text              ro code   0x800'7224     0x4  startup_stm32h7a3xxq.o [1]
  .text              ro code   0x800'7228     0x4  startup_stm32h7a3xxq.o [1]
  .text              ro code   0x800'722c     0x4  startup_stm32h7a3xxq.o [1]
  .text              ro code   0x800'7230     0x4  startup_stm32h7a3xxq.o [1]
  .text              ro code   0x800'7234     0x4  startup_stm32h7a3xxq.o [1]
  .text              ro code   0x800'7238     0x4  startup_stm32h7a3xxq.o [1]
  .text              ro code   0x800'723c     0x4  startup_stm32h7a3xxq.o [1]
  .text              ro code   0x800'7240     0x4  startup_stm32h7a3xxq.o [1]
  .text              ro code   0x800'7244     0x4  startup_stm32h7a3xxq.o [1]
  .text              ro code   0x800'7248     0x4  startup_stm32h7a3xxq.o [1]
  .rodata            const     0x800'724c     0x0  zero_init3.o [7]
  .rodata            const     0x800'724c     0x0  copy_init3.o [7]
                             - 0x800'724c  0x6fa0

"P2", part 1 of 3:                           0x10
  P2-1                        0x2000'0000     0xd  <Init block>
    .data            inited   0x2000'0000     0x4  stm32h7xx_hal.o [4]
    .data            inited   0x2000'0004     0x4  system_stm32h7xx.o [3]
    .data            inited   0x2000'0008     0x4  system_stm32h7xx.o [3]
    .data            inited   0x2000'000c     0x1  stm32h7xx_hal.o [4]
                            - 0x2000'000d     0xd

"P2", part 2 of 3:                          0x360
  .bss               zero     0x2000'0010    0x90  main.o [2]
  .bss               zero     0x2000'00a0    0x90  main.o [2]
  .bss               zero     0x2000'0130    0x88  main.o [2]
  .bss               zero     0x2000'01b8    0x64  main.o [2]
  .bss               zero     0x2000'021c    0x4c  main.o [2]
  .bss               zero     0x2000'0268    0x4c  main.o [2]
  .bss               zero     0x2000'02b4    0x4c  main.o [2]
  .bss               zero     0x2000'0300    0x4c  main.o [2]
  .bss               zero     0x2000'034c     0x4  main.o [2]
  .bss               zero     0x2000'0350     0x4  main.o [2]
  .bss               zero     0x2000'0354     0x4  main.o [2]
  .bss               zero     0x2000'0358     0x4  main.o [2]
  .bss               zero     0x2000'035c     0x4  main.o [2]
  .bss               zero     0x2000'0360     0x4  main.o [2]
  .bss               zero     0x2000'0364     0x4  main.o [2]
  .bss               zero     0x2000'0368     0x4  main.o [2]
  .bss               zero     0x2000'036c     0x4  stm32h7xx_hal.o [4]
                            - 0x2000'0370   0x360

"P2", part 3 of 3:                          0x400
  CSTACK                      0x2000'0370   0x400  <Block>
    CSTACK           uninit   0x2000'0370   0x400  <Block tail>
                            - 0x2000'0770   0x400

Unused ranges:

         From           To       Size
         ----           --       ----
   0x800'724c   0x81f'ffff  0x1f'8db4
  0x2000'0770  0x2001'ffff   0x1'f890


*******************************************************************************
*** INIT TABLE
***

          Address      Size
          -------      ----
Zero (__iar_zero_init3)
    1 destination range, total size 0x360:
          0x2000'0010  0x360

Copy (__iar_copy_init3)
    1 source range, total size 0x10 (123% of destination):
           0x800'7020   0x10
    1 destination range, total size 0xd:
          0x2000'0000    0xd



*******************************************************************************
*** MODULE SUMMARY
***

    Module                   ro code  ro data  rw data
    ------                   -------  -------  -------
command line/config:
    --------------------------------------------------
    Total:

C:\Users\yael\source\repos\EcoMilk\STM32H7A3ZITxQ\EWARM\STM32H7A3ZITxQ\Obj\Application\EWARM: [1]
    startup_stm32h7a3xxq.o     1'224
    --------------------------------------------------
    Total:                     1'224

C:\Users\yael\source\repos\EcoMilk\STM32H7A3ZITxQ\EWARM\STM32H7A3ZITxQ\Obj\Application\User\Core: [2]
    main.o                     3'852               860
    stm32h7xx_hal_msp.o        1'356
    stm32h7xx_it.o                52
    --------------------------------------------------
    Total:                     5'260               860

C:\Users\yael\source\repos\EcoMilk\STM32H7A3ZITxQ\EWARM\STM32H7A3ZITxQ\Obj\Drivers\CMSIS: [3]
    system_stm32h7xx.o           288       24        8
    --------------------------------------------------
    Total:                       288       24        8

C:\Users\yael\source\repos\EcoMilk\STM32H7A3ZITxQ\EWARM\STM32H7A3ZITxQ\Obj\Drivers\STM32H7xx_HAL_Driver: [4]
    stm32h7xx_hal.o              256        5        9
    stm32h7xx_hal_adc.o        2'212
    stm32h7xx_hal_cortex.o       344
    stm32h7xx_hal_gpio.o         668
    stm32h7xx_hal_pwr_ex.o       156
    stm32h7xx_hal_rcc.o        3'320
    stm32h7xx_hal_rcc_ex.o     6'680
    stm32h7xx_hal_spi.o        1'402
    stm32h7xx_hal_tim.o        3'368
    stm32h7xx_hal_tim_ex.o       338
    stm32h7xx_hal_uart.o       2'308       24
    stm32h7xx_hal_uart_ex.o      364       16
    --------------------------------------------------
    Total:                    21'416       45        9

dl7M_tlf.a: [5]
    exit.o                         4
    low_level_init.o               4
    --------------------------------------------------
    Total:                         8

m7M_tlv.a: [6]
    fpinit_M.o                    34
    --------------------------------------------------
    Total:                        34

rt7M_tl.a: [7]
    ABImemset.o                  102
    I64DivMod.o                  560
    I64DivZer.o                    2
    cexit.o                       10
    cmain.o                       30
    copy_init3.o                  42
    cstartup_M.o                  28
    data_init.o                   40
    memset.o                      20
    zero_init3.o                  56
    --------------------------------------------------
    Total:                       890

shb_l.a: [8]
    exit.o                        20
    --------------------------------------------------
    Total:                        20

    Gaps                          10        2
    Linker created                         39    1'024
------------------------------------------------------
    Grand Total:              29'150      110    1'901


*******************************************************************************
*** ENTRY LIST
***

Entry                       Address   Size  Type      Object
-----                       -------   ----  ----      ------
.iar.init_table$$Base    0x800'6f60          --   Gb  - Linker created -
.iar.init_table$$Limit   0x800'6f84          --   Gb  - Linker created -
?main                    0x800'6f85         Code  Gb  cmain.o [7]
ADC_ConfigureBoostMode   0x800'58e9   0xfa  Code  Gb  stm32h7xx_hal_adc.o [4]
BusFault_Handler         0x800'6ecf    0x2  Code  Gb  stm32h7xx_it.o [2]
CSTACK$$Base            0x2000'0370          --   Gb  - Linker created -
CSTACK$$Limit           0x2000'0770          --   Gb  - Linker created -
Cmd_Actuator_Backward    0x800'2537   0x28  Code  Lc  main.o [2]
Cmd_Actuator_Forward     0x800'255f   0x28  Code  Lc  main.o [2]
Cmd_Actuator_Y_Backward
                         0x800'2677   0x28  Code  Lc  main.o [2]
Cmd_Actuator_Y_Forward   0x800'269f   0x28  Code  Lc  main.o [2]
Cmd_Motor_Z_Down         0x800'2627   0x28  Code  Lc  main.o [2]
Cmd_Motor_Z_Up           0x800'264f   0x28  Code  Lc  main.o [2]
Cmd_Rotate_Z_CCW         0x800'25af   0x28  Code  Lc  main.o [2]
Cmd_Rotate_Z_CW          0x800'2587   0x28  Code  Lc  main.o [2]
Cmd_SPI_Tx_16            0x800'2717   0x3a  Code  Lc  main.o [2]
Cmd_Tilt_CCW             0x800'25d7   0x28  Code  Lc  main.o [2]
Cmd_Tilt_CW              0x800'25ff   0x28  Code  Lc  main.o [2]
Cmd_X_Backward           0x800'26c7   0x28  Code  Lc  main.o [2]
Cmd_X_Forward            0x800'26ef   0x28  Code  Lc  main.o [2]
D1CorePrescTable         0x800'7000   0x10  Data  Gb  system_stm32h7xx.o [3]
DebugMon_Handler         0x800'6ed5    0x2  Code  Gb  stm32h7xx_it.o [2]
Error_Handler            0x800'337d    0x4  Code  Gb  main.o [2]
HAL_ADC_ConfigChannel    0x800'54e1  0x400  Code  Gb  stm32h7xx_hal_adc.o [4]
HAL_ADC_Init             0x800'52af  0x206  Code  Gb  stm32h7xx_hal_adc.o [4]
HAL_ADC_MspInit          0x800'5b81   0xca  Code  Gb  stm32h7xx_hal_msp.o [2]
HAL_GPIO_Init            0x800'3381  0x232  Code  Gb  stm32h7xx_hal_gpio.o [4]
HAL_GPIO_ReadPin         0x800'35b3   0x16  Code  Gb  stm32h7xx_hal_gpio.o [4]
HAL_GPIO_WritePin        0x800'35c9   0x1a  Code  Gb  stm32h7xx_hal_gpio.o [4]
HAL_GetTick              0x800'1cc5    0xc  Code  Gb  stm32h7xx_hal.o [4]
HAL_IncTick              0x800'6efd   0x18  Code  Gb  stm32h7xx_hal.o [4]
HAL_Init                 0x800'3bc1   0x5e  Code  Gb  stm32h7xx_hal.o [4]
HAL_InitTick             0x800'22c5   0x58  Code  Gb  stm32h7xx_hal.o [4]
HAL_MspInit              0x800'5b5d   0x24  Code  Gb  stm32h7xx_hal_msp.o [2]
HAL_NVIC_EnableIRQ       0x800'243b    0xe  Code  Gb  stm32h7xx_hal_cortex.o [4]
HAL_NVIC_SetPriority     0x800'2417   0x24  Code  Gb  stm32h7xx_hal_cortex.o [4]
HAL_NVIC_SetPriorityGrouping
                         0x800'240b    0xc  Code  Gb  stm32h7xx_hal_cortex.o [4]
HAL_PWREx_ConfigSupply   0x800'49cd   0x92  Code  Gb  stm32h7xx_hal_pwr_ex.o [4]
HAL_RCCEx_GetD3PCLK1Freq
                         0x800'133b   0x1e  Code  Gb  stm32h7xx_hal_rcc_ex.o [4]
HAL_RCCEx_GetPLL1ClockFreq
                         0x800'17e5  0x228  Code  Gb  stm32h7xx_hal_rcc_ex.o [4]
HAL_RCCEx_GetPLL2ClockFreq
                         0x800'135d  0x226  Code  Gb  stm32h7xx_hal_rcc_ex.o [4]
HAL_RCCEx_GetPLL3ClockFreq
                         0x800'159d  0x22c  Code  Gb  stm32h7xx_hal_rcc_ex.o [4]
HAL_RCCEx_GetPeriphCLKFreq
                         0x800'0d85  0x5b6  Code  Gb  stm32h7xx_hal_rcc_ex.o [4]
HAL_RCCEx_PeriphCLKConfig
                         0x800'02ad  0xab4  Code  Gb  stm32h7xx_hal_rcc_ex.o [4]
HAL_RCC_ClockConfig      0x800'1cd1  0x306  Code  Gb  stm32h7xx_hal_rcc.o [4]
HAL_RCC_GetHCLKFreq      0x800'21ff   0x3c  Code  Gb  stm32h7xx_hal_rcc.o [4]
HAL_RCC_GetPCLK1Freq     0x800'223b   0x1a  Code  Gb  stm32h7xx_hal_rcc.o [4]
HAL_RCC_GetPCLK2Freq     0x800'2255   0x1a  Code  Gb  stm32h7xx_hal_rcc.o [4]
HAL_RCC_GetSysClockFreq
                         0x800'1fd9  0x226  Code  Gb  stm32h7xx_hal_rcc.o [4]
HAL_RCC_OscConfig        0x800'4a69  0x704  Code  Gb  stm32h7xx_hal_rcc.o [4]
HAL_SPI_Init             0x800'361d  0x182  Code  Gb  stm32h7xx_hal_spi.o [4]
HAL_SPI_MspInit          0x800'5c4b   0xd8  Code  Gb  stm32h7xx_hal_msp.o [2]
HAL_SPI_Transmit         0x800'379f  0x2bc  Code  Gb  stm32h7xx_hal_spi.o [4]
HAL_SYSCFG_AnalogSwitchConfig
                         0x800'3c1f   0x12  Code  Gb  stm32h7xx_hal.o [4]
HAL_SYSTICK_Config       0x800'2449    0xc  Code  Gb  stm32h7xx_hal_cortex.o [4]
HAL_TIMEx_Break2Callback
                         0x800'6b21    0x2  Code  Gb  stm32h7xx_hal_tim_ex.o [4]
HAL_TIMEx_BreakCallback
                         0x800'6b1f    0x2  Code  Gb  stm32h7xx_hal_tim_ex.o [4]
HAL_TIMEx_CommutCallback
                         0x800'6b25    0x2  Code  Gb  stm32h7xx_hal_tim_ex.o [4]
HAL_TIMEx_ConfigBreakDeadTime
                         0x800'5aaf   0x94  Code  Gb  stm32h7xx_hal_tim_ex.o [4]
HAL_TIMEx_MasterConfigSynchronization
                         0x800'5a11   0x9e  Code  Gb  stm32h7xx_hal_tim_ex.o [4]
HAL_TIM_IC_CaptureCallback
                         0x800'2475   0xc2  Code  Gb  main.o [2]
HAL_TIM_IC_ConfigChannel
                         0x800'4235   0xca  Code  Gb  stm32h7xx_hal_tim.o [4]
HAL_TIM_IC_Init          0x800'3e41   0x7a  Code  Gb  stm32h7xx_hal_tim.o [4]
HAL_TIM_IC_MspInit       0x800'5d79  0x12c  Code  Gb  stm32h7xx_hal_msp.o [2]
HAL_TIM_IC_Start_IT      0x800'3ec1  0x1c4  Code  Gb  stm32h7xx_hal_tim.o [4]
HAL_TIM_IRQHandler       0x800'40a1  0x194  Code  Gb  stm32h7xx_hal_tim.o [4]
HAL_TIM_MspPostInit      0x800'5ea5   0x92  Code  Gb  stm32h7xx_hal_msp.o [2]
HAL_TIM_OC_DelayElapsedCallback
                         0x800'6b19    0x2  Code  Gb  stm32h7xx_hal_tim.o [4]
HAL_TIM_PWM_ConfigChannel
                         0x800'42ff  0x15a  Code  Gb  stm32h7xx_hal_tim.o [4]
HAL_TIM_PWM_Init         0x800'3c45   0x7a  Code  Gb  stm32h7xx_hal_tim.o [4]
HAL_TIM_PWM_MspInit      0x800'5d23   0x56  Code  Gb  stm32h7xx_hal_msp.o [2]
HAL_TIM_PWM_PulseFinishedCallback
                         0x800'6b1b    0x2  Code  Gb  stm32h7xx_hal_tim.o [4]
HAL_TIM_PWM_Start        0x800'3cbf  0x15e  Code  Gb  stm32h7xx_hal_tim.o [4]
HAL_TIM_PeriodElapsedCallback
                         0x800'6b1d    0x2  Code  Gb  stm32h7xx_hal_tim.o [4]
HAL_TIM_TriggerCallback
                         0x800'6b23    0x2  Code  Gb  stm32h7xx_hal_tim.o [4]
HAL_UARTEx_DisableFifoMode
                         0x800'69ad   0x46  Code  Gb  stm32h7xx_hal_uart_ex.o [4]
HAL_UARTEx_SetRxFifoThreshold
                         0x800'6a49   0x56  Code  Gb  stm32h7xx_hal_uart_ex.o [4]
HAL_UARTEx_SetTxFifoThreshold
                         0x800'69f3   0x56  Code  Gb  stm32h7xx_hal_uart_ex.o [4]
HAL_UART_Init            0x800'60a9   0x7e  Code  Gb  stm32h7xx_hal_uart.o [4]
HAL_UART_MspInit         0x800'5f37  0x12e  Code  Gb  stm32h7xx_hal_msp.o [2]
HardFault_Handler        0x800'6ecb    0x2  Code  Gb  stm32h7xx_it.o [2]
LL_ADC_DisableDeepPowerDown
                         0x800'5263    0xc  Code  Lc  stm32h7xx_hal_adc.o [4]
LL_ADC_EnableInternalRegulator
                         0x800'5279   0x10  Code  Lc  stm32h7xx_hal_adc.o [4]
LL_ADC_GetCommonPathInternalCh
                         0x800'5185    0x8  Code  Lc  stm32h7xx_hal_adc.o [4]
LL_ADC_INJ_IsConversionOngoing
                         0x800'52a5    0xa  Code  Lc  stm32h7xx_hal_adc.o [4]
LL_ADC_IsDeepPowerDownEnabled
                         0x800'526f    0xa  Code  Lc  stm32h7xx_hal_adc.o [4]
LL_ADC_IsEnabled         0x800'5293    0x8  Code  Lc  stm32h7xx_hal_adc.o [4]
LL_ADC_IsInternalRegulatorEnabled
                         0x800'5289    0xa  Code  Lc  stm32h7xx_hal_adc.o [4]
LL_ADC_REG_IsConversionOngoing
                         0x800'529b    0xa  Code  Lc  stm32h7xx_hal_adc.o [4]
LL_ADC_REG_SetSequencerRanks
                         0x800'51db   0x2e  Code  Lc  stm32h7xx_hal_adc.o [4]
LL_ADC_SetChannelSamplingTime
                         0x800'5209   0x34  Code  Lc  stm32h7xx_hal_adc.o [4]
LL_ADC_SetChannelSingleDiff
                         0x800'523d   0x26  Code  Lc  stm32h7xx_hal_adc.o [4]
LL_ADC_SetCommonClock    0x800'516d    0xc  Code  Lc  stm32h7xx_hal_adc.o [4]
LL_ADC_SetCommonPathInternalCh
                         0x800'5179    0xc  Code  Lc  stm32h7xx_hal_adc.o [4]
LL_ADC_SetDataRightShift
                         0x800'51ab   0x18  Code  Lc  stm32h7xx_hal_adc.o [4]
LL_ADC_SetOffset         0x800'518d   0x1e  Code  Lc  stm32h7xx_hal_adc.o [4]
LL_ADC_SetOffsetSignedSaturation
                         0x800'51c3   0x18  Code  Lc  stm32h7xx_hal_adc.o [4]
MX_ADC2_Init             0x800'2b89   0xd2  Code  Lc  main.o [2]
MX_GPIO_Init             0x800'31bd  0x164  Code  Lc  main.o [2]
MX_SPI2_Init             0x800'2c5b   0xce  Code  Lc  main.o [2]
MX_TIM1_Init             0x800'2d29  0x10e  Code  Lc  main.o [2]
MX_TIM2_Init             0x800'2e37   0xac  Code  Lc  main.o [2]
MX_TIM3_Init             0x800'2ee3   0xdc  Code  Lc  main.o [2]
MX_TIM4_Init             0x800'2fbf   0xcc  Code  Lc  main.o [2]
MX_USART1_UART_Init      0x800'308b   0x84  Code  Lc  main.o [2]
MX_USART3_UART_Init      0x800'3129   0x84  Code  Lc  main.o [2]
MemManage_Handler        0x800'6ecd    0x2  Code  Gb  stm32h7xx_it.o [2]
NMI_Handler              0x800'6ec9    0x2  Code  Gb  stm32h7xx_it.o [2]
NVIC_EncodePriority      0x800'2399   0x42  Code  Lc  stm32h7xx_hal_cortex.o [4]
PendSV_Handler           0x800'6ed7    0x2  Code  Gb  stm32h7xx_it.o [2]
RCCEx_PLL2_Config        0x800'1a31  0x130  Code  Lc  stm32h7xx_hal_rcc_ex.o [4]
RCCEx_PLL3_Config        0x800'1b69  0x130  Code  Lc  stm32h7xx_hal_rcc_ex.o [4]
Region$$Table$$Base      0x800'6f60          --   Gb  - Linker created -
Region$$Table$$Limit     0x800'6f84          --   Gb  - Linker created -
SPI_CloseTransfer        0x800'3a69   0xce  Code  Lc  stm32h7xx_hal_spi.o [4]
SPI_GetPacketSize        0x800'3b81   0x16  Code  Lc  stm32h7xx_hal_spi.o [4]
SPI_WaitOnFlagUntilTimeout
                         0x800'3b3d   0x44  Code  Lc  stm32h7xx_hal_spi.o [4]
SVC_Handler              0x800'6ed3    0x2  Code  Gb  stm32h7xx_it.o [2]
SysTick_Config           0x800'23db   0x30  Code  Lc  stm32h7xx_hal_cortex.o [4]
SysTick_Handler          0x800'6ed9    0x8  Code  Gb  stm32h7xx_it.o [2]
SystemClock_Config       0x800'2ab3   0xd6  Code  Gb  main.o [2]
SystemCoreClock         0x2000'0004    0x4  Data  Gb  system_stm32h7xx.o [3]
SystemD2Clock           0x2000'0008    0x4  Data  Gb  system_stm32h7xx.o [3]
SystemInit               0x800'6d71   0xc8  Code  Gb  system_stm32h7xx.o [3]
TIM3_IRQHandler          0x800'6ee1    0xa  Code  Gb  stm32h7xx_it.o [2]
TIM4_IRQHandler          0x800'6eeb    0xa  Code  Gb  stm32h7xx_it.o [2]
TIM_Base_SetConfig       0x800'4459   0xca  Code  Gb  stm32h7xx_hal_tim.o [4]
TIM_CCxChannelCmd        0x800'4941   0x24  Code  Gb  stm32h7xx_hal_tim.o [4]
TIM_OC1_SetConfig        0x800'4523   0xa0  Code  Lc  stm32h7xx_hal_tim.o [4]
TIM_OC2_SetConfig        0x800'45c3   0x92  Code  Gb  stm32h7xx_hal_tim.o [4]
TIM_OC3_SetConfig        0x800'4657   0x8e  Code  Lc  stm32h7xx_hal_tim.o [4]
TIM_OC4_SetConfig        0x800'46e5   0x68  Code  Lc  stm32h7xx_hal_tim.o [4]
TIM_OC5_SetConfig        0x800'474d   0x58  Code  Lc  stm32h7xx_hal_tim.o [4]
TIM_OC6_SetConfig        0x800'47a5   0x5a  Code  Lc  stm32h7xx_hal_tim.o [4]
TIM_TI1_SetConfig        0x800'47ff   0x74  Code  Gb  stm32h7xx_hal_tim.o [4]
TIM_TI2_SetConfig        0x800'4873   0x36  Code  Lc  stm32h7xx_hal_tim.o [4]
TIM_TI3_SetConfig        0x800'48a9   0x34  Code  Lc  stm32h7xx_hal_tim.o [4]
TIM_TI4_SetConfig        0x800'48dd   0x36  Code  Lc  stm32h7xx_hal_tim.o [4]
UARTEx_SetNbDataToProcess
                         0x800'6a9f   0x72  Code  Lc  stm32h7xx_hal_uart_ex.o [4]
UARTEx_SetNbDataToProcess::denominator
                         0x800'7038    0x8  Data  Lc  stm32h7xx_hal_uart_ex.o [4]
UARTEx_SetNbDataToProcess::numerator
                         0x800'7030    0x8  Data  Lc  stm32h7xx_hal_uart_ex.o [4]
UARTPrescTable           0x800'6fe8   0x18  Data  Gb  stm32h7xx_hal_uart.o [4]
UART_AdvFeatureConfig    0x800'675b   0xda  Code  Gb  stm32h7xx_hal_uart.o [4]
UART_CheckIdleState      0x800'6835   0x72  Code  Gb  stm32h7xx_hal_uart.o [4]
UART_SetConfig           0x800'6127  0x632  Code  Gb  stm32h7xx_hal_uart.o [4]
UART_WaitOnFlagUntilTimeout
                         0x800'68a7   0xba  Code  Gb  stm32h7xx_hal_uart.o [4]
UsageFault_Handler       0x800'6ed1    0x2  Code  Gb  stm32h7xx_it.o [2]
__NVIC_EnableIRQ         0x800'234d   0x20  Code  Lc  stm32h7xx_hal_cortex.o [4]
__NVIC_GetPriorityGrouping
                         0x800'233f    0xc  Code  Lc  stm32h7xx_hal_cortex.o [4]
__NVIC_SetPriority       0x800'236d   0x2c  Code  Lc  stm32h7xx_hal_cortex.o [4]
__NVIC_SetPriorityGrouping
                         0x800'231d   0x22  Code  Lc  stm32h7xx_hal_cortex.o [4]
__aeabi_ldiv0            0x800'6d6d         Code  Gb  I64DivZer.o [7]
__aeabi_memset           0x800'4965         Code  Gb  ABImemset.o [7]
__aeabi_uldivmod         0x800'6b3d         Code  Gb  I64DivMod.o [7]
__cmain                  0x800'6f85         Code  Gb  cmain.o [7]
__exit                   0x800'6fb9   0x14  Code  Gb  exit.o [8]
__iar_Memset             0x800'4965         Code  Gb  ABImemset.o [7]
__iar_Memset_word        0x800'496d         Code  Gb  ABImemset.o [7]
__iar_copy_init3         0x800'3b97   0x2a  Code  Gb  copy_init3.o [7]
__iar_data_init3         0x800'6f15   0x28  Code  Gb  data_init.o [7]
__iar_init_vfp           0x800'6f3d         Code  Gb  fpinit_M.o [6]
__iar_program_start      0x800'6fcd         Code  Gb  cstartup_M.o [7]
__iar_zero_init3         0x800'6e91   0x38  Code  Gb  zero_init3.o [7]
__low_level_init         0x800'6fa3    0x4  Code  Gb  low_level_init.o [5]
__vector_table           0x800'0000         Data  Gb  startup_stm32h7a3xxq.o [1]
_call_main               0x800'6f91         Code  Gb  cmain.o [7]
_exit                    0x800'6fad         Code  Gb  cexit.o [7]
a_encoder_rotate_sp_drive
                        0x2000'0360    0x4  Data  Gb  main.o [2]
a_encoder_tilt_sp_drive
                        0x2000'0368    0x4  Data  Gb  main.o [2]
a_encoder_x_sp_drive    0x2000'0354    0x4  Data  Gb  main.o [2]
a_encoder_z_sp_drive    0x2000'034c    0x4  Data  Gb  main.o [2]
b_encoder_rotate_sp_drive
                        0x2000'0364    0x4  Data  Gb  main.o [2]
b_encoder_tilt_sp_drive
                        0x2000'035c    0x4  Data  Gb  main.o [2]
b_encoder_x_sp_drive    0x2000'0358    0x4  Data  Gb  main.o [2]
b_encoder_z_sp_drive    0x2000'0350    0x4  Data  Gb  main.o [2]
exit                     0x800'6fa7    0x4  Code  Gb  exit.o [5]
hadc2                   0x2000'01b8   0x64  Data  Gb  main.o [2]
hspi2                   0x2000'0130   0x88  Data  Gb  main.o [2]
htim1                   0x2000'021c   0x4c  Data  Gb  main.o [2]
htim2                   0x2000'0268   0x4c  Data  Gb  main.o [2]
htim3                   0x2000'02b4   0x4c  Data  Gb  main.o [2]
htim4                   0x2000'0300   0x4c  Data  Gb  main.o [2]
huart1                  0x2000'0010   0x90  Data  Gb  main.o [2]
huart3                  0x2000'00a0   0x90  Data  Gb  main.o [2]
main                     0x800'2751  0x362  Code  Gb  main.o [2]
memset                   0x800'6b27   0x14  Code  Gb  memset.o [7]
uwTick                  0x2000'036c    0x4  Data  Gb  stm32h7xx_hal.o [4]
uwTickFreq              0x2000'000c    0x1  Data  Gb  stm32h7xx_hal.o [4]
uwTickPrio              0x2000'0000    0x4  Data  Gb  stm32h7xx_hal.o [4]


[1] = C:\Users\yael\source\repos\EcoMilk\STM32H7A3ZITxQ\EWARM\STM32H7A3ZITxQ\Obj\Application\EWARM
[2] = C:\Users\yael\source\repos\EcoMilk\STM32H7A3ZITxQ\EWARM\STM32H7A3ZITxQ\Obj\Application\User\Core
[3] = C:\Users\yael\source\repos\EcoMilk\STM32H7A3ZITxQ\EWARM\STM32H7A3ZITxQ\Obj\Drivers\CMSIS
[4] = C:\Users\yael\source\repos\EcoMilk\STM32H7A3ZITxQ\EWARM\STM32H7A3ZITxQ\Obj\Drivers\STM32H7xx_HAL_Driver
[5] = dl7M_tlf.a
[6] = m7M_tlv.a
[7] = rt7M_tl.a
[8] = shb_l.a

  29'150 bytes of readonly  code memory
     110 bytes of readonly  data memory
   1'901 bytes of readwrite data memory

Errors: none
Warnings: none
