###############################################################################
#
# IAR ELF Linker V9.10.1.308/W64 for ARM                  14/Oct/2021  16:07:29
# Copyright 2007-2021 IAR Systems AB.
#
#    Output file  =
#        C:\Users\yael\source\repos\EcoMilk\STM32H7A3ZITxQ\EWARM\STM32H7A3ZITxQ\Exe\STM32H7A3ZITxQ.out
#    Map file     =
#        C:\Users\yael\source\repos\EcoMilk\STM32H7A3ZITxQ\EWARM\STM32H7A3ZITxQ\List\STM32H7A3ZITxQ.map
#    Command line =
#        -f
#        C:\Users\yael\source\repos\EcoMilk\STM32H7A3ZITxQ\EWARM\STM32H7A3ZITxQ\Exe\STM32H7A3ZITxQ.out.rsp
#        (C:\Users\yael\source\repos\EcoMilk\STM32H7A3ZITxQ\EWARM\STM32H7A3ZITxQ\Obj\Application\User\Core\main.o
#        C:\Users\yael\source\repos\EcoMilk\STM32H7A3ZITxQ\EWARM\STM32H7A3ZITxQ\Obj\Application\EWARM\startup_stm32h7a3xxq.o
#        C:\Users\yael\source\repos\EcoMilk\STM32H7A3ZITxQ\EWARM\STM32H7A3ZITxQ\Obj\Drivers\STM32H7xx_HAL_Driver\stm32h7xx_hal.o
#        C:\Users\yael\source\repos\EcoMilk\STM32H7A3ZITxQ\EWARM\STM32H7A3ZITxQ\Obj\Drivers\STM32H7xx_HAL_Driver\stm32h7xx_hal_adc.o
#        C:\Users\yael\source\repos\EcoMilk\STM32H7A3ZITxQ\EWARM\STM32H7A3ZITxQ\Obj\Drivers\STM32H7xx_HAL_Driver\stm32h7xx_hal_adc_ex.o
#        C:\Users\yael\source\repos\EcoMilk\STM32H7A3ZITxQ\EWARM\STM32H7A3ZITxQ\Obj\Drivers\STM32H7xx_HAL_Driver\stm32h7xx_hal_cortex.o
#        C:\Users\yael\source\repos\EcoMilk\STM32H7A3ZITxQ\EWARM\STM32H7A3ZITxQ\Obj\Drivers\STM32H7xx_HAL_Driver\stm32h7xx_hal_dma.o
#        C:\Users\yael\source\repos\EcoMilk\STM32H7A3ZITxQ\EWARM\STM32H7A3ZITxQ\Obj\Drivers\STM32H7xx_HAL_Driver\stm32h7xx_hal_dma_ex.o
#        C:\Users\yael\source\repos\EcoMilk\STM32H7A3ZITxQ\EWARM\STM32H7A3ZITxQ\Obj\Drivers\STM32H7xx_HAL_Driver\stm32h7xx_hal_exti.o
#        C:\Users\yael\source\repos\EcoMilk\STM32H7A3ZITxQ\EWARM\STM32H7A3ZITxQ\Obj\Drivers\STM32H7xx_HAL_Driver\stm32h7xx_hal_flash.o
#        C:\Users\yael\source\repos\EcoMilk\STM32H7A3ZITxQ\EWARM\STM32H7A3ZITxQ\Obj\Drivers\STM32H7xx_HAL_Driver\stm32h7xx_hal_flash_ex.o
#        C:\Users\yael\source\repos\EcoMilk\STM32H7A3ZITxQ\EWARM\STM32H7A3ZITxQ\Obj\Drivers\STM32H7xx_HAL_Driver\stm32h7xx_hal_gpio.o
#        C:\Users\yael\source\repos\EcoMilk\STM32H7A3ZITxQ\EWARM\STM32H7A3ZITxQ\Obj\Drivers\STM32H7xx_HAL_Driver\stm32h7xx_hal_hsem.o
#        C:\Users\yael\source\repos\EcoMilk\STM32H7A3ZITxQ\EWARM\STM32H7A3ZITxQ\Obj\Drivers\STM32H7xx_HAL_Driver\stm32h7xx_hal_i2c.o
#        C:\Users\yael\source\repos\EcoMilk\STM32H7A3ZITxQ\EWARM\STM32H7A3ZITxQ\Obj\Drivers\STM32H7xx_HAL_Driver\stm32h7xx_hal_i2c_ex.o
#        C:\Users\yael\source\repos\EcoMilk\STM32H7A3ZITxQ\EWARM\STM32H7A3ZITxQ\Obj\Drivers\STM32H7xx_HAL_Driver\stm32h7xx_hal_mdma.o
#        C:\Users\yael\source\repos\EcoMilk\STM32H7A3ZITxQ\EWARM\STM32H7A3ZITxQ\Obj\Application\User\Core\stm32h7xx_hal_msp.o
#        C:\Users\yael\source\repos\EcoMilk\STM32H7A3ZITxQ\EWARM\STM32H7A3ZITxQ\Obj\Drivers\STM32H7xx_HAL_Driver\stm32h7xx_hal_pwr.o
#        C:\Users\yael\source\repos\EcoMilk\STM32H7A3ZITxQ\EWARM\STM32H7A3ZITxQ\Obj\Drivers\STM32H7xx_HAL_Driver\stm32h7xx_hal_pwr_ex.o
#        C:\Users\yael\source\repos\EcoMilk\STM32H7A3ZITxQ\EWARM\STM32H7A3ZITxQ\Obj\Drivers\STM32H7xx_HAL_Driver\stm32h7xx_hal_rcc.o
#        C:\Users\yael\source\repos\EcoMilk\STM32H7A3ZITxQ\EWARM\STM32H7A3ZITxQ\Obj\Drivers\STM32H7xx_HAL_Driver\stm32h7xx_hal_rcc_ex.o
#        C:\Users\yael\source\repos\EcoMilk\STM32H7A3ZITxQ\EWARM\STM32H7A3ZITxQ\Obj\Drivers\STM32H7xx_HAL_Driver\stm32h7xx_hal_spi.o
#        C:\Users\yael\source\repos\EcoMilk\STM32H7A3ZITxQ\EWARM\STM32H7A3ZITxQ\Obj\Drivers\STM32H7xx_HAL_Driver\stm32h7xx_hal_spi_ex.o
#        C:\Users\yael\source\repos\EcoMilk\STM32H7A3ZITxQ\EWARM\STM32H7A3ZITxQ\Obj\Drivers\STM32H7xx_HAL_Driver\stm32h7xx_hal_tim.o
#        C:\Users\yael\source\repos\EcoMilk\STM32H7A3ZITxQ\EWARM\STM32H7A3ZITxQ\Obj\Drivers\STM32H7xx_HAL_Driver\stm32h7xx_hal_tim_ex.o
#        C:\Users\yael\source\repos\EcoMilk\STM32H7A3ZITxQ\EWARM\STM32H7A3ZITxQ\Obj\Drivers\STM32H7xx_HAL_Driver\stm32h7xx_hal_uart.o
#        C:\Users\yael\source\repos\EcoMilk\STM32H7A3ZITxQ\EWARM\STM32H7A3ZITxQ\Obj\Drivers\STM32H7xx_HAL_Driver\stm32h7xx_hal_uart_ex.o
#        C:\Users\yael\source\repos\EcoMilk\STM32H7A3ZITxQ\EWARM\STM32H7A3ZITxQ\Obj\Application\User\Core\stm32h7xx_it.o
#        C:\Users\yael\source\repos\EcoMilk\STM32H7A3ZITxQ\EWARM\STM32H7A3ZITxQ\Obj\Drivers\CMSIS\system_stm32h7xx.o
#        --no_out_extension -o
#        C:\Users\yael\source\repos\EcoMilk\STM32H7A3ZITxQ\EWARM\STM32H7A3ZITxQ\Exe\STM32H7A3ZITxQ.out
#        --redirect _Printf=_PrintfFullNoMb --redirect _Scanf=_ScanfFullNoMb
#        --map
#        C:\Users\yael\source\repos\EcoMilk\STM32H7A3ZITxQ\EWARM\STM32H7A3ZITxQ\List\STM32H7A3ZITxQ.map
#        --config
#        C:\Users\yael\source\repos\EcoMilk\STM32H7A3ZITxQ\EWARM/stm32h7a3xxq_flash.icf
#        --semihosting --entry __iar_program_start --vfe --text_out locale)
#
###############################################################################

*******************************************************************************
*** RUNTIME MODEL ATTRIBUTES
***

CppFlavor       = *
__SystemLibrary = DLib
__dlib_version  = 6


*******************************************************************************
*** HEAP SELECTION
***

The basic heap was selected because no calls to memory allocation
functions were found in the application outside of system library
functions, and there are calls to deallocation functions in the
application.


*******************************************************************************
*** PLACEMENT SUMMARY
***

"A0":  place at address 0x800'0000 { ro section .intvec };
"P1":  place in [from 0x800'0000 to 0x81f'ffff] { ro };
define block CSTACK with size = 1K, alignment = 8 { };
define block HEAP with size = 512, alignment = 8 { };
"P2":  place in [from 0x2000'0000 to 0x2001'ffff] {
          rw, block CSTACK, block HEAP };
initialize by copy { rw };

  Section            Kind         Address    Size  Object
  -------            ----         -------    ----  ------
"A0":                                       0x2ac
  .intvec            ro code   0x800'0000   0x2ac  startup_stm32h7a3xxq.o [1]
                             - 0x800'02ac   0x2ac

"P1":                                      0x7560
  .text              ro code   0x800'02ac  0x1a18  stm32h7xx_hal_rcc_ex.o [4]
  .text              ro code   0x800'1cc4     0xc  stm32h7xx_hal.o [4]
  .text              ro code   0x800'1cd0   0x5f4  stm32h7xx_hal_rcc.o [4]
  .text              ro code   0x800'22c4    0x58  stm32h7xx_hal.o [4]
  .text              ro code   0x800'231c   0x158  stm32h7xx_hal_cortex.o [4]
  .text              ro code   0x800'2474  0x1004  main.o [2]
  .text              ro code   0x800'3478    0x66  ABImemset.o [7]
  .text              ro code   0x800'34de    0x2a  copy_init3.o [7]
  .text              ro code   0x800'3508   0x284  stm32h7xx_hal_gpio.o [4]
  .text              ro code   0x800'378c   0x702  stm32h7xx_hal_spi.o [4]
  .text              ro code   0x800'3e90   0xba0  stm32h7xx_hal_uart.o [4]
  .text              ro code   0x800'4a30    0x12  strcmp.o [7]
  .text              ro code   0x800'4a44    0x84  stm32h7xx_hal.o [4]
  .text              ro code   0x800'4ac8    0x86  ABImemcpy.o [7]
  .text              ro code   0x800'4b50   0xd20  stm32h7xx_hal_tim.o [4]
  .text              ro code   0x800'5870    0x9c  stm32h7xx_hal_pwr_ex.o [4]
  .text              ro code   0x800'590c   0x704  stm32h7xx_hal_rcc.o [4]
  .text              ro code   0x800'6010   0x8a4  stm32h7xx_hal_adc.o [4]
  .text              ro code   0x800'68b4   0x14c  stm32h7xx_hal_tim_ex.o [4]
  .text              ro code   0x800'6a00   0x54c  stm32h7xx_hal_msp.o [2]
  .text              ro code   0x800'6f4c   0x16c  stm32h7xx_hal_uart_ex.o [4]
  .text              ro code   0x800'70b8   0x230  I64DivMod.o [7]
  .text              ro code   0x800'72e8     0x2  stm32h7xx_hal_tim.o [4]
  .text              ro code   0x800'72ea     0x2  stm32h7xx_hal_tim.o [4]
  .text              ro code   0x800'72ec     0x2  stm32h7xx_hal_tim.o [4]
  .text              ro code   0x800'72ee     0x2  stm32h7xx_hal_tim_ex.o [4]
  .text              ro code   0x800'72f0     0x2  stm32h7xx_hal_tim_ex.o [4]
  .text              ro code   0x800'72f2     0x2  stm32h7xx_hal_tim.o [4]
  .text              ro code   0x800'72f4     0x2  stm32h7xx_hal_tim_ex.o [4]
  .text              ro code   0x800'72f6    0x14  memset.o [7]
  .text              ro code   0x800'730c     0x2  I64DivZer.o [7]
  .text              ro code   0x800'7310   0x120  system_stm32h7xx.o [3]
  .text              ro code   0x800'7430    0x38  zero_init3.o [7]
  .text              ro code   0x800'7468    0x34  stm32h7xx_it.o [2]
  .text              ro code   0x800'749c    0x18  stm32h7xx_hal.o [4]
  .text              ro code   0x800'74b4    0x28  data_init.o [7]
  .text              ro code   0x800'74dc    0x22  fpinit_M.o [6]
  .iar.init_table    const     0x800'7500    0x24  - Linker created -
  .text              ro code   0x800'7524    0x1e  cmain.o [7]
  .text              ro code   0x800'7542     0x4  low_level_init.o [5]
  .text              ro code   0x800'7546     0x4  exit.o [5]
  .text              ro code   0x800'754c     0xa  cexit.o [7]
  .text              ro code   0x800'7558    0x14  exit.o [8]
  .text              ro code   0x800'756c    0x1c  cstartup_M.o [7]
  .rodata            const     0x800'7588    0x18  stm32h7xx_hal_uart.o [4]
  .rodata            const     0x800'75a0    0x10  main.o [2]
  .rodata            const     0x800'75b0    0x10  system_stm32h7xx.o [3]
  .text              ro code   0x800'75c0    0x10  startup_stm32h7a3xxq.o [1]
  Initializer bytes  const     0x800'75d0    0x10  <for P2-1>
  .rodata            const     0x800'75e0     0x8  main.o [2]
  .rodata            const     0x800'75e8     0x8  main.o [2]
  .rodata            const     0x800'75f0     0x8  stm32h7xx_hal_uart_ex.o [4]
  .rodata            const     0x800'75f8     0x8  stm32h7xx_hal_uart_ex.o [4]
  .text              ro code   0x800'7600     0x4  startup_stm32h7a3xxq.o [1]
  .text              ro code   0x800'7604     0x4  startup_stm32h7a3xxq.o [1]
  .text              ro code   0x800'7608     0x4  startup_stm32h7a3xxq.o [1]
  .text              ro code   0x800'760c     0x4  startup_stm32h7a3xxq.o [1]
  .text              ro code   0x800'7610     0x4  startup_stm32h7a3xxq.o [1]
  .text              ro code   0x800'7614     0x4  startup_stm32h7a3xxq.o [1]
  .text              ro code   0x800'7618     0x4  startup_stm32h7a3xxq.o [1]
  .text              ro code   0x800'761c     0x4  startup_stm32h7a3xxq.o [1]
  .text              ro code   0x800'7620     0x4  startup_stm32h7a3xxq.o [1]
  .text              ro code   0x800'7624     0x4  startup_stm32h7a3xxq.o [1]
  .text              ro code   0x800'7628     0x4  startup_stm32h7a3xxq.o [1]
  .text              ro code   0x800'762c     0x4  startup_stm32h7a3xxq.o [1]
  .text              ro code   0x800'7630     0x4  startup_stm32h7a3xxq.o [1]
  .text              ro code   0x800'7634     0x4  startup_stm32h7a3xxq.o [1]
  .text              ro code   0x800'7638     0x4  startup_stm32h7a3xxq.o [1]
  .text              ro code   0x800'763c     0x4  startup_stm32h7a3xxq.o [1]
  .text              ro code   0x800'7640     0x4  startup_stm32h7a3xxq.o [1]
  .text              ro code   0x800'7644     0x4  startup_stm32h7a3xxq.o [1]
  .text              ro code   0x800'7648     0x4  startup_stm32h7a3xxq.o [1]
  .text              ro code   0x800'764c     0x4  startup_stm32h7a3xxq.o [1]
  .text              ro code   0x800'7650     0x4  startup_stm32h7a3xxq.o [1]
  .text              ro code   0x800'7654     0x4  startup_stm32h7a3xxq.o [1]
  .text              ro code   0x800'7658     0x4  startup_stm32h7a3xxq.o [1]
  .text              ro code   0x800'765c     0x4  startup_stm32h7a3xxq.o [1]
  .text              ro code   0x800'7660     0x4  startup_stm32h7a3xxq.o [1]
  .text              ro code   0x800'7664     0x4  startup_stm32h7a3xxq.o [1]
  .text              ro code   0x800'7668     0x4  startup_stm32h7a3xxq.o [1]
  .text              ro code   0x800'766c     0x4  startup_stm32h7a3xxq.o [1]
  .text              ro code   0x800'7670     0x4  startup_stm32h7a3xxq.o [1]
  .text              ro code   0x800'7674     0x4  startup_stm32h7a3xxq.o [1]
  .text              ro code   0x800'7678     0x4  startup_stm32h7a3xxq.o [1]
  .text              ro code   0x800'767c     0x4  startup_stm32h7a3xxq.o [1]
  .text              ro code   0x800'7680     0x4  startup_stm32h7a3xxq.o [1]
  .text              ro code   0x800'7684     0x4  startup_stm32h7a3xxq.o [1]
  .text              ro code   0x800'7688     0x4  startup_stm32h7a3xxq.o [1]
  .text              ro code   0x800'768c     0x4  startup_stm32h7a3xxq.o [1]
  .text              ro code   0x800'7690     0x4  startup_stm32h7a3xxq.o [1]
  .text              ro code   0x800'7694     0x4  startup_stm32h7a3xxq.o [1]
  .text              ro code   0x800'7698     0x4  startup_stm32h7a3xxq.o [1]
  .text              ro code   0x800'769c     0x4  startup_stm32h7a3xxq.o [1]
  .text              ro code   0x800'76a0     0x4  startup_stm32h7a3xxq.o [1]
  .text              ro code   0x800'76a4     0x4  startup_stm32h7a3xxq.o [1]
  .text              ro code   0x800'76a8     0x4  startup_stm32h7a3xxq.o [1]
  .text              ro code   0x800'76ac     0x4  startup_stm32h7a3xxq.o [1]
  .text              ro code   0x800'76b0     0x4  startup_stm32h7a3xxq.o [1]
  .text              ro code   0x800'76b4     0x4  startup_stm32h7a3xxq.o [1]
  .text              ro code   0x800'76b8     0x4  startup_stm32h7a3xxq.o [1]
  .text              ro code   0x800'76bc     0x4  startup_stm32h7a3xxq.o [1]
  .text              ro code   0x800'76c0     0x4  startup_stm32h7a3xxq.o [1]
  .text              ro code   0x800'76c4     0x4  startup_stm32h7a3xxq.o [1]
  .text              ro code   0x800'76c8     0x4  startup_stm32h7a3xxq.o [1]
  .text              ro code   0x800'76cc     0x4  startup_stm32h7a3xxq.o [1]
  .text              ro code   0x800'76d0     0x4  startup_stm32h7a3xxq.o [1]
  .text              ro code   0x800'76d4     0x4  startup_stm32h7a3xxq.o [1]
  .text              ro code   0x800'76d8     0x4  startup_stm32h7a3xxq.o [1]
  .text              ro code   0x800'76dc     0x4  startup_stm32h7a3xxq.o [1]
  .text              ro code   0x800'76e0     0x4  startup_stm32h7a3xxq.o [1]
  .text              ro code   0x800'76e4     0x4  startup_stm32h7a3xxq.o [1]
  .text              ro code   0x800'76e8     0x4  startup_stm32h7a3xxq.o [1]
  .text              ro code   0x800'76ec     0x4  startup_stm32h7a3xxq.o [1]
  .text              ro code   0x800'76f0     0x4  startup_stm32h7a3xxq.o [1]
  .text              ro code   0x800'76f4     0x4  startup_stm32h7a3xxq.o [1]
  .text              ro code   0x800'76f8     0x4  startup_stm32h7a3xxq.o [1]
  .text              ro code   0x800'76fc     0x4  startup_stm32h7a3xxq.o [1]
  .text              ro code   0x800'7700     0x4  startup_stm32h7a3xxq.o [1]
  .text              ro code   0x800'7704     0x4  startup_stm32h7a3xxq.o [1]
  .text              ro code   0x800'7708     0x4  startup_stm32h7a3xxq.o [1]
  .text              ro code   0x800'770c     0x4  startup_stm32h7a3xxq.o [1]
  .text              ro code   0x800'7710     0x4  startup_stm32h7a3xxq.o [1]
  .text              ro code   0x800'7714     0x4  startup_stm32h7a3xxq.o [1]
  .text              ro code   0x800'7718     0x4  startup_stm32h7a3xxq.o [1]
  .text              ro code   0x800'771c     0x4  startup_stm32h7a3xxq.o [1]
  .text              ro code   0x800'7720     0x4  startup_stm32h7a3xxq.o [1]
  .text              ro code   0x800'7724     0x4  startup_stm32h7a3xxq.o [1]
  .text              ro code   0x800'7728     0x4  startup_stm32h7a3xxq.o [1]
  .text              ro code   0x800'772c     0x4  startup_stm32h7a3xxq.o [1]
  .text              ro code   0x800'7730     0x4  startup_stm32h7a3xxq.o [1]
  .text              ro code   0x800'7734     0x4  startup_stm32h7a3xxq.o [1]
  .text              ro code   0x800'7738     0x4  startup_stm32h7a3xxq.o [1]
  .text              ro code   0x800'773c     0x4  startup_stm32h7a3xxq.o [1]
  .text              ro code   0x800'7740     0x4  startup_stm32h7a3xxq.o [1]
  .text              ro code   0x800'7744     0x4  startup_stm32h7a3xxq.o [1]
  .text              ro code   0x800'7748     0x4  startup_stm32h7a3xxq.o [1]
  .text              ro code   0x800'774c     0x4  startup_stm32h7a3xxq.o [1]
  .text              ro code   0x800'7750     0x4  startup_stm32h7a3xxq.o [1]
  .text              ro code   0x800'7754     0x4  startup_stm32h7a3xxq.o [1]
  .text              ro code   0x800'7758     0x4  startup_stm32h7a3xxq.o [1]
  .text              ro code   0x800'775c     0x4  startup_stm32h7a3xxq.o [1]
  .text              ro code   0x800'7760     0x4  startup_stm32h7a3xxq.o [1]
  .text              ro code   0x800'7764     0x4  startup_stm32h7a3xxq.o [1]
  .text              ro code   0x800'7768     0x4  startup_stm32h7a3xxq.o [1]
  .text              ro code   0x800'776c     0x4  startup_stm32h7a3xxq.o [1]
  .text              ro code   0x800'7770     0x4  startup_stm32h7a3xxq.o [1]
  .text              ro code   0x800'7774     0x4  startup_stm32h7a3xxq.o [1]
  .text              ro code   0x800'7778     0x4  startup_stm32h7a3xxq.o [1]
  .text              ro code   0x800'777c     0x4  startup_stm32h7a3xxq.o [1]
  .text              ro code   0x800'7780     0x4  startup_stm32h7a3xxq.o [1]
  .text              ro code   0x800'7784     0x4  startup_stm32h7a3xxq.o [1]
  .text              ro code   0x800'7788     0x4  startup_stm32h7a3xxq.o [1]
  .text              ro code   0x800'778c     0x4  startup_stm32h7a3xxq.o [1]
  .text              ro code   0x800'7790     0x4  startup_stm32h7a3xxq.o [1]
  .text              ro code   0x800'7794     0x4  startup_stm32h7a3xxq.o [1]
  .text              ro code   0x800'7798     0x4  startup_stm32h7a3xxq.o [1]
  .text              ro code   0x800'779c     0x4  startup_stm32h7a3xxq.o [1]
  .text              ro code   0x800'77a0     0x4  startup_stm32h7a3xxq.o [1]
  .text              ro code   0x800'77a4     0x4  startup_stm32h7a3xxq.o [1]
  .text              ro code   0x800'77a8     0x4  startup_stm32h7a3xxq.o [1]
  .text              ro code   0x800'77ac     0x4  startup_stm32h7a3xxq.o [1]
  .text              ro code   0x800'77b0     0x4  startup_stm32h7a3xxq.o [1]
  .text              ro code   0x800'77b4     0x4  startup_stm32h7a3xxq.o [1]
  .text              ro code   0x800'77b8     0x4  startup_stm32h7a3xxq.o [1]
  .text              ro code   0x800'77bc     0x4  startup_stm32h7a3xxq.o [1]
  .text              ro code   0x800'77c0     0x4  startup_stm32h7a3xxq.o [1]
  .text              ro code   0x800'77c4     0x4  startup_stm32h7a3xxq.o [1]
  .text              ro code   0x800'77c8     0x4  startup_stm32h7a3xxq.o [1]
  .text              ro code   0x800'77cc     0x4  startup_stm32h7a3xxq.o [1]
  .text              ro code   0x800'77d0     0x4  startup_stm32h7a3xxq.o [1]
  .text              ro code   0x800'77d4     0x4  startup_stm32h7a3xxq.o [1]
  .text              ro code   0x800'77d8     0x4  startup_stm32h7a3xxq.o [1]
  .text              ro code   0x800'77dc     0x4  startup_stm32h7a3xxq.o [1]
  .text              ro code   0x800'77e0     0x4  startup_stm32h7a3xxq.o [1]
  .text              ro code   0x800'77e4     0x4  startup_stm32h7a3xxq.o [1]
  .text              ro code   0x800'77e8     0x4  startup_stm32h7a3xxq.o [1]
  .text              ro code   0x800'77ec     0x4  startup_stm32h7a3xxq.o [1]
  .text              ro code   0x800'77f0     0x4  startup_stm32h7a3xxq.o [1]
  .text              ro code   0x800'77f4     0x4  startup_stm32h7a3xxq.o [1]
  .text              ro code   0x800'77f8     0x4  startup_stm32h7a3xxq.o [1]
  .text              ro code   0x800'77fc     0x4  startup_stm32h7a3xxq.o [1]
  .text              ro code   0x800'7800     0x4  startup_stm32h7a3xxq.o [1]
  .text              ro code   0x800'7804     0x4  startup_stm32h7a3xxq.o [1]
  .text              ro code   0x800'7808     0x4  startup_stm32h7a3xxq.o [1]
  .rodata            const     0x800'780c     0x0  zero_init3.o [7]
  .rodata            const     0x800'780c     0x0  copy_init3.o [7]
                             - 0x800'780c  0x7560

"P2", part 1 of 3:                           0x10
  P2-1                        0x2000'0000     0xd  <Init block>
    .data            inited   0x2000'0000     0x4  stm32h7xx_hal.o [4]
    .data            inited   0x2000'0004     0x4  system_stm32h7xx.o [3]
    .data            inited   0x2000'0008     0x4  system_stm32h7xx.o [3]
    .data            inited   0x2000'000c     0x1  stm32h7xx_hal.o [4]
                            - 0x2000'000d     0xd

"P2", part 2 of 3:                          0x370
  .bss               zero     0x2000'0010    0x90  main.o [2]
  .bss               zero     0x2000'00a0    0x90  main.o [2]
  .bss               zero     0x2000'0130    0x88  main.o [2]
  .bss               zero     0x2000'01b8    0x64  main.o [2]
  .bss               zero     0x2000'021c    0x4c  main.o [2]
  .bss               zero     0x2000'0268    0x4c  main.o [2]
  .bss               zero     0x2000'02b4    0x4c  main.o [2]
  .bss               zero     0x2000'0300    0x4c  main.o [2]
  .bss               zero     0x2000'034c     0xc  main.o [2]
  .bss               zero     0x2000'0358     0x4  main.o [2]
  .bss               zero     0x2000'035c     0x4  main.o [2]
  .bss               zero     0x2000'0360     0x4  main.o [2]
  .bss               zero     0x2000'0364     0x4  main.o [2]
  .bss               zero     0x2000'0368     0x4  main.o [2]
  .bss               zero     0x2000'036c     0x4  main.o [2]
  .bss               zero     0x2000'0370     0x4  main.o [2]
  .bss               zero     0x2000'0374     0x4  main.o [2]
  .bss               zero     0x2000'0378     0x4  main.o [2]
  .bss               zero     0x2000'037c     0x4  stm32h7xx_hal.o [4]
                            - 0x2000'0380   0x370

"P2", part 3 of 3:                          0x400
  CSTACK                      0x2000'0380   0x400  <Block>
    CSTACK           uninit   0x2000'0380   0x400  <Block tail>
                            - 0x2000'0780   0x400

Unused ranges:

         From           To       Size
         ----           --       ----
   0x800'780c   0x81f'ffff  0x1f'87f4
  0x2000'0780  0x2001'ffff   0x1'f880


*******************************************************************************
*** INIT TABLE
***

          Address      Size
          -------      ----
Zero (__iar_zero_init3)
    1 destination range, total size 0x370:
          0x2000'0010  0x370

Copy (__iar_copy_init3)
    1 source range, total size 0x10 (123% of destination):
           0x800'75d0   0x10
    1 destination range, total size 0xd:
          0x2000'0000    0xd



*******************************************************************************
*** MODULE SUMMARY
***

    Module                   ro code  ro data  rw data
    ------                   -------  -------  -------
command line/config:
    --------------------------------------------------
    Total:

C:\Users\yael\source\repos\EcoMilk\STM32H7A3ZITxQ\EWARM\STM32H7A3ZITxQ\Obj\Application\EWARM: [1]
    startup_stm32h7a3xxq.o     1'224
    --------------------------------------------------
    Total:                     1'224

C:\Users\yael\source\repos\EcoMilk\STM32H7A3ZITxQ\EWARM\STM32H7A3ZITxQ\Obj\Application\User\Core: [2]
    main.o                     4'100       32      876
    stm32h7xx_hal_msp.o        1'356
    stm32h7xx_it.o                52
    --------------------------------------------------
    Total:                     5'508       32      876

C:\Users\yael\source\repos\EcoMilk\STM32H7A3ZITxQ\EWARM\STM32H7A3ZITxQ\Obj\Drivers\CMSIS: [3]
    system_stm32h7xx.o           288       24        8
    --------------------------------------------------
    Total:                       288       24        8

C:\Users\yael\source\repos\EcoMilk\STM32H7A3ZITxQ\EWARM\STM32H7A3ZITxQ\Obj\Drivers\STM32H7xx_HAL_Driver: [4]
    stm32h7xx_hal.o              256        5        9
    stm32h7xx_hal_adc.o        2'212
    stm32h7xx_hal_cortex.o       344
    stm32h7xx_hal_gpio.o         644
    stm32h7xx_hal_pwr_ex.o       156
    stm32h7xx_hal_rcc.o        3'320
    stm32h7xx_hal_rcc_ex.o     6'680
    stm32h7xx_hal_spi.o        1'794
    stm32h7xx_hal_tim.o        3'368
    stm32h7xx_hal_tim_ex.o       338
    stm32h7xx_hal_uart.o       2'976       24
    stm32h7xx_hal_uart_ex.o      364       16
    --------------------------------------------------
    Total:                    22'452       45        9

dl7M_tlf.a: [5]
    exit.o                         4
    low_level_init.o               4
    --------------------------------------------------
    Total:                         8

m7M_tlv.a: [6]
    fpinit_M.o                    34
    --------------------------------------------------
    Total:                        34

rt7M_tl.a: [7]
    ABImemcpy.o                  134
    ABImemset.o                  102
    I64DivMod.o                  560
    I64DivZer.o                    2
    cexit.o                       10
    cmain.o                       30
    copy_init3.o                  42
    cstartup_M.o                  28
    data_init.o                   40
    memset.o                      20
    strcmp.o                      18
    zero_init3.o                  56
    --------------------------------------------------
    Total:                     1'042

shb_l.a: [8]
    exit.o                        20
    --------------------------------------------------
    Total:                        20

    Gaps                          14        2
    Linker created                         39    1'024
------------------------------------------------------
    Grand Total:              30'590      142    1'917


*******************************************************************************
*** ENTRY LIST
***

Entry                       Address   Size  Type      Object
-----                       -------   ----  ----      ------
.iar.init_table$$Base    0x800'7500          --   Gb  - Linker created -
.iar.init_table$$Limit   0x800'7524          --   Gb  - Linker created -
?main                    0x800'7525         Code  Gb  cmain.o [7]
ADC_ConfigureBoostMode   0x800'678d   0xfa  Code  Gb  stm32h7xx_hal_adc.o [4]
BusFault_Handler         0x800'746f    0x2  Code  Gb  stm32h7xx_it.o [2]
CSTACK$$Base            0x2000'0380          --   Gb  - Linker created -
CSTACK$$Limit           0x2000'0780          --   Gb  - Linker created -
Cmd_Actuator_Backward    0x800'2537   0x24  Code  Lc  main.o [2]
Cmd_Actuator_Forward     0x800'255b   0x24  Code  Lc  main.o [2]
Cmd_Actuator_Y_Backward
                         0x800'2657   0x24  Code  Lc  main.o [2]
Cmd_Actuator_Y_Forward   0x800'267b   0x24  Code  Lc  main.o [2]
Cmd_Motor_Z_Down         0x800'260f   0x24  Code  Lc  main.o [2]
Cmd_Motor_Z_Up           0x800'2633   0x24  Code  Lc  main.o [2]
Cmd_Rotate_Z_CCW         0x800'25a3   0x24  Code  Lc  main.o [2]
Cmd_Rotate_Z_CW          0x800'257f   0x24  Code  Lc  main.o [2]
Cmd_SPI_Tx_16            0x800'274b   0x56  Code  Lc  main.o [2]
Cmd_SPI_Tx_32            0x800'26e7   0x64  Code  Lc  main.o [2]
Cmd_Tilt_CCW             0x800'25c7   0x24  Code  Lc  main.o [2]
Cmd_Tilt_CW              0x800'25eb   0x24  Code  Lc  main.o [2]
Cmd_UART_Rx              0x800'27a1  0x10a  Code  Lc  main.o [2]
Cmd_X_Backward           0x800'269f   0x24  Code  Lc  main.o [2]
Cmd_X_Forward            0x800'26c3   0x24  Code  Lc  main.o [2]
D1CorePrescTable         0x800'75b0   0x10  Data  Gb  system_stm32h7xx.o [3]
DebugMon_Handler         0x800'7475    0x2  Code  Gb  stm32h7xx_it.o [2]
Error_Handler            0x800'3475    0x4  Code  Gb  main.o [2]
HAL_ADC_ConfigChannel    0x800'6385  0x400  Code  Gb  stm32h7xx_hal_adc.o [4]
HAL_ADC_Init             0x800'6153  0x206  Code  Gb  stm32h7xx_hal_adc.o [4]
HAL_ADC_MspInit          0x800'6a25   0xca  Code  Gb  stm32h7xx_hal_msp.o [2]
HAL_GPIO_Init            0x800'3509  0x232  Code  Gb  stm32h7xx_hal_gpio.o [4]
HAL_GPIO_WritePin        0x800'373b   0x1a  Code  Gb  stm32h7xx_hal_gpio.o [4]
HAL_GetTick              0x800'1cc5    0xc  Code  Gb  stm32h7xx_hal.o [4]
HAL_IncTick              0x800'749d   0x18  Code  Gb  stm32h7xx_hal.o [4]
HAL_Init                 0x800'4a45   0x5e  Code  Gb  stm32h7xx_hal.o [4]
HAL_InitTick             0x800'22c5   0x58  Code  Gb  stm32h7xx_hal.o [4]
HAL_MspInit              0x800'6a01   0x24  Code  Gb  stm32h7xx_hal_msp.o [2]
HAL_NVIC_EnableIRQ       0x800'243b    0xe  Code  Gb  stm32h7xx_hal_cortex.o [4]
HAL_NVIC_SetPriority     0x800'2417   0x24  Code  Gb  stm32h7xx_hal_cortex.o [4]
HAL_NVIC_SetPriorityGrouping
                         0x800'240b    0xc  Code  Gb  stm32h7xx_hal_cortex.o [4]
HAL_PWREx_ConfigSupply   0x800'5871   0x92  Code  Gb  stm32h7xx_hal_pwr_ex.o [4]
HAL_RCCEx_GetD3PCLK1Freq
                         0x800'133b   0x1e  Code  Gb  stm32h7xx_hal_rcc_ex.o [4]
HAL_RCCEx_GetPLL1ClockFreq
                         0x800'17e5  0x228  Code  Gb  stm32h7xx_hal_rcc_ex.o [4]
HAL_RCCEx_GetPLL2ClockFreq
                         0x800'135d  0x226  Code  Gb  stm32h7xx_hal_rcc_ex.o [4]
HAL_RCCEx_GetPLL3ClockFreq
                         0x800'159d  0x22c  Code  Gb  stm32h7xx_hal_rcc_ex.o [4]
HAL_RCCEx_GetPeriphCLKFreq
                         0x800'0d85  0x5b6  Code  Gb  stm32h7xx_hal_rcc_ex.o [4]
HAL_RCCEx_PeriphCLKConfig
                         0x800'02ad  0xab4  Code  Gb  stm32h7xx_hal_rcc_ex.o [4]
HAL_RCC_ClockConfig      0x800'1cd1  0x306  Code  Gb  stm32h7xx_hal_rcc.o [4]
HAL_RCC_GetHCLKFreq      0x800'21ff   0x3c  Code  Gb  stm32h7xx_hal_rcc.o [4]
HAL_RCC_GetPCLK1Freq     0x800'223b   0x1a  Code  Gb  stm32h7xx_hal_rcc.o [4]
HAL_RCC_GetPCLK2Freq     0x800'2255   0x1a  Code  Gb  stm32h7xx_hal_rcc.o [4]
HAL_RCC_GetSysClockFreq
                         0x800'1fd9  0x226  Code  Gb  stm32h7xx_hal_rcc.o [4]
HAL_RCC_OscConfig        0x800'590d  0x704  Code  Gb  stm32h7xx_hal_rcc.o [4]
HAL_SPI_Init             0x800'378d  0x182  Code  Gb  stm32h7xx_hal_spi.o [4]
HAL_SPI_MspInit          0x800'6aef   0xd8  Code  Gb  stm32h7xx_hal_msp.o [2]
HAL_SPI_TransmitReceive
                         0x800'390f  0x444  Code  Gb  stm32h7xx_hal_spi.o [4]
HAL_SYSCFG_AnalogSwitchConfig
                         0x800'4aa3   0x12  Code  Gb  stm32h7xx_hal.o [4]
HAL_SYSTICK_Config       0x800'2449    0xc  Code  Gb  stm32h7xx_hal_cortex.o [4]
HAL_TIMEx_Break2Callback
                         0x800'72f1    0x2  Code  Gb  stm32h7xx_hal_tim_ex.o [4]
HAL_TIMEx_BreakCallback
                         0x800'72ef    0x2  Code  Gb  stm32h7xx_hal_tim_ex.o [4]
HAL_TIMEx_CommutCallback
                         0x800'72f5    0x2  Code  Gb  stm32h7xx_hal_tim_ex.o [4]
HAL_TIMEx_ConfigBreakDeadTime
                         0x800'6953   0x94  Code  Gb  stm32h7xx_hal_tim_ex.o [4]
HAL_TIMEx_MasterConfigSynchronization
                         0x800'68b5   0x9e  Code  Gb  stm32h7xx_hal_tim_ex.o [4]
HAL_TIM_IC_CaptureCallback
                         0x800'2475   0xc2  Code  Gb  main.o [2]
HAL_TIM_IC_ConfigChannel
                         0x800'5141   0xca  Code  Gb  stm32h7xx_hal_tim.o [4]
HAL_TIM_IC_Init          0x800'4d4d   0x7a  Code  Gb  stm32h7xx_hal_tim.o [4]
HAL_TIM_IC_MspInit       0x800'6c1d  0x12c  Code  Gb  stm32h7xx_hal_msp.o [2]
HAL_TIM_IC_Start_IT      0x800'4dcd  0x1c4  Code  Gb  stm32h7xx_hal_tim.o [4]
HAL_TIM_IRQHandler       0x800'4fad  0x194  Code  Gb  stm32h7xx_hal_tim.o [4]
HAL_TIM_MspPostInit      0x800'6d49   0x92  Code  Gb  stm32h7xx_hal_msp.o [2]
HAL_TIM_OC_DelayElapsedCallback
                         0x800'72e9    0x2  Code  Gb  stm32h7xx_hal_tim.o [4]
HAL_TIM_PWM_ConfigChannel
                         0x800'520b  0x15a  Code  Gb  stm32h7xx_hal_tim.o [4]
HAL_TIM_PWM_Init         0x800'4b51   0x7a  Code  Gb  stm32h7xx_hal_tim.o [4]
HAL_TIM_PWM_MspInit      0x800'6bc7   0x56  Code  Gb  stm32h7xx_hal_msp.o [2]
HAL_TIM_PWM_PulseFinishedCallback
                         0x800'72eb    0x2  Code  Gb  stm32h7xx_hal_tim.o [4]
HAL_TIM_PWM_Start        0x800'4bcb  0x15e  Code  Gb  stm32h7xx_hal_tim.o [4]
HAL_TIM_PeriodElapsedCallback
                         0x800'72ed    0x2  Code  Gb  stm32h7xx_hal_tim.o [4]
HAL_TIM_TriggerCallback
                         0x800'72f3    0x2  Code  Gb  stm32h7xx_hal_tim.o [4]
HAL_UARTEx_DisableFifoMode
                         0x800'6f4d   0x46  Code  Gb  stm32h7xx_hal_uart_ex.o [4]
HAL_UARTEx_SetRxFifoThreshold
                         0x800'6fe9   0x56  Code  Gb  stm32h7xx_hal_uart_ex.o [4]
HAL_UARTEx_SetTxFifoThreshold
                         0x800'6f93   0x56  Code  Gb  stm32h7xx_hal_uart_ex.o [4]
HAL_UART_EnableReceiverTimeout
                         0x800'4155   0x4e  Code  Gb  stm32h7xx_hal_uart.o [4]
HAL_UART_Init            0x800'3e91   0x7e  Code  Gb  stm32h7xx_hal_uart.o [4]
HAL_UART_MspInit         0x800'6ddb  0x12e  Code  Gb  stm32h7xx_hal_msp.o [2]
HAL_UART_Receive         0x800'3ff1  0x14c  Code  Gb  stm32h7xx_hal_uart.o [4]
HAL_UART_ReceiverTimeout_Config
                         0x800'413d   0x18  Code  Gb  stm32h7xx_hal_uart.o [4]
HAL_UART_Transmit        0x800'3f0f   0xe2  Code  Gb  stm32h7xx_hal_uart.o [4]
HardFault_Handler        0x800'746b    0x2  Code  Gb  stm32h7xx_it.o [2]
LL_ADC_DisableDeepPowerDown
                         0x800'6107    0xc  Code  Lc  stm32h7xx_hal_adc.o [4]
LL_ADC_EnableInternalRegulator
                         0x800'611d   0x10  Code  Lc  stm32h7xx_hal_adc.o [4]
LL_ADC_GetCommonPathInternalCh
                         0x800'6029    0x8  Code  Lc  stm32h7xx_hal_adc.o [4]
LL_ADC_INJ_IsConversionOngoing
                         0x800'6149    0xa  Code  Lc  stm32h7xx_hal_adc.o [4]
LL_ADC_IsDeepPowerDownEnabled
                         0x800'6113    0xa  Code  Lc  stm32h7xx_hal_adc.o [4]
LL_ADC_IsEnabled         0x800'6137    0x8  Code  Lc  stm32h7xx_hal_adc.o [4]
LL_ADC_IsInternalRegulatorEnabled
                         0x800'612d    0xa  Code  Lc  stm32h7xx_hal_adc.o [4]
LL_ADC_REG_IsConversionOngoing
                         0x800'613f    0xa  Code  Lc  stm32h7xx_hal_adc.o [4]
LL_ADC_REG_SetSequencerRanks
                         0x800'607f   0x2e  Code  Lc  stm32h7xx_hal_adc.o [4]
LL_ADC_SetChannelSamplingTime
                         0x800'60ad   0x34  Code  Lc  stm32h7xx_hal_adc.o [4]
LL_ADC_SetChannelSingleDiff
                         0x800'60e1   0x26  Code  Lc  stm32h7xx_hal_adc.o [4]
LL_ADC_SetCommonClock    0x800'6011    0xc  Code  Lc  stm32h7xx_hal_adc.o [4]
LL_ADC_SetCommonPathInternalCh
                         0x800'601d    0xc  Code  Lc  stm32h7xx_hal_adc.o [4]
LL_ADC_SetDataRightShift
                         0x800'604f   0x18  Code  Lc  stm32h7xx_hal_adc.o [4]
LL_ADC_SetOffset         0x800'6031   0x1e  Code  Lc  stm32h7xx_hal_adc.o [4]
LL_ADC_SetOffsetSignedSaturation
                         0x800'6067   0x18  Code  Lc  stm32h7xx_hal_adc.o [4]
MX_ADC2_Init             0x800'2c69   0xd2  Code  Lc  main.o [2]
MX_GPIO_Init             0x800'32a5  0x164  Code  Lc  main.o [2]
MX_SPI2_Init             0x800'2d3b   0xce  Code  Lc  main.o [2]
MX_TIM1_Init             0x800'2e09  0x10e  Code  Lc  main.o [2]
MX_TIM2_Init             0x800'2f17   0xac  Code  Lc  main.o [2]
MX_TIM3_Init             0x800'2fc3   0xdc  Code  Lc  main.o [2]
MX_TIM4_Init             0x800'30a9   0xd0  Code  Lc  main.o [2]
MX_USART1_UART_Init      0x800'3195   0x84  Code  Lc  main.o [2]
MX_USART3_UART_Init      0x800'3219   0x84  Code  Lc  main.o [2]
MemManage_Handler        0x800'746d    0x2  Code  Gb  stm32h7xx_it.o [2]
NMI_Handler              0x800'7469    0x2  Code  Gb  stm32h7xx_it.o [2]
NVIC_EncodePriority      0x800'2399   0x42  Code  Lc  stm32h7xx_hal_cortex.o [4]
PendSV_Handler           0x800'7477    0x2  Code  Gb  stm32h7xx_it.o [2]
RCCEx_PLL2_Config        0x800'1a31  0x130  Code  Lc  stm32h7xx_hal_rcc_ex.o [4]
RCCEx_PLL3_Config        0x800'1b69  0x130  Code  Lc  stm32h7xx_hal_rcc_ex.o [4]
Region$$Table$$Base      0x800'7500          --   Gb  - Linker created -
Region$$Table$$Limit     0x800'7524          --   Gb  - Linker created -
SPI_CloseTransfer        0x800'3d61   0xce  Code  Lc  stm32h7xx_hal_spi.o [4]
SPI_GetPacketSize        0x800'3e79   0x16  Code  Lc  stm32h7xx_hal_spi.o [4]
SPI_WaitOnFlagUntilTimeout
                         0x800'3e35   0x44  Code  Lc  stm32h7xx_hal_spi.o [4]
SVC_Handler              0x800'7473    0x2  Code  Gb  stm32h7xx_it.o [2]
SysTick_Config           0x800'23db   0x30  Code  Lc  stm32h7xx_hal_cortex.o [4]
SysTick_Handler          0x800'7479    0x8  Code  Gb  stm32h7xx_it.o [2]
SystemClock_Config       0x800'2b93   0xd6  Code  Gb  main.o [2]
SystemCoreClock         0x2000'0004    0x4  Data  Gb  system_stm32h7xx.o [3]
SystemD2Clock           0x2000'0008    0x4  Data  Gb  system_stm32h7xx.o [3]
SystemInit               0x800'7311   0xc8  Code  Gb  system_stm32h7xx.o [3]
TIM3_IRQHandler          0x800'7481    0xa  Code  Gb  stm32h7xx_it.o [2]
TIM4_IRQHandler          0x800'748b    0xa  Code  Gb  stm32h7xx_it.o [2]
TIM_Base_SetConfig       0x800'5365   0xca  Code  Gb  stm32h7xx_hal_tim.o [4]
TIM_CCxChannelCmd        0x800'584d   0x24  Code  Gb  stm32h7xx_hal_tim.o [4]
TIM_OC1_SetConfig        0x800'542f   0xa0  Code  Lc  stm32h7xx_hal_tim.o [4]
TIM_OC2_SetConfig        0x800'54cf   0x92  Code  Gb  stm32h7xx_hal_tim.o [4]
TIM_OC3_SetConfig        0x800'5563   0x8e  Code  Lc  stm32h7xx_hal_tim.o [4]
TIM_OC4_SetConfig        0x800'55f1   0x68  Code  Lc  stm32h7xx_hal_tim.o [4]
TIM_OC5_SetConfig        0x800'5659   0x58  Code  Lc  stm32h7xx_hal_tim.o [4]
TIM_OC6_SetConfig        0x800'56b1   0x5a  Code  Lc  stm32h7xx_hal_tim.o [4]
TIM_TI1_SetConfig        0x800'570b   0x74  Code  Gb  stm32h7xx_hal_tim.o [4]
TIM_TI2_SetConfig        0x800'577f   0x36  Code  Lc  stm32h7xx_hal_tim.o [4]
TIM_TI3_SetConfig        0x800'57b5   0x34  Code  Lc  stm32h7xx_hal_tim.o [4]
TIM_TI4_SetConfig        0x800'57e9   0x36  Code  Lc  stm32h7xx_hal_tim.o [4]
UARTEx_SetNbDataToProcess
                         0x800'703f   0x72  Code  Lc  stm32h7xx_hal_uart_ex.o [4]
UARTEx_SetNbDataToProcess::denominator
                         0x800'75f8    0x8  Data  Lc  stm32h7xx_hal_uart_ex.o [4]
UARTEx_SetNbDataToProcess::numerator
                         0x800'75f0    0x8  Data  Lc  stm32h7xx_hal_uart_ex.o [4]
UARTPrescTable           0x800'7588   0x18  Data  Gb  stm32h7xx_hal_uart.o [4]
UART_AdvFeatureConfig    0x800'47dd   0xda  Code  Gb  stm32h7xx_hal_uart.o [4]
UART_CheckIdleState      0x800'48b7   0x72  Code  Gb  stm32h7xx_hal_uart.o [4]
UART_SetConfig           0x800'41a9  0x632  Code  Gb  stm32h7xx_hal_uart.o [4]
UART_WaitOnFlagUntilTimeout
                         0x800'4929   0xba  Code  Gb  stm32h7xx_hal_uart.o [4]
UsageFault_Handler       0x800'7471    0x2  Code  Gb  stm32h7xx_it.o [2]
__NVIC_EnableIRQ         0x800'234d   0x20  Code  Lc  stm32h7xx_hal_cortex.o [4]
__NVIC_GetPriorityGrouping
                         0x800'233f    0xc  Code  Lc  stm32h7xx_hal_cortex.o [4]
__NVIC_SetPriority       0x800'236d   0x2c  Code  Lc  stm32h7xx_hal_cortex.o [4]
__NVIC_SetPriorityGrouping
                         0x800'231d   0x22  Code  Lc  stm32h7xx_hal_cortex.o [4]
__aeabi_ldiv0            0x800'730d         Code  Gb  I64DivZer.o [7]
__aeabi_memcpy4          0x800'4ac9         Code  Gb  ABImemcpy.o [7]
__aeabi_memcpy8          0x800'4ac9         Code  Gb  ABImemcpy.o [7]
__aeabi_memset           0x800'3479         Code  Gb  ABImemset.o [7]
__aeabi_uldivmod         0x800'70b9         Code  Gb  I64DivMod.o [7]
__cmain                  0x800'7525         Code  Gb  cmain.o [7]
__exit                   0x800'7559   0x14  Code  Gb  exit.o [8]
__iar_Memset             0x800'3479         Code  Gb  ABImemset.o [7]
__iar_Memset_word        0x800'3481         Code  Gb  ABImemset.o [7]
__iar_copy_init3         0x800'34df   0x2a  Code  Gb  copy_init3.o [7]
__iar_data_init3         0x800'74b5   0x28  Code  Gb  data_init.o [7]
__iar_init_vfp           0x800'74dd         Code  Gb  fpinit_M.o [6]
__iar_program_start      0x800'756d         Code  Gb  cstartup_M.o [7]
__iar_zero_init3         0x800'7431   0x38  Code  Gb  zero_init3.o [7]
__low_level_init         0x800'7543    0x4  Code  Gb  low_level_init.o [5]
__vector_table           0x800'0000         Data  Gb  startup_stm32h7a3xxq.o [1]
_call_main               0x800'7531         Code  Gb  cmain.o [7]
_exit                    0x800'754d         Code  Gb  cexit.o [7]
a_encoder_rotate_sp_drive
                        0x2000'036c    0x4  Data  Gb  main.o [2]
a_encoder_tilt_sp_drive
                        0x2000'0374    0x4  Data  Gb  main.o [2]
a_encoder_x_sp_drive    0x2000'0360    0x4  Data  Gb  main.o [2]
a_encoder_z_sp_drive    0x2000'0358    0x4  Data  Gb  main.o [2]
b_encoder_rotate_sp_drive
                        0x2000'0370    0x4  Data  Gb  main.o [2]
b_encoder_tilt_sp_drive
                        0x2000'0368    0x4  Data  Gb  main.o [2]
b_encoder_x_sp_drive    0x2000'0364    0x4  Data  Gb  main.o [2]
b_encoder_z_sp_drive    0x2000'035c    0x4  Data  Gb  main.o [2]
exit                     0x800'7547    0x4  Code  Gb  exit.o [5]
hadc2                   0x2000'01b8   0x64  Data  Gb  main.o [2]
hspi2                   0x2000'0130   0x88  Data  Gb  main.o [2]
htim1                   0x2000'021c   0x4c  Data  Gb  main.o [2]
htim2                   0x2000'0268   0x4c  Data  Gb  main.o [2]
htim3                   0x2000'02b4   0x4c  Data  Gb  main.o [2]
htim4                   0x2000'0300   0x4c  Data  Gb  main.o [2]
huart1                  0x2000'0010   0x90  Data  Gb  main.o [2]
huart3                  0x2000'00a0   0x90  Data  Gb  main.o [2]
main                     0x800'28ab  0x2e8  Code  Gb  main.o [2]
memset                   0x800'72f7   0x14  Code  Gb  memset.o [7]
pool_rx                 0x2000'034c    0xc  Data  Gb  main.o [2]
pool_rx_idx             0x2000'0378    0x4  Data  Gb  main.o [2]
strcmp                   0x800'4a31         Code  Gb  strcmp.o [7]
uwTick                  0x2000'037c    0x4  Data  Gb  stm32h7xx_hal.o [4]
uwTickFreq              0x2000'000c    0x1  Data  Gb  stm32h7xx_hal.o [4]
uwTickPrio              0x2000'0000    0x4  Data  Gb  stm32h7xx_hal.o [4]


[1] = C:\Users\yael\source\repos\EcoMilk\STM32H7A3ZITxQ\EWARM\STM32H7A3ZITxQ\Obj\Application\EWARM
[2] = C:\Users\yael\source\repos\EcoMilk\STM32H7A3ZITxQ\EWARM\STM32H7A3ZITxQ\Obj\Application\User\Core
[3] = C:\Users\yael\source\repos\EcoMilk\STM32H7A3ZITxQ\EWARM\STM32H7A3ZITxQ\Obj\Drivers\CMSIS
[4] = C:\Users\yael\source\repos\EcoMilk\STM32H7A3ZITxQ\EWARM\STM32H7A3ZITxQ\Obj\Drivers\STM32H7xx_HAL_Driver
[5] = dl7M_tlf.a
[6] = m7M_tlv.a
[7] = rt7M_tl.a
[8] = shb_l.a

  30'590 bytes of readonly  code memory
     142 bytes of readonly  data memory
   1'917 bytes of readwrite data memory

Errors: none
Warnings: none
