###############################################################################
#
# IAR ELF Linker V9.10.1.308/W64 for ARM                  07/Nov/2021  15:15:36
# Copyright 2007-2021 IAR Systems AB.
#
#    Output file  =
#        C:\Users\yael\source\repos\EcoMilk\STM32H7A3ZITxQ\EWARM\STM32H7A3ZITxQ\Exe\STM32H7A3ZITxQ.out
#    Map file     =
#        C:\Users\yael\source\repos\EcoMilk\STM32H7A3ZITxQ\EWARM\STM32H7A3ZITxQ\List\STM32H7A3ZITxQ.map
#    Command line =
#        -f
#        C:\Users\yael\source\repos\EcoMilk\STM32H7A3ZITxQ\EWARM\STM32H7A3ZITxQ\Exe\STM32H7A3ZITxQ.out.rsp
#        (C:\Users\yael\source\repos\EcoMilk\STM32H7A3ZITxQ\EWARM\STM32H7A3ZITxQ\Obj\Application\User\Core\main.o
#        C:\Users\yael\source\repos\EcoMilk\STM32H7A3ZITxQ\EWARM\STM32H7A3ZITxQ\Obj\Application\EWARM\startup_stm32h7a3xxq.o
#        C:\Users\yael\source\repos\EcoMilk\STM32H7A3ZITxQ\EWARM\STM32H7A3ZITxQ\Obj\Drivers\STM32H7xx_HAL_Driver\stm32h7xx_hal.o
#        C:\Users\yael\source\repos\EcoMilk\STM32H7A3ZITxQ\EWARM\STM32H7A3ZITxQ\Obj\Drivers\STM32H7xx_HAL_Driver\stm32h7xx_hal_adc.o
#        C:\Users\yael\source\repos\EcoMilk\STM32H7A3ZITxQ\EWARM\STM32H7A3ZITxQ\Obj\Drivers\STM32H7xx_HAL_Driver\stm32h7xx_hal_adc_ex.o
#        C:\Users\yael\source\repos\EcoMilk\STM32H7A3ZITxQ\EWARM\STM32H7A3ZITxQ\Obj\Drivers\STM32H7xx_HAL_Driver\stm32h7xx_hal_cortex.o
#        C:\Users\yael\source\repos\EcoMilk\STM32H7A3ZITxQ\EWARM\STM32H7A3ZITxQ\Obj\Drivers\STM32H7xx_HAL_Driver\stm32h7xx_hal_dma.o
#        C:\Users\yael\source\repos\EcoMilk\STM32H7A3ZITxQ\EWARM\STM32H7A3ZITxQ\Obj\Drivers\STM32H7xx_HAL_Driver\stm32h7xx_hal_dma_ex.o
#        C:\Users\yael\source\repos\EcoMilk\STM32H7A3ZITxQ\EWARM\STM32H7A3ZITxQ\Obj\Drivers\STM32H7xx_HAL_Driver\stm32h7xx_hal_exti.o
#        C:\Users\yael\source\repos\EcoMilk\STM32H7A3ZITxQ\EWARM\STM32H7A3ZITxQ\Obj\Drivers\STM32H7xx_HAL_Driver\stm32h7xx_hal_flash.o
#        C:\Users\yael\source\repos\EcoMilk\STM32H7A3ZITxQ\EWARM\STM32H7A3ZITxQ\Obj\Drivers\STM32H7xx_HAL_Driver\stm32h7xx_hal_flash_ex.o
#        C:\Users\yael\source\repos\EcoMilk\STM32H7A3ZITxQ\EWARM\STM32H7A3ZITxQ\Obj\Drivers\STM32H7xx_HAL_Driver\stm32h7xx_hal_gpio.o
#        C:\Users\yael\source\repos\EcoMilk\STM32H7A3ZITxQ\EWARM\STM32H7A3ZITxQ\Obj\Drivers\STM32H7xx_HAL_Driver\stm32h7xx_hal_hsem.o
#        C:\Users\yael\source\repos\EcoMilk\STM32H7A3ZITxQ\EWARM\STM32H7A3ZITxQ\Obj\Drivers\STM32H7xx_HAL_Driver\stm32h7xx_hal_i2c.o
#        C:\Users\yael\source\repos\EcoMilk\STM32H7A3ZITxQ\EWARM\STM32H7A3ZITxQ\Obj\Drivers\STM32H7xx_HAL_Driver\stm32h7xx_hal_i2c_ex.o
#        C:\Users\yael\source\repos\EcoMilk\STM32H7A3ZITxQ\EWARM\STM32H7A3ZITxQ\Obj\Drivers\STM32H7xx_HAL_Driver\stm32h7xx_hal_mdma.o
#        C:\Users\yael\source\repos\EcoMilk\STM32H7A3ZITxQ\EWARM\STM32H7A3ZITxQ\Obj\Application\User\Core\stm32h7xx_hal_msp.o
#        C:\Users\yael\source\repos\EcoMilk\STM32H7A3ZITxQ\EWARM\STM32H7A3ZITxQ\Obj\Drivers\STM32H7xx_HAL_Driver\stm32h7xx_hal_pwr.o
#        C:\Users\yael\source\repos\EcoMilk\STM32H7A3ZITxQ\EWARM\STM32H7A3ZITxQ\Obj\Drivers\STM32H7xx_HAL_Driver\stm32h7xx_hal_pwr_ex.o
#        C:\Users\yael\source\repos\EcoMilk\STM32H7A3ZITxQ\EWARM\STM32H7A3ZITxQ\Obj\Drivers\STM32H7xx_HAL_Driver\stm32h7xx_hal_rcc.o
#        C:\Users\yael\source\repos\EcoMilk\STM32H7A3ZITxQ\EWARM\STM32H7A3ZITxQ\Obj\Drivers\STM32H7xx_HAL_Driver\stm32h7xx_hal_rcc_ex.o
#        C:\Users\yael\source\repos\EcoMilk\STM32H7A3ZITxQ\EWARM\STM32H7A3ZITxQ\Obj\Drivers\STM32H7xx_HAL_Driver\stm32h7xx_hal_spi.o
#        C:\Users\yael\source\repos\EcoMilk\STM32H7A3ZITxQ\EWARM\STM32H7A3ZITxQ\Obj\Drivers\STM32H7xx_HAL_Driver\stm32h7xx_hal_spi_ex.o
#        C:\Users\yael\source\repos\EcoMilk\STM32H7A3ZITxQ\EWARM\STM32H7A3ZITxQ\Obj\Drivers\STM32H7xx_HAL_Driver\stm32h7xx_hal_tim.o
#        C:\Users\yael\source\repos\EcoMilk\STM32H7A3ZITxQ\EWARM\STM32H7A3ZITxQ\Obj\Drivers\STM32H7xx_HAL_Driver\stm32h7xx_hal_tim_ex.o
#        C:\Users\yael\source\repos\EcoMilk\STM32H7A3ZITxQ\EWARM\STM32H7A3ZITxQ\Obj\Drivers\STM32H7xx_HAL_Driver\stm32h7xx_hal_uart.o
#        C:\Users\yael\source\repos\EcoMilk\STM32H7A3ZITxQ\EWARM\STM32H7A3ZITxQ\Obj\Drivers\STM32H7xx_HAL_Driver\stm32h7xx_hal_uart_ex.o
#        C:\Users\yael\source\repos\EcoMilk\STM32H7A3ZITxQ\EWARM\STM32H7A3ZITxQ\Obj\Application\User\Core\stm32h7xx_it.o
#        C:\Users\yael\source\repos\EcoMilk\STM32H7A3ZITxQ\EWARM\STM32H7A3ZITxQ\Obj\Drivers\CMSIS\system_stm32h7xx.o
#        --no_out_extension -o
#        C:\Users\yael\source\repos\EcoMilk\STM32H7A3ZITxQ\EWARM\STM32H7A3ZITxQ\Exe\STM32H7A3ZITxQ.out
#        --redirect _Printf=_PrintfFullNoMb --redirect _Scanf=_ScanfFullNoMb
#        --map
#        C:\Users\yael\source\repos\EcoMilk\STM32H7A3ZITxQ\EWARM\STM32H7A3ZITxQ\List\STM32H7A3ZITxQ.map
#        --config
#        C:\Users\yael\source\repos\EcoMilk\STM32H7A3ZITxQ\EWARM/stm32h7a3xxq_flash.icf
#        --semihosting --entry __iar_program_start --vfe --text_out locale)
#
###############################################################################

*******************************************************************************
*** RUNTIME MODEL ATTRIBUTES
***

CppFlavor       = *
__SystemLibrary = DLib
__dlib_version  = 6


*******************************************************************************
*** HEAP SELECTION
***

The basic heap was selected because no calls to memory allocation
functions were found in the application outside of system library
functions, and there are calls to deallocation functions in the
application.


*******************************************************************************
*** PLACEMENT SUMMARY
***

"A0":  place at address 0x800'0000 { ro section .intvec };
"P1":  place in [from 0x800'0000 to 0x81f'ffff] { ro };
define block CSTACK with size = 1K, alignment = 8 { };
define block HEAP with size = 512, alignment = 8 { };
"P2":  place in [from 0x2000'0000 to 0x2001'ffff] {
          rw, block CSTACK, block HEAP };
initialize by copy { rw };

  Section            Kind         Address    Size  Object
  -------            ----         -------    ----  ------
"A0":                                       0x2ac
  .intvec            ro code   0x800'0000   0x2ac  startup_stm32h7a3xxq.o [1]
                             - 0x800'02ac   0x2ac

"P1":                                      0x728c
  .text              ro code   0x800'02ac  0x1a18  stm32h7xx_hal_rcc_ex.o [4]
  .text              ro code   0x800'1cc4     0xc  stm32h7xx_hal.o [4]
  .text              ro code   0x800'1cd0   0x5f4  stm32h7xx_hal_rcc.o [4]
  .text              ro code   0x800'22c4    0x58  stm32h7xx_hal.o [4]
  .text              ro code   0x800'231c   0x158  stm32h7xx_hal_cortex.o [4]
  .text              ro code   0x800'2474  0x1020  main.o [2]
  .text              ro code   0x800'3494   0x29c  stm32h7xx_hal_gpio.o [4]
  .text              ro code   0x800'3730   0x57a  stm32h7xx_hal_spi.o [4]
  .text              ro code   0x800'3caa    0x2a  copy_init3.o [7]
  .text              ro code   0x800'3cd4    0x84  stm32h7xx_hal.o [4]
  .text              ro code   0x800'3d58   0xe74  stm32h7xx_hal_tim.o [4]
  .text              ro code   0x800'4bcc    0x66  ABImemset.o [7]
  .text              ro code   0x800'4c34    0x9c  stm32h7xx_hal_pwr_ex.o [4]
  .text              ro code   0x800'4cd0   0x704  stm32h7xx_hal_rcc.o [4]
  .text              ro code   0x800'53d4   0x8a4  stm32h7xx_hal_adc.o [4]
  .text              ro code   0x800'5c78   0x14c  stm32h7xx_hal_tim_ex.o [4]
  .text              ro code   0x800'5dc4   0x5d0  stm32h7xx_hal_msp.o [2]
  .text              ro code   0x800'6394   0x904  stm32h7xx_hal_uart.o [4]
  .text              ro code   0x800'6c98   0x16c  stm32h7xx_hal_uart_ex.o [4]
  .text              ro code   0x800'6e04     0x2  stm32h7xx_hal_tim.o [4]
  .text              ro code   0x800'6e06     0x2  stm32h7xx_hal_tim.o [4]
  .text              ro code   0x800'6e08     0x2  stm32h7xx_hal_tim.o [4]
  .text              ro code   0x800'6e0a     0x2  stm32h7xx_hal_tim_ex.o [4]
  .text              ro code   0x800'6e0c     0x2  stm32h7xx_hal_tim_ex.o [4]
  .text              ro code   0x800'6e0e     0x2  stm32h7xx_hal_tim.o [4]
  .text              ro code   0x800'6e10     0x2  stm32h7xx_hal_tim_ex.o [4]
  .text              ro code   0x800'6e12    0x14  memset.o [7]
  .text              ro code   0x800'6e28   0x230  I64DivMod.o [7]
  .text              ro code   0x800'7058     0x2  I64DivZer.o [7]
  .text              ro code   0x800'705c   0x120  system_stm32h7xx.o [3]
  .text              ro code   0x800'717c    0x38  zero_init3.o [7]
  .text              ro code   0x800'71b4    0x34  stm32h7xx_it.o [2]
  .text              ro code   0x800'71e8    0x18  stm32h7xx_hal.o [4]
  .text              ro code   0x800'7200    0x28  data_init.o [7]
  .text              ro code   0x800'7228    0x22  fpinit_M.o [6]
  .iar.init_table    const     0x800'724c    0x24  - Linker created -
  .text              ro code   0x800'7270    0x1e  cmain.o [7]
  .text              ro code   0x800'728e     0x4  low_level_init.o [5]
  .text              ro code   0x800'7292     0x4  exit.o [5]
  .text              ro code   0x800'7298     0xa  cexit.o [7]
  .text              ro code   0x800'72a4    0x14  exit.o [8]
  .text              ro code   0x800'72b8    0x1c  cstartup_M.o [7]
  .rodata            const     0x800'72d4    0x18  stm32h7xx_hal_uart.o [4]
  .rodata            const     0x800'72ec    0x10  system_stm32h7xx.o [3]
  .text              ro code   0x800'72fc    0x10  startup_stm32h7a3xxq.o [1]
  Initializer bytes  const     0x800'730c    0x10  <for P2-1>
  .rodata            const     0x800'731c     0x8  stm32h7xx_hal_uart_ex.o [4]
  .rodata            const     0x800'7324     0x8  stm32h7xx_hal_uart_ex.o [4]
  .text              ro code   0x800'732c     0x4  startup_stm32h7a3xxq.o [1]
  .text              ro code   0x800'7330     0x4  startup_stm32h7a3xxq.o [1]
  .text              ro code   0x800'7334     0x4  startup_stm32h7a3xxq.o [1]
  .text              ro code   0x800'7338     0x4  startup_stm32h7a3xxq.o [1]
  .text              ro code   0x800'733c     0x4  startup_stm32h7a3xxq.o [1]
  .text              ro code   0x800'7340     0x4  startup_stm32h7a3xxq.o [1]
  .text              ro code   0x800'7344     0x4  startup_stm32h7a3xxq.o [1]
  .text              ro code   0x800'7348     0x4  startup_stm32h7a3xxq.o [1]
  .text              ro code   0x800'734c     0x4  startup_stm32h7a3xxq.o [1]
  .text              ro code   0x800'7350     0x4  startup_stm32h7a3xxq.o [1]
  .text              ro code   0x800'7354     0x4  startup_stm32h7a3xxq.o [1]
  .text              ro code   0x800'7358     0x4  startup_stm32h7a3xxq.o [1]
  .text              ro code   0x800'735c     0x4  startup_stm32h7a3xxq.o [1]
  .text              ro code   0x800'7360     0x4  startup_stm32h7a3xxq.o [1]
  .text              ro code   0x800'7364     0x4  startup_stm32h7a3xxq.o [1]
  .text              ro code   0x800'7368     0x4  startup_stm32h7a3xxq.o [1]
  .text              ro code   0x800'736c     0x4  startup_stm32h7a3xxq.o [1]
  .text              ro code   0x800'7370     0x4  startup_stm32h7a3xxq.o [1]
  .text              ro code   0x800'7374     0x4  startup_stm32h7a3xxq.o [1]
  .text              ro code   0x800'7378     0x4  startup_stm32h7a3xxq.o [1]
  .text              ro code   0x800'737c     0x4  startup_stm32h7a3xxq.o [1]
  .text              ro code   0x800'7380     0x4  startup_stm32h7a3xxq.o [1]
  .text              ro code   0x800'7384     0x4  startup_stm32h7a3xxq.o [1]
  .text              ro code   0x800'7388     0x4  startup_stm32h7a3xxq.o [1]
  .text              ro code   0x800'738c     0x4  startup_stm32h7a3xxq.o [1]
  .text              ro code   0x800'7390     0x4  startup_stm32h7a3xxq.o [1]
  .text              ro code   0x800'7394     0x4  startup_stm32h7a3xxq.o [1]
  .text              ro code   0x800'7398     0x4  startup_stm32h7a3xxq.o [1]
  .text              ro code   0x800'739c     0x4  startup_stm32h7a3xxq.o [1]
  .text              ro code   0x800'73a0     0x4  startup_stm32h7a3xxq.o [1]
  .text              ro code   0x800'73a4     0x4  startup_stm32h7a3xxq.o [1]
  .text              ro code   0x800'73a8     0x4  startup_stm32h7a3xxq.o [1]
  .text              ro code   0x800'73ac     0x4  startup_stm32h7a3xxq.o [1]
  .text              ro code   0x800'73b0     0x4  startup_stm32h7a3xxq.o [1]
  .text              ro code   0x800'73b4     0x4  startup_stm32h7a3xxq.o [1]
  .text              ro code   0x800'73b8     0x4  startup_stm32h7a3xxq.o [1]
  .text              ro code   0x800'73bc     0x4  startup_stm32h7a3xxq.o [1]
  .text              ro code   0x800'73c0     0x4  startup_stm32h7a3xxq.o [1]
  .text              ro code   0x800'73c4     0x4  startup_stm32h7a3xxq.o [1]
  .text              ro code   0x800'73c8     0x4  startup_stm32h7a3xxq.o [1]
  .text              ro code   0x800'73cc     0x4  startup_stm32h7a3xxq.o [1]
  .text              ro code   0x800'73d0     0x4  startup_stm32h7a3xxq.o [1]
  .text              ro code   0x800'73d4     0x4  startup_stm32h7a3xxq.o [1]
  .text              ro code   0x800'73d8     0x4  startup_stm32h7a3xxq.o [1]
  .text              ro code   0x800'73dc     0x4  startup_stm32h7a3xxq.o [1]
  .text              ro code   0x800'73e0     0x4  startup_stm32h7a3xxq.o [1]
  .text              ro code   0x800'73e4     0x4  startup_stm32h7a3xxq.o [1]
  .text              ro code   0x800'73e8     0x4  startup_stm32h7a3xxq.o [1]
  .text              ro code   0x800'73ec     0x4  startup_stm32h7a3xxq.o [1]
  .text              ro code   0x800'73f0     0x4  startup_stm32h7a3xxq.o [1]
  .text              ro code   0x800'73f4     0x4  startup_stm32h7a3xxq.o [1]
  .text              ro code   0x800'73f8     0x4  startup_stm32h7a3xxq.o [1]
  .text              ro code   0x800'73fc     0x4  startup_stm32h7a3xxq.o [1]
  .text              ro code   0x800'7400     0x4  startup_stm32h7a3xxq.o [1]
  .text              ro code   0x800'7404     0x4  startup_stm32h7a3xxq.o [1]
  .text              ro code   0x800'7408     0x4  startup_stm32h7a3xxq.o [1]
  .text              ro code   0x800'740c     0x4  startup_stm32h7a3xxq.o [1]
  .text              ro code   0x800'7410     0x4  startup_stm32h7a3xxq.o [1]
  .text              ro code   0x800'7414     0x4  startup_stm32h7a3xxq.o [1]
  .text              ro code   0x800'7418     0x4  startup_stm32h7a3xxq.o [1]
  .text              ro code   0x800'741c     0x4  startup_stm32h7a3xxq.o [1]
  .text              ro code   0x800'7420     0x4  startup_stm32h7a3xxq.o [1]
  .text              ro code   0x800'7424     0x4  startup_stm32h7a3xxq.o [1]
  .text              ro code   0x800'7428     0x4  startup_stm32h7a3xxq.o [1]
  .text              ro code   0x800'742c     0x4  startup_stm32h7a3xxq.o [1]
  .text              ro code   0x800'7430     0x4  startup_stm32h7a3xxq.o [1]
  .text              ro code   0x800'7434     0x4  startup_stm32h7a3xxq.o [1]
  .text              ro code   0x800'7438     0x4  startup_stm32h7a3xxq.o [1]
  .text              ro code   0x800'743c     0x4  startup_stm32h7a3xxq.o [1]
  .text              ro code   0x800'7440     0x4  startup_stm32h7a3xxq.o [1]
  .text              ro code   0x800'7444     0x4  startup_stm32h7a3xxq.o [1]
  .text              ro code   0x800'7448     0x4  startup_stm32h7a3xxq.o [1]
  .text              ro code   0x800'744c     0x4  startup_stm32h7a3xxq.o [1]
  .text              ro code   0x800'7450     0x4  startup_stm32h7a3xxq.o [1]
  .text              ro code   0x800'7454     0x4  startup_stm32h7a3xxq.o [1]
  .text              ro code   0x800'7458     0x4  startup_stm32h7a3xxq.o [1]
  .text              ro code   0x800'745c     0x4  startup_stm32h7a3xxq.o [1]
  .text              ro code   0x800'7460     0x4  startup_stm32h7a3xxq.o [1]
  .text              ro code   0x800'7464     0x4  startup_stm32h7a3xxq.o [1]
  .text              ro code   0x800'7468     0x4  startup_stm32h7a3xxq.o [1]
  .text              ro code   0x800'746c     0x4  startup_stm32h7a3xxq.o [1]
  .text              ro code   0x800'7470     0x4  startup_stm32h7a3xxq.o [1]
  .text              ro code   0x800'7474     0x4  startup_stm32h7a3xxq.o [1]
  .text              ro code   0x800'7478     0x4  startup_stm32h7a3xxq.o [1]
  .text              ro code   0x800'747c     0x4  startup_stm32h7a3xxq.o [1]
  .text              ro code   0x800'7480     0x4  startup_stm32h7a3xxq.o [1]
  .text              ro code   0x800'7484     0x4  startup_stm32h7a3xxq.o [1]
  .text              ro code   0x800'7488     0x4  startup_stm32h7a3xxq.o [1]
  .text              ro code   0x800'748c     0x4  startup_stm32h7a3xxq.o [1]
  .text              ro code   0x800'7490     0x4  startup_stm32h7a3xxq.o [1]
  .text              ro code   0x800'7494     0x4  startup_stm32h7a3xxq.o [1]
  .text              ro code   0x800'7498     0x4  startup_stm32h7a3xxq.o [1]
  .text              ro code   0x800'749c     0x4  startup_stm32h7a3xxq.o [1]
  .text              ro code   0x800'74a0     0x4  startup_stm32h7a3xxq.o [1]
  .text              ro code   0x800'74a4     0x4  startup_stm32h7a3xxq.o [1]
  .text              ro code   0x800'74a8     0x4  startup_stm32h7a3xxq.o [1]
  .text              ro code   0x800'74ac     0x4  startup_stm32h7a3xxq.o [1]
  .text              ro code   0x800'74b0     0x4  startup_stm32h7a3xxq.o [1]
  .text              ro code   0x800'74b4     0x4  startup_stm32h7a3xxq.o [1]
  .text              ro code   0x800'74b8     0x4  startup_stm32h7a3xxq.o [1]
  .text              ro code   0x800'74bc     0x4  startup_stm32h7a3xxq.o [1]
  .text              ro code   0x800'74c0     0x4  startup_stm32h7a3xxq.o [1]
  .text              ro code   0x800'74c4     0x4  startup_stm32h7a3xxq.o [1]
  .text              ro code   0x800'74c8     0x4  startup_stm32h7a3xxq.o [1]
  .text              ro code   0x800'74cc     0x4  startup_stm32h7a3xxq.o [1]
  .text              ro code   0x800'74d0     0x4  startup_stm32h7a3xxq.o [1]
  .text              ro code   0x800'74d4     0x4  startup_stm32h7a3xxq.o [1]
  .text              ro code   0x800'74d8     0x4  startup_stm32h7a3xxq.o [1]
  .text              ro code   0x800'74dc     0x4  startup_stm32h7a3xxq.o [1]
  .text              ro code   0x800'74e0     0x4  startup_stm32h7a3xxq.o [1]
  .text              ro code   0x800'74e4     0x4  startup_stm32h7a3xxq.o [1]
  .text              ro code   0x800'74e8     0x4  startup_stm32h7a3xxq.o [1]
  .text              ro code   0x800'74ec     0x4  startup_stm32h7a3xxq.o [1]
  .text              ro code   0x800'74f0     0x4  startup_stm32h7a3xxq.o [1]
  .text              ro code   0x800'74f4     0x4  startup_stm32h7a3xxq.o [1]
  .text              ro code   0x800'74f8     0x4  startup_stm32h7a3xxq.o [1]
  .text              ro code   0x800'74fc     0x4  startup_stm32h7a3xxq.o [1]
  .text              ro code   0x800'7500     0x4  startup_stm32h7a3xxq.o [1]
  .text              ro code   0x800'7504     0x4  startup_stm32h7a3xxq.o [1]
  .text              ro code   0x800'7508     0x4  startup_stm32h7a3xxq.o [1]
  .text              ro code   0x800'750c     0x4  startup_stm32h7a3xxq.o [1]
  .text              ro code   0x800'7510     0x4  startup_stm32h7a3xxq.o [1]
  .text              ro code   0x800'7514     0x4  startup_stm32h7a3xxq.o [1]
  .text              ro code   0x800'7518     0x4  startup_stm32h7a3xxq.o [1]
  .text              ro code   0x800'751c     0x4  startup_stm32h7a3xxq.o [1]
  .text              ro code   0x800'7520     0x4  startup_stm32h7a3xxq.o [1]
  .text              ro code   0x800'7524     0x4  startup_stm32h7a3xxq.o [1]
  .text              ro code   0x800'7528     0x4  startup_stm32h7a3xxq.o [1]
  .text              ro code   0x800'752c     0x4  startup_stm32h7a3xxq.o [1]
  .text              ro code   0x800'7530     0x4  startup_stm32h7a3xxq.o [1]
  .text              ro code   0x800'7534     0x4  startup_stm32h7a3xxq.o [1]
  .rodata            const     0x800'7538     0x0  zero_init3.o [7]
  .rodata            const     0x800'7538     0x0  copy_init3.o [7]
                             - 0x800'7538  0x728c

"P2", part 1 of 3:                           0x10
  P2-1                        0x2000'0000     0xd  <Init block>
    .data            inited   0x2000'0000     0x4  stm32h7xx_hal.o [4]
    .data            inited   0x2000'0004     0x4  system_stm32h7xx.o [3]
    .data            inited   0x2000'0008     0x4  system_stm32h7xx.o [3]
    .data            inited   0x2000'000c     0x1  stm32h7xx_hal.o [4]
                            - 0x2000'000d     0xd

"P2", part 2 of 3:                          0x3ac
  .bss               zero     0x2000'0010    0x90  main.o [2]
  .bss               zero     0x2000'00a0    0x90  main.o [2]
  .bss               zero     0x2000'0130    0x88  main.o [2]
  .bss               zero     0x2000'01b8    0x64  main.o [2]
  .bss               zero     0x2000'021c    0x4c  main.o [2]
  .bss               zero     0x2000'0268    0x4c  main.o [2]
  .bss               zero     0x2000'02b4    0x4c  main.o [2]
  .bss               zero     0x2000'0300    0x4c  main.o [2]
  .bss               zero     0x2000'034c    0x4c  main.o [2]
  .bss               zero     0x2000'0398     0x4  main.o [2]
  .bss               zero     0x2000'039c     0x4  main.o [2]
  .bss               zero     0x2000'03a0     0x4  main.o [2]
  .bss               zero     0x2000'03a4     0x4  main.o [2]
  .bss               zero     0x2000'03a8     0x4  main.o [2]
  .bss               zero     0x2000'03ac     0x4  main.o [2]
  .bss               zero     0x2000'03b0     0x4  main.o [2]
  .bss               zero     0x2000'03b4     0x4  main.o [2]
  .bss               zero     0x2000'03b8     0x4  stm32h7xx_hal.o [4]
                            - 0x2000'03bc   0x3ac

"P2", part 3 of 3:                          0x400
  CSTACK                      0x2000'03c0   0x400  <Block>
    CSTACK           uninit   0x2000'03c0   0x400  <Block tail>
                            - 0x2000'07c0   0x400

Unused ranges:

         From           To       Size
         ----           --       ----
   0x800'7538   0x81f'ffff  0x1f'8ac8
  0x2000'03bc  0x2000'03bf        0x4
  0x2000'07c0  0x2001'ffff   0x1'f840


*******************************************************************************
*** INIT TABLE
***

          Address      Size
          -------      ----
Zero (__iar_zero_init3)
    1 destination range, total size 0x3ac:
          0x2000'0010  0x3ac

Copy (__iar_copy_init3)
    1 source range, total size 0x10 (123% of destination):
           0x800'730c   0x10
    1 destination range, total size 0xd:
          0x2000'0000    0xd



*******************************************************************************
*** MODULE SUMMARY
***

    Module                   ro code  ro data  rw data
    ------                   -------  -------  -------
command line/config:
    --------------------------------------------------
    Total:

C:\Users\yael\source\repos\EcoMilk\STM32H7A3ZITxQ\EWARM\STM32H7A3ZITxQ\Obj\Application\EWARM: [1]
    startup_stm32h7a3xxq.o     1'224
    --------------------------------------------------
    Total:                     1'224

C:\Users\yael\source\repos\EcoMilk\STM32H7A3ZITxQ\EWARM\STM32H7A3ZITxQ\Obj\Application\User\Core: [2]
    main.o                     4'128               936
    stm32h7xx_hal_msp.o        1'488
    stm32h7xx_it.o                52
    --------------------------------------------------
    Total:                     5'668               936

C:\Users\yael\source\repos\EcoMilk\STM32H7A3ZITxQ\EWARM\STM32H7A3ZITxQ\Obj\Drivers\CMSIS: [3]
    system_stm32h7xx.o           288       24        8
    --------------------------------------------------
    Total:                       288       24        8

C:\Users\yael\source\repos\EcoMilk\STM32H7A3ZITxQ\EWARM\STM32H7A3ZITxQ\Obj\Drivers\STM32H7xx_HAL_Driver: [4]
    stm32h7xx_hal.o              256        5        9
    stm32h7xx_hal_adc.o        2'212
    stm32h7xx_hal_cortex.o       344
    stm32h7xx_hal_gpio.o         668
    stm32h7xx_hal_pwr_ex.o       156
    stm32h7xx_hal_rcc.o        3'320
    stm32h7xx_hal_rcc_ex.o     6'680
    stm32h7xx_hal_spi.o        1'402
    stm32h7xx_hal_tim.o        3'708
    stm32h7xx_hal_tim_ex.o       338
    stm32h7xx_hal_uart.o       2'308       24
    stm32h7xx_hal_uart_ex.o      364       16
    --------------------------------------------------
    Total:                    21'756       45        9

dl7M_tlf.a: [5]
    exit.o                         4
    low_level_init.o               4
    --------------------------------------------------
    Total:                         8

m7M_tlv.a: [6]
    fpinit_M.o                    34
    --------------------------------------------------
    Total:                        34

rt7M_tl.a: [7]
    ABImemset.o                  102
    I64DivMod.o                  560
    I64DivZer.o                    2
    cexit.o                       10
    cmain.o                       30
    copy_init3.o                  42
    cstartup_M.o                  28
    data_init.o                   40
    memset.o                      20
    zero_init3.o                  56
    --------------------------------------------------
    Total:                       890

shb_l.a: [8]
    exit.o                        20
    --------------------------------------------------
    Total:                        20

    Gaps                          10        2
    Linker created                         39    1'024
------------------------------------------------------
    Grand Total:              29'898      110    1'977


*******************************************************************************
*** ENTRY LIST
***

Entry                       Address   Size  Type      Object
-----                       -------   ----  ----      ------
.iar.init_table$$Base    0x800'724c          --   Gb  - Linker created -
.iar.init_table$$Limit   0x800'7270          --   Gb  - Linker created -
?main                    0x800'7271         Code  Gb  cmain.o [7]
ADC_ConfigureBoostMode   0x800'5b51   0xfa  Code  Gb  stm32h7xx_hal_adc.o [4]
BusFault_Handler         0x800'71bb    0x2  Code  Gb  stm32h7xx_it.o [2]
CSTACK$$Base            0x2000'03c0          --   Gb  - Linker created -
CSTACK$$Limit           0x2000'07c0          --   Gb  - Linker created -
Cmd_Actuator_Backward    0x800'2537   0x28  Code  Lc  main.o [2]
Cmd_Actuator_Forward     0x800'255f   0x28  Code  Lc  main.o [2]
Cmd_Actuator_Y_Backward
                         0x800'2677   0x28  Code  Lc  main.o [2]
Cmd_Actuator_Y_Forward   0x800'269f   0x28  Code  Lc  main.o [2]
Cmd_Motor_Z_Down         0x800'2627   0x28  Code  Lc  main.o [2]
Cmd_Motor_Z_Up           0x800'264f   0x28  Code  Lc  main.o [2]
Cmd_Rotate_Z_CCW         0x800'25af   0x28  Code  Lc  main.o [2]
Cmd_Rotate_Z_CW          0x800'2587   0x28  Code  Lc  main.o [2]
Cmd_SPI_Tx_16            0x800'2717   0x3a  Code  Lc  main.o [2]
Cmd_Tilt_CCW             0x800'25d7   0x28  Code  Lc  main.o [2]
Cmd_Tilt_CW              0x800'25ff   0x28  Code  Lc  main.o [2]
Cmd_X_Backward           0x800'26c7   0x28  Code  Lc  main.o [2]
Cmd_X_Forward            0x800'26ef   0x28  Code  Lc  main.o [2]
D1CorePrescTable         0x800'72ec   0x10  Data  Gb  system_stm32h7xx.o [3]
DebugMon_Handler         0x800'71c1    0x2  Code  Gb  stm32h7xx_it.o [2]
Error_Handler            0x800'3491    0x4  Code  Gb  main.o [2]
HAL_ADC_ConfigChannel    0x800'5749  0x400  Code  Gb  stm32h7xx_hal_adc.o [4]
HAL_ADC_Init             0x800'5517  0x206  Code  Gb  stm32h7xx_hal_adc.o [4]
HAL_ADC_MspInit          0x800'5de9   0xca  Code  Gb  stm32h7xx_hal_msp.o [2]
HAL_GPIO_Init            0x800'3495  0x232  Code  Gb  stm32h7xx_hal_gpio.o [4]
HAL_GPIO_ReadPin         0x800'36c7   0x16  Code  Gb  stm32h7xx_hal_gpio.o [4]
HAL_GPIO_WritePin        0x800'36dd   0x1a  Code  Gb  stm32h7xx_hal_gpio.o [4]
HAL_GetTick              0x800'1cc5    0xc  Code  Gb  stm32h7xx_hal.o [4]
HAL_IncTick              0x800'71e9   0x18  Code  Gb  stm32h7xx_hal.o [4]
HAL_Init                 0x800'3cd5   0x5e  Code  Gb  stm32h7xx_hal.o [4]
HAL_InitTick             0x800'22c5   0x58  Code  Gb  stm32h7xx_hal.o [4]
HAL_MspInit              0x800'5dc5   0x24  Code  Gb  stm32h7xx_hal_msp.o [2]
HAL_NVIC_EnableIRQ       0x800'243b    0xe  Code  Gb  stm32h7xx_hal_cortex.o [4]
HAL_NVIC_SetPriority     0x800'2417   0x24  Code  Gb  stm32h7xx_hal_cortex.o [4]
HAL_NVIC_SetPriorityGrouping
                         0x800'240b    0xc  Code  Gb  stm32h7xx_hal_cortex.o [4]
HAL_PWREx_ConfigSupply   0x800'4c35   0x92  Code  Gb  stm32h7xx_hal_pwr_ex.o [4]
HAL_RCCEx_GetD3PCLK1Freq
                         0x800'133b   0x1e  Code  Gb  stm32h7xx_hal_rcc_ex.o [4]
HAL_RCCEx_GetPLL1ClockFreq
                         0x800'17e5  0x228  Code  Gb  stm32h7xx_hal_rcc_ex.o [4]
HAL_RCCEx_GetPLL2ClockFreq
                         0x800'135d  0x226  Code  Gb  stm32h7xx_hal_rcc_ex.o [4]
HAL_RCCEx_GetPLL3ClockFreq
                         0x800'159d  0x22c  Code  Gb  stm32h7xx_hal_rcc_ex.o [4]
HAL_RCCEx_GetPeriphCLKFreq
                         0x800'0d85  0x5b6  Code  Gb  stm32h7xx_hal_rcc_ex.o [4]
HAL_RCCEx_PeriphCLKConfig
                         0x800'02ad  0xab4  Code  Gb  stm32h7xx_hal_rcc_ex.o [4]
HAL_RCC_ClockConfig      0x800'1cd1  0x306  Code  Gb  stm32h7xx_hal_rcc.o [4]
HAL_RCC_GetHCLKFreq      0x800'21ff   0x3c  Code  Gb  stm32h7xx_hal_rcc.o [4]
HAL_RCC_GetPCLK1Freq     0x800'223b   0x1a  Code  Gb  stm32h7xx_hal_rcc.o [4]
HAL_RCC_GetPCLK2Freq     0x800'2255   0x1a  Code  Gb  stm32h7xx_hal_rcc.o [4]
HAL_RCC_GetSysClockFreq
                         0x800'1fd9  0x226  Code  Gb  stm32h7xx_hal_rcc.o [4]
HAL_RCC_OscConfig        0x800'4cd1  0x704  Code  Gb  stm32h7xx_hal_rcc.o [4]
HAL_SPI_Init             0x800'3731  0x182  Code  Gb  stm32h7xx_hal_spi.o [4]
HAL_SPI_MspInit          0x800'5eb3   0xd8  Code  Gb  stm32h7xx_hal_msp.o [2]
HAL_SPI_Transmit         0x800'38b3  0x2bc  Code  Gb  stm32h7xx_hal_spi.o [4]
HAL_SYSCFG_AnalogSwitchConfig
                         0x800'3d33   0x12  Code  Gb  stm32h7xx_hal.o [4]
HAL_SYSTICK_Config       0x800'2449    0xc  Code  Gb  stm32h7xx_hal_cortex.o [4]
HAL_TIMEx_Break2Callback
                         0x800'6e0d    0x2  Code  Gb  stm32h7xx_hal_tim_ex.o [4]
HAL_TIMEx_BreakCallback
                         0x800'6e0b    0x2  Code  Gb  stm32h7xx_hal_tim_ex.o [4]
HAL_TIMEx_CommutCallback
                         0x800'6e11    0x2  Code  Gb  stm32h7xx_hal_tim_ex.o [4]
HAL_TIMEx_ConfigBreakDeadTime
                         0x800'5d17   0x94  Code  Gb  stm32h7xx_hal_tim_ex.o [4]
HAL_TIMEx_MasterConfigSynchronization
                         0x800'5c79   0x9e  Code  Gb  stm32h7xx_hal_tim_ex.o [4]
HAL_TIM_Base_Init        0x800'3d59   0x7a  Code  Gb  stm32h7xx_hal_tim.o [4]
HAL_TIM_Base_MspInit     0x800'6169   0x26  Code  Gb  stm32h7xx_hal_msp.o [2]
HAL_TIM_Base_Start       0x800'3dd3   0x8c  Code  Gb  stm32h7xx_hal_tim.o [4]
HAL_TIM_Base_Stop        0x800'3e5f   0x30  Code  Gb  stm32h7xx_hal_tim.o [4]
HAL_TIM_IC_CaptureCallback
                         0x800'2475   0xc2  Code  Gb  main.o [2]
HAL_TIM_IC_ConfigChannel
                         0x800'449d   0xca  Code  Gb  stm32h7xx_hal_tim.o [4]
HAL_TIM_IC_Init          0x800'40a9   0x7a  Code  Gb  stm32h7xx_hal_tim.o [4]
HAL_TIM_IC_MspInit       0x800'602d  0x13c  Code  Gb  stm32h7xx_hal_msp.o [2]
HAL_TIM_IC_Start_IT      0x800'4129  0x1c4  Code  Gb  stm32h7xx_hal_tim.o [4]
HAL_TIM_IRQHandler       0x800'4309  0x194  Code  Gb  stm32h7xx_hal_tim.o [4]
HAL_TIM_MspPostInit      0x800'618f   0x90  Code  Gb  stm32h7xx_hal_msp.o [2]
HAL_TIM_OC_DelayElapsedCallback
                         0x800'6e05    0x2  Code  Gb  stm32h7xx_hal_tim.o [4]
HAL_TIM_PWM_ConfigChannel
                         0x800'4567  0x15a  Code  Gb  stm32h7xx_hal_tim.o [4]
HAL_TIM_PWM_Init         0x800'3ead   0x7a  Code  Gb  stm32h7xx_hal_tim.o [4]
HAL_TIM_PWM_MspInit      0x800'5f8b   0xa2  Code  Gb  stm32h7xx_hal_msp.o [2]
HAL_TIM_PWM_PulseFinishedCallback
                         0x800'6e07    0x2  Code  Gb  stm32h7xx_hal_tim.o [4]
HAL_TIM_PWM_Start        0x800'3f27  0x15e  Code  Gb  stm32h7xx_hal_tim.o [4]
HAL_TIM_PeriodElapsedCallback
                         0x800'6e09    0x2  Code  Gb  stm32h7xx_hal_tim.o [4]
HAL_TIM_TriggerCallback
                         0x800'6e0f    0x2  Code  Gb  stm32h7xx_hal_tim.o [4]
HAL_UARTEx_DisableFifoMode
                         0x800'6c99   0x46  Code  Gb  stm32h7xx_hal_uart_ex.o [4]
HAL_UARTEx_SetRxFifoThreshold
                         0x800'6d35   0x56  Code  Gb  stm32h7xx_hal_uart_ex.o [4]
HAL_UARTEx_SetTxFifoThreshold
                         0x800'6cdf   0x56  Code  Gb  stm32h7xx_hal_uart_ex.o [4]
HAL_UART_Init            0x800'6395   0x7e  Code  Gb  stm32h7xx_hal_uart.o [4]
HAL_UART_MspInit         0x800'621f  0x12e  Code  Gb  stm32h7xx_hal_msp.o [2]
HardFault_Handler        0x800'71b7    0x2  Code  Gb  stm32h7xx_it.o [2]
LL_ADC_DisableDeepPowerDown
                         0x800'54cb    0xc  Code  Lc  stm32h7xx_hal_adc.o [4]
LL_ADC_EnableInternalRegulator
                         0x800'54e1   0x10  Code  Lc  stm32h7xx_hal_adc.o [4]
LL_ADC_GetCommonPathInternalCh
                         0x800'53ed    0x8  Code  Lc  stm32h7xx_hal_adc.o [4]
LL_ADC_INJ_IsConversionOngoing
                         0x800'550d    0xa  Code  Lc  stm32h7xx_hal_adc.o [4]
LL_ADC_IsDeepPowerDownEnabled
                         0x800'54d7    0xa  Code  Lc  stm32h7xx_hal_adc.o [4]
LL_ADC_IsEnabled         0x800'54fb    0x8  Code  Lc  stm32h7xx_hal_adc.o [4]
LL_ADC_IsInternalRegulatorEnabled
                         0x800'54f1    0xa  Code  Lc  stm32h7xx_hal_adc.o [4]
LL_ADC_REG_IsConversionOngoing
                         0x800'5503    0xa  Code  Lc  stm32h7xx_hal_adc.o [4]
LL_ADC_REG_SetSequencerRanks
                         0x800'5443   0x2e  Code  Lc  stm32h7xx_hal_adc.o [4]
LL_ADC_SetChannelSamplingTime
                         0x800'5471   0x34  Code  Lc  stm32h7xx_hal_adc.o [4]
LL_ADC_SetChannelSingleDiff
                         0x800'54a5   0x26  Code  Lc  stm32h7xx_hal_adc.o [4]
LL_ADC_SetCommonClock    0x800'53d5    0xc  Code  Lc  stm32h7xx_hal_adc.o [4]
LL_ADC_SetCommonPathInternalCh
                         0x800'53e1    0xc  Code  Lc  stm32h7xx_hal_adc.o [4]
LL_ADC_SetDataRightShift
                         0x800'5413   0x18  Code  Lc  stm32h7xx_hal_adc.o [4]
LL_ADC_SetOffset         0x800'53f5   0x1e  Code  Lc  stm32h7xx_hal_adc.o [4]
LL_ADC_SetOffsetSignedSaturation
                         0x800'542b   0x18  Code  Lc  stm32h7xx_hal_adc.o [4]
MX_ADC2_Init             0x800'2c3d   0xd2  Code  Lc  main.o [2]
MX_GPIO_Init             0x800'32d5  0x164  Code  Lc  main.o [2]
MX_SPI2_Init             0x800'2d0f   0xce  Code  Lc  main.o [2]
MX_TIM1_Init             0x800'2ddd  0x10a  Code  Lc  main.o [2]
MX_TIM2_Init             0x800'2ee7   0xac  Code  Lc  main.o [2]
MX_TIM3_Init             0x800'2f93   0xdc  Code  Lc  main.o [2]
MX_TIM4_Init             0x800'306f   0xd8  Code  Lc  main.o [2]
MX_TIM6_Init             0x800'3159   0x56  Code  Lc  main.o [2]
MX_USART1_UART_Init      0x800'31c5   0x84  Code  Lc  main.o [2]
MX_USART3_UART_Init      0x800'324d   0x84  Code  Lc  main.o [2]
MemManage_Handler        0x800'71b9    0x2  Code  Gb  stm32h7xx_it.o [2]
NMI_Handler              0x800'71b5    0x2  Code  Gb  stm32h7xx_it.o [2]
NVIC_EncodePriority      0x800'2399   0x42  Code  Lc  stm32h7xx_hal_cortex.o [4]
PendSV_Handler           0x800'71c3    0x2  Code  Gb  stm32h7xx_it.o [2]
RCCEx_PLL2_Config        0x800'1a31  0x130  Code  Lc  stm32h7xx_hal_rcc_ex.o [4]
RCCEx_PLL3_Config        0x800'1b69  0x130  Code  Lc  stm32h7xx_hal_rcc_ex.o [4]
Region$$Table$$Base      0x800'724c          --   Gb  - Linker created -
Region$$Table$$Limit     0x800'7270          --   Gb  - Linker created -
SPI_CloseTransfer        0x800'3b7d   0xce  Code  Lc  stm32h7xx_hal_spi.o [4]
SPI_GetPacketSize        0x800'3c95   0x16  Code  Lc  stm32h7xx_hal_spi.o [4]
SPI_WaitOnFlagUntilTimeout
                         0x800'3c51   0x44  Code  Lc  stm32h7xx_hal_spi.o [4]
SVC_Handler              0x800'71bf    0x2  Code  Gb  stm32h7xx_it.o [2]
SysTick_Config           0x800'23db   0x30  Code  Lc  stm32h7xx_hal_cortex.o [4]
SysTick_Handler          0x800'71c5    0x8  Code  Gb  stm32h7xx_it.o [2]
SystemClock_Config       0x800'2b67   0xd6  Code  Gb  main.o [2]
SystemCoreClock         0x2000'0004    0x4  Data  Gb  system_stm32h7xx.o [3]
SystemD2Clock           0x2000'0008    0x4  Data  Gb  system_stm32h7xx.o [3]
SystemInit               0x800'705d   0xc8  Code  Gb  system_stm32h7xx.o [3]
TIM3_IRQHandler          0x800'71cd    0xa  Code  Gb  stm32h7xx_it.o [2]
TIM4_IRQHandler          0x800'71d7    0xa  Code  Gb  stm32h7xx_it.o [2]
TIM_Base_SetConfig       0x800'46c1   0xca  Code  Gb  stm32h7xx_hal_tim.o [4]
TIM_CCxChannelCmd        0x800'4ba9   0x24  Code  Gb  stm32h7xx_hal_tim.o [4]
TIM_OC1_SetConfig        0x800'478b   0xa0  Code  Lc  stm32h7xx_hal_tim.o [4]
TIM_OC2_SetConfig        0x800'482b   0x92  Code  Gb  stm32h7xx_hal_tim.o [4]
TIM_OC3_SetConfig        0x800'48bf   0x8e  Code  Lc  stm32h7xx_hal_tim.o [4]
TIM_OC4_SetConfig        0x800'494d   0x68  Code  Lc  stm32h7xx_hal_tim.o [4]
TIM_OC5_SetConfig        0x800'49b5   0x58  Code  Lc  stm32h7xx_hal_tim.o [4]
TIM_OC6_SetConfig        0x800'4a0d   0x5a  Code  Lc  stm32h7xx_hal_tim.o [4]
TIM_TI1_SetConfig        0x800'4a67   0x74  Code  Gb  stm32h7xx_hal_tim.o [4]
TIM_TI2_SetConfig        0x800'4adb   0x36  Code  Lc  stm32h7xx_hal_tim.o [4]
TIM_TI3_SetConfig        0x800'4b11   0x34  Code  Lc  stm32h7xx_hal_tim.o [4]
TIM_TI4_SetConfig        0x800'4b45   0x36  Code  Lc  stm32h7xx_hal_tim.o [4]
UARTEx_SetNbDataToProcess
                         0x800'6d8b   0x72  Code  Lc  stm32h7xx_hal_uart_ex.o [4]
UARTEx_SetNbDataToProcess::denominator
                         0x800'7324    0x8  Data  Lc  stm32h7xx_hal_uart_ex.o [4]
UARTEx_SetNbDataToProcess::numerator
                         0x800'731c    0x8  Data  Lc  stm32h7xx_hal_uart_ex.o [4]
UARTPrescTable           0x800'72d4   0x18  Data  Gb  stm32h7xx_hal_uart.o [4]
UART_AdvFeatureConfig    0x800'6a47   0xda  Code  Gb  stm32h7xx_hal_uart.o [4]
UART_CheckIdleState      0x800'6b21   0x72  Code  Gb  stm32h7xx_hal_uart.o [4]
UART_SetConfig           0x800'6413  0x632  Code  Gb  stm32h7xx_hal_uart.o [4]
UART_WaitOnFlagUntilTimeout
                         0x800'6b93   0xba  Code  Gb  stm32h7xx_hal_uart.o [4]
UsageFault_Handler       0x800'71bd    0x2  Code  Gb  stm32h7xx_it.o [2]
__NVIC_EnableIRQ         0x800'234d   0x20  Code  Lc  stm32h7xx_hal_cortex.o [4]
__NVIC_GetPriorityGrouping
                         0x800'233f    0xc  Code  Lc  stm32h7xx_hal_cortex.o [4]
__NVIC_SetPriority       0x800'236d   0x2c  Code  Lc  stm32h7xx_hal_cortex.o [4]
__NVIC_SetPriorityGrouping
                         0x800'231d   0x22  Code  Lc  stm32h7xx_hal_cortex.o [4]
__aeabi_ldiv0            0x800'7059         Code  Gb  I64DivZer.o [7]
__aeabi_memset           0x800'4bcd         Code  Gb  ABImemset.o [7]
__aeabi_uldivmod         0x800'6e29         Code  Gb  I64DivMod.o [7]
__cmain                  0x800'7271         Code  Gb  cmain.o [7]
__exit                   0x800'72a5   0x14  Code  Gb  exit.o [8]
__iar_Memset             0x800'4bcd         Code  Gb  ABImemset.o [7]
__iar_Memset_word        0x800'4bd5         Code  Gb  ABImemset.o [7]
__iar_copy_init3         0x800'3cab   0x2a  Code  Gb  copy_init3.o [7]
__iar_data_init3         0x800'7201   0x28  Code  Gb  data_init.o [7]
__iar_init_vfp           0x800'7229         Code  Gb  fpinit_M.o [6]
__iar_program_start      0x800'72b9         Code  Gb  cstartup_M.o [7]
__iar_zero_init3         0x800'717d   0x38  Code  Gb  zero_init3.o [7]
__low_level_init         0x800'728f    0x4  Code  Gb  low_level_init.o [5]
__vector_table           0x800'0000         Data  Gb  startup_stm32h7a3xxq.o [1]
_call_main               0x800'727d         Code  Gb  cmain.o [7]
_exit                    0x800'7299         Code  Gb  cexit.o [7]
a_encoder_rotate_sp_drive
                        0x2000'03ac    0x4  Data  Gb  main.o [2]
a_encoder_tilt_sp_drive
                        0x2000'03b4    0x4  Data  Gb  main.o [2]
a_encoder_x_sp_drive    0x2000'03a0    0x4  Data  Gb  main.o [2]
a_encoder_z_sp_drive    0x2000'0398    0x4  Data  Gb  main.o [2]
b_encoder_rotate_sp_drive
                        0x2000'03b0    0x4  Data  Gb  main.o [2]
b_encoder_tilt_sp_drive
                        0x2000'03a8    0x4  Data  Gb  main.o [2]
b_encoder_x_sp_drive    0x2000'03a4    0x4  Data  Gb  main.o [2]
b_encoder_z_sp_drive    0x2000'039c    0x4  Data  Gb  main.o [2]
exit                     0x800'7293    0x4  Code  Gb  exit.o [5]
hadc2                   0x2000'01b8   0x64  Data  Gb  main.o [2]
hspi2                   0x2000'0130   0x88  Data  Gb  main.o [2]
htim1                   0x2000'021c   0x4c  Data  Gb  main.o [2]
htim2                   0x2000'0268   0x4c  Data  Gb  main.o [2]
htim3                   0x2000'02b4   0x4c  Data  Gb  main.o [2]
htim4                   0x2000'0300   0x4c  Data  Gb  main.o [2]
htim6                   0x2000'034c   0x4c  Data  Gb  main.o [2]
huart1                  0x2000'0010   0x90  Data  Gb  main.o [2]
huart3                  0x2000'00a0   0x90  Data  Gb  main.o [2]
main                     0x800'2751  0x416  Code  Gb  main.o [2]
memset                   0x800'6e13   0x14  Code  Gb  memset.o [7]
uwTick                  0x2000'03b8    0x4  Data  Gb  stm32h7xx_hal.o [4]
uwTickFreq              0x2000'000c    0x1  Data  Gb  stm32h7xx_hal.o [4]
uwTickPrio              0x2000'0000    0x4  Data  Gb  stm32h7xx_hal.o [4]


[1] = C:\Users\yael\source\repos\EcoMilk\STM32H7A3ZITxQ\EWARM\STM32H7A3ZITxQ\Obj\Application\EWARM
[2] = C:\Users\yael\source\repos\EcoMilk\STM32H7A3ZITxQ\EWARM\STM32H7A3ZITxQ\Obj\Application\User\Core
[3] = C:\Users\yael\source\repos\EcoMilk\STM32H7A3ZITxQ\EWARM\STM32H7A3ZITxQ\Obj\Drivers\CMSIS
[4] = C:\Users\yael\source\repos\EcoMilk\STM32H7A3ZITxQ\EWARM\STM32H7A3ZITxQ\Obj\Drivers\STM32H7xx_HAL_Driver
[5] = dl7M_tlf.a
[6] = m7M_tlv.a
[7] = rt7M_tl.a
[8] = shb_l.a

  29'898 bytes of readonly  code memory
     110 bytes of readonly  data memory
   1'977 bytes of readwrite data memory

Errors: none
Warnings: none
