###############################################################################
#
# IAR ELF Linker V9.10.1.308/W64 for ARM                  15/Nov/2021  16:35:22
# Copyright 2007-2021 IAR Systems AB.
#
#    Output file  =
#        C:\Users\yael\source\repos\EcoMilk\STM32H7A3ZITxQ\EWARM\STM32H7A3ZITxQ\Exe\STM32H7A3ZITxQ.out
#    Map file     =
#        C:\Users\yael\source\repos\EcoMilk\STM32H7A3ZITxQ\EWARM\STM32H7A3ZITxQ\List\STM32H7A3ZITxQ.map
#    Command line =
#        -f
#        C:\Users\yael\source\repos\EcoMilk\STM32H7A3ZITxQ\EWARM\STM32H7A3ZITxQ\Exe\STM32H7A3ZITxQ.out.rsp
#        (C:\Users\yael\source\repos\EcoMilk\STM32H7A3ZITxQ\EWARM\STM32H7A3ZITxQ\Obj\Application\User\Core\main.o
#        C:\Users\yael\source\repos\EcoMilk\STM32H7A3ZITxQ\EWARM\STM32H7A3ZITxQ\Obj\Application\EWARM\startup_stm32h7a3xxq.o
#        C:\Users\yael\source\repos\EcoMilk\STM32H7A3ZITxQ\EWARM\STM32H7A3ZITxQ\Obj\Drivers\STM32H7xx_HAL_Driver\stm32h7xx_hal.o
#        C:\Users\yael\source\repos\EcoMilk\STM32H7A3ZITxQ\EWARM\STM32H7A3ZITxQ\Obj\Drivers\STM32H7xx_HAL_Driver\stm32h7xx_hal_adc.o
#        C:\Users\yael\source\repos\EcoMilk\STM32H7A3ZITxQ\EWARM\STM32H7A3ZITxQ\Obj\Drivers\STM32H7xx_HAL_Driver\stm32h7xx_hal_adc_ex.o
#        C:\Users\yael\source\repos\EcoMilk\STM32H7A3ZITxQ\EWARM\STM32H7A3ZITxQ\Obj\Drivers\STM32H7xx_HAL_Driver\stm32h7xx_hal_cortex.o
#        C:\Users\yael\source\repos\EcoMilk\STM32H7A3ZITxQ\EWARM\STM32H7A3ZITxQ\Obj\Drivers\STM32H7xx_HAL_Driver\stm32h7xx_hal_dma.o
#        C:\Users\yael\source\repos\EcoMilk\STM32H7A3ZITxQ\EWARM\STM32H7A3ZITxQ\Obj\Drivers\STM32H7xx_HAL_Driver\stm32h7xx_hal_dma_ex.o
#        C:\Users\yael\source\repos\EcoMilk\STM32H7A3ZITxQ\EWARM\STM32H7A3ZITxQ\Obj\Drivers\STM32H7xx_HAL_Driver\stm32h7xx_hal_exti.o
#        C:\Users\yael\source\repos\EcoMilk\STM32H7A3ZITxQ\EWARM\STM32H7A3ZITxQ\Obj\Drivers\STM32H7xx_HAL_Driver\stm32h7xx_hal_flash.o
#        C:\Users\yael\source\repos\EcoMilk\STM32H7A3ZITxQ\EWARM\STM32H7A3ZITxQ\Obj\Drivers\STM32H7xx_HAL_Driver\stm32h7xx_hal_flash_ex.o
#        C:\Users\yael\source\repos\EcoMilk\STM32H7A3ZITxQ\EWARM\STM32H7A3ZITxQ\Obj\Drivers\STM32H7xx_HAL_Driver\stm32h7xx_hal_gpio.o
#        C:\Users\yael\source\repos\EcoMilk\STM32H7A3ZITxQ\EWARM\STM32H7A3ZITxQ\Obj\Drivers\STM32H7xx_HAL_Driver\stm32h7xx_hal_hsem.o
#        C:\Users\yael\source\repos\EcoMilk\STM32H7A3ZITxQ\EWARM\STM32H7A3ZITxQ\Obj\Drivers\STM32H7xx_HAL_Driver\stm32h7xx_hal_i2c.o
#        C:\Users\yael\source\repos\EcoMilk\STM32H7A3ZITxQ\EWARM\STM32H7A3ZITxQ\Obj\Drivers\STM32H7xx_HAL_Driver\stm32h7xx_hal_i2c_ex.o
#        C:\Users\yael\source\repos\EcoMilk\STM32H7A3ZITxQ\EWARM\STM32H7A3ZITxQ\Obj\Drivers\STM32H7xx_HAL_Driver\stm32h7xx_hal_mdma.o
#        C:\Users\yael\source\repos\EcoMilk\STM32H7A3ZITxQ\EWARM\STM32H7A3ZITxQ\Obj\Application\User\Core\stm32h7xx_hal_msp.o
#        C:\Users\yael\source\repos\EcoMilk\STM32H7A3ZITxQ\EWARM\STM32H7A3ZITxQ\Obj\Drivers\STM32H7xx_HAL_Driver\stm32h7xx_hal_pwr.o
#        C:\Users\yael\source\repos\EcoMilk\STM32H7A3ZITxQ\EWARM\STM32H7A3ZITxQ\Obj\Drivers\STM32H7xx_HAL_Driver\stm32h7xx_hal_pwr_ex.o
#        C:\Users\yael\source\repos\EcoMilk\STM32H7A3ZITxQ\EWARM\STM32H7A3ZITxQ\Obj\Drivers\STM32H7xx_HAL_Driver\stm32h7xx_hal_rcc.o
#        C:\Users\yael\source\repos\EcoMilk\STM32H7A3ZITxQ\EWARM\STM32H7A3ZITxQ\Obj\Drivers\STM32H7xx_HAL_Driver\stm32h7xx_hal_rcc_ex.o
#        C:\Users\yael\source\repos\EcoMilk\STM32H7A3ZITxQ\EWARM\STM32H7A3ZITxQ\Obj\Drivers\STM32H7xx_HAL_Driver\stm32h7xx_hal_spi.o
#        C:\Users\yael\source\repos\EcoMilk\STM32H7A3ZITxQ\EWARM\STM32H7A3ZITxQ\Obj\Drivers\STM32H7xx_HAL_Driver\stm32h7xx_hal_spi_ex.o
#        C:\Users\yael\source\repos\EcoMilk\STM32H7A3ZITxQ\EWARM\STM32H7A3ZITxQ\Obj\Drivers\STM32H7xx_HAL_Driver\stm32h7xx_hal_tim.o
#        C:\Users\yael\source\repos\EcoMilk\STM32H7A3ZITxQ\EWARM\STM32H7A3ZITxQ\Obj\Drivers\STM32H7xx_HAL_Driver\stm32h7xx_hal_tim_ex.o
#        C:\Users\yael\source\repos\EcoMilk\STM32H7A3ZITxQ\EWARM\STM32H7A3ZITxQ\Obj\Drivers\STM32H7xx_HAL_Driver\stm32h7xx_hal_uart.o
#        C:\Users\yael\source\repos\EcoMilk\STM32H7A3ZITxQ\EWARM\STM32H7A3ZITxQ\Obj\Drivers\STM32H7xx_HAL_Driver\stm32h7xx_hal_uart_ex.o
#        C:\Users\yael\source\repos\EcoMilk\STM32H7A3ZITxQ\EWARM\STM32H7A3ZITxQ\Obj\Application\User\Core\stm32h7xx_it.o
#        C:\Users\yael\source\repos\EcoMilk\STM32H7A3ZITxQ\EWARM\STM32H7A3ZITxQ\Obj\Drivers\CMSIS\system_stm32h7xx.o
#        --no_out_extension -o
#        C:\Users\yael\source\repos\EcoMilk\STM32H7A3ZITxQ\EWARM\STM32H7A3ZITxQ\Exe\STM32H7A3ZITxQ.out
#        --redirect _Printf=_PrintfFullNoMb --redirect _Scanf=_ScanfFullNoMb
#        --map
#        C:\Users\yael\source\repos\EcoMilk\STM32H7A3ZITxQ\EWARM\STM32H7A3ZITxQ\List\STM32H7A3ZITxQ.map
#        --config
#        C:\Users\yael\source\repos\EcoMilk\STM32H7A3ZITxQ\EWARM/stm32h7a3xxq_flash.icf
#        --semihosting --entry __iar_program_start --vfe --text_out locale)
#
###############################################################################

*******************************************************************************
*** RUNTIME MODEL ATTRIBUTES
***

CppFlavor       = *
__Heap_Handler  = Basic
__SystemLibrary = DLib
__dlib_version  = 6


*******************************************************************************
*** HEAP SELECTION
***

The basic heap was selected because no calls to memory allocation
functions were found in the application outside of system library
functions, and there are calls to deallocation functions in the
application.


*******************************************************************************
*** PLACEMENT SUMMARY
***

"A0":  place at address 0x800'0000 { ro section .intvec };
"P1":  place in [from 0x800'0000 to 0x81f'ffff] { ro };
define block CSTACK with size = 1K, alignment = 8 { };
define block HEAP with size = 512, alignment = 8 { };
"P2":  place in [from 0x2400'0000 to 0x2407'ffff] {
          rw, block CSTACK, block HEAP };
initialize by copy { rw };

  Section            Kind         Address    Size  Object
  -------            ----         -------    ----  ------
"A0":                                       0x2ac
  .intvec            ro code   0x800'0000   0x2ac  startup_stm32h7a3xxq.o [1]
                             - 0x800'02ac   0x2ac

"P1":                                      0x97be
  .text              ro code   0x800'02ac  0x1a18  stm32h7xx_hal_rcc_ex.o [4]
  .text              ro code   0x800'1cc4     0xc  stm32h7xx_hal.o [4]
  .text              ro code   0x800'1cd0   0x5f4  stm32h7xx_hal_rcc.o [4]
  .text              ro code   0x800'22c4    0x58  stm32h7xx_hal.o [4]
  .text              ro code   0x800'231c   0x158  stm32h7xx_hal_cortex.o [4]
  .text              ro code   0x800'2474  0x13d8  main.o [2]
  .text              ro code   0x800'384c   0x29c  stm32h7xx_hal_gpio.o [4]
  .text              ro code   0x800'3ae8   0x702  stm32h7xx_hal_spi.o [4]
  .text              ro code   0x800'41ea    0x76  lz77_init_single.o [7]
  .text              ro code   0x800'4260    0x28  printf.o [5]
  .text              ro code   0x800'4288    0x66  ABImemset.o [7]
  .rodata            const     0x800'42ee     0x2  xlocale_c.o [5]
  .text              ro code   0x800'42f0   0xba0  stm32h7xx_hal_uart.o [4]
  .text              ro code   0x800'4e90    0x12  strcmp.o [7]
  .rodata            const     0x800'4ea2     0x1  xlocale_c.o [5]
  .text              ro code   0x800'4ea4    0xa6  ABImemcpy.o [7]
  .text              ro code   0x800'4f4c    0x84  stm32h7xx_hal.o [4]
  .text              ro code   0x800'4fd0   0xe74  stm32h7xx_hal_tim.o [4]
  .text              ro code   0x800'5e44    0x9c  stm32h7xx_hal_pwr_ex.o [4]
  .text              ro code   0x800'5ee0   0x704  stm32h7xx_hal_rcc.o [4]
  .text              ro code   0x800'65e4   0x8a4  stm32h7xx_hal_adc.o [4]
  .text              ro code   0x800'6e88   0x14c  stm32h7xx_hal_tim_ex.o [4]
  .text              ro code   0x800'6fd4   0x5d0  stm32h7xx_hal_msp.o [2]
  .text              ro code   0x800'75a4   0x1bc  stm32h7xx_hal_uart_ex.o [4]
  .text              ro code   0x800'7760   0xf32  xprintffull_nomb.o [5]
  .text              ro code   0x800'8694   0x230  I64DivMod.o [7]
  .text              ro code   0x800'88c4     0x2  stm32h7xx_hal_tim.o [4]
  .text              ro code   0x800'88c6     0x2  stm32h7xx_hal_tim.o [4]
  .text              ro code   0x800'88c8     0x2  stm32h7xx_hal_tim.o [4]
  .text              ro code   0x800'88ca     0x2  stm32h7xx_hal_tim_ex.o [4]
  .text              ro code   0x800'88cc     0x2  stm32h7xx_hal_tim_ex.o [4]
  .text              ro code   0x800'88ce     0x2  stm32h7xx_hal_tim.o [4]
  .text              ro code   0x800'88d0     0x2  stm32h7xx_hal_tim_ex.o [4]
  .text              ro code   0x800'88d2    0x14  memset.o [7]
  .text              ro code   0x800'88e8    0x16  strchr.o [7]
  .text              ro code   0x800'8900    0x40  xfail_s.o [5]
  .text              ro code   0x800'8940    0x36  strlen.o [7]
  .text              ro code   0x800'8978    0x58  memchr.o [7]
  .text              ro code   0x800'89d0    0x70  frexp.o [6]
  .text              ro code   0x800'8a40    0x34  DblCmpLe.o [6]
  .text              ro code   0x800'8a74    0x34  DblCmpGe.o [6]
  .text              ro code   0x800'8aa8   0x104  ldexp.o [6]
  .text              ro code   0x800'8bac     0xe  DblToS32.o [6]
  .text              ro code   0x800'8bba     0xe  S32ToDbl.o [6]
  .text              ro code   0x800'8bc8    0x12  DblSub.o [6]
  .text              ro code   0x800'8bda    0x12  DblDiv.o [6]
  .text              ro code   0x800'8bec     0xe  DblToU32.o [6]
  .text              ro code   0x800'8bfa     0xe  U32ToDbl.o [6]
  .text              ro code   0x800'8c08    0x12  DblMul.o [6]
  .text              ro code   0x800'8c1c     0x8  xlocale_c.o [5]
  .text              ro code   0x800'8c24     0x2  I64DivZer.o [7]
  .text              ro code   0x800'8c26     0x6  abort.o [5]
  .text              ro code   0x800'8c2c    0x14  exit.o [8]
  .text              ro code   0x800'8c40    0x7c  iarttio.o [8]
  .text              ro code   0x800'8cbc     0x8  XShttio.o [5]
  .text              ro code   0x800'8cc4   0x13c  heap0.o [5]
  .text              ro code   0x800'8e00    0x2c  xgetmemchunk.o [5]
  .text              ro code   0x800'8e2c   0x120  system_stm32h7xx.o [3]
  .text              ro code   0x800'8f4c    0xd8  xfspos.o [5]
  .text              ro code   0x800'9024    0xac  fflush.o [5]
  .text              ro code   0x800'90d0     0xc  xfgpos.o [5]
  .text              ro code   0x800'90dc    0x4e  lseek.o [8]
  .text              ro code   0x800'912a    0x10  write.o [8]
  .text              ro code   0x800'913c    0xcc  XShHandles.o [5]
  .text              ro code   0x800'9208    0x1e  dwrite.o [8]
  .text              ro code   0x800'9226    0x20  iarwstd.o [8]
  .text              ro code   0x800'9246    0x22  iarwrite.o [8]
  .text              ro code   0x800'9268    0xb4  xfwprep.o [5]
  .text              ro code   0x800'931c    0x24  fseek.o [5]
  .text              ro code   0x800'9340    0x9c  xfofind.o [5]
  .text              ro code   0x800'93dc     0x4  heaptramp0.o [5]
  .text              ro code   0x800'93e0    0x7e  fclose.o [5]
  .text              ro code   0x800'945e    0x18  close.o [8]
  .text              ro code   0x800'9476    0x14  remove.o [8]
  .text              ro code   0x800'948a    0x56  fputc.o [5]
  .text              ro code   0x800'94e0    0x40  xcloseall.o [5]
  .text              ro code   0x800'9520    0x38  zero_init3.o [7]
  .text              ro code   0x800'9558    0x34  stm32h7xx_it.o [2]
  .text              ro code   0x800'958c    0x18  stm32h7xx_hal.o [4]
  .text              ro code   0x800'95a4    0x28  data_init.o [7]
  .text              ro code   0x800'95cc    0x22  fpinit_M.o [6]
  .iar.init_table    const     0x800'95f0    0x20  - Linker created -
  .text              ro code   0x800'9610    0x1e  cmain.o [7]
  .text              ro code   0x800'962e     0x4  low_level_init.o [5]
  .text              ro code   0x800'9632     0x4  exit.o [5]
  .text              ro code   0x800'9638     0xe  cexit.o [7]
  .rodata            const     0x800'9648    0x1c  main.o [2]
  .text              ro code   0x800'9664    0x1c  cstartup_M.o [7]
  .rodata            const     0x800'9680    0x18  stm32h7xx_hal_uart.o [4]
  .text              ro code   0x800'9698    0x16  xprout.o [5]
  .text              ro code   0x800'96b0     0xc  putchar.o [5]
  .rodata            const     0x800'96bc    0x14  main.o [2]
  .rodata            const     0x800'96d0    0x10  main.o [2]
  .rodata            const     0x800'96e0    0x10  system_stm32h7xx.o [3]
  .text              ro code   0x800'96f0    0x10  startup_stm32h7a3xxq.o [1]
  .rodata            const     0x800'9700     0xc  main.o [2]
  .rodata            const     0x800'970c     0x8  main.o [2]
  .rodata            const     0x800'9714     0x8  main.o [2]
  .rodata            const     0x800'971c     0x8  main.o [2]
  .rodata            const     0x800'9724     0x8  main.o [2]
  .rodata            const     0x800'972c     0x8  main.o [2]
  .rodata            const     0x800'9734     0x8  main.o [2]
  .rodata            const     0x800'973c     0x8  main.o [2]
  .rodata            const     0x800'9744     0x8  main.o [2]
  .rodata            const     0x800'974c     0x8  main.o [2]
  .rodata            const     0x800'9754     0x8  main.o [2]
  .rodata            const     0x800'975c     0x8  main.o [2]
  .rodata            const     0x800'9764     0x8  main.o [2]
  .rodata            const     0x800'976c     0x8  main.o [2]
  .rodata            const     0x800'9774     0x8  main.o [2]
  .rodata            const     0x800'977c     0x8  main.o [2]
  .rodata            const     0x800'9784     0x8  main.o [2]
  .rodata            const     0x800'978c     0x8  main.o [2]
  .rodata            const     0x800'9794     0x8  main.o [2]
  .rodata            const     0x800'979c     0x8  main.o [2]
  .rodata            const     0x800'97a4     0x8  main.o [2]
  .rodata            const     0x800'97ac     0x8  main.o [2]
  .rodata            const     0x800'97b4     0x8  main.o [2]
  .rodata            const     0x800'97bc     0x8  main.o [2]
  .rodata            const     0x800'97c4     0x8  main.o [2]
  .rodata            const     0x800'97cc     0x8  stm32h7xx_hal_uart_ex.o [4]
  .rodata            const     0x800'97d4     0x8  stm32h7xx_hal_uart_ex.o [4]
  .text              ro code   0x800'97dc     0x4  startup_stm32h7a3xxq.o [1]
  .text              ro code   0x800'97e0     0x4  startup_stm32h7a3xxq.o [1]
  .text              ro code   0x800'97e4     0x4  startup_stm32h7a3xxq.o [1]
  .text              ro code   0x800'97e8     0x4  startup_stm32h7a3xxq.o [1]
  .text              ro code   0x800'97ec     0x4  startup_stm32h7a3xxq.o [1]
  .text              ro code   0x800'97f0     0x4  startup_stm32h7a3xxq.o [1]
  .text              ro code   0x800'97f4     0x4  startup_stm32h7a3xxq.o [1]
  .text              ro code   0x800'97f8     0x4  startup_stm32h7a3xxq.o [1]
  .text              ro code   0x800'97fc     0x4  startup_stm32h7a3xxq.o [1]
  .text              ro code   0x800'9800     0x4  startup_stm32h7a3xxq.o [1]
  .text              ro code   0x800'9804     0x4  startup_stm32h7a3xxq.o [1]
  .text              ro code   0x800'9808     0x4  startup_stm32h7a3xxq.o [1]
  .text              ro code   0x800'980c     0x4  startup_stm32h7a3xxq.o [1]
  .text              ro code   0x800'9810     0x4  startup_stm32h7a3xxq.o [1]
  .text              ro code   0x800'9814     0x4  startup_stm32h7a3xxq.o [1]
  .text              ro code   0x800'9818     0x4  startup_stm32h7a3xxq.o [1]
  .text              ro code   0x800'981c     0x4  startup_stm32h7a3xxq.o [1]
  .text              ro code   0x800'9820     0x4  startup_stm32h7a3xxq.o [1]
  .text              ro code   0x800'9824     0x4  startup_stm32h7a3xxq.o [1]
  .text              ro code   0x800'9828     0x4  startup_stm32h7a3xxq.o [1]
  .text              ro code   0x800'982c     0x4  startup_stm32h7a3xxq.o [1]
  .text              ro code   0x800'9830     0x4  startup_stm32h7a3xxq.o [1]
  .text              ro code   0x800'9834     0x4  startup_stm32h7a3xxq.o [1]
  .text              ro code   0x800'9838     0x4  startup_stm32h7a3xxq.o [1]
  .text              ro code   0x800'983c     0x4  startup_stm32h7a3xxq.o [1]
  .text              ro code   0x800'9840     0x4  startup_stm32h7a3xxq.o [1]
  .text              ro code   0x800'9844     0x4  startup_stm32h7a3xxq.o [1]
  .text              ro code   0x800'9848     0x4  startup_stm32h7a3xxq.o [1]
  .text              ro code   0x800'984c     0x4  startup_stm32h7a3xxq.o [1]
  .text              ro code   0x800'9850     0x4  startup_stm32h7a3xxq.o [1]
  .text              ro code   0x800'9854     0x4  startup_stm32h7a3xxq.o [1]
  .text              ro code   0x800'9858     0x4  startup_stm32h7a3xxq.o [1]
  .text              ro code   0x800'985c     0x4  startup_stm32h7a3xxq.o [1]
  .text              ro code   0x800'9860     0x4  startup_stm32h7a3xxq.o [1]
  .text              ro code   0x800'9864     0x4  startup_stm32h7a3xxq.o [1]
  .text              ro code   0x800'9868     0x4  startup_stm32h7a3xxq.o [1]
  .text              ro code   0x800'986c     0x4  startup_stm32h7a3xxq.o [1]
  .text              ro code   0x800'9870     0x4  startup_stm32h7a3xxq.o [1]
  .text              ro code   0x800'9874     0x4  startup_stm32h7a3xxq.o [1]
  .text              ro code   0x800'9878     0x4  startup_stm32h7a3xxq.o [1]
  .text              ro code   0x800'987c     0x4  startup_stm32h7a3xxq.o [1]
  .text              ro code   0x800'9880     0x4  startup_stm32h7a3xxq.o [1]
  .text              ro code   0x800'9884     0x4  startup_stm32h7a3xxq.o [1]
  .text              ro code   0x800'9888     0x4  startup_stm32h7a3xxq.o [1]
  .text              ro code   0x800'988c     0x4  startup_stm32h7a3xxq.o [1]
  .text              ro code   0x800'9890     0x4  startup_stm32h7a3xxq.o [1]
  .text              ro code   0x800'9894     0x4  startup_stm32h7a3xxq.o [1]
  .text              ro code   0x800'9898     0x4  startup_stm32h7a3xxq.o [1]
  .text              ro code   0x800'989c     0x4  startup_stm32h7a3xxq.o [1]
  .text              ro code   0x800'98a0     0x4  startup_stm32h7a3xxq.o [1]
  .text              ro code   0x800'98a4     0x4  startup_stm32h7a3xxq.o [1]
  .text              ro code   0x800'98a8     0x4  startup_stm32h7a3xxq.o [1]
  .text              ro code   0x800'98ac     0x4  startup_stm32h7a3xxq.o [1]
  .text              ro code   0x800'98b0     0x4  startup_stm32h7a3xxq.o [1]
  .text              ro code   0x800'98b4     0x4  startup_stm32h7a3xxq.o [1]
  .text              ro code   0x800'98b8     0x4  startup_stm32h7a3xxq.o [1]
  .text              ro code   0x800'98bc     0x4  startup_stm32h7a3xxq.o [1]
  .text              ro code   0x800'98c0     0x4  startup_stm32h7a3xxq.o [1]
  .text              ro code   0x800'98c4     0x4  startup_stm32h7a3xxq.o [1]
  .text              ro code   0x800'98c8     0x4  startup_stm32h7a3xxq.o [1]
  .text              ro code   0x800'98cc     0x4  startup_stm32h7a3xxq.o [1]
  .text              ro code   0x800'98d0     0x4  startup_stm32h7a3xxq.o [1]
  .text              ro code   0x800'98d4     0x4  startup_stm32h7a3xxq.o [1]
  .text              ro code   0x800'98d8     0x4  startup_stm32h7a3xxq.o [1]
  .text              ro code   0x800'98dc     0x4  startup_stm32h7a3xxq.o [1]
  .text              ro code   0x800'98e0     0x4  startup_stm32h7a3xxq.o [1]
  .text              ro code   0x800'98e4     0x4  startup_stm32h7a3xxq.o [1]
  .text              ro code   0x800'98e8     0x4  startup_stm32h7a3xxq.o [1]
  .text              ro code   0x800'98ec     0x4  startup_stm32h7a3xxq.o [1]
  .text              ro code   0x800'98f0     0x4  startup_stm32h7a3xxq.o [1]
  .text              ro code   0x800'98f4     0x4  startup_stm32h7a3xxq.o [1]
  .text              ro code   0x800'98f8     0x4  startup_stm32h7a3xxq.o [1]
  .text              ro code   0x800'98fc     0x4  startup_stm32h7a3xxq.o [1]
  .text              ro code   0x800'9900     0x4  startup_stm32h7a3xxq.o [1]
  .text              ro code   0x800'9904     0x4  startup_stm32h7a3xxq.o [1]
  .text              ro code   0x800'9908     0x4  startup_stm32h7a3xxq.o [1]
  .text              ro code   0x800'990c     0x4  startup_stm32h7a3xxq.o [1]
  .text              ro code   0x800'9910     0x4  startup_stm32h7a3xxq.o [1]
  .text              ro code   0x800'9914     0x4  startup_stm32h7a3xxq.o [1]
  .text              ro code   0x800'9918     0x4  startup_stm32h7a3xxq.o [1]
  .text              ro code   0x800'991c     0x4  startup_stm32h7a3xxq.o [1]
  .text              ro code   0x800'9920     0x4  startup_stm32h7a3xxq.o [1]
  .text              ro code   0x800'9924     0x4  startup_stm32h7a3xxq.o [1]
  .text              ro code   0x800'9928     0x4  startup_stm32h7a3xxq.o [1]
  .text              ro code   0x800'992c     0x4  startup_stm32h7a3xxq.o [1]
  .text              ro code   0x800'9930     0x4  startup_stm32h7a3xxq.o [1]
  .text              ro code   0x800'9934     0x4  startup_stm32h7a3xxq.o [1]
  .text              ro code   0x800'9938     0x4  startup_stm32h7a3xxq.o [1]
  .text              ro code   0x800'993c     0x4  startup_stm32h7a3xxq.o [1]
  .text              ro code   0x800'9940     0x4  startup_stm32h7a3xxq.o [1]
  .text              ro code   0x800'9944     0x4  startup_stm32h7a3xxq.o [1]
  .text              ro code   0x800'9948     0x4  startup_stm32h7a3xxq.o [1]
  .text              ro code   0x800'994c     0x4  startup_stm32h7a3xxq.o [1]
  .text              ro code   0x800'9950     0x4  startup_stm32h7a3xxq.o [1]
  .text              ro code   0x800'9954     0x4  startup_stm32h7a3xxq.o [1]
  .text              ro code   0x800'9958     0x4  startup_stm32h7a3xxq.o [1]
  .text              ro code   0x800'995c     0x4  startup_stm32h7a3xxq.o [1]
  .text              ro code   0x800'9960     0x4  startup_stm32h7a3xxq.o [1]
  .text              ro code   0x800'9964     0x4  startup_stm32h7a3xxq.o [1]
  .text              ro code   0x800'9968     0x4  startup_stm32h7a3xxq.o [1]
  .text              ro code   0x800'996c     0x4  startup_stm32h7a3xxq.o [1]
  .text              ro code   0x800'9970     0x4  startup_stm32h7a3xxq.o [1]
  .text              ro code   0x800'9974     0x4  startup_stm32h7a3xxq.o [1]
  .text              ro code   0x800'9978     0x4  startup_stm32h7a3xxq.o [1]
  .text              ro code   0x800'997c     0x4  startup_stm32h7a3xxq.o [1]
  .text              ro code   0x800'9980     0x4  startup_stm32h7a3xxq.o [1]
  .text              ro code   0x800'9984     0x4  startup_stm32h7a3xxq.o [1]
  .text              ro code   0x800'9988     0x4  startup_stm32h7a3xxq.o [1]
  .text              ro code   0x800'998c     0x4  startup_stm32h7a3xxq.o [1]
  .text              ro code   0x800'9990     0x4  startup_stm32h7a3xxq.o [1]
  .text              ro code   0x800'9994     0x4  startup_stm32h7a3xxq.o [1]
  .text              ro code   0x800'9998     0x4  startup_stm32h7a3xxq.o [1]
  .text              ro code   0x800'999c     0x4  startup_stm32h7a3xxq.o [1]
  .text              ro code   0x800'99a0     0x4  startup_stm32h7a3xxq.o [1]
  .text              ro code   0x800'99a4     0x4  startup_stm32h7a3xxq.o [1]
  .text              ro code   0x800'99a8     0x4  startup_stm32h7a3xxq.o [1]
  .text              ro code   0x800'99ac     0x4  startup_stm32h7a3xxq.o [1]
  .text              ro code   0x800'99b0     0x4  startup_stm32h7a3xxq.o [1]
  .text              ro code   0x800'99b4     0x4  startup_stm32h7a3xxq.o [1]
  .text              ro code   0x800'99b8     0x4  startup_stm32h7a3xxq.o [1]
  .text              ro code   0x800'99bc     0x4  startup_stm32h7a3xxq.o [1]
  .text              ro code   0x800'99c0     0x4  startup_stm32h7a3xxq.o [1]
  .text              ro code   0x800'99c4     0x4  startup_stm32h7a3xxq.o [1]
  .text              ro code   0x800'99c8     0x4  startup_stm32h7a3xxq.o [1]
  .text              ro code   0x800'99cc     0x4  startup_stm32h7a3xxq.o [1]
  .text              ro code   0x800'99d0     0x4  startup_stm32h7a3xxq.o [1]
  .text              ro code   0x800'99d4     0x4  startup_stm32h7a3xxq.o [1]
  .text              ro code   0x800'99d8     0x4  startup_stm32h7a3xxq.o [1]
  .text              ro code   0x800'99dc     0x4  startup_stm32h7a3xxq.o [1]
  .text              ro code   0x800'99e0     0x4  startup_stm32h7a3xxq.o [1]
  .text              ro code   0x800'99e4     0x4  startup_stm32h7a3xxq.o [1]
  .text              ro code   0x800'99e8     0x0  cstart_closeall.o [7]
  .rodata            const     0x800'99e8     0x0  zero_init3.o [7]
  .rodata            const     0x800'99e8     0x0  lz77_init_single.o [7]
  Initializer bytes  const     0x800'99e8    0x82  <for P2-1>
                             - 0x800'9a6a  0x97be

"P2", part 1 of 3:                          0x151
  P2-1                        0x2400'0000   0x151  <Init block>
    .data            inited   0x2400'0000     0xc  main.o [2]
    .data            inited   0x2400'000c     0x4  stm32h7xx_hal.o [4]
    .data            inited   0x2400'0010     0x4  system_stm32h7xx.o [3]
    .data            inited   0x2400'0014     0x4  system_stm32h7xx.o [3]
    .data            inited   0x2400'0018    0x38  xlocale_c.o [5]
    .data            inited   0x2400'0050    0x48  xfiles.o [5]
    .data            inited   0x2400'0098    0x48  xfiles.o [5]
    .data            inited   0x2400'00e0    0x48  xfiles.o [5]
    .data            inited   0x2400'0128    0x20  xfiles.o [5]
    .data            inited   0x2400'0148     0x8  XShttio.o [5]
    .data            inited   0x2400'0150     0x1  stm32h7xx_hal.o [4]
                            - 0x2400'0151   0x151

"P2", part 2 of 3:                          0x4f8
  .bss               zero     0x2400'0154    0x90  main.o [2]
  .bss               zero     0x2400'01e4    0x90  main.o [2]
  .bss               zero     0x2400'0274    0x88  main.o [2]
  .bss               zero     0x2400'02fc    0x80  XShHandles.o [5]
  .bss               zero     0x2400'037c    0x64  main.o [2]
  .bss               zero     0x2400'03e0    0x50  xfiles.o [5]
  .bss               zero     0x2400'0430    0x50  xfiles.o [5]
  .bss               zero     0x2400'0480    0x4c  main.o [2]
  .bss               zero     0x2400'04cc    0x4c  main.o [2]
  .bss               zero     0x2400'0518    0x4c  main.o [2]
  .bss               zero     0x2400'0564    0x4c  main.o [2]
  .bss               zero     0x2400'05b0    0x4c  main.o [2]
  .bss               zero     0x2400'05fc    0x14  main.o [2]
  .bss               zero     0x2400'0610     0x8  heap0.o [5]
  .bss               zero     0x2400'0618     0x4  main.o [2]
  .bss               zero     0x2400'061c     0x4  main.o [2]
  .bss               zero     0x2400'0620     0x4  main.o [2]
  .bss               zero     0x2400'0624     0x4  main.o [2]
  .bss               zero     0x2400'0628     0x4  main.o [2]
  .bss               zero     0x2400'062c     0x4  main.o [2]
  .bss               zero     0x2400'0630     0x4  main.o [2]
  .bss               zero     0x2400'0634     0x4  main.o [2]
  .bss               zero     0x2400'0638     0x4  main.o [2]
  .bss               zero     0x2400'063c     0x4  stm32h7xx_hal.o [4]
  .bss               zero     0x2400'0640     0x4  xfail_s.o [5]
  .bss               zero     0x2400'0644     0x4  xgetmemchunk.o [5]
  .bss               zero     0x2400'0648     0x1  main.o [2]
                            - 0x2400'0649   0x4f5

"P2", part 3 of 3:                          0x600
  CSTACK                      0x2400'0650   0x400  <Block>
    CSTACK           uninit   0x2400'0650   0x400  <Block tail>
  HEAP                        0x2400'0a50   0x200  <Block>
    HEAP             uninit   0x2400'0a50   0x200  <Block tail>
                            - 0x2400'0c50   0x600

Unused ranges:

         From           To       Size
         ----           --       ----
   0x800'9a6a   0x81f'ffff  0x1f'6596
  0x2400'0151  0x2400'0153        0x3
  0x2400'064c  0x2400'064f        0x4
  0x2400'0c50  0x2407'ffff   0x7'f3b0


*******************************************************************************
*** INIT TABLE
***

          Address      Size
          -------      ----
Zero (__iar_zero_init3)
    1 destination range, total size 0x4f5:
          0x2400'0154  0x4f5

Copy/lz77 (__iar_lz77_init_single3)
    1 source range, total size 0x82 (38% of destination):
           0x800'99e8   0x82
    1 destination range, total size 0x151:
          0x2400'0000  0x151



*******************************************************************************
*** MODULE SUMMARY
***

    Module                   ro code  ro data  rw data
    ------                   -------  -------  -------
command line/config:
    --------------------------------------------------
    Total:

C:\Users\yael\source\repos\EcoMilk\STM32H7A3ZITxQ\EWARM\STM32H7A3ZITxQ\Obj\Application\EWARM: [1]
    startup_stm32h7a3xxq.o     1'224
    --------------------------------------------------
    Total:                     1'224

C:\Users\yael\source\repos\EcoMilk\STM32H7A3ZITxQ\EWARM\STM32H7A3ZITxQ\Obj\Application\User\Core: [2]
    main.o                     5'080      272      973
    stm32h7xx_hal_msp.o        1'488
    stm32h7xx_it.o                52
    --------------------------------------------------
    Total:                     6'620      272      973

C:\Users\yael\source\repos\EcoMilk\STM32H7A3ZITxQ\EWARM\STM32H7A3ZITxQ\Obj\Drivers\CMSIS: [3]
    system_stm32h7xx.o           288       19        8
    --------------------------------------------------
    Total:                       288       19        8

C:\Users\yael\source\repos\EcoMilk\STM32H7A3ZITxQ\EWARM\STM32H7A3ZITxQ\Obj\Drivers\STM32H7xx_HAL_Driver: [4]
    stm32h7xx_hal.o              256        3        9
    stm32h7xx_hal_adc.o        2'212
    stm32h7xx_hal_cortex.o       344
    stm32h7xx_hal_gpio.o         668
    stm32h7xx_hal_pwr_ex.o       156
    stm32h7xx_hal_rcc.o        3'320
    stm32h7xx_hal_rcc_ex.o     6'680
    stm32h7xx_hal_spi.o        1'794
    stm32h7xx_hal_tim.o        3'708
    stm32h7xx_hal_tim_ex.o       338
    stm32h7xx_hal_uart.o       2'976       24
    stm32h7xx_hal_uart_ex.o      444       16
    --------------------------------------------------
    Total:                    22'896       43        9

dl7M_tlf.a: [5]
    XShHandles.o                 204               128
    XShttio.o                      8        3        8
    abort.o                        6
    exit.o                         4
    fclose.o                     126
    fflush.o                     172
    fputc.o                       86
    fseek.o                       36
    heap0.o                      316                 8
    heaptramp0.o                   4
    low_level_init.o               4
    printf.o                      40
    putchar.o                     12
    xcloseall.o                   64
    xfail_s.o                     64                 4
    xfgpos.o                      12
    xfiles.o                               96      408
    xfofind.o                    156
    xfspos.o                     216
    xfwprep.o                    180
    xgetmemchunk.o                44                 4
    xlocale_c.o                    8       24       56
    xprintffull_nomb.o         3'890
    xprout.o                      22
    --------------------------------------------------
    Total:                     5'674      123      616

m7M_tlv.a: [6]
    DblCmpGe.o                    52
    DblCmpLe.o                    52
    DblDiv.o                      18
    DblMul.o                      18
    DblSub.o                      18
    DblToS32.o                    14
    DblToU32.o                    14
    S32ToDbl.o                    14
    U32ToDbl.o                    14
    fpinit_M.o                    34
    frexp.o                      112
    ldexp.o                      260
    --------------------------------------------------
    Total:                       620

rt7M_tl.a: [7]
    ABImemcpy.o                  166
    ABImemset.o                  102
    I64DivMod.o                  560
    I64DivZer.o                    2
    cexit.o                       14
    cmain.o                       30
    cstart_closeall.o
    cstartup_M.o                  28
    data_init.o                   40
    lz77_init_single.o           118
    memchr.o                      88
    memset.o                      20
    strchr.o                      22
    strcmp.o                      18
    strlen.o                      54
    zero_init3.o                  56
    --------------------------------------------------
    Total:                     1'318

shb_l.a: [8]
    close.o                       24
    dwrite.o                      30
    exit.o                        20
    iarttio.o                    124
    iarwrite.o                    34
    iarwstd.o                     32
    lseek.o                       78
    remove.o                      20
    write.o                       16
    --------------------------------------------------
    Total:                       378

    Gaps                          19        4
    Linker created                         32    1'536
------------------------------------------------------
    Grand Total:              39'037      493    3'142


*******************************************************************************
*** ENTRY LIST
***

Entry                       Address   Size  Type      Object
-----                       -------   ----  ----      ------
.iar.init_table$$Base    0x800'95f0          --   Gb  - Linker created -
.iar.init_table$$Limit   0x800'9610          --   Gb  - Linker created -
?main                    0x800'9611         Code  Gb  cmain.o [7]
ADC_ConfigureBoostMode   0x800'6d61   0xfa  Code  Gb  stm32h7xx_hal_adc.o [4]
Aldata                  0x2400'0610    0x8  Data  Lc  heap0.o [5]
BusFault_Handler         0x800'955f    0x2  Code  Gb  stm32h7xx_it.o [2]
CSTACK$$Base            0x2400'0650          --   Gb  - Linker created -
CSTACK$$Limit           0x2400'0a50          --   Gb  - Linker created -
Cmd_Actuator_Backward    0x800'2537   0x28  Code  Lc  main.o [2]
Cmd_Actuator_Forward     0x800'255f   0x28  Code  Lc  main.o [2]
Cmd_Actuator_Y_Backward
                         0x800'2677   0x28  Code  Lc  main.o [2]
Cmd_Actuator_Y_Forward   0x800'269f   0x28  Code  Lc  main.o [2]
Cmd_Motor_Z_Down         0x800'2627   0x28  Code  Lc  main.o [2]
Cmd_Motor_Z_Up           0x800'264f   0x28  Code  Lc  main.o [2]
Cmd_Rotate_CCW           0x800'25af   0x28  Code  Lc  main.o [2]
Cmd_Rotate_CW            0x800'2587   0x28  Code  Lc  main.o [2]
Cmd_SPI_Tx_16            0x800'2717   0x5a  Code  Lc  main.o [2]
Cmd_Tilt_CCW             0x800'25d7   0x28  Code  Lc  main.o [2]
Cmd_Tilt_CW              0x800'25ff   0x28  Code  Lc  main.o [2]
Cmd_UART_Rx              0x800'278f  0x39c  Code  Lc  main.o [2]
Cmd_UART_Rx::ucommand   0x2400'0648    0x1  Data  Lc  main.o [2]
Cmd_X_Backward           0x800'26c7   0x28  Code  Lc  main.o [2]
Cmd_X_Forward            0x800'26ef   0x28  Code  Lc  main.o [2]
D1CorePrescTable         0x800'96e0   0x10  Data  Gb  system_stm32h7xx.o [3]
DebugMon_Handler         0x800'9565    0x2  Code  Gb  stm32h7xx_it.o [2]
Error_Handler            0x800'3849    0x4  Code  Gb  main.o [2]
HAL_ADC_ConfigChannel    0x800'6959  0x400  Code  Gb  stm32h7xx_hal_adc.o [4]
HAL_ADC_Init             0x800'6727  0x206  Code  Gb  stm32h7xx_hal_adc.o [4]
HAL_ADC_MspInit          0x800'6ff9   0xca  Code  Gb  stm32h7xx_hal_msp.o [2]
HAL_GPIO_Init            0x800'384d  0x232  Code  Gb  stm32h7xx_hal_gpio.o [4]
HAL_GPIO_ReadPin         0x800'3a7f   0x16  Code  Gb  stm32h7xx_hal_gpio.o [4]
HAL_GPIO_WritePin        0x800'3a95   0x1a  Code  Gb  stm32h7xx_hal_gpio.o [4]
HAL_GetTick              0x800'1cc5    0xc  Code  Gb  stm32h7xx_hal.o [4]
HAL_IncTick              0x800'958d   0x18  Code  Gb  stm32h7xx_hal.o [4]
HAL_Init                 0x800'4f4d   0x5e  Code  Gb  stm32h7xx_hal.o [4]
HAL_InitTick             0x800'22c5   0x58  Code  Gb  stm32h7xx_hal.o [4]
HAL_MspInit              0x800'6fd5   0x24  Code  Gb  stm32h7xx_hal_msp.o [2]
HAL_NVIC_EnableIRQ       0x800'243b    0xe  Code  Gb  stm32h7xx_hal_cortex.o [4]
HAL_NVIC_SetPriority     0x800'2417   0x24  Code  Gb  stm32h7xx_hal_cortex.o [4]
HAL_NVIC_SetPriorityGrouping
                         0x800'240b    0xc  Code  Gb  stm32h7xx_hal_cortex.o [4]
HAL_PWREx_ConfigSupply   0x800'5e45   0x92  Code  Gb  stm32h7xx_hal_pwr_ex.o [4]
HAL_RCCEx_GetD3PCLK1Freq
                         0x800'133b   0x1e  Code  Gb  stm32h7xx_hal_rcc_ex.o [4]
HAL_RCCEx_GetPLL1ClockFreq
                         0x800'17e5  0x228  Code  Gb  stm32h7xx_hal_rcc_ex.o [4]
HAL_RCCEx_GetPLL2ClockFreq
                         0x800'135d  0x226  Code  Gb  stm32h7xx_hal_rcc_ex.o [4]
HAL_RCCEx_GetPLL3ClockFreq
                         0x800'159d  0x22c  Code  Gb  stm32h7xx_hal_rcc_ex.o [4]
HAL_RCCEx_GetPeriphCLKFreq
                         0x800'0d85  0x5b6  Code  Gb  stm32h7xx_hal_rcc_ex.o [4]
HAL_RCCEx_PeriphCLKConfig
                         0x800'02ad  0xab4  Code  Gb  stm32h7xx_hal_rcc_ex.o [4]
HAL_RCC_ClockConfig      0x800'1cd1  0x306  Code  Gb  stm32h7xx_hal_rcc.o [4]
HAL_RCC_GetHCLKFreq      0x800'21ff   0x3c  Code  Gb  stm32h7xx_hal_rcc.o [4]
HAL_RCC_GetPCLK1Freq     0x800'223b   0x1a  Code  Gb  stm32h7xx_hal_rcc.o [4]
HAL_RCC_GetPCLK2Freq     0x800'2255   0x1a  Code  Gb  stm32h7xx_hal_rcc.o [4]
HAL_RCC_GetSysClockFreq
                         0x800'1fd9  0x226  Code  Gb  stm32h7xx_hal_rcc.o [4]
HAL_RCC_OscConfig        0x800'5ee1  0x704  Code  Gb  stm32h7xx_hal_rcc.o [4]
HAL_SPI_Init             0x800'3ae9  0x182  Code  Gb  stm32h7xx_hal_spi.o [4]
HAL_SPI_MspInit          0x800'70c3   0xd8  Code  Gb  stm32h7xx_hal_msp.o [2]
HAL_SPI_TransmitReceive
                         0x800'3c6b  0x444  Code  Gb  stm32h7xx_hal_spi.o [4]
HAL_SYSCFG_AnalogSwitchConfig
                         0x800'4fab   0x12  Code  Gb  stm32h7xx_hal.o [4]
HAL_SYSTICK_Config       0x800'2449    0xc  Code  Gb  stm32h7xx_hal_cortex.o [4]
HAL_TIMEx_Break2Callback
                         0x800'88cd    0x2  Code  Gb  stm32h7xx_hal_tim_ex.o [4]
HAL_TIMEx_BreakCallback
                         0x800'88cb    0x2  Code  Gb  stm32h7xx_hal_tim_ex.o [4]
HAL_TIMEx_CommutCallback
                         0x800'88d1    0x2  Code  Gb  stm32h7xx_hal_tim_ex.o [4]
HAL_TIMEx_ConfigBreakDeadTime
                         0x800'6f27   0x94  Code  Gb  stm32h7xx_hal_tim_ex.o [4]
HAL_TIMEx_MasterConfigSynchronization
                         0x800'6e89   0x9e  Code  Gb  stm32h7xx_hal_tim_ex.o [4]
HAL_TIM_Base_Init        0x800'4fd1   0x7a  Code  Gb  stm32h7xx_hal_tim.o [4]
HAL_TIM_Base_MspInit     0x800'7379   0x26  Code  Gb  stm32h7xx_hal_msp.o [2]
HAL_TIM_Base_Start       0x800'504b   0x8c  Code  Gb  stm32h7xx_hal_tim.o [4]
HAL_TIM_Base_Stop        0x800'50d7   0x30  Code  Gb  stm32h7xx_hal_tim.o [4]
HAL_TIM_IC_CaptureCallback
                         0x800'2475   0xc2  Code  Gb  main.o [2]
HAL_TIM_IC_ConfigChannel
                         0x800'5715   0xca  Code  Gb  stm32h7xx_hal_tim.o [4]
HAL_TIM_IC_Init          0x800'5321   0x7a  Code  Gb  stm32h7xx_hal_tim.o [4]
HAL_TIM_IC_MspInit       0x800'723d  0x13c  Code  Gb  stm32h7xx_hal_msp.o [2]
HAL_TIM_IC_Start_IT      0x800'53a1  0x1c4  Code  Gb  stm32h7xx_hal_tim.o [4]
HAL_TIM_IRQHandler       0x800'5581  0x194  Code  Gb  stm32h7xx_hal_tim.o [4]
HAL_TIM_MspPostInit      0x800'739f   0x90  Code  Gb  stm32h7xx_hal_msp.o [2]
HAL_TIM_OC_DelayElapsedCallback
                         0x800'88c5    0x2  Code  Gb  stm32h7xx_hal_tim.o [4]
HAL_TIM_PWM_ConfigChannel
                         0x800'57df  0x15a  Code  Gb  stm32h7xx_hal_tim.o [4]
HAL_TIM_PWM_Init         0x800'5125   0x7a  Code  Gb  stm32h7xx_hal_tim.o [4]
HAL_TIM_PWM_MspInit      0x800'719b   0xa2  Code  Gb  stm32h7xx_hal_msp.o [2]
HAL_TIM_PWM_PulseFinishedCallback
                         0x800'88c7    0x2  Code  Gb  stm32h7xx_hal_tim.o [4]
HAL_TIM_PWM_Start        0x800'519f  0x15e  Code  Gb  stm32h7xx_hal_tim.o [4]
HAL_TIM_PeriodElapsedCallback
                         0x800'88c9    0x2  Code  Gb  stm32h7xx_hal_tim.o [4]
HAL_TIM_TriggerCallback
                         0x800'88cf    0x2  Code  Gb  stm32h7xx_hal_tim.o [4]
HAL_UARTEx_DisableFifoMode
                         0x800'75f5   0x46  Code  Gb  stm32h7xx_hal_uart_ex.o [4]
HAL_UARTEx_EnableFifoMode
                         0x800'75a5   0x50  Code  Gb  stm32h7xx_hal_uart_ex.o [4]
HAL_UARTEx_SetRxFifoThreshold
                         0x800'7691   0x56  Code  Gb  stm32h7xx_hal_uart_ex.o [4]
HAL_UARTEx_SetTxFifoThreshold
                         0x800'763b   0x56  Code  Gb  stm32h7xx_hal_uart_ex.o [4]
HAL_UART_EnableReceiverTimeout
                         0x800'45b5   0x4e  Code  Gb  stm32h7xx_hal_uart.o [4]
HAL_UART_Init            0x800'42f1   0x7e  Code  Gb  stm32h7xx_hal_uart.o [4]
HAL_UART_MspInit         0x800'742f  0x12e  Code  Gb  stm32h7xx_hal_msp.o [2]
HAL_UART_Receive         0x800'4451  0x14c  Code  Gb  stm32h7xx_hal_uart.o [4]
HAL_UART_ReceiverTimeout_Config
                         0x800'459d   0x18  Code  Gb  stm32h7xx_hal_uart.o [4]
HAL_UART_Transmit        0x800'436f   0xe2  Code  Gb  stm32h7xx_hal_uart.o [4]
HEAP$$Base              0x2400'0a50          --   Gb  - Linker created -
HEAP$$Limit             0x2400'0c50          --   Gb  - Linker created -
HardFault_Handler        0x800'955b    0x2  Code  Gb  stm32h7xx_it.o [2]
LL_ADC_DisableDeepPowerDown
                         0x800'66db    0xc  Code  Lc  stm32h7xx_hal_adc.o [4]
LL_ADC_EnableInternalRegulator
                         0x800'66f1   0x10  Code  Lc  stm32h7xx_hal_adc.o [4]
LL_ADC_GetCommonPathInternalCh
                         0x800'65fd    0x8  Code  Lc  stm32h7xx_hal_adc.o [4]
LL_ADC_INJ_IsConversionOngoing
                         0x800'671d    0xa  Code  Lc  stm32h7xx_hal_adc.o [4]
LL_ADC_IsDeepPowerDownEnabled
                         0x800'66e7    0xa  Code  Lc  stm32h7xx_hal_adc.o [4]
LL_ADC_IsEnabled         0x800'670b    0x8  Code  Lc  stm32h7xx_hal_adc.o [4]
LL_ADC_IsInternalRegulatorEnabled
                         0x800'6701    0xa  Code  Lc  stm32h7xx_hal_adc.o [4]
LL_ADC_REG_IsConversionOngoing
                         0x800'6713    0xa  Code  Lc  stm32h7xx_hal_adc.o [4]
LL_ADC_REG_SetSequencerRanks
                         0x800'6653   0x2e  Code  Lc  stm32h7xx_hal_adc.o [4]
LL_ADC_SetChannelSamplingTime
                         0x800'6681   0x34  Code  Lc  stm32h7xx_hal_adc.o [4]
LL_ADC_SetChannelSingleDiff
                         0x800'66b5   0x26  Code  Lc  stm32h7xx_hal_adc.o [4]
LL_ADC_SetCommonClock    0x800'65e5    0xc  Code  Lc  stm32h7xx_hal_adc.o [4]
LL_ADC_SetCommonPathInternalCh
                         0x800'65f1    0xc  Code  Lc  stm32h7xx_hal_adc.o [4]
LL_ADC_SetDataRightShift
                         0x800'6623   0x18  Code  Lc  stm32h7xx_hal_adc.o [4]
LL_ADC_SetOffset         0x800'6605   0x1e  Code  Lc  stm32h7xx_hal_adc.o [4]
LL_ADC_SetOffsetSignedSaturation
                         0x800'663b   0x18  Code  Lc  stm32h7xx_hal_adc.o [4]
MX_ADC2_Init             0x800'2f85   0xd2  Code  Lc  main.o [2]
MX_GPIO_Init             0x800'3685  0x164  Code  Lc  main.o [2]
MX_SPI2_Init             0x800'3079   0xa0  Code  Lc  main.o [2]
MX_TIM1_Init             0x800'3119  0x10a  Code  Lc  main.o [2]
MX_TIM2_Init             0x800'3229   0xac  Code  Lc  main.o [2]
MX_TIM3_Init             0x800'32e1   0xde  Code  Lc  main.o [2]
MX_TIM4_Init             0x800'33c9   0xde  Code  Lc  main.o [2]
MX_TIM6_Init             0x800'34c5   0x58  Code  Lc  main.o [2]
MX_USART1_UART_Init      0x800'3539   0x88  Code  Lc  main.o [2]
MX_USART3_UART_Init      0x800'35d9   0x84  Code  Lc  main.o [2]
MemManage_Handler        0x800'955d    0x2  Code  Gb  stm32h7xx_it.o [2]
NMI_Handler              0x800'9559    0x2  Code  Gb  stm32h7xx_it.o [2]
NVIC_EncodePriority      0x800'2399   0x42  Code  Lc  stm32h7xx_hal_cortex.o [4]
PendSV_Handler           0x800'9567    0x2  Code  Gb  stm32h7xx_it.o [2]
RCCEx_PLL2_Config        0x800'1a31  0x130  Code  Lc  stm32h7xx_hal_rcc_ex.o [4]
RCCEx_PLL3_Config        0x800'1b69  0x130  Code  Lc  stm32h7xx_hal_rcc_ex.o [4]
Region$$Table$$Base      0x800'95f0          --   Gb  - Linker created -
Region$$Table$$Limit     0x800'9610          --   Gb  - Linker created -
SPI_CloseTransfer        0x800'40bd   0xce  Code  Lc  stm32h7xx_hal_spi.o [4]
SPI_GetPacketSize        0x800'41d5   0x16  Code  Lc  stm32h7xx_hal_spi.o [4]
SPI_WaitOnFlagUntilTimeout
                         0x800'4191   0x44  Code  Lc  stm32h7xx_hal_spi.o [4]
SVC_Handler              0x800'9563    0x2  Code  Gb  stm32h7xx_it.o [2]
SysTick_Config           0x800'23db   0x30  Code  Lc  stm32h7xx_hal_cortex.o [4]
SysTick_Handler          0x800'9569    0x8  Code  Gb  stm32h7xx_it.o [2]
SystemClock_Config       0x800'2ea9   0xd6  Code  Gb  main.o [2]
SystemCoreClock         0x2400'0010    0x4  Data  Gb  system_stm32h7xx.o [3]
SystemD2Clock           0x2400'0014    0x4  Data  Gb  system_stm32h7xx.o [3]
SystemInit               0x800'8e2d   0xc8  Code  Gb  system_stm32h7xx.o [3]
TIM3_IRQHandler          0x800'9571    0xa  Code  Gb  stm32h7xx_it.o [2]
TIM4_IRQHandler          0x800'957b    0xa  Code  Gb  stm32h7xx_it.o [2]
TIM_Base_SetConfig       0x800'5939   0xca  Code  Gb  stm32h7xx_hal_tim.o [4]
TIM_CCxChannelCmd        0x800'5e21   0x24  Code  Gb  stm32h7xx_hal_tim.o [4]
TIM_OC1_SetConfig        0x800'5a03   0xa0  Code  Lc  stm32h7xx_hal_tim.o [4]
TIM_OC2_SetConfig        0x800'5aa3   0x92  Code  Gb  stm32h7xx_hal_tim.o [4]
TIM_OC3_SetConfig        0x800'5b37   0x8e  Code  Lc  stm32h7xx_hal_tim.o [4]
TIM_OC4_SetConfig        0x800'5bc5   0x68  Code  Lc  stm32h7xx_hal_tim.o [4]
TIM_OC5_SetConfig        0x800'5c2d   0x58  Code  Lc  stm32h7xx_hal_tim.o [4]
TIM_OC6_SetConfig        0x800'5c85   0x5a  Code  Lc  stm32h7xx_hal_tim.o [4]
TIM_TI1_SetConfig        0x800'5cdf   0x74  Code  Gb  stm32h7xx_hal_tim.o [4]
TIM_TI2_SetConfig        0x800'5d53   0x36  Code  Lc  stm32h7xx_hal_tim.o [4]
TIM_TI3_SetConfig        0x800'5d89   0x34  Code  Lc  stm32h7xx_hal_tim.o [4]
TIM_TI4_SetConfig        0x800'5dbd   0x36  Code  Lc  stm32h7xx_hal_tim.o [4]
UARTEx_SetNbDataToProcess
                         0x800'76e7   0x72  Code  Lc  stm32h7xx_hal_uart_ex.o [4]
UARTEx_SetNbDataToProcess::denominator
                         0x800'97d4    0x8  Data  Lc  stm32h7xx_hal_uart_ex.o [4]
UARTEx_SetNbDataToProcess::numerator
                         0x800'97cc    0x8  Data  Lc  stm32h7xx_hal_uart_ex.o [4]
UARTPrescTable           0x800'9680   0x18  Data  Gb  stm32h7xx_hal_uart.o [4]
UART_AdvFeatureConfig    0x800'4c3d   0xda  Code  Gb  stm32h7xx_hal_uart.o [4]
UART_CheckIdleState      0x800'4d17   0x72  Code  Gb  stm32h7xx_hal_uart.o [4]
UART_SetConfig           0x800'4609  0x632  Code  Gb  stm32h7xx_hal_uart.o [4]
UART_WaitOnFlagUntilTimeout
                         0x800'4d89   0xba  Code  Gb  stm32h7xx_hal_uart.o [4]
UsageFault_Handler       0x800'9561    0x2  Code  Gb  stm32h7xx_it.o [2]
_Close_all               0x800'94e1   0x40  Code  Gb  xcloseall.o [5]
_Files                  0x2400'0128   0x20  Data  Gb  xfiles.o [5]
_Fofree                  0x800'9341   0x94  Code  Gb  xfofind.o [5]
_Fspos                   0x800'8f4d   0xd8  Code  Gb  xfspos.o [5]
_Fwprep                  0x800'9269   0xb4  Code  Gb  xfwprep.o [5]
_LitobFullNoMb           0x800'8499  0x10c  Code  Lc  xprintffull_nomb.o [5]
_Locale_lconv           0x2400'0018   0x38  Data  Lc  xlocale_c.o [5]
_Nnl                     0x800'90d1    0xc  Code  Gb  xfgpos.o [5]
_PrintfFullNoMb          0x800'7761  0xd08  Code  Gb  xprintffull_nomb.o [5]
_Prout                   0x800'9699   0x16  Code  Gb  xprout.o [5]
_PutcharFullNoMb         0x800'85fd   0x20  Code  Lc  xprintffull_nomb.o [5]
_PutcharsFullNoMb        0x800'861d   0x2e  Code  Lc  xprintffull_nomb.o [5]
__NVIC_EnableIRQ         0x800'234d   0x20  Code  Lc  stm32h7xx_hal_cortex.o [4]
__NVIC_GetPriorityGrouping
                         0x800'233f    0xc  Code  Lc  stm32h7xx_hal_cortex.o [4]
__NVIC_SetPriority       0x800'236d   0x2c  Code  Lc  stm32h7xx_hal_cortex.o [4]
__NVIC_SetPriorityGrouping
                         0x800'231d   0x22  Code  Lc  stm32h7xx_hal_cortex.o [4]
__aeabi_cdcmple          0x800'8a41         Code  Gb  DblCmpLe.o [6]
__aeabi_cdrcmple         0x800'8a75         Code  Gb  DblCmpGe.o [6]
__aeabi_d2iz             0x800'8bad    0xe  Code  Gb  DblToS32.o [6]
__aeabi_d2uiz            0x800'8bed    0xe  Code  Gb  DblToU32.o [6]
__aeabi_ddiv             0x800'8bdb   0x12  Code  Gb  DblDiv.o [6]
__aeabi_dmul             0x800'8c09   0x12  Code  Gb  DblMul.o [6]
__aeabi_dsub             0x800'8bc9   0x12  Code  Gb  DblSub.o [6]
__aeabi_i2d              0x800'8bbb    0xe  Code  Gb  S32ToDbl.o [6]
__aeabi_ldiv0            0x800'8c25         Code  Gb  I64DivZer.o [7]
__aeabi_memcpy           0x800'4ea5         Code  Gb  ABImemcpy.o [7]
__aeabi_memcpy4          0x800'4ec5         Code  Gb  ABImemcpy.o [7]
__aeabi_memcpy8          0x800'4ec5         Code  Gb  ABImemcpy.o [7]
__aeabi_memset           0x800'4289         Code  Gb  ABImemset.o [7]
__aeabi_ui2d             0x800'8bfb    0xe  Code  Gb  U32ToDbl.o [6]
__aeabi_uldivmod         0x800'8695         Code  Gb  I64DivMod.o [7]
__basic_free             0x800'8d71   0x16  Code  Gb  heap0.o [5]
__basic_free_intern      0x800'8d87   0x74  Code  Lc  heap0.o [5]
__basic_malloc           0x800'8cc5   0x18  Code  Gb  heap0.o [5]
__basic_malloc_intern    0x800'8cdd   0x94  Code  Lc  heap0.o [5]
__cexit_closeall         0x800'963b         Code  Gb  cexit.o [7]
__close                  0x800'945f   0x18  Code  Gb  close.o [8]
__cmain                  0x800'9611         Code  Gb  cmain.o [7]
__cstart_closeall        0x800'99e8         Data  Gb  cstart_closeall.o [7]
__data_GetMemChunk       0x800'8e01   0x2c  Code  Gb  xgetmemchunk.o [5]
__data_GetMemChunk::start
                        0x2400'0644    0x4  Data  Lc  xgetmemchunk.o [5]
__dwrite                 0x800'9209   0x1e  Code  Gb  dwrite.o [8]
__exit                   0x800'8c2d   0x14  Code  Gb  exit.o [8]
__iar_Fail_s             0x800'8901   0x1c  Code  Gb  xfail_s.o [5]
__iar_Memchr             0x800'8979         Code  Gb  memchr.o [7]
__iar_Memset             0x800'4289         Code  Gb  ABImemset.o [7]
__iar_Memset_word        0x800'4291         Code  Gb  ABImemset.o [7]
__iar_Stderr            0x2400'00e0   0x48  Data  Gb  xfiles.o [5]
__iar_Stdin             0x2400'0050   0x48  Data  Gb  xfiles.o [5]
__iar_Stdout            0x2400'0098   0x48  Data  Gb  xfiles.o [5]
__iar_Strchr             0x800'88e9         Code  Gb  strchr.o [7]
__iar_close_ttio         0x800'8c41   0x2c  Code  Gb  iarttio.o [8]
__iar_data_init3         0x800'95a5   0x28  Code  Gb  data_init.o [7]
__iar_frexp              0x800'89dd         Code  Gb  frexp.o [6]
__iar_frexpl             0x800'89dd         Code  Gb  frexp.o [6]
__iar_get_ttio           0x800'8c6d   0x4c  Code  Gb  iarttio.o [8]
__iar_init_vfp           0x800'95cd         Code  Gb  fpinit_M.o [6]
__iar_ldexp64            0x800'8abd         Code  Gb  ldexp.o [6]
__iar_lookup_ttioh       0x800'8cbd    0x8  Code  Gb  XShttio.o [5]
__iar_lz77_init_single3
                         0x800'41eb   0x76  Code  Gb  lz77_init_single.o [7]
__iar_program_start      0x800'9665         Code  Gb  cstartup_M.o [7]
__iar_scalbln64          0x800'8abd         Code  Gb  ldexp.o [6]
__iar_scalbn64           0x800'8abd         Code  Gb  ldexp.o [6]
__iar_sh_Discard         0x800'913d   0x42  Code  Gb  XShHandles.o [5]
__iar_sh_Move            0x800'917f   0x46  Code  Gb  XShHandles.o [5]
__iar_sh_Pos             0x800'91c5   0x40  Code  Gb  XShHandles.o [5]
__iar_sh_stdout          0x800'9227   0x20  Code  Gb  iarwstd.o [8]
__iar_sh_write           0x800'9247   0x22  Code  Gb  iarwrite.o [8]
__iar_softfp___iar_frexp64
                         0x800'89d1         Code  Gb  frexp.o [6]
__iar_softfp___iar_ldexp64
                         0x800'8aa9         Code  Gb  ldexp.o [6]
__iar_softfp___iar_scalbln64
                         0x800'8aa9         Code  Gb  ldexp.o [6]
__iar_softfp___iar_scalbn64
                         0x800'8aa9         Code  Gb  ldexp.o [6]
__iar_softfp_frexp       0x800'89d1         Code  Gb  frexp.o [6]
__iar_softfp_frexpl      0x800'89d1         Code  Gb  frexp.o [6]
__iar_softfp_ldexp       0x800'8aa9         Code  Gb  ldexp.o [6]
__iar_softfp_ldexpl      0x800'8aa9         Code  Gb  ldexp.o [6]
__iar_softfp_scalbln     0x800'8aa9         Code  Gb  ldexp.o [6]
__iar_softfp_scalblnl    0x800'8aa9         Code  Gb  ldexp.o [6]
__iar_softfp_scalbn      0x800'8aa9         Code  Gb  ldexp.o [6]
__iar_softfp_scalbnl     0x800'8aa9         Code  Gb  ldexp.o [6]
__iar_ttio_handles      0x2400'0148    0x8  Data  Lc  XShttio.o [5]
__iar_zero_init3         0x800'9521   0x38  Code  Gb  zero_init3.o [7]
__low_level_init         0x800'962f    0x4  Code  Gb  low_level_init.o [5]
__lseek                  0x800'90dd   0x4e  Code  Gb  lseek.o [8]
__vector_table           0x800'0000         Data  Gb  startup_stm32h7a3xxq.o [1]
__write                  0x800'912b   0x10  Code  Gb  write.o [8]
_call_main               0x800'961d         Code  Gb  cmain.o [7]
_exit                    0x800'9639         Code  Gb  cexit.o [7]
a_encoder_rotate_sp_drive
                        0x2400'062c    0x4  Data  Gb  main.o [2]
a_encoder_tilt_sp_drive
                        0x2400'0634    0x4  Data  Gb  main.o [2]
a_encoder_x_sp_drive    0x2400'0620    0x4  Data  Gb  main.o [2]
a_encoder_z_sp_drive    0x2400'0618    0x4  Data  Gb  main.o [2]
abort                    0x800'8c27    0x6  Code  Gb  abort.o [5]
b_encoder_rotate_sp_drive
                        0x2400'0630    0x4  Data  Gb  main.o [2]
b_encoder_tilt_sp_drive
                        0x2400'0628    0x4  Data  Gb  main.o [2]
b_encoder_x_sp_drive    0x2400'0624    0x4  Data  Gb  main.o [2]
b_encoder_z_sp_drive    0x2400'061c    0x4  Data  Gb  main.o [2]
ebuf                    0x2400'03e0   0x50  Data  Lc  xfiles.o [5]
ecomilk                 0x2400'0000    0xc  Data  Gb  main.o [2]
exit                     0x800'9633    0x4  Code  Gb  exit.o [5]
fclose                   0x800'93e1   0x7e  Code  Gb  fclose.o [5]
fflush                   0x800'9099   0x34  Code  Gb  fflush.o [5]
fflushOne                0x800'9025   0x74  Code  Lc  fflush.o [5]
fputc                    0x800'948b   0x56  Code  Gb  fputc.o [5]
free                     0x800'93dd    0x4  Code  Gb  heaptramp0.o [5]
fseek                    0x800'931d   0x24  Code  Gb  fseek.o [5]
hadc2                   0x2400'037c   0x64  Data  Gb  main.o [2]
hspi2                   0x2400'0274   0x88  Data  Gb  main.o [2]
htim1                   0x2400'0480   0x4c  Data  Gb  main.o [2]
htim2                   0x2400'04cc   0x4c  Data  Gb  main.o [2]
htim3                   0x2400'0518   0x4c  Data  Gb  main.o [2]
htim4                   0x2400'0564   0x4c  Data  Gb  main.o [2]
htim6                   0x2400'05b0   0x4c  Data  Gb  main.o [2]
huart1                  0x2400'0154   0x90  Data  Gb  main.o [2]
huart3                  0x2400'01e4   0x90  Data  Gb  main.o [2]
ldexp                    0x800'8abd         Code  Gb  ldexp.o [6]
ldexpl                   0x800'8abd         Code  Gb  ldexp.o [6]
localeconv               0x800'8c1d    0x4  Code  Gb  xlocale_c.o [5]
main                     0x800'2b2b  0x37e  Code  Gb  main.o [2]
memchr                   0x800'8979         Code  Gb  memchr.o [7]
memset                   0x800'88d3   0x14  Code  Gb  memset.o [7]
obuf                    0x2400'0430   0x50  Data  Lc  xfiles.o [5]
pool_rx                 0x2400'05fc   0x14  Data  Gb  main.o [2]
pool_rx_idx             0x2400'0638    0x4  Data  Gb  main.o [2]
pool_rx_init             0x800'2771   0x1e  Code  Lc  main.o [2]
printf                   0x800'4261   0x28  Code  Gb  printf.o [5]
putchar                  0x800'96b1    0xc  Code  Gb  putchar.o [5]
remove                   0x800'9477   0x14  Code  Gb  remove.o [8]
sFileInfo               0x2400'02fc   0x80  Data  Lc  XShHandles.o [5]
scalbln                  0x800'8abd         Code  Gb  ldexp.o [6]
scalblnl                 0x800'8abd         Code  Gb  ldexp.o [6]
scalbn                   0x800'8abd         Code  Gb  ldexp.o [6]
scalbnl                  0x800'8abd         Code  Gb  ldexp.o [6]
scale                    0x800'85a5   0x46  Code  Lc  xprintffull_nomb.o [5]
sec_hand                0x2400'0640    0x4  Data  Lc  xfail_s.o [5]
strchr                   0x800'88e9         Code  Gb  strchr.o [7]
strcmp                   0x800'4e91         Code  Gb  strcmp.o [7]
strlen                   0x800'8941         Code  Gb  strlen.o [7]
uwTick                  0x2400'063c    0x4  Data  Gb  stm32h7xx_hal.o [4]
uwTickFreq              0x2400'0150    0x1  Data  Gb  stm32h7xx_hal.o [4]
uwTickPrio              0x2400'000c    0x4  Data  Gb  stm32h7xx_hal.o [4]


[1] = C:\Users\yael\source\repos\EcoMilk\STM32H7A3ZITxQ\EWARM\STM32H7A3ZITxQ\Obj\Application\EWARM
[2] = C:\Users\yael\source\repos\EcoMilk\STM32H7A3ZITxQ\EWARM\STM32H7A3ZITxQ\Obj\Application\User\Core
[3] = C:\Users\yael\source\repos\EcoMilk\STM32H7A3ZITxQ\EWARM\STM32H7A3ZITxQ\Obj\Drivers\CMSIS
[4] = C:\Users\yael\source\repos\EcoMilk\STM32H7A3ZITxQ\EWARM\STM32H7A3ZITxQ\Obj\Drivers\STM32H7xx_HAL_Driver
[5] = dl7M_tlf.a
[6] = m7M_tlv.a
[7] = rt7M_tl.a
[8] = shb_l.a

  39'037 bytes of readonly  code memory
     493 bytes of readonly  data memory
   3'142 bytes of readwrite data memory

Errors: none
Warnings: none
