###############################################################################
#
# IAR ELF Linker V9.10.1.308/W64 for ARM                  21/Nov/2021  16:07:46
# Copyright 2007-2021 IAR Systems AB.
#
#    Output file  =
#        C:\Users\yael\source\repos\EcoMilk\STM32H7A3ZITxQ\EWARM\STM32H7A3ZITxQ\Exe\STM32H7A3ZITxQ.out
#    Map file     =
#        C:\Users\yael\source\repos\EcoMilk\STM32H7A3ZITxQ\EWARM\STM32H7A3ZITxQ\List\STM32H7A3ZITxQ.map
#    Command line =
#        -f
#        C:\Users\yael\source\repos\EcoMilk\STM32H7A3ZITxQ\EWARM\STM32H7A3ZITxQ\Exe\STM32H7A3ZITxQ.out.rsp
#        (C:\Users\yael\source\repos\EcoMilk\STM32H7A3ZITxQ\EWARM\STM32H7A3ZITxQ\Obj\Application\User\Core\main.o
#        C:\Users\yael\source\repos\EcoMilk\STM32H7A3ZITxQ\EWARM\STM32H7A3ZITxQ\Obj\Application\EWARM\startup_stm32h7a3xxq.o
#        C:\Users\yael\source\repos\EcoMilk\STM32H7A3ZITxQ\EWARM\STM32H7A3ZITxQ\Obj\Drivers\STM32H7xx_HAL_Driver\stm32h7xx_hal.o
#        C:\Users\yael\source\repos\EcoMilk\STM32H7A3ZITxQ\EWARM\STM32H7A3ZITxQ\Obj\Drivers\STM32H7xx_HAL_Driver\stm32h7xx_hal_adc.o
#        C:\Users\yael\source\repos\EcoMilk\STM32H7A3ZITxQ\EWARM\STM32H7A3ZITxQ\Obj\Drivers\STM32H7xx_HAL_Driver\stm32h7xx_hal_adc_ex.o
#        C:\Users\yael\source\repos\EcoMilk\STM32H7A3ZITxQ\EWARM\STM32H7A3ZITxQ\Obj\Drivers\STM32H7xx_HAL_Driver\stm32h7xx_hal_cortex.o
#        C:\Users\yael\source\repos\EcoMilk\STM32H7A3ZITxQ\EWARM\STM32H7A3ZITxQ\Obj\Drivers\STM32H7xx_HAL_Driver\stm32h7xx_hal_dma.o
#        C:\Users\yael\source\repos\EcoMilk\STM32H7A3ZITxQ\EWARM\STM32H7A3ZITxQ\Obj\Drivers\STM32H7xx_HAL_Driver\stm32h7xx_hal_dma_ex.o
#        C:\Users\yael\source\repos\EcoMilk\STM32H7A3ZITxQ\EWARM\STM32H7A3ZITxQ\Obj\Drivers\STM32H7xx_HAL_Driver\stm32h7xx_hal_exti.o
#        C:\Users\yael\source\repos\EcoMilk\STM32H7A3ZITxQ\EWARM\STM32H7A3ZITxQ\Obj\Drivers\STM32H7xx_HAL_Driver\stm32h7xx_hal_flash.o
#        C:\Users\yael\source\repos\EcoMilk\STM32H7A3ZITxQ\EWARM\STM32H7A3ZITxQ\Obj\Drivers\STM32H7xx_HAL_Driver\stm32h7xx_hal_flash_ex.o
#        C:\Users\yael\source\repos\EcoMilk\STM32H7A3ZITxQ\EWARM\STM32H7A3ZITxQ\Obj\Drivers\STM32H7xx_HAL_Driver\stm32h7xx_hal_gpio.o
#        C:\Users\yael\source\repos\EcoMilk\STM32H7A3ZITxQ\EWARM\STM32H7A3ZITxQ\Obj\Drivers\STM32H7xx_HAL_Driver\stm32h7xx_hal_hsem.o
#        C:\Users\yael\source\repos\EcoMilk\STM32H7A3ZITxQ\EWARM\STM32H7A3ZITxQ\Obj\Drivers\STM32H7xx_HAL_Driver\stm32h7xx_hal_i2c.o
#        C:\Users\yael\source\repos\EcoMilk\STM32H7A3ZITxQ\EWARM\STM32H7A3ZITxQ\Obj\Drivers\STM32H7xx_HAL_Driver\stm32h7xx_hal_i2c_ex.o
#        C:\Users\yael\source\repos\EcoMilk\STM32H7A3ZITxQ\EWARM\STM32H7A3ZITxQ\Obj\Drivers\STM32H7xx_HAL_Driver\stm32h7xx_hal_mdma.o
#        C:\Users\yael\source\repos\EcoMilk\STM32H7A3ZITxQ\EWARM\STM32H7A3ZITxQ\Obj\Application\User\Core\stm32h7xx_hal_msp.o
#        C:\Users\yael\source\repos\EcoMilk\STM32H7A3ZITxQ\EWARM\STM32H7A3ZITxQ\Obj\Drivers\STM32H7xx_HAL_Driver\stm32h7xx_hal_pwr.o
#        C:\Users\yael\source\repos\EcoMilk\STM32H7A3ZITxQ\EWARM\STM32H7A3ZITxQ\Obj\Drivers\STM32H7xx_HAL_Driver\stm32h7xx_hal_pwr_ex.o
#        C:\Users\yael\source\repos\EcoMilk\STM32H7A3ZITxQ\EWARM\STM32H7A3ZITxQ\Obj\Drivers\STM32H7xx_HAL_Driver\stm32h7xx_hal_rcc.o
#        C:\Users\yael\source\repos\EcoMilk\STM32H7A3ZITxQ\EWARM\STM32H7A3ZITxQ\Obj\Drivers\STM32H7xx_HAL_Driver\stm32h7xx_hal_rcc_ex.o
#        C:\Users\yael\source\repos\EcoMilk\STM32H7A3ZITxQ\EWARM\STM32H7A3ZITxQ\Obj\Drivers\STM32H7xx_HAL_Driver\stm32h7xx_hal_spi.o
#        C:\Users\yael\source\repos\EcoMilk\STM32H7A3ZITxQ\EWARM\STM32H7A3ZITxQ\Obj\Drivers\STM32H7xx_HAL_Driver\stm32h7xx_hal_spi_ex.o
#        C:\Users\yael\source\repos\EcoMilk\STM32H7A3ZITxQ\EWARM\STM32H7A3ZITxQ\Obj\Drivers\STM32H7xx_HAL_Driver\stm32h7xx_hal_tim.o
#        C:\Users\yael\source\repos\EcoMilk\STM32H7A3ZITxQ\EWARM\STM32H7A3ZITxQ\Obj\Drivers\STM32H7xx_HAL_Driver\stm32h7xx_hal_tim_ex.o
#        C:\Users\yael\source\repos\EcoMilk\STM32H7A3ZITxQ\EWARM\STM32H7A3ZITxQ\Obj\Drivers\STM32H7xx_HAL_Driver\stm32h7xx_hal_uart.o
#        C:\Users\yael\source\repos\EcoMilk\STM32H7A3ZITxQ\EWARM\STM32H7A3ZITxQ\Obj\Drivers\STM32H7xx_HAL_Driver\stm32h7xx_hal_uart_ex.o
#        C:\Users\yael\source\repos\EcoMilk\STM32H7A3ZITxQ\EWARM\STM32H7A3ZITxQ\Obj\Application\User\Core\stm32h7xx_it.o
#        C:\Users\yael\source\repos\EcoMilk\STM32H7A3ZITxQ\EWARM\STM32H7A3ZITxQ\Obj\Drivers\CMSIS\system_stm32h7xx.o
#        --no_out_extension -o
#        C:\Users\yael\source\repos\EcoMilk\STM32H7A3ZITxQ\EWARM\STM32H7A3ZITxQ\Exe\STM32H7A3ZITxQ.out
#        --redirect _Printf=_PrintfFullNoMb --redirect _Scanf=_ScanfFullNoMb
#        --map
#        C:\Users\yael\source\repos\EcoMilk\STM32H7A3ZITxQ\EWARM\STM32H7A3ZITxQ\List\STM32H7A3ZITxQ.map
#        --config
#        C:\Users\yael\source\repos\EcoMilk\STM32H7A3ZITxQ\EWARM/stm32h7a3xxq_flash.icf
#        --semihosting --entry __iar_program_start --vfe --text_out locale)
#
###############################################################################

*******************************************************************************
*** RUNTIME MODEL ATTRIBUTES
***

CppFlavor       = *
__SystemLibrary = DLib
__dlib_version  = 6


*******************************************************************************
*** HEAP SELECTION
***

The basic heap was selected because no calls to memory allocation
functions were found in the application outside of system library
functions, and there are calls to deallocation functions in the
application.


*******************************************************************************
*** PLACEMENT SUMMARY
***

"A0":  place at address 0x800'0000 { ro section .intvec };
"P1":  place in [from 0x800'0000 to 0x81f'ffff] { ro };
define block CSTACK with size = 1K, alignment = 8 { };
define block HEAP with size = 512, alignment = 8 { };
"P2":  place in [from 0x2400'0000 to 0x2407'ffff] {
          rw, block CSTACK, block HEAP };
initialize by copy { rw };

  Section            Kind         Address    Size  Object
  -------            ----         -------    ----  ------
"A0":                                       0x2ac
  .intvec            ro code   0x800'0000   0x2ac  startup_stm32h7a3xxq.o [1]
                             - 0x800'02ac   0x2ac

"P1":                                      0x7e04
  .text              ro code   0x800'02ac  0x1a18  stm32h7xx_hal_rcc_ex.o [4]
  .text              ro code   0x800'1cc4     0xc  stm32h7xx_hal.o [4]
  .text              ro code   0x800'1cd0   0x5f4  stm32h7xx_hal_rcc.o [4]
  .text              ro code   0x800'22c4    0x58  stm32h7xx_hal.o [4]
  .text              ro code   0x800'231c   0x158  stm32h7xx_hal_cortex.o [4]
  .text              ro code   0x800'2474  0x14ac  main.o [2]
  .text              ro code   0x800'3920  0x1140  stm32h7xx_hal_tim.o [4]
  .text              ro code   0x800'4a60   0x29c  stm32h7xx_hal_gpio.o [4]
  .text              ro code   0x800'4cfc   0x57a  stm32h7xx_hal_spi.o [4]
  .text              ro code   0x800'5276    0x2a  copy_init3.o [7]
  .text              ro code   0x800'52a0    0x66  ABImemset.o [7]
  .text              ro code   0x800'5308   0xb34  stm32h7xx_hal_uart.o [4]
  .text              ro code   0x800'5e3c    0x12  strcmp.o [7]
  .text              ro code   0x800'5e50    0x86  ABImemcpy.o [7]
  .text              ro code   0x800'5ed8    0x84  stm32h7xx_hal.o [4]
  .text              ro code   0x800'5f5c    0x9c  stm32h7xx_hal_pwr_ex.o [4]
  .text              ro code   0x800'5ff8   0x704  stm32h7xx_hal_rcc.o [4]
  .text              ro code   0x800'66fc   0x8a4  stm32h7xx_hal_adc.o [4]
  .text              ro code   0x800'6fa0   0x14c  stm32h7xx_hal_tim_ex.o [4]
  .text              ro code   0x800'70ec   0x5c8  stm32h7xx_hal_msp.o [2]
  .text              ro code   0x800'76b4   0x1bc  stm32h7xx_hal_uart_ex.o [4]
  .text              ro code   0x800'7870     0x2  stm32h7xx_hal_tim.o [4]
  .text              ro code   0x800'7872     0x2  stm32h7xx_hal_tim.o [4]
  .text              ro code   0x800'7874     0x2  stm32h7xx_hal_tim_ex.o [4]
  .text              ro code   0x800'7876     0x2  stm32h7xx_hal_tim_ex.o [4]
  .text              ro code   0x800'7878     0x2  stm32h7xx_hal_tim.o [4]
  .text              ro code   0x800'787a     0x2  stm32h7xx_hal_tim_ex.o [4]
  .text              ro code   0x800'787c   0x230  I64DivMod.o [7]
  .text              ro code   0x800'7aac    0x14  memset.o [7]
  .text              ro code   0x800'7ac0     0x2  I64DivZer.o [7]
  .text              ro code   0x800'7ac4   0x120  system_stm32h7xx.o [3]
  .text              ro code   0x800'7be4    0x44  stm32h7xx_it.o [2]
  .text              ro code   0x800'7c28    0x18  stm32h7xx_hal.o [4]
  .text              ro code   0x800'7c40    0x38  zero_init3.o [7]
  .text              ro code   0x800'7c78    0x28  data_init.o [7]
  .text              ro code   0x800'7ca0    0x22  fpinit_M.o [6]
  .iar.init_table    const     0x800'7cc4    0x24  - Linker created -
  .text              ro code   0x800'7ce8    0x1e  cmain.o [7]
  .text              ro code   0x800'7d06     0x4  low_level_init.o [5]
  .text              ro code   0x800'7d0a     0x4  exit.o [5]
  .text              ro code   0x800'7d10     0xa  cexit.o [7]
  .text              ro code   0x800'7d1c    0x14  exit.o [8]
  .rodata            const     0x800'7d30    0x1c  main.o [2]
  .text              ro code   0x800'7d4c    0x1c  cstartup_M.o [7]
  Initializer bytes  const     0x800'7d68    0x1c  <for P2-1>
  .rodata            const     0x800'7d84    0x18  stm32h7xx_hal_uart.o [4]
  .rodata            const     0x800'7d9c    0x10  main.o [2]
  .rodata            const     0x800'7dac    0x10  system_stm32h7xx.o [3]
  .text              ro code   0x800'7dbc    0x10  startup_stm32h7a3xxq.o [1]
  .rodata            const     0x800'7dcc     0xc  main.o [2]
  .rodata            const     0x800'7dd8     0x8  main.o [2]
  .rodata            const     0x800'7de0     0x8  main.o [2]
  .rodata            const     0x800'7de8     0x8  main.o [2]
  .rodata            const     0x800'7df0     0x8  main.o [2]
  .rodata            const     0x800'7df8     0x8  main.o [2]
  .rodata            const     0x800'7e00     0x8  main.o [2]
  .rodata            const     0x800'7e08     0x8  main.o [2]
  .rodata            const     0x800'7e10     0x8  main.o [2]
  .rodata            const     0x800'7e18     0x8  main.o [2]
  .rodata            const     0x800'7e20     0x8  main.o [2]
  .rodata            const     0x800'7e28     0x8  main.o [2]
  .rodata            const     0x800'7e30     0x8  main.o [2]
  .rodata            const     0x800'7e38     0x8  main.o [2]
  .rodata            const     0x800'7e40     0x8  main.o [2]
  .rodata            const     0x800'7e48     0x8  main.o [2]
  .rodata            const     0x800'7e50     0x8  main.o [2]
  .rodata            const     0x800'7e58     0x8  main.o [2]
  .rodata            const     0x800'7e60     0x8  main.o [2]
  .rodata            const     0x800'7e68     0x8  main.o [2]
  .rodata            const     0x800'7e70     0x8  main.o [2]
  .rodata            const     0x800'7e78     0x8  main.o [2]
  .rodata            const     0x800'7e80     0x8  main.o [2]
  .rodata            const     0x800'7e88     0x8  main.o [2]
  .rodata            const     0x800'7e90     0x8  main.o [2]
  .rodata            const     0x800'7e98     0x8  stm32h7xx_hal_uart_ex.o [4]
  .rodata            const     0x800'7ea0     0x8  stm32h7xx_hal_uart_ex.o [4]
  .text              ro code   0x800'7ea8     0x4  startup_stm32h7a3xxq.o [1]
  .text              ro code   0x800'7eac     0x4  startup_stm32h7a3xxq.o [1]
  .text              ro code   0x800'7eb0     0x4  startup_stm32h7a3xxq.o [1]
  .text              ro code   0x800'7eb4     0x4  startup_stm32h7a3xxq.o [1]
  .text              ro code   0x800'7eb8     0x4  startup_stm32h7a3xxq.o [1]
  .text              ro code   0x800'7ebc     0x4  startup_stm32h7a3xxq.o [1]
  .text              ro code   0x800'7ec0     0x4  startup_stm32h7a3xxq.o [1]
  .text              ro code   0x800'7ec4     0x4  startup_stm32h7a3xxq.o [1]
  .text              ro code   0x800'7ec8     0x4  startup_stm32h7a3xxq.o [1]
  .text              ro code   0x800'7ecc     0x4  startup_stm32h7a3xxq.o [1]
  .text              ro code   0x800'7ed0     0x4  startup_stm32h7a3xxq.o [1]
  .text              ro code   0x800'7ed4     0x4  startup_stm32h7a3xxq.o [1]
  .text              ro code   0x800'7ed8     0x4  startup_stm32h7a3xxq.o [1]
  .text              ro code   0x800'7edc     0x4  startup_stm32h7a3xxq.o [1]
  .text              ro code   0x800'7ee0     0x4  startup_stm32h7a3xxq.o [1]
  .text              ro code   0x800'7ee4     0x4  startup_stm32h7a3xxq.o [1]
  .text              ro code   0x800'7ee8     0x4  startup_stm32h7a3xxq.o [1]
  .text              ro code   0x800'7eec     0x4  startup_stm32h7a3xxq.o [1]
  .text              ro code   0x800'7ef0     0x4  startup_stm32h7a3xxq.o [1]
  .text              ro code   0x800'7ef4     0x4  startup_stm32h7a3xxq.o [1]
  .text              ro code   0x800'7ef8     0x4  startup_stm32h7a3xxq.o [1]
  .text              ro code   0x800'7efc     0x4  startup_stm32h7a3xxq.o [1]
  .text              ro code   0x800'7f00     0x4  startup_stm32h7a3xxq.o [1]
  .text              ro code   0x800'7f04     0x4  startup_stm32h7a3xxq.o [1]
  .text              ro code   0x800'7f08     0x4  startup_stm32h7a3xxq.o [1]
  .text              ro code   0x800'7f0c     0x4  startup_stm32h7a3xxq.o [1]
  .text              ro code   0x800'7f10     0x4  startup_stm32h7a3xxq.o [1]
  .text              ro code   0x800'7f14     0x4  startup_stm32h7a3xxq.o [1]
  .text              ro code   0x800'7f18     0x4  startup_stm32h7a3xxq.o [1]
  .text              ro code   0x800'7f1c     0x4  startup_stm32h7a3xxq.o [1]
  .text              ro code   0x800'7f20     0x4  startup_stm32h7a3xxq.o [1]
  .text              ro code   0x800'7f24     0x4  startup_stm32h7a3xxq.o [1]
  .text              ro code   0x800'7f28     0x4  startup_stm32h7a3xxq.o [1]
  .text              ro code   0x800'7f2c     0x4  startup_stm32h7a3xxq.o [1]
  .text              ro code   0x800'7f30     0x4  startup_stm32h7a3xxq.o [1]
  .text              ro code   0x800'7f34     0x4  startup_stm32h7a3xxq.o [1]
  .text              ro code   0x800'7f38     0x4  startup_stm32h7a3xxq.o [1]
  .text              ro code   0x800'7f3c     0x4  startup_stm32h7a3xxq.o [1]
  .text              ro code   0x800'7f40     0x4  startup_stm32h7a3xxq.o [1]
  .text              ro code   0x800'7f44     0x4  startup_stm32h7a3xxq.o [1]
  .text              ro code   0x800'7f48     0x4  startup_stm32h7a3xxq.o [1]
  .text              ro code   0x800'7f4c     0x4  startup_stm32h7a3xxq.o [1]
  .text              ro code   0x800'7f50     0x4  startup_stm32h7a3xxq.o [1]
  .text              ro code   0x800'7f54     0x4  startup_stm32h7a3xxq.o [1]
  .text              ro code   0x800'7f58     0x4  startup_stm32h7a3xxq.o [1]
  .text              ro code   0x800'7f5c     0x4  startup_stm32h7a3xxq.o [1]
  .text              ro code   0x800'7f60     0x4  startup_stm32h7a3xxq.o [1]
  .text              ro code   0x800'7f64     0x4  startup_stm32h7a3xxq.o [1]
  .text              ro code   0x800'7f68     0x4  startup_stm32h7a3xxq.o [1]
  .text              ro code   0x800'7f6c     0x4  startup_stm32h7a3xxq.o [1]
  .text              ro code   0x800'7f70     0x4  startup_stm32h7a3xxq.o [1]
  .text              ro code   0x800'7f74     0x4  startup_stm32h7a3xxq.o [1]
  .text              ro code   0x800'7f78     0x4  startup_stm32h7a3xxq.o [1]
  .text              ro code   0x800'7f7c     0x4  startup_stm32h7a3xxq.o [1]
  .text              ro code   0x800'7f80     0x4  startup_stm32h7a3xxq.o [1]
  .text              ro code   0x800'7f84     0x4  startup_stm32h7a3xxq.o [1]
  .text              ro code   0x800'7f88     0x4  startup_stm32h7a3xxq.o [1]
  .text              ro code   0x800'7f8c     0x4  startup_stm32h7a3xxq.o [1]
  .text              ro code   0x800'7f90     0x4  startup_stm32h7a3xxq.o [1]
  .text              ro code   0x800'7f94     0x4  startup_stm32h7a3xxq.o [1]
  .text              ro code   0x800'7f98     0x4  startup_stm32h7a3xxq.o [1]
  .text              ro code   0x800'7f9c     0x4  startup_stm32h7a3xxq.o [1]
  .text              ro code   0x800'7fa0     0x4  startup_stm32h7a3xxq.o [1]
  .text              ro code   0x800'7fa4     0x4  startup_stm32h7a3xxq.o [1]
  .text              ro code   0x800'7fa8     0x4  startup_stm32h7a3xxq.o [1]
  .text              ro code   0x800'7fac     0x4  startup_stm32h7a3xxq.o [1]
  .text              ro code   0x800'7fb0     0x4  startup_stm32h7a3xxq.o [1]
  .text              ro code   0x800'7fb4     0x4  startup_stm32h7a3xxq.o [1]
  .text              ro code   0x800'7fb8     0x4  startup_stm32h7a3xxq.o [1]
  .text              ro code   0x800'7fbc     0x4  startup_stm32h7a3xxq.o [1]
  .text              ro code   0x800'7fc0     0x4  startup_stm32h7a3xxq.o [1]
  .text              ro code   0x800'7fc4     0x4  startup_stm32h7a3xxq.o [1]
  .text              ro code   0x800'7fc8     0x4  startup_stm32h7a3xxq.o [1]
  .text              ro code   0x800'7fcc     0x4  startup_stm32h7a3xxq.o [1]
  .text              ro code   0x800'7fd0     0x4  startup_stm32h7a3xxq.o [1]
  .text              ro code   0x800'7fd4     0x4  startup_stm32h7a3xxq.o [1]
  .text              ro code   0x800'7fd8     0x4  startup_stm32h7a3xxq.o [1]
  .text              ro code   0x800'7fdc     0x4  startup_stm32h7a3xxq.o [1]
  .text              ro code   0x800'7fe0     0x4  startup_stm32h7a3xxq.o [1]
  .text              ro code   0x800'7fe4     0x4  startup_stm32h7a3xxq.o [1]
  .text              ro code   0x800'7fe8     0x4  startup_stm32h7a3xxq.o [1]
  .text              ro code   0x800'7fec     0x4  startup_stm32h7a3xxq.o [1]
  .text              ro code   0x800'7ff0     0x4  startup_stm32h7a3xxq.o [1]
  .text              ro code   0x800'7ff4     0x4  startup_stm32h7a3xxq.o [1]
  .text              ro code   0x800'7ff8     0x4  startup_stm32h7a3xxq.o [1]
  .text              ro code   0x800'7ffc     0x4  startup_stm32h7a3xxq.o [1]
  .text              ro code   0x800'8000     0x4  startup_stm32h7a3xxq.o [1]
  .text              ro code   0x800'8004     0x4  startup_stm32h7a3xxq.o [1]
  .text              ro code   0x800'8008     0x4  startup_stm32h7a3xxq.o [1]
  .text              ro code   0x800'800c     0x4  startup_stm32h7a3xxq.o [1]
  .text              ro code   0x800'8010     0x4  startup_stm32h7a3xxq.o [1]
  .text              ro code   0x800'8014     0x4  startup_stm32h7a3xxq.o [1]
  .text              ro code   0x800'8018     0x4  startup_stm32h7a3xxq.o [1]
  .text              ro code   0x800'801c     0x4  startup_stm32h7a3xxq.o [1]
  .text              ro code   0x800'8020     0x4  startup_stm32h7a3xxq.o [1]
  .text              ro code   0x800'8024     0x4  startup_stm32h7a3xxq.o [1]
  .text              ro code   0x800'8028     0x4  startup_stm32h7a3xxq.o [1]
  .text              ro code   0x800'802c     0x4  startup_stm32h7a3xxq.o [1]
  .text              ro code   0x800'8030     0x4  startup_stm32h7a3xxq.o [1]
  .text              ro code   0x800'8034     0x4  startup_stm32h7a3xxq.o [1]
  .text              ro code   0x800'8038     0x4  startup_stm32h7a3xxq.o [1]
  .text              ro code   0x800'803c     0x4  startup_stm32h7a3xxq.o [1]
  .text              ro code   0x800'8040     0x4  startup_stm32h7a3xxq.o [1]
  .text              ro code   0x800'8044     0x4  startup_stm32h7a3xxq.o [1]
  .text              ro code   0x800'8048     0x4  startup_stm32h7a3xxq.o [1]
  .text              ro code   0x800'804c     0x4  startup_stm32h7a3xxq.o [1]
  .text              ro code   0x800'8050     0x4  startup_stm32h7a3xxq.o [1]
  .text              ro code   0x800'8054     0x4  startup_stm32h7a3xxq.o [1]
  .text              ro code   0x800'8058     0x4  startup_stm32h7a3xxq.o [1]
  .text              ro code   0x800'805c     0x4  startup_stm32h7a3xxq.o [1]
  .text              ro code   0x800'8060     0x4  startup_stm32h7a3xxq.o [1]
  .text              ro code   0x800'8064     0x4  startup_stm32h7a3xxq.o [1]
  .text              ro code   0x800'8068     0x4  startup_stm32h7a3xxq.o [1]
  .text              ro code   0x800'806c     0x4  startup_stm32h7a3xxq.o [1]
  .text              ro code   0x800'8070     0x4  startup_stm32h7a3xxq.o [1]
  .text              ro code   0x800'8074     0x4  startup_stm32h7a3xxq.o [1]
  .text              ro code   0x800'8078     0x4  startup_stm32h7a3xxq.o [1]
  .text              ro code   0x800'807c     0x4  startup_stm32h7a3xxq.o [1]
  .text              ro code   0x800'8080     0x4  startup_stm32h7a3xxq.o [1]
  .text              ro code   0x800'8084     0x4  startup_stm32h7a3xxq.o [1]
  .text              ro code   0x800'8088     0x4  startup_stm32h7a3xxq.o [1]
  .text              ro code   0x800'808c     0x4  startup_stm32h7a3xxq.o [1]
  .text              ro code   0x800'8090     0x4  startup_stm32h7a3xxq.o [1]
  .text              ro code   0x800'8094     0x4  startup_stm32h7a3xxq.o [1]
  .text              ro code   0x800'8098     0x4  startup_stm32h7a3xxq.o [1]
  .text              ro code   0x800'809c     0x4  startup_stm32h7a3xxq.o [1]
  .text              ro code   0x800'80a0     0x4  startup_stm32h7a3xxq.o [1]
  .text              ro code   0x800'80a4     0x4  startup_stm32h7a3xxq.o [1]
  .text              ro code   0x800'80a8     0x4  startup_stm32h7a3xxq.o [1]
  .text              ro code   0x800'80ac     0x4  startup_stm32h7a3xxq.o [1]
  .rodata            const     0x800'80b0     0x0  zero_init3.o [7]
  .rodata            const     0x800'80b0     0x0  copy_init3.o [7]
                             - 0x800'80b0  0x7e04

"P2", part 1 of 3:                           0x1c
  P2-1                        0x2400'0000    0x19  <Init block>
    .data            inited   0x2400'0000     0xc  main.o [2]
    .data            inited   0x2400'000c     0x4  stm32h7xx_hal.o [4]
    .data            inited   0x2400'0010     0x4  system_stm32h7xx.o [3]
    .data            inited   0x2400'0014     0x4  system_stm32h7xx.o [3]
    .data            inited   0x2400'0018     0x1  stm32h7xx_hal.o [4]
                            - 0x2400'0019    0x19

"P2", part 2 of 3:                          0x3c8
  .bss               zero     0x2400'001c    0x90  main.o [2]
  .bss               zero     0x2400'00ac    0x90  main.o [2]
  .bss               zero     0x2400'013c    0x88  main.o [2]
  .bss               zero     0x2400'01c4    0x64  main.o [2]
  .bss               zero     0x2400'0228    0x4c  main.o [2]
  .bss               zero     0x2400'0274    0x4c  main.o [2]
  .bss               zero     0x2400'02c0    0x4c  main.o [2]
  .bss               zero     0x2400'030c    0x4c  main.o [2]
  .bss               zero     0x2400'0358    0x4c  main.o [2]
  .bss               zero     0x2400'03a4    0x14  main.o [2]
  .bss               zero     0x2400'03b8     0x4  main.o [2]
  .bss               zero     0x2400'03bc     0x4  main.o [2]
  .bss               zero     0x2400'03c0     0x4  main.o [2]
  .bss               zero     0x2400'03c4     0x4  main.o [2]
  .bss               zero     0x2400'03c8     0x4  main.o [2]
  .bss               zero     0x2400'03cc     0x4  main.o [2]
  .bss               zero     0x2400'03d0     0x4  main.o [2]
  .bss               zero     0x2400'03d4     0x4  main.o [2]
  .bss               zero     0x2400'03d8     0x4  main.o [2]
  .bss               zero     0x2400'03dc     0x4  stm32h7xx_hal.o [4]
  .bss               zero     0x2400'03e0     0x1  main.o [2]
                            - 0x2400'03e1   0x3c5

"P2", part 3 of 3:                          0x400
  CSTACK                      0x2400'03e8   0x400  <Block>
    CSTACK           uninit   0x2400'03e8   0x400  <Block tail>
                            - 0x2400'07e8   0x400

Unused ranges:

         From           To       Size
         ----           --       ----
   0x800'80b0   0x81f'ffff  0x1f'7f50
  0x2400'03e4  0x2400'03e7        0x4
  0x2400'07e8  0x2407'ffff   0x7'f818


*******************************************************************************
*** INIT TABLE
***

          Address      Size
          -------      ----
Zero (__iar_zero_init3)
    1 destination range, total size 0x3c5:
          0x2400'001c  0x3c5

Copy (__iar_copy_init3)
    1 source range, total size 0x1c (112% of destination):
           0x800'7d68   0x1c
    1 destination range, total size 0x19:
          0x2400'0000   0x19



*******************************************************************************
*** MODULE SUMMARY
***

    Module                   ro code  ro data  rw data
    ------                   -------  -------  -------
command line/config:
    --------------------------------------------------
    Total:

C:\Users\yael\source\repos\EcoMilk\STM32H7A3ZITxQ\EWARM\STM32H7A3ZITxQ\Obj\Application\EWARM: [1]
    startup_stm32h7a3xxq.o     1'220
    --------------------------------------------------
    Total:                     1'220

C:\Users\yael\source\repos\EcoMilk\STM32H7A3ZITxQ\EWARM\STM32H7A3ZITxQ\Obj\Application\User\Core: [2]
    main.o                     5'292      260      973
    stm32h7xx_hal_msp.o        1'480
    stm32h7xx_it.o                68
    --------------------------------------------------
    Total:                     6'840      260      973

C:\Users\yael\source\repos\EcoMilk\STM32H7A3ZITxQ\EWARM\STM32H7A3ZITxQ\Obj\Drivers\CMSIS: [3]
    system_stm32h7xx.o           288       24        8
    --------------------------------------------------
    Total:                       288       24        8

C:\Users\yael\source\repos\EcoMilk\STM32H7A3ZITxQ\EWARM\STM32H7A3ZITxQ\Obj\Drivers\STM32H7xx_HAL_Driver: [4]
    stm32h7xx_hal.o              256        5        9
    stm32h7xx_hal_adc.o        2'212
    stm32h7xx_hal_cortex.o       344
    stm32h7xx_hal_gpio.o         668
    stm32h7xx_hal_pwr_ex.o       156
    stm32h7xx_hal_rcc.o        3'320
    stm32h7xx_hal_rcc_ex.o     6'680
    stm32h7xx_hal_spi.o        1'402
    stm32h7xx_hal_tim.o        4'422
    stm32h7xx_hal_tim_ex.o       338
    stm32h7xx_hal_uart.o       2'868       24
    stm32h7xx_hal_uart_ex.o      444       16
    --------------------------------------------------
    Total:                    23'110       45        9

dl7M_tlf.a: [5]
    exit.o                         4
    low_level_init.o               4
    --------------------------------------------------
    Total:                         8

m7M_tlv.a: [6]
    fpinit_M.o                    34
    --------------------------------------------------
    Total:                        34

rt7M_tl.a: [7]
    ABImemcpy.o                  134
    ABImemset.o                  102
    I64DivMod.o                  560
    I64DivZer.o                    2
    cexit.o                       10
    cmain.o                       30
    copy_init3.o                  42
    cstartup_M.o                  28
    data_init.o                   40
    memset.o                      20
    strcmp.o                      18
    zero_init3.o                  56
    --------------------------------------------------
    Total:                     1'042

shb_l.a: [8]
    exit.o                        20
    --------------------------------------------------
    Total:                        20

    Gaps                          12        2
    Linker created                         39    1'024
------------------------------------------------------
    Grand Total:              32'574      370    2'014


*******************************************************************************
*** ENTRY LIST
***

Entry                       Address   Size  Type      Object
-----                       -------   ----  ----      ------
.iar.init_table$$Base    0x800'7cc4          --   Gb  - Linker created -
.iar.init_table$$Limit   0x800'7ce8          --   Gb  - Linker created -
?main                    0x800'7ce9         Code  Gb  cmain.o [7]
ADC_ConfigureBoostMode   0x800'6e79   0xfa  Code  Gb  stm32h7xx_hal_adc.o [4]
BusFault_Handler         0x800'7beb    0x2  Code  Gb  stm32h7xx_it.o [2]
CSTACK$$Base            0x2400'03e8          --   Gb  - Linker created -
CSTACK$$Limit           0x2400'07e8          --   Gb  - Linker created -
Cmd_Actuator_Backward    0x800'256f   0x28  Code  Lc  main.o [2]
Cmd_Actuator_Forward     0x800'2597   0x28  Code  Lc  main.o [2]
Cmd_Actuator_Y_Backward
                         0x800'26af   0x28  Code  Lc  main.o [2]
Cmd_Actuator_Y_Forward   0x800'26d7   0x28  Code  Lc  main.o [2]
Cmd_Motor_Z_Down         0x800'265f   0x28  Code  Lc  main.o [2]
Cmd_Motor_Z_Up           0x800'2687   0x28  Code  Lc  main.o [2]
Cmd_Rotate_CCW           0x800'25e7   0x28  Code  Lc  main.o [2]
Cmd_Rotate_CW            0x800'25bf   0x28  Code  Lc  main.o [2]
Cmd_SPI_Tx_16            0x800'274f   0x3a  Code  Lc  main.o [2]
Cmd_Tilt_CCW             0x800'260f   0x28  Code  Lc  main.o [2]
Cmd_Tilt_CW              0x800'2637   0x28  Code  Lc  main.o [2]
Cmd_UART_Rx              0x800'27a7  0x39c  Code  Lc  main.o [2]
Cmd_UART_Rx::ucommand   0x2400'03e0    0x1  Data  Lc  main.o [2]
Cmd_X_Backward           0x800'26ff   0x28  Code  Lc  main.o [2]
Cmd_X_Forward            0x800'2727   0x28  Code  Lc  main.o [2]
D1CorePrescTable         0x800'7dac   0x10  Data  Gb  system_stm32h7xx.o [3]
DebugMon_Handler         0x800'7bf1    0x2  Code  Gb  stm32h7xx_it.o [2]
Error_Handler            0x800'391d    0x4  Code  Gb  main.o [2]
HAL_ADC_ConfigChannel    0x800'6a71  0x400  Code  Gb  stm32h7xx_hal_adc.o [4]
HAL_ADC_Init             0x800'683f  0x206  Code  Gb  stm32h7xx_hal_adc.o [4]
HAL_ADC_MspInit          0x800'7111  0x100  Code  Gb  stm32h7xx_hal_msp.o [2]
HAL_GPIO_Init            0x800'4a61  0x232  Code  Gb  stm32h7xx_hal_gpio.o [4]
HAL_GPIO_ReadPin         0x800'4c93   0x16  Code  Gb  stm32h7xx_hal_gpio.o [4]
HAL_GPIO_WritePin        0x800'4ca9   0x1a  Code  Gb  stm32h7xx_hal_gpio.o [4]
HAL_GetTick              0x800'1cc5    0xc  Code  Gb  stm32h7xx_hal.o [4]
HAL_IncTick              0x800'7c29   0x18  Code  Gb  stm32h7xx_hal.o [4]
HAL_Init                 0x800'5ed9   0x5e  Code  Gb  stm32h7xx_hal.o [4]
HAL_InitTick             0x800'22c5   0x58  Code  Gb  stm32h7xx_hal.o [4]
HAL_MspInit              0x800'70ed   0x24  Code  Gb  stm32h7xx_hal_msp.o [2]
HAL_NVIC_EnableIRQ       0x800'243b    0xe  Code  Gb  stm32h7xx_hal_cortex.o [4]
HAL_NVIC_SetPriority     0x800'2417   0x24  Code  Gb  stm32h7xx_hal_cortex.o [4]
HAL_NVIC_SetPriorityGrouping
                         0x800'240b    0xc  Code  Gb  stm32h7xx_hal_cortex.o [4]
HAL_PWREx_ConfigSupply   0x800'5f5d   0x92  Code  Gb  stm32h7xx_hal_pwr_ex.o [4]
HAL_RCCEx_GetD3PCLK1Freq
                         0x800'133b   0x1e  Code  Gb  stm32h7xx_hal_rcc_ex.o [4]
HAL_RCCEx_GetPLL1ClockFreq
                         0x800'17e5  0x228  Code  Gb  stm32h7xx_hal_rcc_ex.o [4]
HAL_RCCEx_GetPLL2ClockFreq
                         0x800'135d  0x226  Code  Gb  stm32h7xx_hal_rcc_ex.o [4]
HAL_RCCEx_GetPLL3ClockFreq
                         0x800'159d  0x22c  Code  Gb  stm32h7xx_hal_rcc_ex.o [4]
HAL_RCCEx_GetPeriphCLKFreq
                         0x800'0d85  0x5b6  Code  Gb  stm32h7xx_hal_rcc_ex.o [4]
HAL_RCCEx_PeriphCLKConfig
                         0x800'02ad  0xab4  Code  Gb  stm32h7xx_hal_rcc_ex.o [4]
HAL_RCC_ClockConfig      0x800'1cd1  0x306  Code  Gb  stm32h7xx_hal_rcc.o [4]
HAL_RCC_GetHCLKFreq      0x800'21ff   0x3c  Code  Gb  stm32h7xx_hal_rcc.o [4]
HAL_RCC_GetPCLK1Freq     0x800'223b   0x1a  Code  Gb  stm32h7xx_hal_rcc.o [4]
HAL_RCC_GetPCLK2Freq     0x800'2255   0x1a  Code  Gb  stm32h7xx_hal_rcc.o [4]
HAL_RCC_GetSysClockFreq
                         0x800'1fd9  0x226  Code  Gb  stm32h7xx_hal_rcc.o [4]
HAL_RCC_OscConfig        0x800'5ff9  0x704  Code  Gb  stm32h7xx_hal_rcc.o [4]
HAL_SPI_Init             0x800'4cfd  0x182  Code  Gb  stm32h7xx_hal_spi.o [4]
HAL_SPI_MspInit          0x800'7211   0xd8  Code  Gb  stm32h7xx_hal_msp.o [2]
HAL_SPI_Transmit         0x800'4e7f  0x2bc  Code  Gb  stm32h7xx_hal_spi.o [4]
HAL_SYSCFG_AnalogSwitchConfig
                         0x800'5f37   0x12  Code  Gb  stm32h7xx_hal.o [4]
HAL_SYSTICK_Config       0x800'2449    0xc  Code  Gb  stm32h7xx_hal_cortex.o [4]
HAL_TIMEx_Break2Callback
                         0x800'7877    0x2  Code  Gb  stm32h7xx_hal_tim_ex.o [4]
HAL_TIMEx_BreakCallback
                         0x800'7875    0x2  Code  Gb  stm32h7xx_hal_tim_ex.o [4]
HAL_TIMEx_CommutCallback
                         0x800'787b    0x2  Code  Gb  stm32h7xx_hal_tim_ex.o [4]
HAL_TIMEx_ConfigBreakDeadTime
                         0x800'703f   0x94  Code  Gb  stm32h7xx_hal_tim_ex.o [4]
HAL_TIMEx_MasterConfigSynchronization
                         0x800'6fa1   0x9e  Code  Gb  stm32h7xx_hal_tim_ex.o [4]
HAL_TIM_Base_Init        0x800'3921   0x7a  Code  Gb  stm32h7xx_hal_tim.o [4]
HAL_TIM_Base_MspInit     0x800'7485   0x26  Code  Gb  stm32h7xx_hal_msp.o [2]
HAL_TIM_Base_Start       0x800'399b   0x8c  Code  Gb  stm32h7xx_hal_tim.o [4]
HAL_TIM_Base_Stop        0x800'3a27   0x30  Code  Gb  stm32h7xx_hal_tim.o [4]
HAL_TIM_IC_CaptureCallback
                         0x800'24ad   0xc2  Code  Gb  main.o [2]
HAL_TIM_IC_ConfigChannel
                         0x800'4331   0xca  Code  Gb  stm32h7xx_hal_tim.o [4]
HAL_TIM_IC_Init          0x800'3f3d   0x7a  Code  Gb  stm32h7xx_hal_tim.o [4]
HAL_TIM_IC_MspInit       0x800'734f  0x136  Code  Gb  stm32h7xx_hal_msp.o [2]
HAL_TIM_IC_Start_IT      0x800'3fbd  0x1c4  Code  Gb  stm32h7xx_hal_tim.o [4]
HAL_TIM_IRQHandler       0x800'419d  0x194  Code  Gb  stm32h7xx_hal_tim.o [4]
HAL_TIM_MspPostInit      0x800'74ab   0x90  Code  Gb  stm32h7xx_hal_msp.o [2]
HAL_TIM_OC_DelayElapsedCallback
                         0x800'7871    0x2  Code  Gb  stm32h7xx_hal_tim.o [4]
HAL_TIM_PWM_ConfigChannel
                         0x800'43fb  0x15a  Code  Gb  stm32h7xx_hal_tim.o [4]
HAL_TIM_PWM_Init         0x800'3a75   0x7a  Code  Gb  stm32h7xx_hal_tim.o [4]
HAL_TIM_PWM_MspInit      0x800'72e9   0x66  Code  Gb  stm32h7xx_hal_msp.o [2]
HAL_TIM_PWM_PulseFinishedCallback
                         0x800'2475   0x38  Code  Gb  main.o [2]
HAL_TIM_PWM_Start        0x800'3aef  0x15e  Code  Gb  stm32h7xx_hal_tim.o [4]
HAL_TIM_PWM_Start_IT     0x800'3c4d  0x19a  Code  Gb  stm32h7xx_hal_tim.o [4]
HAL_TIM_PWM_Stop_IT      0x800'3de7  0x130  Code  Gb  stm32h7xx_hal_tim.o [4]
HAL_TIM_PeriodElapsedCallback
                         0x800'7873    0x2  Code  Gb  stm32h7xx_hal_tim.o [4]
HAL_TIM_TriggerCallback
                         0x800'7879    0x2  Code  Gb  stm32h7xx_hal_tim.o [4]
HAL_UARTEx_DisableFifoMode
                         0x800'7705   0x46  Code  Gb  stm32h7xx_hal_uart_ex.o [4]
HAL_UARTEx_EnableFifoMode
                         0x800'76b5   0x50  Code  Gb  stm32h7xx_hal_uart_ex.o [4]
HAL_UARTEx_SetRxFifoThreshold
                         0x800'77a1   0x56  Code  Gb  stm32h7xx_hal_uart_ex.o [4]
HAL_UARTEx_SetTxFifoThreshold
                         0x800'774b   0x56  Code  Gb  stm32h7xx_hal_uart_ex.o [4]
HAL_UART_Init            0x800'5309   0x7e  Code  Gb  stm32h7xx_hal_uart.o [4]
HAL_UART_MspInit         0x800'753b  0x12e  Code  Gb  stm32h7xx_hal_msp.o [2]
HAL_UART_Receive         0x800'5469  0x14c  Code  Gb  stm32h7xx_hal_uart.o [4]
HAL_UART_Transmit        0x800'5387   0xe2  Code  Gb  stm32h7xx_hal_uart.o [4]
HardFault_Handler        0x800'7be7    0x2  Code  Gb  stm32h7xx_it.o [2]
LL_ADC_DisableDeepPowerDown
                         0x800'67f3    0xc  Code  Lc  stm32h7xx_hal_adc.o [4]
LL_ADC_EnableInternalRegulator
                         0x800'6809   0x10  Code  Lc  stm32h7xx_hal_adc.o [4]
LL_ADC_GetCommonPathInternalCh
                         0x800'6715    0x8  Code  Lc  stm32h7xx_hal_adc.o [4]
LL_ADC_INJ_IsConversionOngoing
                         0x800'6835    0xa  Code  Lc  stm32h7xx_hal_adc.o [4]
LL_ADC_IsDeepPowerDownEnabled
                         0x800'67ff    0xa  Code  Lc  stm32h7xx_hal_adc.o [4]
LL_ADC_IsEnabled         0x800'6823    0x8  Code  Lc  stm32h7xx_hal_adc.o [4]
LL_ADC_IsInternalRegulatorEnabled
                         0x800'6819    0xa  Code  Lc  stm32h7xx_hal_adc.o [4]
LL_ADC_REG_IsConversionOngoing
                         0x800'682b    0xa  Code  Lc  stm32h7xx_hal_adc.o [4]
LL_ADC_REG_SetSequencerRanks
                         0x800'676b   0x2e  Code  Lc  stm32h7xx_hal_adc.o [4]
LL_ADC_SetChannelSamplingTime
                         0x800'6799   0x34  Code  Lc  stm32h7xx_hal_adc.o [4]
LL_ADC_SetChannelSingleDiff
                         0x800'67cd   0x26  Code  Lc  stm32h7xx_hal_adc.o [4]
LL_ADC_SetCommonClock    0x800'66fd    0xc  Code  Lc  stm32h7xx_hal_adc.o [4]
LL_ADC_SetCommonPathInternalCh
                         0x800'6709    0xc  Code  Lc  stm32h7xx_hal_adc.o [4]
LL_ADC_SetDataRightShift
                         0x800'673b   0x18  Code  Lc  stm32h7xx_hal_adc.o [4]
LL_ADC_SetOffset         0x800'671d   0x1e  Code  Lc  stm32h7xx_hal_adc.o [4]
LL_ADC_SetOffsetSignedSaturation
                         0x800'6753   0x18  Code  Lc  stm32h7xx_hal_adc.o [4]
MX_ADC2_Init             0x800'3069   0xd2  Code  Lc  main.o [2]
MX_GPIO_Init             0x800'3745  0x17c  Code  Lc  main.o [2]
MX_SPI2_Init             0x800'3145   0xa0  Code  Lc  main.o [2]
MX_TIM1_Init             0x800'31e9  0x10a  Code  Lc  main.o [2]
MX_TIM2_Init             0x800'32fd   0xaa  Code  Lc  main.o [2]
MX_TIM3_Init             0x800'33ad   0xd4  Code  Lc  main.o [2]
MX_TIM4_Init             0x800'34b5   0xde  Code  Lc  main.o [2]
MX_TIM6_Init             0x800'35a1   0x58  Code  Lc  main.o [2]
MX_USART1_UART_Init      0x800'3611   0x88  Code  Lc  main.o [2]
MX_USART3_UART_Init      0x800'36ad   0x84  Code  Lc  main.o [2]
MemManage_Handler        0x800'7be9    0x2  Code  Gb  stm32h7xx_it.o [2]
NMI_Handler              0x800'7be5    0x2  Code  Gb  stm32h7xx_it.o [2]
NVIC_EncodePriority      0x800'2399   0x42  Code  Lc  stm32h7xx_hal_cortex.o [4]
PendSV_Handler           0x800'7bf3    0x2  Code  Gb  stm32h7xx_it.o [2]
RCCEx_PLL2_Config        0x800'1a31  0x130  Code  Lc  stm32h7xx_hal_rcc_ex.o [4]
RCCEx_PLL3_Config        0x800'1b69  0x130  Code  Lc  stm32h7xx_hal_rcc_ex.o [4]
Region$$Table$$Base      0x800'7cc4          --   Gb  - Linker created -
Region$$Table$$Limit     0x800'7ce8          --   Gb  - Linker created -
SPI_CloseTransfer        0x800'5149   0xce  Code  Lc  stm32h7xx_hal_spi.o [4]
SPI_GetPacketSize        0x800'5261   0x16  Code  Lc  stm32h7xx_hal_spi.o [4]
SPI_WaitOnFlagUntilTimeout
                         0x800'521d   0x44  Code  Lc  stm32h7xx_hal_spi.o [4]
SVC_Handler              0x800'7bef    0x2  Code  Gb  stm32h7xx_it.o [2]
SysTick_Config           0x800'23db   0x30  Code  Lc  stm32h7xx_hal_cortex.o [4]
SysTick_Handler          0x800'7bf5    0x8  Code  Gb  stm32h7xx_it.o [2]
SystemClock_Config       0x800'2f71   0xd6  Code  Gb  main.o [2]
SystemCoreClock         0x2400'0010    0x4  Data  Gb  system_stm32h7xx.o [3]
SystemD2Clock           0x2400'0014    0x4  Data  Gb  system_stm32h7xx.o [3]
SystemInit               0x800'7ac5   0xc8  Code  Gb  system_stm32h7xx.o [3]
TIM2_IRQHandler          0x800'7bfd    0xa  Code  Gb  stm32h7xx_it.o [2]
TIM3_IRQHandler          0x800'7c07    0xa  Code  Gb  stm32h7xx_it.o [2]
TIM4_IRQHandler          0x800'7c11    0xa  Code  Gb  stm32h7xx_it.o [2]
TIM_Base_SetConfig       0x800'4555   0xca  Code  Gb  stm32h7xx_hal_tim.o [4]
TIM_CCxChannelCmd        0x800'4a3d   0x24  Code  Gb  stm32h7xx_hal_tim.o [4]
TIM_OC1_SetConfig        0x800'461f   0xa0  Code  Lc  stm32h7xx_hal_tim.o [4]
TIM_OC2_SetConfig        0x800'46bf   0x92  Code  Gb  stm32h7xx_hal_tim.o [4]
TIM_OC3_SetConfig        0x800'4753   0x8e  Code  Lc  stm32h7xx_hal_tim.o [4]
TIM_OC4_SetConfig        0x800'47e1   0x68  Code  Lc  stm32h7xx_hal_tim.o [4]
TIM_OC5_SetConfig        0x800'4849   0x58  Code  Lc  stm32h7xx_hal_tim.o [4]
TIM_OC6_SetConfig        0x800'48a1   0x5a  Code  Lc  stm32h7xx_hal_tim.o [4]
TIM_TI1_SetConfig        0x800'48fb   0x74  Code  Gb  stm32h7xx_hal_tim.o [4]
TIM_TI2_SetConfig        0x800'496f   0x36  Code  Lc  stm32h7xx_hal_tim.o [4]
TIM_TI3_SetConfig        0x800'49a5   0x34  Code  Lc  stm32h7xx_hal_tim.o [4]
TIM_TI4_SetConfig        0x800'49d9   0x36  Code  Lc  stm32h7xx_hal_tim.o [4]
UARTEx_SetNbDataToProcess
                         0x800'77f7   0x72  Code  Lc  stm32h7xx_hal_uart_ex.o [4]
UARTEx_SetNbDataToProcess::denominator
                         0x800'7ea0    0x8  Data  Lc  stm32h7xx_hal_uart_ex.o [4]
UARTEx_SetNbDataToProcess::numerator
                         0x800'7e98    0x8  Data  Lc  stm32h7xx_hal_uart_ex.o [4]
UARTPrescTable           0x800'7d84   0x18  Data  Gb  stm32h7xx_hal_uart.o [4]
UART_AdvFeatureConfig    0x800'5be9   0xda  Code  Gb  stm32h7xx_hal_uart.o [4]
UART_CheckIdleState      0x800'5cc3   0x72  Code  Gb  stm32h7xx_hal_uart.o [4]
UART_SetConfig           0x800'55b5  0x632  Code  Gb  stm32h7xx_hal_uart.o [4]
UART_WaitOnFlagUntilTimeout
                         0x800'5d35   0xba  Code  Gb  stm32h7xx_hal_uart.o [4]
UsageFault_Handler       0x800'7bed    0x2  Code  Gb  stm32h7xx_it.o [2]
__NVIC_EnableIRQ         0x800'234d   0x20  Code  Lc  stm32h7xx_hal_cortex.o [4]
__NVIC_GetPriorityGrouping
                         0x800'233f    0xc  Code  Lc  stm32h7xx_hal_cortex.o [4]
__NVIC_SetPriority       0x800'236d   0x2c  Code  Lc  stm32h7xx_hal_cortex.o [4]
__NVIC_SetPriorityGrouping
                         0x800'231d   0x22  Code  Lc  stm32h7xx_hal_cortex.o [4]
__aeabi_ldiv0            0x800'7ac1         Code  Gb  I64DivZer.o [7]
__aeabi_memcpy4          0x800'5e51         Code  Gb  ABImemcpy.o [7]
__aeabi_memcpy8          0x800'5e51         Code  Gb  ABImemcpy.o [7]
__aeabi_memset           0x800'52a1         Code  Gb  ABImemset.o [7]
__aeabi_uldivmod         0x800'787d         Code  Gb  I64DivMod.o [7]
__cmain                  0x800'7ce9         Code  Gb  cmain.o [7]
__exit                   0x800'7d1d   0x14  Code  Gb  exit.o [8]
__iar_Memset             0x800'52a1         Code  Gb  ABImemset.o [7]
__iar_Memset_word        0x800'52a9         Code  Gb  ABImemset.o [7]
__iar_copy_init3         0x800'5277   0x2a  Code  Gb  copy_init3.o [7]
__iar_data_init3         0x800'7c79   0x28  Code  Gb  data_init.o [7]
__iar_init_vfp           0x800'7ca1         Code  Gb  fpinit_M.o [6]
__iar_program_start      0x800'7d4d         Code  Gb  cstartup_M.o [7]
__iar_zero_init3         0x800'7c41   0x38  Code  Gb  zero_init3.o [7]
__low_level_init         0x800'7d07    0x4  Code  Gb  low_level_init.o [5]
__vector_table           0x800'0000         Data  Gb  startup_stm32h7a3xxq.o [1]
_call_main               0x800'7cf5         Code  Gb  cmain.o [7]
_exit                    0x800'7d11         Code  Gb  cexit.o [7]
a_encoder_rotate_sp_drive
                        0x2400'03cc    0x4  Data  Gb  main.o [2]
a_encoder_tilt_sp_drive
                        0x2400'03d4    0x4  Data  Gb  main.o [2]
a_encoder_x_sp_drive    0x2400'03c0    0x4  Data  Gb  main.o [2]
a_encoder_z_sp_drive    0x2400'03b8    0x4  Data  Gb  main.o [2]
b_encoder_rotate_sp_drive
                        0x2400'03d0    0x4  Data  Gb  main.o [2]
b_encoder_tilt_sp_drive
                        0x2400'03c8    0x4  Data  Gb  main.o [2]
b_encoder_x_sp_drive    0x2400'03c4    0x4  Data  Gb  main.o [2]
b_encoder_z_sp_drive    0x2400'03bc    0x4  Data  Gb  main.o [2]
ecomilk                 0x2400'0000    0xc  Data  Gb  main.o [2]
exit                     0x800'7d0b    0x4  Code  Gb  exit.o [5]
hadc2                   0x2400'01c4   0x64  Data  Gb  main.o [2]
hspi2                   0x2400'013c   0x88  Data  Gb  main.o [2]
htim1                   0x2400'0228   0x4c  Data  Gb  main.o [2]
htim2                   0x2400'0274   0x4c  Data  Gb  main.o [2]
htim3                   0x2400'02c0   0x4c  Data  Gb  main.o [2]
htim4                   0x2400'030c   0x4c  Data  Gb  main.o [2]
htim6                   0x2400'0358   0x4c  Data  Gb  main.o [2]
huart1                  0x2400'001c   0x90  Data  Gb  main.o [2]
huart3                  0x2400'00ac   0x90  Data  Gb  main.o [2]
main                     0x800'2b43  0x42a  Code  Gb  main.o [2]
memset                   0x800'7aad   0x14  Code  Gb  memset.o [7]
pool_rx                 0x2400'03a4   0x14  Data  Gb  main.o [2]
pool_rx_idx             0x2400'03d8    0x4  Data  Gb  main.o [2]
pool_rx_init             0x800'2789   0x1e  Code  Lc  main.o [2]
strcmp                   0x800'5e3d         Code  Gb  strcmp.o [7]
uwTick                  0x2400'03dc    0x4  Data  Gb  stm32h7xx_hal.o [4]
uwTickFreq              0x2400'0018    0x1  Data  Gb  stm32h7xx_hal.o [4]
uwTickPrio              0x2400'000c    0x4  Data  Gb  stm32h7xx_hal.o [4]


[1] = C:\Users\yael\source\repos\EcoMilk\STM32H7A3ZITxQ\EWARM\STM32H7A3ZITxQ\Obj\Application\EWARM
[2] = C:\Users\yael\source\repos\EcoMilk\STM32H7A3ZITxQ\EWARM\STM32H7A3ZITxQ\Obj\Application\User\Core
[3] = C:\Users\yael\source\repos\EcoMilk\STM32H7A3ZITxQ\EWARM\STM32H7A3ZITxQ\Obj\Drivers\CMSIS
[4] = C:\Users\yael\source\repos\EcoMilk\STM32H7A3ZITxQ\EWARM\STM32H7A3ZITxQ\Obj\Drivers\STM32H7xx_HAL_Driver
[5] = dl7M_tlf.a
[6] = m7M_tlv.a
[7] = rt7M_tl.a
[8] = shb_l.a

  32'574 bytes of readonly  code memory
     370 bytes of readonly  data memory
   2'014 bytes of readwrite data memory

Errors: none
Warnings: none
