###############################################################################
#
# IAR ELF Linker V9.10.1.308/W64 for ARM                  09/Nov/2021  14:08:46
# Copyright 2007-2021 IAR Systems AB.
#
#    Output file  =
#        C:\Users\yael\source\repos\EcoMilk\STM32H7A3ZITxQ_All_Input\EWARM\STM32H7A3ZITxQ_All_Input\Exe\STM32H7A3ZITxQ_All_Input.out
#    Map file     =
#        C:\Users\yael\source\repos\EcoMilk\STM32H7A3ZITxQ_All_Input\EWARM\STM32H7A3ZITxQ_All_Input\List\STM32H7A3ZITxQ_All_Input.map
#    Command line =
#        -f
#        C:\Users\yael\source\repos\EcoMilk\STM32H7A3ZITxQ_All_Input\EWARM\STM32H7A3ZITxQ_All_Input\Exe\STM32H7A3ZITxQ_All_Input.out.rsp
#        (C:\Users\yael\source\repos\EcoMilk\STM32H7A3ZITxQ_All_Input\EWARM\STM32H7A3ZITxQ_All_Input\Obj\Application\User\Core\main.o
#        C:\Users\yael\source\repos\EcoMilk\STM32H7A3ZITxQ_All_Input\EWARM\STM32H7A3ZITxQ_All_Input\Obj\Application\EWARM\startup_stm32h7a3xxq.o
#        C:\Users\yael\source\repos\EcoMilk\STM32H7A3ZITxQ_All_Input\EWARM\STM32H7A3ZITxQ_All_Input\Obj\Drivers\STM32H7xx_HAL_Driver\stm32h7xx_hal.o
#        C:\Users\yael\source\repos\EcoMilk\STM32H7A3ZITxQ_All_Input\EWARM\STM32H7A3ZITxQ_All_Input\Obj\Drivers\STM32H7xx_HAL_Driver\stm32h7xx_hal_cortex.o
#        C:\Users\yael\source\repos\EcoMilk\STM32H7A3ZITxQ_All_Input\EWARM\STM32H7A3ZITxQ_All_Input\Obj\Drivers\STM32H7xx_HAL_Driver\stm32h7xx_hal_dma.o
#        C:\Users\yael\source\repos\EcoMilk\STM32H7A3ZITxQ_All_Input\EWARM\STM32H7A3ZITxQ_All_Input\Obj\Drivers\STM32H7xx_HAL_Driver\stm32h7xx_hal_dma_ex.o
#        C:\Users\yael\source\repos\EcoMilk\STM32H7A3ZITxQ_All_Input\EWARM\STM32H7A3ZITxQ_All_Input\Obj\Drivers\STM32H7xx_HAL_Driver\stm32h7xx_hal_exti.o
#        C:\Users\yael\source\repos\EcoMilk\STM32H7A3ZITxQ_All_Input\EWARM\STM32H7A3ZITxQ_All_Input\Obj\Drivers\STM32H7xx_HAL_Driver\stm32h7xx_hal_flash.o
#        C:\Users\yael\source\repos\EcoMilk\STM32H7A3ZITxQ_All_Input\EWARM\STM32H7A3ZITxQ_All_Input\Obj\Drivers\STM32H7xx_HAL_Driver\stm32h7xx_hal_flash_ex.o
#        C:\Users\yael\source\repos\EcoMilk\STM32H7A3ZITxQ_All_Input\EWARM\STM32H7A3ZITxQ_All_Input\Obj\Drivers\STM32H7xx_HAL_Driver\stm32h7xx_hal_gpio.o
#        C:\Users\yael\source\repos\EcoMilk\STM32H7A3ZITxQ_All_Input\EWARM\STM32H7A3ZITxQ_All_Input\Obj\Drivers\STM32H7xx_HAL_Driver\stm32h7xx_hal_hsem.o
#        C:\Users\yael\source\repos\EcoMilk\STM32H7A3ZITxQ_All_Input\EWARM\STM32H7A3ZITxQ_All_Input\Obj\Drivers\STM32H7xx_HAL_Driver\stm32h7xx_hal_i2c.o
#        C:\Users\yael\source\repos\EcoMilk\STM32H7A3ZITxQ_All_Input\EWARM\STM32H7A3ZITxQ_All_Input\Obj\Drivers\STM32H7xx_HAL_Driver\stm32h7xx_hal_i2c_ex.o
#        C:\Users\yael\source\repos\EcoMilk\STM32H7A3ZITxQ_All_Input\EWARM\STM32H7A3ZITxQ_All_Input\Obj\Drivers\STM32H7xx_HAL_Driver\stm32h7xx_hal_mdma.o
#        C:\Users\yael\source\repos\EcoMilk\STM32H7A3ZITxQ_All_Input\EWARM\STM32H7A3ZITxQ_All_Input\Obj\Application\User\Core\stm32h7xx_hal_msp.o
#        C:\Users\yael\source\repos\EcoMilk\STM32H7A3ZITxQ_All_Input\EWARM\STM32H7A3ZITxQ_All_Input\Obj\Drivers\STM32H7xx_HAL_Driver\stm32h7xx_hal_pwr.o
#        C:\Users\yael\source\repos\EcoMilk\STM32H7A3ZITxQ_All_Input\EWARM\STM32H7A3ZITxQ_All_Input\Obj\Drivers\STM32H7xx_HAL_Driver\stm32h7xx_hal_pwr_ex.o
#        C:\Users\yael\source\repos\EcoMilk\STM32H7A3ZITxQ_All_Input\EWARM\STM32H7A3ZITxQ_All_Input\Obj\Drivers\STM32H7xx_HAL_Driver\stm32h7xx_hal_rcc.o
#        C:\Users\yael\source\repos\EcoMilk\STM32H7A3ZITxQ_All_Input\EWARM\STM32H7A3ZITxQ_All_Input\Obj\Drivers\STM32H7xx_HAL_Driver\stm32h7xx_hal_rcc_ex.o
#        C:\Users\yael\source\repos\EcoMilk\STM32H7A3ZITxQ_All_Input\EWARM\STM32H7A3ZITxQ_All_Input\Obj\Drivers\STM32H7xx_HAL_Driver\stm32h7xx_hal_tim.o
#        C:\Users\yael\source\repos\EcoMilk\STM32H7A3ZITxQ_All_Input\EWARM\STM32H7A3ZITxQ_All_Input\Obj\Drivers\STM32H7xx_HAL_Driver\stm32h7xx_hal_tim_ex.o
#        C:\Users\yael\source\repos\EcoMilk\STM32H7A3ZITxQ_All_Input\EWARM\STM32H7A3ZITxQ_All_Input\Obj\Application\User\Core\stm32h7xx_it.o
#        C:\Users\yael\source\repos\EcoMilk\STM32H7A3ZITxQ_All_Input\EWARM\STM32H7A3ZITxQ_All_Input\Obj\Drivers\CMSIS\system_stm32h7xx.o
#        --no_out_extension -o
#        C:\Users\yael\source\repos\EcoMilk\STM32H7A3ZITxQ_All_Input\EWARM\STM32H7A3ZITxQ_All_Input\Exe\STM32H7A3ZITxQ_All_Input.out
#        --redirect _Printf=_PrintfFullNoMb --redirect _Scanf=_ScanfFullNoMb
#        --map
#        C:\Users\yael\source\repos\EcoMilk\STM32H7A3ZITxQ_All_Input\EWARM\STM32H7A3ZITxQ_All_Input\List\STM32H7A3ZITxQ_All_Input.map
#        --config
#        C:\Users\yael\source\repos\EcoMilk\STM32H7A3ZITxQ_All_Input\EWARM/stm32h7a3xxq_flash.icf
#        --semihosting --entry __iar_program_start --vfe --text_out locale)
#
###############################################################################

*******************************************************************************
*** RUNTIME MODEL ATTRIBUTES
***

CppFlavor       = *
__SystemLibrary = DLib
__dlib_version  = 6


*******************************************************************************
*** HEAP SELECTION
***

The basic heap was selected because no calls to memory allocation
functions were found in the application outside of system library
functions, and there are calls to deallocation functions in the
application.


*******************************************************************************
*** PLACEMENT SUMMARY
***

"A0":  place at address 0x800'0000 { ro section .intvec };
"P1":  place in [from 0x800'0000 to 0x81f'ffff] { ro };
define block CSTACK with size = 1K, alignment = 8 { };
define block HEAP with size = 512, alignment = 8 { };
"P2":  place in [from 0x2000'0000 to 0x2001'ffff] {
          rw, block CSTACK, block HEAP };
initialize by copy { rw };

  Section            Kind         Address    Size  Object
  -------            ----         -------    ----  ------
"A0":                                       0x2ac
  .intvec            ro code   0x800'0000   0x2ac  startup_stm32h7a3xxq.o [1]
                             - 0x800'02ac   0x2ac

"P1":                                      0x122c
  .text              ro code   0x800'02ac   0x4b8  stm32h7xx_hal_rcc.o [4]
  .text              ro code   0x800'0764     0xc  stm32h7xx_hal.o [4]
  .text              ro code   0x800'0770   0x33c  stm32h7xx_hal_rcc.o [4]
  .text              ro code   0x800'0aac    0x44  stm32h7xx_hal.o [4]
  .text              ro code   0x800'0af0    0xac  stm32h7xx_hal_cortex.o [4]
  .text              ro code   0x800'0b9c   0x1f4  stm32h7xx_hal_gpio.o [4]
  .text              ro code   0x800'0d90   0x1d0  main.o [2]
  .text              ro code   0x800'0f60    0x5c  stm32h7xx_hal.o [4]
  .text              ro code   0x800'0fbc    0x14  memset.o [7]
  .text              ro code   0x800'0fd0    0x78  stm32h7xx_hal_pwr_ex.o [4]
  .text              ro code   0x800'1048    0x20  stm32h7xx_hal_msp.o [2]
  .text              ro code   0x800'1068    0x66  ABImemset.o [7]
  .text              ro code   0x800'10ce    0x2a  copy_init3.o [7]
  .text              ro code   0x800'10f8    0xc0  system_stm32h7xx.o [3]
  .text              ro code   0x800'11b8    0x28  data_init.o [7]
  .text              ro code   0x800'11e0    0x22  fpinit_M.o [6]
  .iar.init_table    const     0x800'1204    0x14  - Linker created -
  .text              ro code   0x800'1218    0x1e  cmain.o [7]
  .text              ro code   0x800'1236     0x4  low_level_init.o [5]
  .text              ro code   0x800'123a     0x4  exit.o [5]
  .text              ro code   0x800'1240     0xa  cexit.o [7]
  .text              ro code   0x800'124c    0x14  exit.o [8]
  .text              ro code   0x800'1260    0x1c  cstartup_M.o [7]
  .text              ro code   0x800'127c    0x14  stm32h7xx_it.o [2]
  .text              ro code   0x800'1290    0x10  stm32h7xx_hal.o [4]
  Initializer bytes  const     0x800'12a0    0x14  <for P2-1>
  .text              ro code   0x800'12b4    0x10  startup_stm32h7a3xxq.o [1]
  .text              ro code   0x800'12c4     0x4  startup_stm32h7a3xxq.o [1]
  .text              ro code   0x800'12c8     0x4  startup_stm32h7a3xxq.o [1]
  .text              ro code   0x800'12cc     0x4  startup_stm32h7a3xxq.o [1]
  .text              ro code   0x800'12d0     0x4  startup_stm32h7a3xxq.o [1]
  .text              ro code   0x800'12d4     0x4  startup_stm32h7a3xxq.o [1]
  .text              ro code   0x800'12d8     0x4  startup_stm32h7a3xxq.o [1]
  .text              ro code   0x800'12dc     0x4  startup_stm32h7a3xxq.o [1]
  .text              ro code   0x800'12e0     0x4  startup_stm32h7a3xxq.o [1]
  .text              ro code   0x800'12e4     0x4  startup_stm32h7a3xxq.o [1]
  .text              ro code   0x800'12e8     0x4  startup_stm32h7a3xxq.o [1]
  .text              ro code   0x800'12ec     0x4  startup_stm32h7a3xxq.o [1]
  .text              ro code   0x800'12f0     0x4  startup_stm32h7a3xxq.o [1]
  .text              ro code   0x800'12f4     0x4  startup_stm32h7a3xxq.o [1]
  .text              ro code   0x800'12f8     0x4  startup_stm32h7a3xxq.o [1]
  .text              ro code   0x800'12fc     0x4  startup_stm32h7a3xxq.o [1]
  .text              ro code   0x800'1300     0x4  startup_stm32h7a3xxq.o [1]
  .text              ro code   0x800'1304     0x4  startup_stm32h7a3xxq.o [1]
  .text              ro code   0x800'1308     0x4  startup_stm32h7a3xxq.o [1]
  .text              ro code   0x800'130c     0x4  startup_stm32h7a3xxq.o [1]
  .text              ro code   0x800'1310     0x4  startup_stm32h7a3xxq.o [1]
  .text              ro code   0x800'1314     0x4  startup_stm32h7a3xxq.o [1]
  .text              ro code   0x800'1318     0x4  startup_stm32h7a3xxq.o [1]
  .text              ro code   0x800'131c     0x4  startup_stm32h7a3xxq.o [1]
  .text              ro code   0x800'1320     0x4  startup_stm32h7a3xxq.o [1]
  .text              ro code   0x800'1324     0x4  startup_stm32h7a3xxq.o [1]
  .text              ro code   0x800'1328     0x4  startup_stm32h7a3xxq.o [1]
  .text              ro code   0x800'132c     0x4  startup_stm32h7a3xxq.o [1]
  .text              ro code   0x800'1330     0x4  startup_stm32h7a3xxq.o [1]
  .text              ro code   0x800'1334     0x4  startup_stm32h7a3xxq.o [1]
  .text              ro code   0x800'1338     0x4  startup_stm32h7a3xxq.o [1]
  .text              ro code   0x800'133c     0x4  startup_stm32h7a3xxq.o [1]
  .text              ro code   0x800'1340     0x4  startup_stm32h7a3xxq.o [1]
  .text              ro code   0x800'1344     0x4  startup_stm32h7a3xxq.o [1]
  .text              ro code   0x800'1348     0x4  startup_stm32h7a3xxq.o [1]
  .text              ro code   0x800'134c     0x4  startup_stm32h7a3xxq.o [1]
  .text              ro code   0x800'1350     0x4  startup_stm32h7a3xxq.o [1]
  .text              ro code   0x800'1354     0x4  startup_stm32h7a3xxq.o [1]
  .text              ro code   0x800'1358     0x4  startup_stm32h7a3xxq.o [1]
  .text              ro code   0x800'135c     0x4  startup_stm32h7a3xxq.o [1]
  .text              ro code   0x800'1360     0x4  startup_stm32h7a3xxq.o [1]
  .text              ro code   0x800'1364     0x4  startup_stm32h7a3xxq.o [1]
  .text              ro code   0x800'1368     0x4  startup_stm32h7a3xxq.o [1]
  .text              ro code   0x800'136c     0x4  startup_stm32h7a3xxq.o [1]
  .text              ro code   0x800'1370     0x4  startup_stm32h7a3xxq.o [1]
  .text              ro code   0x800'1374     0x4  startup_stm32h7a3xxq.o [1]
  .text              ro code   0x800'1378     0x4  startup_stm32h7a3xxq.o [1]
  .text              ro code   0x800'137c     0x4  startup_stm32h7a3xxq.o [1]
  .text              ro code   0x800'1380     0x4  startup_stm32h7a3xxq.o [1]
  .text              ro code   0x800'1384     0x4  startup_stm32h7a3xxq.o [1]
  .text              ro code   0x800'1388     0x4  startup_stm32h7a3xxq.o [1]
  .text              ro code   0x800'138c     0x4  startup_stm32h7a3xxq.o [1]
  .text              ro code   0x800'1390     0x4  startup_stm32h7a3xxq.o [1]
  .text              ro code   0x800'1394     0x4  startup_stm32h7a3xxq.o [1]
  .text              ro code   0x800'1398     0x4  startup_stm32h7a3xxq.o [1]
  .text              ro code   0x800'139c     0x4  startup_stm32h7a3xxq.o [1]
  .text              ro code   0x800'13a0     0x4  startup_stm32h7a3xxq.o [1]
  .text              ro code   0x800'13a4     0x4  startup_stm32h7a3xxq.o [1]
  .text              ro code   0x800'13a8     0x4  startup_stm32h7a3xxq.o [1]
  .text              ro code   0x800'13ac     0x4  startup_stm32h7a3xxq.o [1]
  .text              ro code   0x800'13b0     0x4  startup_stm32h7a3xxq.o [1]
  .text              ro code   0x800'13b4     0x4  startup_stm32h7a3xxq.o [1]
  .text              ro code   0x800'13b8     0x4  startup_stm32h7a3xxq.o [1]
  .text              ro code   0x800'13bc     0x4  startup_stm32h7a3xxq.o [1]
  .text              ro code   0x800'13c0     0x4  startup_stm32h7a3xxq.o [1]
  .text              ro code   0x800'13c4     0x4  startup_stm32h7a3xxq.o [1]
  .text              ro code   0x800'13c8     0x4  startup_stm32h7a3xxq.o [1]
  .text              ro code   0x800'13cc     0x4  startup_stm32h7a3xxq.o [1]
  .text              ro code   0x800'13d0     0x4  startup_stm32h7a3xxq.o [1]
  .text              ro code   0x800'13d4     0x4  startup_stm32h7a3xxq.o [1]
  .text              ro code   0x800'13d8     0x4  startup_stm32h7a3xxq.o [1]
  .text              ro code   0x800'13dc     0x4  startup_stm32h7a3xxq.o [1]
  .text              ro code   0x800'13e0     0x4  startup_stm32h7a3xxq.o [1]
  .text              ro code   0x800'13e4     0x4  startup_stm32h7a3xxq.o [1]
  .text              ro code   0x800'13e8     0x4  startup_stm32h7a3xxq.o [1]
  .text              ro code   0x800'13ec     0x4  startup_stm32h7a3xxq.o [1]
  .text              ro code   0x800'13f0     0x4  startup_stm32h7a3xxq.o [1]
  .text              ro code   0x800'13f4     0x4  startup_stm32h7a3xxq.o [1]
  .text              ro code   0x800'13f8     0x4  startup_stm32h7a3xxq.o [1]
  .text              ro code   0x800'13fc     0x4  startup_stm32h7a3xxq.o [1]
  .text              ro code   0x800'1400     0x4  startup_stm32h7a3xxq.o [1]
  .text              ro code   0x800'1404     0x4  startup_stm32h7a3xxq.o [1]
  .text              ro code   0x800'1408     0x4  startup_stm32h7a3xxq.o [1]
  .text              ro code   0x800'140c     0x4  startup_stm32h7a3xxq.o [1]
  .text              ro code   0x800'1410     0x4  startup_stm32h7a3xxq.o [1]
  .text              ro code   0x800'1414     0x4  startup_stm32h7a3xxq.o [1]
  .text              ro code   0x800'1418     0x4  startup_stm32h7a3xxq.o [1]
  .text              ro code   0x800'141c     0x4  startup_stm32h7a3xxq.o [1]
  .text              ro code   0x800'1420     0x4  startup_stm32h7a3xxq.o [1]
  .text              ro code   0x800'1424     0x4  startup_stm32h7a3xxq.o [1]
  .text              ro code   0x800'1428     0x4  startup_stm32h7a3xxq.o [1]
  .text              ro code   0x800'142c     0x4  startup_stm32h7a3xxq.o [1]
  .text              ro code   0x800'1430     0x4  startup_stm32h7a3xxq.o [1]
  .text              ro code   0x800'1434     0x4  startup_stm32h7a3xxq.o [1]
  .text              ro code   0x800'1438     0x4  startup_stm32h7a3xxq.o [1]
  .text              ro code   0x800'143c     0x4  startup_stm32h7a3xxq.o [1]
  .text              ro code   0x800'1440     0x4  startup_stm32h7a3xxq.o [1]
  .text              ro code   0x800'1444     0x4  startup_stm32h7a3xxq.o [1]
  .text              ro code   0x800'1448     0x4  startup_stm32h7a3xxq.o [1]
  .text              ro code   0x800'144c     0x4  startup_stm32h7a3xxq.o [1]
  .text              ro code   0x800'1450     0x4  startup_stm32h7a3xxq.o [1]
  .text              ro code   0x800'1454     0x4  startup_stm32h7a3xxq.o [1]
  .text              ro code   0x800'1458     0x4  startup_stm32h7a3xxq.o [1]
  .text              ro code   0x800'145c     0x4  startup_stm32h7a3xxq.o [1]
  .text              ro code   0x800'1460     0x4  startup_stm32h7a3xxq.o [1]
  .text              ro code   0x800'1464     0x4  startup_stm32h7a3xxq.o [1]
  .text              ro code   0x800'1468     0x4  startup_stm32h7a3xxq.o [1]
  .text              ro code   0x800'146c     0x4  startup_stm32h7a3xxq.o [1]
  .text              ro code   0x800'1470     0x4  startup_stm32h7a3xxq.o [1]
  .text              ro code   0x800'1474     0x4  startup_stm32h7a3xxq.o [1]
  .text              ro code   0x800'1478     0x4  startup_stm32h7a3xxq.o [1]
  .text              ro code   0x800'147c     0x4  startup_stm32h7a3xxq.o [1]
  .text              ro code   0x800'1480     0x4  startup_stm32h7a3xxq.o [1]
  .text              ro code   0x800'1484     0x4  startup_stm32h7a3xxq.o [1]
  .text              ro code   0x800'1488     0x4  startup_stm32h7a3xxq.o [1]
  .text              ro code   0x800'148c     0x4  startup_stm32h7a3xxq.o [1]
  .text              ro code   0x800'1490     0x4  startup_stm32h7a3xxq.o [1]
  .text              ro code   0x800'1494     0x4  startup_stm32h7a3xxq.o [1]
  .text              ro code   0x800'1498     0x4  startup_stm32h7a3xxq.o [1]
  .text              ro code   0x800'149c     0x4  startup_stm32h7a3xxq.o [1]
  .text              ro code   0x800'14a0     0x4  startup_stm32h7a3xxq.o [1]
  .text              ro code   0x800'14a4     0x4  startup_stm32h7a3xxq.o [1]
  .text              ro code   0x800'14a8     0x4  startup_stm32h7a3xxq.o [1]
  .text              ro code   0x800'14ac     0x4  startup_stm32h7a3xxq.o [1]
  .text              ro code   0x800'14b0     0x4  startup_stm32h7a3xxq.o [1]
  .text              ro code   0x800'14b4     0x4  startup_stm32h7a3xxq.o [1]
  .text              ro code   0x800'14b8     0x4  startup_stm32h7a3xxq.o [1]
  .text              ro code   0x800'14bc     0x4  startup_stm32h7a3xxq.o [1]
  .text              ro code   0x800'14c0     0x4  startup_stm32h7a3xxq.o [1]
  .text              ro code   0x800'14c4     0x4  startup_stm32h7a3xxq.o [1]
  .text              ro code   0x800'14c8     0x4  startup_stm32h7a3xxq.o [1]
  .text              ro code   0x800'14cc     0x4  startup_stm32h7a3xxq.o [1]
  .text              ro code   0x800'14d0     0x4  startup_stm32h7a3xxq.o [1]
  .text              ro code   0x800'14d4     0x4  startup_stm32h7a3xxq.o [1]
  .rodata            const     0x800'14d8     0x0  copy_init3.o [7]
                             - 0x800'14d8  0x122c

"P2", part 1 of 2:                           0x14
  P2-1                        0x2000'0000    0x14  <Init block>
    .data            inited   0x2000'0000     0xc  stm32h7xx_hal.o [4]
    .data            inited   0x2000'000c     0x8  system_stm32h7xx.o [3]
                            - 0x2000'0014    0x14

"P2", part 2 of 2:                          0x400
  CSTACK                      0x2000'0018   0x400  <Block>
    CSTACK           uninit   0x2000'0018   0x400  <Block tail>
                            - 0x2000'0418   0x400

Unused ranges:

         From           To       Size
         ----           --       ----
   0x800'14d8   0x81f'ffff  0x1f'eb28
  0x2000'0014  0x2000'0017        0x4
  0x2000'0418  0x2001'ffff   0x1'fbe8


*******************************************************************************
*** INIT TABLE
***

          Address      Size
          -------      ----
Copy (__iar_copy_init3)
    1 source range, total size 0x14:
           0x800'12a0  0x14
    1 destination range, total size 0x14:
          0x2000'0000  0x14



*******************************************************************************
*** MODULE SUMMARY
***

    Module                  ro code  ro data  rw data
    ------                  -------  -------  -------
command line/config:
    -------------------------------------------------
    Total:

C:\Users\yael\source\repos\EcoMilk\STM32H7A3ZITxQ_All_Input\EWARM\STM32H7A3ZITxQ_All_Input\Obj\Application\EWARM: [1]
    startup_stm32h7a3xxq.o    1'232
    -------------------------------------------------
    Total:                    1'232

C:\Users\yael\source\repos\EcoMilk\STM32H7A3ZITxQ_All_Input\EWARM\STM32H7A3ZITxQ_All_Input\Obj\Application\User\Core: [2]
    main.o                      464
    stm32h7xx_hal_msp.o          32
    stm32h7xx_it.o               20
    -------------------------------------------------
    Total:                      516

C:\Users\yael\source\repos\EcoMilk\STM32H7A3ZITxQ_All_Input\EWARM\STM32H7A3ZITxQ_All_Input\Obj\Drivers\CMSIS: [3]
    system_stm32h7xx.o          192        8        8
    -------------------------------------------------
    Total:                      192        8        8

C:\Users\yael\source\repos\EcoMilk\STM32H7A3ZITxQ_All_Input\EWARM\STM32H7A3ZITxQ_All_Input\Obj\Drivers\STM32H7xx_HAL_Driver: [4]
    stm32h7xx_hal.o             188       12       12
    stm32h7xx_hal_cortex.o      172
    stm32h7xx_hal_gpio.o        500
    stm32h7xx_hal_pwr_ex.o      120
    stm32h7xx_hal_rcc.o       2'036
    -------------------------------------------------
    Total:                    3'016       12       12

dl7M_tln.a: [5]
    exit.o                        4
    low_level_init.o              4
    -------------------------------------------------
    Total:                        8

m7M_tlv.a: [6]
    fpinit_M.o                   34
    -------------------------------------------------
    Total:                       34

rt7M_tl.a: [7]
    ABImemset.o                 102
    cexit.o                      10
    cmain.o                      30
    copy_init3.o                 42
    cstartup_M.o                 28
    data_init.o                  40
    memset.o                     20
    -------------------------------------------------
    Total:                      272

shb_l.a: [8]
    exit.o                       20
    -------------------------------------------------
    Total:                       20

    Gaps                          4        2
    Linker created                        20    1'024
-----------------------------------------------------
    Grand Total:              5'294       42    1'044


*******************************************************************************
*** ENTRY LIST
***

Entry                       Address   Size  Type      Object
-----                       -------   ----  ----      ------
.iar.init_table$$Base    0x800'1204          --   Gb  - Linker created -
.iar.init_table$$Limit   0x800'1218          --   Gb  - Linker created -
?main                    0x800'1219         Code  Gb  cmain.o [7]
BusFault_Handler         0x800'1283    0x2  Code  Gb  stm32h7xx_it.o [2]
CSTACK$$Base            0x2000'0018          --   Gb  - Linker created -
CSTACK$$Limit           0x2000'0418          --   Gb  - Linker created -
D1CorePrescTable         0x800'11a8   0x10  Data  Gb  system_stm32h7xx.o [3]
DebugMon_Handler         0x800'1289    0x2  Code  Gb  stm32h7xx_it.o [2]
HAL_GPIO_Init            0x800'0b9d  0x1c4  Code  Gb  stm32h7xx_hal_gpio.o [4]
HAL_GetTick              0x800'0765    0xc  Code  Gb  stm32h7xx_hal.o [4]
HAL_IncTick              0x800'1291   0x10  Code  Gb  stm32h7xx_hal.o [4]
HAL_Init                 0x800'0f61   0x4a  Code  Gb  stm32h7xx_hal.o [4]
HAL_InitTick             0x800'0aad   0x44  Code  Gb  stm32h7xx_hal.o [4]
HAL_MspInit              0x800'1049   0x20  Code  Gb  stm32h7xx_hal_msp.o [2]
HAL_NVIC_SetPriority     0x800'0b25   0x3a  Code  Gb  stm32h7xx_hal_cortex.o [4]
HAL_NVIC_SetPriorityGrouping
                         0x800'0b0b   0x1a  Code  Gb  stm32h7xx_hal_cortex.o [4]
HAL_PWREx_ConfigSupply   0x800'0fd1   0x72  Code  Gb  stm32h7xx_hal_pwr_ex.o [4]
HAL_RCC_ClockConfig      0x800'0771  0x1ac  Code  Gb  stm32h7xx_hal_rcc.o [4]
HAL_RCC_GetSysClockFreq
                         0x800'0979   0xf0  Code  Gb  stm32h7xx_hal_rcc.o [4]
HAL_RCC_OscConfig        0x800'02ad  0x4b8  Code  Gb  stm32h7xx_hal_rcc.o [4]
HAL_SYSTICK_Config       0x800'0b61   0x28  Code  Gb  stm32h7xx_hal_cortex.o [4]
HardFault_Handler        0x800'127f    0x2  Code  Gb  stm32h7xx_it.o [2]
MemManage_Handler        0x800'1281    0x2  Code  Gb  stm32h7xx_it.o [2]
NMI_Handler              0x800'127d    0x2  Code  Gb  stm32h7xx_it.o [2]
PendSV_Handler           0x800'128b    0x2  Code  Gb  stm32h7xx_it.o [2]
Region$$Table$$Base      0x800'1204          --   Gb  - Linker created -
Region$$Table$$Limit     0x800'1218          --   Gb  - Linker created -
SVC_Handler              0x800'1287    0x2  Code  Gb  stm32h7xx_it.o [2]
SysTick_Handler          0x800'128d    0x4  Code  Gb  stm32h7xx_it.o [2]
SystemClock_Config       0x800'0eb9   0x7e  Code  Gb  main.o [2]
SystemCoreClock         0x2000'000c    0x4  Data  Gb  system_stm32h7xx.o [3]
SystemD2Clock           0x2000'0010    0x4  Data  Gb  system_stm32h7xx.o [3]
SystemInit               0x800'10f9   0x90  Code  Gb  system_stm32h7xx.o [3]
UsageFault_Handler       0x800'1285    0x2  Code  Gb  stm32h7xx_it.o [2]
__NVIC_SetPriority       0x800'0af1   0x1a  Code  Lc  stm32h7xx_hal_cortex.o [4]
__aeabi_memset           0x800'1069         Code  Gb  ABImemset.o [7]
__cmain                  0x800'1219         Code  Gb  cmain.o [7]
__exit                   0x800'124d   0x14  Code  Gb  exit.o [8]
__iar_Memset             0x800'1069         Code  Gb  ABImemset.o [7]
__iar_Memset_word        0x800'1071         Code  Gb  ABImemset.o [7]
__iar_copy_init3         0x800'10cf   0x2a  Code  Gb  copy_init3.o [7]
__iar_data_init3         0x800'11b9   0x28  Code  Gb  data_init.o [7]
__iar_init_vfp           0x800'11e1         Code  Gb  fpinit_M.o [6]
__iar_program_start      0x800'1261         Code  Gb  cstartup_M.o [7]
__low_level_init         0x800'1237    0x4  Code  Gb  low_level_init.o [5]
__vector_table           0x800'0000         Data  Gb  startup_stm32h7a3xxq.o [1]
_call_main               0x800'1225         Code  Gb  cmain.o [7]
_exit                    0x800'1241         Code  Gb  cexit.o [7]
exit                     0x800'123b    0x4  Code  Gb  exit.o [5]
main                     0x800'0d91  0x108  Code  Gb  main.o [2]
memset                   0x800'0fbd   0x14  Code  Gb  memset.o [7]
uwTick                  0x2000'0004    0x4  Data  Gb  stm32h7xx_hal.o [4]
uwTickFreq              0x2000'0000    0x1  Data  Gb  stm32h7xx_hal.o [4]
uwTickPrio              0x2000'0008    0x4  Data  Gb  stm32h7xx_hal.o [4]


[1] = C:\Users\yael\source\repos\EcoMilk\STM32H7A3ZITxQ_All_Input\EWARM\STM32H7A3ZITxQ_All_Input\Obj\Application\EWARM
[2] = C:\Users\yael\source\repos\EcoMilk\STM32H7A3ZITxQ_All_Input\EWARM\STM32H7A3ZITxQ_All_Input\Obj\Application\User\Core
[3] = C:\Users\yael\source\repos\EcoMilk\STM32H7A3ZITxQ_All_Input\EWARM\STM32H7A3ZITxQ_All_Input\Obj\Drivers\CMSIS
[4] = C:\Users\yael\source\repos\EcoMilk\STM32H7A3ZITxQ_All_Input\EWARM\STM32H7A3ZITxQ_All_Input\Obj\Drivers\STM32H7xx_HAL_Driver
[5] = dl7M_tln.a
[6] = m7M_tlv.a
[7] = rt7M_tl.a
[8] = shb_l.a

  5'294 bytes of readonly  code memory
     42 bytes of readonly  data memory
  1'044 bytes of readwrite data memory

Errors: none
Warnings: none
