###############################################################################
#
# IAR ELF Linker V9.10.1.308/W64 for ARM                  07/Oct/2021  16:27:27
# Copyright 2007-2021 IAR Systems AB.
#
#    Output file  =
#        C:\Users\yael\source\repos\EcoMilk\Nucleo H7A3ZIQ\EWARM\Nucleo
#        H7A3ZIQ\Exe\Nucleo H7A3ZIQ.out
#    Map file     =
#        C:\Users\yael\source\repos\EcoMilk\Nucleo H7A3ZIQ\EWARM\Nucleo
#        H7A3ZIQ\List\Nucleo H7A3ZIQ.map
#    Command line =
#        -f "C:\Users\yael\source\repos\EcoMilk\Nucleo H7A3ZIQ\EWARM\Nucleo
#        H7A3ZIQ\Exe\Nucleo H7A3ZIQ.out.rsp"
#        ("C:\Users\yael\source\repos\EcoMilk\Nucleo H7A3ZIQ\EWARM\Nucleo
#        H7A3ZIQ\Obj\Application\User\Core\main.o"
#        "C:\Users\yael\source\repos\EcoMilk\Nucleo H7A3ZIQ\EWARM\Nucleo
#        H7A3ZIQ\Obj\Application\EWARM\startup_stm32h7a3xxq.o"
#        "C:\Users\yael\source\repos\EcoMilk\Nucleo H7A3ZIQ\EWARM\Nucleo
#        H7A3ZIQ\Obj\Drivers\STM32H7xx_HAL_Driver\stm32h7xx_hal.o"
#        "C:\Users\yael\source\repos\EcoMilk\Nucleo H7A3ZIQ\EWARM\Nucleo
#        H7A3ZIQ\Obj\Drivers\STM32H7xx_HAL_Driver\stm32h7xx_hal_adc.o"
#        "C:\Users\yael\source\repos\EcoMilk\Nucleo H7A3ZIQ\EWARM\Nucleo
#        H7A3ZIQ\Obj\Drivers\STM32H7xx_HAL_Driver\stm32h7xx_hal_adc_ex.o"
#        "C:\Users\yael\source\repos\EcoMilk\Nucleo H7A3ZIQ\EWARM\Nucleo
#        H7A3ZIQ\Obj\Drivers\STM32H7xx_HAL_Driver\stm32h7xx_hal_cortex.o"
#        "C:\Users\yael\source\repos\EcoMilk\Nucleo H7A3ZIQ\EWARM\Nucleo
#        H7A3ZIQ\Obj\Drivers\STM32H7xx_HAL_Driver\stm32h7xx_hal_dma.o"
#        "C:\Users\yael\source\repos\EcoMilk\Nucleo H7A3ZIQ\EWARM\Nucleo
#        H7A3ZIQ\Obj\Drivers\STM32H7xx_HAL_Driver\stm32h7xx_hal_dma_ex.o"
#        "C:\Users\yael\source\repos\EcoMilk\Nucleo H7A3ZIQ\EWARM\Nucleo
#        H7A3ZIQ\Obj\Drivers\STM32H7xx_HAL_Driver\stm32h7xx_hal_exti.o"
#        "C:\Users\yael\source\repos\EcoMilk\Nucleo H7A3ZIQ\EWARM\Nucleo
#        H7A3ZIQ\Obj\Drivers\STM32H7xx_HAL_Driver\stm32h7xx_hal_flash.o"
#        "C:\Users\yael\source\repos\EcoMilk\Nucleo H7A3ZIQ\EWARM\Nucleo
#        H7A3ZIQ\Obj\Drivers\STM32H7xx_HAL_Driver\stm32h7xx_hal_flash_ex.o"
#        "C:\Users\yael\source\repos\EcoMilk\Nucleo H7A3ZIQ\EWARM\Nucleo
#        H7A3ZIQ\Obj\Drivers\STM32H7xx_HAL_Driver\stm32h7xx_hal_gpio.o"
#        "C:\Users\yael\source\repos\EcoMilk\Nucleo H7A3ZIQ\EWARM\Nucleo
#        H7A3ZIQ\Obj\Drivers\STM32H7xx_HAL_Driver\stm32h7xx_hal_hsem.o"
#        "C:\Users\yael\source\repos\EcoMilk\Nucleo H7A3ZIQ\EWARM\Nucleo
#        H7A3ZIQ\Obj\Drivers\STM32H7xx_HAL_Driver\stm32h7xx_hal_i2c.o"
#        "C:\Users\yael\source\repos\EcoMilk\Nucleo H7A3ZIQ\EWARM\Nucleo
#        H7A3ZIQ\Obj\Drivers\STM32H7xx_HAL_Driver\stm32h7xx_hal_i2c_ex.o"
#        "C:\Users\yael\source\repos\EcoMilk\Nucleo H7A3ZIQ\EWARM\Nucleo
#        H7A3ZIQ\Obj\Drivers\STM32H7xx_HAL_Driver\stm32h7xx_hal_mdma.o"
#        "C:\Users\yael\source\repos\EcoMilk\Nucleo H7A3ZIQ\EWARM\Nucleo
#        H7A3ZIQ\Obj\Application\User\Core\stm32h7xx_hal_msp.o"
#        "C:\Users\yael\source\repos\EcoMilk\Nucleo H7A3ZIQ\EWARM\Nucleo
#        H7A3ZIQ\Obj\Drivers\STM32H7xx_HAL_Driver\stm32h7xx_hal_pwr.o"
#        "C:\Users\yael\source\repos\EcoMilk\Nucleo H7A3ZIQ\EWARM\Nucleo
#        H7A3ZIQ\Obj\Drivers\STM32H7xx_HAL_Driver\stm32h7xx_hal_pwr_ex.o"
#        "C:\Users\yael\source\repos\EcoMilk\Nucleo H7A3ZIQ\EWARM\Nucleo
#        H7A3ZIQ\Obj\Drivers\STM32H7xx_HAL_Driver\stm32h7xx_hal_rcc.o"
#        "C:\Users\yael\source\repos\EcoMilk\Nucleo H7A3ZIQ\EWARM\Nucleo
#        H7A3ZIQ\Obj\Drivers\STM32H7xx_HAL_Driver\stm32h7xx_hal_rcc_ex.o"
#        "C:\Users\yael\source\repos\EcoMilk\Nucleo H7A3ZIQ\EWARM\Nucleo
#        H7A3ZIQ\Obj\Drivers\STM32H7xx_HAL_Driver\stm32h7xx_hal_spi.o"
#        "C:\Users\yael\source\repos\EcoMilk\Nucleo H7A3ZIQ\EWARM\Nucleo
#        H7A3ZIQ\Obj\Drivers\STM32H7xx_HAL_Driver\stm32h7xx_hal_spi_ex.o"
#        "C:\Users\yael\source\repos\EcoMilk\Nucleo H7A3ZIQ\EWARM\Nucleo
#        H7A3ZIQ\Obj\Drivers\STM32H7xx_HAL_Driver\stm32h7xx_hal_tim.o"
#        "C:\Users\yael\source\repos\EcoMilk\Nucleo H7A3ZIQ\EWARM\Nucleo
#        H7A3ZIQ\Obj\Drivers\STM32H7xx_HAL_Driver\stm32h7xx_hal_tim_ex.o"
#        "C:\Users\yael\source\repos\EcoMilk\Nucleo H7A3ZIQ\EWARM\Nucleo
#        H7A3ZIQ\Obj\Drivers\STM32H7xx_HAL_Driver\stm32h7xx_hal_uart.o"
#        "C:\Users\yael\source\repos\EcoMilk\Nucleo H7A3ZIQ\EWARM\Nucleo
#        H7A3ZIQ\Obj\Drivers\STM32H7xx_HAL_Driver\stm32h7xx_hal_uart_ex.o"
#        "C:\Users\yael\source\repos\EcoMilk\Nucleo H7A3ZIQ\EWARM\Nucleo
#        H7A3ZIQ\Obj\Application\User\Core\stm32h7xx_it.o"
#        "C:\Users\yael\source\repos\EcoMilk\Nucleo H7A3ZIQ\EWARM\Nucleo
#        H7A3ZIQ\Obj\Drivers\CMSIS\system_stm32h7xx.o" --no_out_extension -o
#        "C:\Users\yael\source\repos\EcoMilk\Nucleo H7A3ZIQ\EWARM\Nucleo
#        H7A3ZIQ\Exe\Nucleo H7A3ZIQ.out" --redirect _Printf=_PrintfFullNoMb
#        --redirect _Scanf=_ScanfFullNoMb --map
#        "C:\Users\yael\source\repos\EcoMilk\Nucleo H7A3ZIQ\EWARM\Nucleo
#        H7A3ZIQ\List\Nucleo H7A3ZIQ.map" --config
#        "C:\Users\yael\source\repos\EcoMilk\Nucleo
#        H7A3ZIQ\EWARM/stm32h7a3xxq_flash.icf" --semihosting --entry
#        __iar_program_start --vfe --text_out locale)
#
###############################################################################

*******************************************************************************
*** RUNTIME MODEL ATTRIBUTES
***

CppFlavor       = *
__SystemLibrary = DLib
__dlib_version  = 6


*******************************************************************************
*** HEAP SELECTION
***

The basic heap was selected because no calls to memory allocation
functions were found in the application outside of system library
functions, and there are calls to deallocation functions in the
application.


*******************************************************************************
*** PLACEMENT SUMMARY
***

"A0":  place at address 0x800'0000 { ro section .intvec };
"P1":  place in [from 0x800'0000 to 0x81f'ffff] { ro };
define block CSTACK with size = 1K, alignment = 8 { };
define block HEAP with size = 512, alignment = 8 { };
"P2":  place in [from 0x2000'0000 to 0x2001'ffff] {
          rw, block CSTACK, block HEAP };
initialize by copy { rw };

  Section            Kind         Address    Size  Object
  -------            ----         -------    ----  ------
"A0":                                       0x2ac
  .intvec            ro code   0x800'0000   0x2ac  startup_stm32h7a3xxq.o [1]
                             - 0x800'02ac   0x2ac

"P1":                                      0x6a0c
  .text              ro code   0x800'02ac  0x1a18  stm32h7xx_hal_rcc_ex.o [4]
  .text              ro code   0x800'1cc4     0xc  stm32h7xx_hal.o [4]
  .text              ro code   0x800'1cd0   0x5f4  stm32h7xx_hal_rcc.o [4]
  .text              ro code   0x800'22c4    0x58  stm32h7xx_hal.o [4]
  .text              ro code   0x800'231c   0x128  stm32h7xx_hal_cortex.o [4]
  .text              ro code   0x800'2444   0xb34  stm32h7xx_hal_uart.o [4]
  .text              ro code   0x800'2f78   0x52c  stm32h7xx_hal_msp.o [2]
  .text              ro code   0x800'34a4   0x230  I64DivMod.o [7]
  .text              ro code   0x800'36d4    0x14  memset.o [7]
  .text              ro code   0x800'36e8   0x9b4  main.o [2]
  .text              ro code   0x800'409c   0x284  stm32h7xx_hal_gpio.o [4]
  .text              ro code   0x800'4320    0x84  stm32h7xx_hal.o [4]
  .text              ro code   0x800'43a4     0x2  I64DivZer.o [7]
  .text              ro code   0x800'43a6    0x2a  copy_init3.o [7]
  .text              ro code   0x800'43d0    0x66  ABImemset.o [7]
  .text              ro code   0x800'4438   0x9ac  stm32h7xx_hal_tim.o [4]
  .text              ro code   0x800'4de4   0x702  stm32h7xx_hal_spi.o [4]
  .text              ro code   0x800'54e8    0x9c  stm32h7xx_hal_pwr_ex.o [4]
  .text              ro code   0x800'5584   0x704  stm32h7xx_hal_rcc.o [4]
  .text              ro code   0x800'5c88   0x8a4  stm32h7xx_hal_adc.o [4]
  .text              ro code   0x800'652c   0x14c  stm32h7xx_hal_tim_ex.o [4]
  .text              ro code   0x800'6678   0x16c  stm32h7xx_hal_uart_ex.o [4]
  .text              ro code   0x800'67e4   0x120  system_stm32h7xx.o [3]
  .text              ro code   0x800'6904    0x38  zero_init3.o [7]
  .text              ro code   0x800'693c    0x28  data_init.o [7]
  .text              ro code   0x800'6964    0x22  fpinit_M.o [6]
  .iar.init_table    const     0x800'6988    0x24  - Linker created -
  .text              ro code   0x800'69ac    0x1e  cmain.o [7]
  .text              ro code   0x800'69ca     0x4  low_level_init.o [5]
  .text              ro code   0x800'69ce     0x4  exit.o [5]
  .text              ro code   0x800'69d4     0xa  cexit.o [7]
  .text              ro code   0x800'69e0    0x14  exit.o [8]
  .text              ro code   0x800'69f4    0x1c  cstartup_M.o [7]
  .rodata            const     0x800'6a10    0x18  stm32h7xx_hal_uart.o [4]
  .text              ro code   0x800'6a28    0x18  stm32h7xx_hal.o [4]
  .text              ro code   0x800'6a40    0x18  stm32h7xx_it.o [2]
  .rodata            const     0x800'6a58    0x10  system_stm32h7xx.o [3]
  .text              ro code   0x800'6a68    0x10  startup_stm32h7a3xxq.o [1]
  Initializer bytes  const     0x800'6a78    0x10  <for P2-1>
  .rodata            const     0x800'6a88     0xc  main.o [2]
  .rodata            const     0x800'6a94     0x8  stm32h7xx_hal_uart_ex.o [4]
  .rodata            const     0x800'6a9c     0x8  stm32h7xx_hal_uart_ex.o [4]
  .text              ro code   0x800'6aa4     0x4  startup_stm32h7a3xxq.o [1]
  .text              ro code   0x800'6aa8     0x4  startup_stm32h7a3xxq.o [1]
  .text              ro code   0x800'6aac     0x4  startup_stm32h7a3xxq.o [1]
  .text              ro code   0x800'6ab0     0x4  startup_stm32h7a3xxq.o [1]
  .text              ro code   0x800'6ab4     0x4  startup_stm32h7a3xxq.o [1]
  .text              ro code   0x800'6ab8     0x4  startup_stm32h7a3xxq.o [1]
  .text              ro code   0x800'6abc     0x4  startup_stm32h7a3xxq.o [1]
  .text              ro code   0x800'6ac0     0x4  startup_stm32h7a3xxq.o [1]
  .text              ro code   0x800'6ac4     0x4  startup_stm32h7a3xxq.o [1]
  .text              ro code   0x800'6ac8     0x4  startup_stm32h7a3xxq.o [1]
  .text              ro code   0x800'6acc     0x4  startup_stm32h7a3xxq.o [1]
  .text              ro code   0x800'6ad0     0x4  startup_stm32h7a3xxq.o [1]
  .text              ro code   0x800'6ad4     0x4  startup_stm32h7a3xxq.o [1]
  .text              ro code   0x800'6ad8     0x4  startup_stm32h7a3xxq.o [1]
  .text              ro code   0x800'6adc     0x4  startup_stm32h7a3xxq.o [1]
  .text              ro code   0x800'6ae0     0x4  startup_stm32h7a3xxq.o [1]
  .text              ro code   0x800'6ae4     0x4  startup_stm32h7a3xxq.o [1]
  .text              ro code   0x800'6ae8     0x4  startup_stm32h7a3xxq.o [1]
  .text              ro code   0x800'6aec     0x4  startup_stm32h7a3xxq.o [1]
  .text              ro code   0x800'6af0     0x4  startup_stm32h7a3xxq.o [1]
  .text              ro code   0x800'6af4     0x4  startup_stm32h7a3xxq.o [1]
  .text              ro code   0x800'6af8     0x4  startup_stm32h7a3xxq.o [1]
  .text              ro code   0x800'6afc     0x4  startup_stm32h7a3xxq.o [1]
  .text              ro code   0x800'6b00     0x4  startup_stm32h7a3xxq.o [1]
  .text              ro code   0x800'6b04     0x4  startup_stm32h7a3xxq.o [1]
  .text              ro code   0x800'6b08     0x4  startup_stm32h7a3xxq.o [1]
  .text              ro code   0x800'6b0c     0x4  startup_stm32h7a3xxq.o [1]
  .text              ro code   0x800'6b10     0x4  startup_stm32h7a3xxq.o [1]
  .text              ro code   0x800'6b14     0x4  startup_stm32h7a3xxq.o [1]
  .text              ro code   0x800'6b18     0x4  startup_stm32h7a3xxq.o [1]
  .text              ro code   0x800'6b1c     0x4  startup_stm32h7a3xxq.o [1]
  .text              ro code   0x800'6b20     0x4  startup_stm32h7a3xxq.o [1]
  .text              ro code   0x800'6b24     0x4  startup_stm32h7a3xxq.o [1]
  .text              ro code   0x800'6b28     0x4  startup_stm32h7a3xxq.o [1]
  .text              ro code   0x800'6b2c     0x4  startup_stm32h7a3xxq.o [1]
  .text              ro code   0x800'6b30     0x4  startup_stm32h7a3xxq.o [1]
  .text              ro code   0x800'6b34     0x4  startup_stm32h7a3xxq.o [1]
  .text              ro code   0x800'6b38     0x4  startup_stm32h7a3xxq.o [1]
  .text              ro code   0x800'6b3c     0x4  startup_stm32h7a3xxq.o [1]
  .text              ro code   0x800'6b40     0x4  startup_stm32h7a3xxq.o [1]
  .text              ro code   0x800'6b44     0x4  startup_stm32h7a3xxq.o [1]
  .text              ro code   0x800'6b48     0x4  startup_stm32h7a3xxq.o [1]
  .text              ro code   0x800'6b4c     0x4  startup_stm32h7a3xxq.o [1]
  .text              ro code   0x800'6b50     0x4  startup_stm32h7a3xxq.o [1]
  .text              ro code   0x800'6b54     0x4  startup_stm32h7a3xxq.o [1]
  .text              ro code   0x800'6b58     0x4  startup_stm32h7a3xxq.o [1]
  .text              ro code   0x800'6b5c     0x4  startup_stm32h7a3xxq.o [1]
  .text              ro code   0x800'6b60     0x4  startup_stm32h7a3xxq.o [1]
  .text              ro code   0x800'6b64     0x4  startup_stm32h7a3xxq.o [1]
  .text              ro code   0x800'6b68     0x4  startup_stm32h7a3xxq.o [1]
  .text              ro code   0x800'6b6c     0x4  startup_stm32h7a3xxq.o [1]
  .text              ro code   0x800'6b70     0x4  startup_stm32h7a3xxq.o [1]
  .text              ro code   0x800'6b74     0x4  startup_stm32h7a3xxq.o [1]
  .text              ro code   0x800'6b78     0x4  startup_stm32h7a3xxq.o [1]
  .text              ro code   0x800'6b7c     0x4  startup_stm32h7a3xxq.o [1]
  .text              ro code   0x800'6b80     0x4  startup_stm32h7a3xxq.o [1]
  .text              ro code   0x800'6b84     0x4  startup_stm32h7a3xxq.o [1]
  .text              ro code   0x800'6b88     0x4  startup_stm32h7a3xxq.o [1]
  .text              ro code   0x800'6b8c     0x4  startup_stm32h7a3xxq.o [1]
  .text              ro code   0x800'6b90     0x4  startup_stm32h7a3xxq.o [1]
  .text              ro code   0x800'6b94     0x4  startup_stm32h7a3xxq.o [1]
  .text              ro code   0x800'6b98     0x4  startup_stm32h7a3xxq.o [1]
  .text              ro code   0x800'6b9c     0x4  startup_stm32h7a3xxq.o [1]
  .text              ro code   0x800'6ba0     0x4  startup_stm32h7a3xxq.o [1]
  .text              ro code   0x800'6ba4     0x4  startup_stm32h7a3xxq.o [1]
  .text              ro code   0x800'6ba8     0x4  startup_stm32h7a3xxq.o [1]
  .text              ro code   0x800'6bac     0x4  startup_stm32h7a3xxq.o [1]
  .text              ro code   0x800'6bb0     0x4  startup_stm32h7a3xxq.o [1]
  .text              ro code   0x800'6bb4     0x4  startup_stm32h7a3xxq.o [1]
  .text              ro code   0x800'6bb8     0x4  startup_stm32h7a3xxq.o [1]
  .text              ro code   0x800'6bbc     0x4  startup_stm32h7a3xxq.o [1]
  .text              ro code   0x800'6bc0     0x4  startup_stm32h7a3xxq.o [1]
  .text              ro code   0x800'6bc4     0x4  startup_stm32h7a3xxq.o [1]
  .text              ro code   0x800'6bc8     0x4  startup_stm32h7a3xxq.o [1]
  .text              ro code   0x800'6bcc     0x4  startup_stm32h7a3xxq.o [1]
  .text              ro code   0x800'6bd0     0x4  startup_stm32h7a3xxq.o [1]
  .text              ro code   0x800'6bd4     0x4  startup_stm32h7a3xxq.o [1]
  .text              ro code   0x800'6bd8     0x4  startup_stm32h7a3xxq.o [1]
  .text              ro code   0x800'6bdc     0x4  startup_stm32h7a3xxq.o [1]
  .text              ro code   0x800'6be0     0x4  startup_stm32h7a3xxq.o [1]
  .text              ro code   0x800'6be4     0x4  startup_stm32h7a3xxq.o [1]
  .text              ro code   0x800'6be8     0x4  startup_stm32h7a3xxq.o [1]
  .text              ro code   0x800'6bec     0x4  startup_stm32h7a3xxq.o [1]
  .text              ro code   0x800'6bf0     0x4  startup_stm32h7a3xxq.o [1]
  .text              ro code   0x800'6bf4     0x4  startup_stm32h7a3xxq.o [1]
  .text              ro code   0x800'6bf8     0x4  startup_stm32h7a3xxq.o [1]
  .text              ro code   0x800'6bfc     0x4  startup_stm32h7a3xxq.o [1]
  .text              ro code   0x800'6c00     0x4  startup_stm32h7a3xxq.o [1]
  .text              ro code   0x800'6c04     0x4  startup_stm32h7a3xxq.o [1]
  .text              ro code   0x800'6c08     0x4  startup_stm32h7a3xxq.o [1]
  .text              ro code   0x800'6c0c     0x4  startup_stm32h7a3xxq.o [1]
  .text              ro code   0x800'6c10     0x4  startup_stm32h7a3xxq.o [1]
  .text              ro code   0x800'6c14     0x4  startup_stm32h7a3xxq.o [1]
  .text              ro code   0x800'6c18     0x4  startup_stm32h7a3xxq.o [1]
  .text              ro code   0x800'6c1c     0x4  startup_stm32h7a3xxq.o [1]
  .text              ro code   0x800'6c20     0x4  startup_stm32h7a3xxq.o [1]
  .text              ro code   0x800'6c24     0x4  startup_stm32h7a3xxq.o [1]
  .text              ro code   0x800'6c28     0x4  startup_stm32h7a3xxq.o [1]
  .text              ro code   0x800'6c2c     0x4  startup_stm32h7a3xxq.o [1]
  .text              ro code   0x800'6c30     0x4  startup_stm32h7a3xxq.o [1]
  .text              ro code   0x800'6c34     0x4  startup_stm32h7a3xxq.o [1]
  .text              ro code   0x800'6c38     0x4  startup_stm32h7a3xxq.o [1]
  .text              ro code   0x800'6c3c     0x4  startup_stm32h7a3xxq.o [1]
  .text              ro code   0x800'6c40     0x4  startup_stm32h7a3xxq.o [1]
  .text              ro code   0x800'6c44     0x4  startup_stm32h7a3xxq.o [1]
  .text              ro code   0x800'6c48     0x4  startup_stm32h7a3xxq.o [1]
  .text              ro code   0x800'6c4c     0x4  startup_stm32h7a3xxq.o [1]
  .text              ro code   0x800'6c50     0x4  startup_stm32h7a3xxq.o [1]
  .text              ro code   0x800'6c54     0x4  startup_stm32h7a3xxq.o [1]
  .text              ro code   0x800'6c58     0x4  startup_stm32h7a3xxq.o [1]
  .text              ro code   0x800'6c5c     0x4  startup_stm32h7a3xxq.o [1]
  .text              ro code   0x800'6c60     0x4  startup_stm32h7a3xxq.o [1]
  .text              ro code   0x800'6c64     0x4  startup_stm32h7a3xxq.o [1]
  .text              ro code   0x800'6c68     0x4  startup_stm32h7a3xxq.o [1]
  .text              ro code   0x800'6c6c     0x4  startup_stm32h7a3xxq.o [1]
  .text              ro code   0x800'6c70     0x4  startup_stm32h7a3xxq.o [1]
  .text              ro code   0x800'6c74     0x4  startup_stm32h7a3xxq.o [1]
  .text              ro code   0x800'6c78     0x4  startup_stm32h7a3xxq.o [1]
  .text              ro code   0x800'6c7c     0x4  startup_stm32h7a3xxq.o [1]
  .text              ro code   0x800'6c80     0x4  startup_stm32h7a3xxq.o [1]
  .text              ro code   0x800'6c84     0x4  startup_stm32h7a3xxq.o [1]
  .text              ro code   0x800'6c88     0x4  startup_stm32h7a3xxq.o [1]
  .text              ro code   0x800'6c8c     0x4  startup_stm32h7a3xxq.o [1]
  .text              ro code   0x800'6c90     0x4  startup_stm32h7a3xxq.o [1]
  .text              ro code   0x800'6c94     0x4  startup_stm32h7a3xxq.o [1]
  .text              ro code   0x800'6c98     0x4  startup_stm32h7a3xxq.o [1]
  .text              ro code   0x800'6c9c     0x4  startup_stm32h7a3xxq.o [1]
  .text              ro code   0x800'6ca0     0x4  startup_stm32h7a3xxq.o [1]
  .text              ro code   0x800'6ca4     0x4  startup_stm32h7a3xxq.o [1]
  .text              ro code   0x800'6ca8     0x4  startup_stm32h7a3xxq.o [1]
  .text              ro code   0x800'6cac     0x4  startup_stm32h7a3xxq.o [1]
  .text              ro code   0x800'6cb0     0x4  startup_stm32h7a3xxq.o [1]
  .text              ro code   0x800'6cb4     0x4  startup_stm32h7a3xxq.o [1]
  .rodata            const     0x800'6cb8     0x0  zero_init3.o [7]
  .rodata            const     0x800'6cb8     0x0  copy_init3.o [7]
                             - 0x800'6cb8  0x6a0c

"P2", part 1 of 3:                           0x10
  P2-1                        0x2000'0000     0xd  <Init block>
    .data            inited   0x2000'0000     0x4  stm32h7xx_hal.o [4]
    .data            inited   0x2000'0004     0x4  system_stm32h7xx.o [3]
    .data            inited   0x2000'0008     0x4  system_stm32h7xx.o [3]
    .data            inited   0x2000'000c     0x1  stm32h7xx_hal.o [4]
                            - 0x2000'000d     0xd

"P2", part 2 of 3:                          0x340
  .bss               zero     0x2000'0010    0x90  main.o [2]
  .bss               zero     0x2000'00a0    0x90  main.o [2]
  .bss               zero     0x2000'0130    0x88  main.o [2]
  .bss               zero     0x2000'01b8    0x64  main.o [2]
  .bss               zero     0x2000'021c    0x4c  main.o [2]
  .bss               zero     0x2000'0268    0x4c  main.o [2]
  .bss               zero     0x2000'02b4    0x4c  main.o [2]
  .bss               zero     0x2000'0300    0x4c  main.o [2]
  .bss               zero     0x2000'034c     0x4  stm32h7xx_hal.o [4]
                            - 0x2000'0350   0x340

"P2", part 3 of 3:                          0x400
  CSTACK                      0x2000'0350   0x400  <Block>
    CSTACK           uninit   0x2000'0350   0x400  <Block tail>
                            - 0x2000'0750   0x400

Unused ranges:

         From           To       Size
         ----           --       ----
   0x800'6cb8   0x81f'ffff  0x1f'9348
  0x2000'0750  0x2001'ffff   0x1'f8b0


*******************************************************************************
*** INIT TABLE
***

          Address      Size
          -------      ----
Zero (__iar_zero_init3)
    1 destination range, total size 0x340:
          0x2000'0010  0x340

Copy (__iar_copy_init3)
    1 source range, total size 0x10 (123% of destination):
           0x800'6a78   0x10
    1 destination range, total size 0xd:
          0x2000'0000    0xd



*******************************************************************************
*** MODULE SUMMARY
***

    Module                   ro code  ro data  rw data
    ------                   -------  -------  -------
command line/config:
    --------------------------------------------------
    Total:

C:\Users\yael\source\repos\EcoMilk\Nucleo H7A3ZIQ\EWARM\Nucleo H7A3ZIQ\Obj\Application\EWARM: [1]
    startup_stm32h7a3xxq.o     1'232
    --------------------------------------------------
    Total:                     1'232

C:\Users\yael\source\repos\EcoMilk\Nucleo H7A3ZIQ\EWARM\Nucleo H7A3ZIQ\Obj\Application\User\Core: [2]
    main.o                     2'484       12      828
    stm32h7xx_hal_msp.o        1'324
    stm32h7xx_it.o                24
    --------------------------------------------------
    Total:                     3'832       12      828

C:\Users\yael\source\repos\EcoMilk\Nucleo H7A3ZIQ\EWARM\Nucleo H7A3ZIQ\Obj\Drivers\CMSIS: [3]
    system_stm32h7xx.o           288       24        8
    --------------------------------------------------
    Total:                       288       24        8

C:\Users\yael\source\repos\EcoMilk\Nucleo H7A3ZIQ\EWARM\Nucleo H7A3ZIQ\Obj\Drivers\STM32H7xx_HAL_Driver: [4]
    stm32h7xx_hal.o              256        5        9
    stm32h7xx_hal_adc.o        2'212
    stm32h7xx_hal_cortex.o       296
    stm32h7xx_hal_gpio.o         644
    stm32h7xx_hal_pwr_ex.o       156
    stm32h7xx_hal_rcc.o        3'320
    stm32h7xx_hal_rcc_ex.o     6'680
    stm32h7xx_hal_spi.o        1'794
    stm32h7xx_hal_tim.o        2'476
    stm32h7xx_hal_tim_ex.o       332
    stm32h7xx_hal_uart.o       2'868       24
    stm32h7xx_hal_uart_ex.o      364       16
    --------------------------------------------------
    Total:                    21'398       45        9

dl7M_tlf.a: [5]
    exit.o                         4
    low_level_init.o               4
    --------------------------------------------------
    Total:                         8

m7M_tlv.a: [6]
    fpinit_M.o                    34
    --------------------------------------------------
    Total:                        34

rt7M_tl.a: [7]
    ABImemset.o                  102
    I64DivMod.o                  560
    I64DivZer.o                    2
    cexit.o                       10
    cmain.o                       30
    copy_init3.o                  42
    cstartup_M.o                  28
    data_init.o                   40
    memset.o                      20
    zero_init3.o                  56
    --------------------------------------------------
    Total:                       890

shb_l.a: [8]
    exit.o                        20
    --------------------------------------------------
    Total:                        20

    Gaps                           8        2
    Linker created                         39    1'024
------------------------------------------------------
    Grand Total:              27'710      122    1'869


*******************************************************************************
*** ENTRY LIST
***

Entry                       Address   Size  Type      Object
-----                       -------   ----  ----      ------
.iar.init_table$$Base    0x800'6988          --   Gb  - Linker created -
.iar.init_table$$Limit   0x800'69ac          --   Gb  - Linker created -
?main                    0x800'69ad         Code  Gb  cmain.o [7]
ADC_ConfigureBoostMode   0x800'6405   0xfa  Code  Gb  stm32h7xx_hal_adc.o [4]
BusFault_Handler         0x800'6a47    0x2  Code  Gb  stm32h7xx_it.o [2]
CSTACK$$Base            0x2000'0350          --   Gb  - Linker created -
CSTACK$$Limit           0x2000'0750          --   Gb  - Linker created -
D1CorePrescTable         0x800'6a58   0x10  Data  Gb  system_stm32h7xx.o [3]
DebugMon_Handler         0x800'6a4d    0x2  Code  Gb  stm32h7xx_it.o [2]
Error_Handler            0x800'4099    0x4  Code  Gb  main.o [2]
HAL_ADC_ConfigChannel    0x800'5ffd  0x400  Code  Gb  stm32h7xx_hal_adc.o [4]
HAL_ADC_Init             0x800'5dcb  0x206  Code  Gb  stm32h7xx_hal_adc.o [4]
HAL_ADC_MspInit          0x800'2f9d   0xca  Code  Gb  stm32h7xx_hal_msp.o [2]
HAL_GPIO_Init            0x800'409d  0x232  Code  Gb  stm32h7xx_hal_gpio.o [4]
HAL_GPIO_WritePin        0x800'42cf   0x1a  Code  Gb  stm32h7xx_hal_gpio.o [4]
HAL_GetTick              0x800'1cc5    0xc  Code  Gb  stm32h7xx_hal.o [4]
HAL_IncTick              0x800'6a29   0x18  Code  Gb  stm32h7xx_hal.o [4]
HAL_Init                 0x800'4321   0x5e  Code  Gb  stm32h7xx_hal.o [4]
HAL_InitTick             0x800'22c5   0x58  Code  Gb  stm32h7xx_hal.o [4]
HAL_MspInit              0x800'2f79   0x24  Code  Gb  stm32h7xx_hal_msp.o [2]
HAL_NVIC_SetPriority     0x800'23f7   0x24  Code  Gb  stm32h7xx_hal_cortex.o [4]
HAL_NVIC_SetPriorityGrouping
                         0x800'23eb    0xc  Code  Gb  stm32h7xx_hal_cortex.o [4]
HAL_PWREx_ConfigSupply   0x800'54e9   0x92  Code  Gb  stm32h7xx_hal_pwr_ex.o [4]
HAL_RCCEx_GetD3PCLK1Freq
                         0x800'133b   0x1e  Code  Gb  stm32h7xx_hal_rcc_ex.o [4]
HAL_RCCEx_GetPLL1ClockFreq
                         0x800'17e5  0x228  Code  Gb  stm32h7xx_hal_rcc_ex.o [4]
HAL_RCCEx_GetPLL2ClockFreq
                         0x800'135d  0x226  Code  Gb  stm32h7xx_hal_rcc_ex.o [4]
HAL_RCCEx_GetPLL3ClockFreq
                         0x800'159d  0x22c  Code  Gb  stm32h7xx_hal_rcc_ex.o [4]
HAL_RCCEx_GetPeriphCLKFreq
                         0x800'0d85  0x5b6  Code  Gb  stm32h7xx_hal_rcc_ex.o [4]
HAL_RCCEx_PeriphCLKConfig
                         0x800'02ad  0xab4  Code  Gb  stm32h7xx_hal_rcc_ex.o [4]
HAL_RCC_ClockConfig      0x800'1cd1  0x306  Code  Gb  stm32h7xx_hal_rcc.o [4]
HAL_RCC_GetHCLKFreq      0x800'21ff   0x3c  Code  Gb  stm32h7xx_hal_rcc.o [4]
HAL_RCC_GetPCLK1Freq     0x800'223b   0x1a  Code  Gb  stm32h7xx_hal_rcc.o [4]
HAL_RCC_GetPCLK2Freq     0x800'2255   0x1a  Code  Gb  stm32h7xx_hal_rcc.o [4]
HAL_RCC_GetSysClockFreq
                         0x800'1fd9  0x226  Code  Gb  stm32h7xx_hal_rcc.o [4]
HAL_RCC_OscConfig        0x800'5585  0x704  Code  Gb  stm32h7xx_hal_rcc.o [4]
HAL_SPI_Init             0x800'4de5  0x182  Code  Gb  stm32h7xx_hal_spi.o [4]
HAL_SPI_MspInit          0x800'3067   0xd8  Code  Gb  stm32h7xx_hal_msp.o [2]
HAL_SPI_TransmitReceive
                         0x800'4f67  0x444  Code  Gb  stm32h7xx_hal_spi.o [4]
HAL_SYSCFG_AnalogSwitchConfig
                         0x800'437f   0x12  Code  Gb  stm32h7xx_hal.o [4]
HAL_SYSTICK_Config       0x800'241b    0xc  Code  Gb  stm32h7xx_hal_cortex.o [4]
HAL_TIMEx_ConfigBreakDeadTime
                         0x800'65cb   0x94  Code  Gb  stm32h7xx_hal_tim_ex.o [4]
HAL_TIMEx_MasterConfigSynchronization
                         0x800'652d   0x9e  Code  Gb  stm32h7xx_hal_tim_ex.o [4]
HAL_TIM_IC_ConfigChannel
                         0x800'46b5   0xca  Code  Gb  stm32h7xx_hal_tim.o [4]
HAL_TIM_IC_Init          0x800'4635   0x7a  Code  Gb  stm32h7xx_hal_tim.o [4]
HAL_TIM_IC_MspInit       0x800'3195  0x10a  Code  Gb  stm32h7xx_hal_msp.o [2]
HAL_TIM_MspPostInit      0x800'329f   0x92  Code  Gb  stm32h7xx_hal_msp.o [2]
HAL_TIM_PWM_ConfigChannel
                         0x800'477f  0x15a  Code  Gb  stm32h7xx_hal_tim.o [4]
HAL_TIM_PWM_Init         0x800'4439   0x7a  Code  Gb  stm32h7xx_hal_tim.o [4]
HAL_TIM_PWM_MspInit      0x800'313f   0x56  Code  Gb  stm32h7xx_hal_msp.o [2]
HAL_TIM_PWM_Start        0x800'44b3  0x15e  Code  Gb  stm32h7xx_hal_tim.o [4]
HAL_UARTEx_DisableFifoMode
                         0x800'6679   0x46  Code  Gb  stm32h7xx_hal_uart_ex.o [4]
HAL_UARTEx_SetRxFifoThreshold
                         0x800'6715   0x56  Code  Gb  stm32h7xx_hal_uart_ex.o [4]
HAL_UARTEx_SetTxFifoThreshold
                         0x800'66bf   0x56  Code  Gb  stm32h7xx_hal_uart_ex.o [4]
HAL_UART_Init            0x800'2445   0x7e  Code  Gb  stm32h7xx_hal_uart.o [4]
HAL_UART_MspInit         0x800'3331  0x12e  Code  Gb  stm32h7xx_hal_msp.o [2]
HAL_UART_Receive         0x800'25a5  0x14c  Code  Gb  stm32h7xx_hal_uart.o [4]
HAL_UART_Transmit        0x800'24c3   0xe2  Code  Gb  stm32h7xx_hal_uart.o [4]
HardFault_Handler        0x800'6a43    0x2  Code  Gb  stm32h7xx_it.o [2]
LL_ADC_DisableDeepPowerDown
                         0x800'5d7f    0xc  Code  Lc  stm32h7xx_hal_adc.o [4]
LL_ADC_EnableInternalRegulator
                         0x800'5d95   0x10  Code  Lc  stm32h7xx_hal_adc.o [4]
LL_ADC_GetCommonPathInternalCh
                         0x800'5ca1    0x8  Code  Lc  stm32h7xx_hal_adc.o [4]
LL_ADC_INJ_IsConversionOngoing
                         0x800'5dc1    0xa  Code  Lc  stm32h7xx_hal_adc.o [4]
LL_ADC_IsDeepPowerDownEnabled
                         0x800'5d8b    0xa  Code  Lc  stm32h7xx_hal_adc.o [4]
LL_ADC_IsEnabled         0x800'5daf    0x8  Code  Lc  stm32h7xx_hal_adc.o [4]
LL_ADC_IsInternalRegulatorEnabled
                         0x800'5da5    0xa  Code  Lc  stm32h7xx_hal_adc.o [4]
LL_ADC_REG_IsConversionOngoing
                         0x800'5db7    0xa  Code  Lc  stm32h7xx_hal_adc.o [4]
LL_ADC_REG_SetSequencerRanks
                         0x800'5cf7   0x2e  Code  Lc  stm32h7xx_hal_adc.o [4]
LL_ADC_SetChannelSamplingTime
                         0x800'5d25   0x34  Code  Lc  stm32h7xx_hal_adc.o [4]
LL_ADC_SetChannelSingleDiff
                         0x800'5d59   0x26  Code  Lc  stm32h7xx_hal_adc.o [4]
LL_ADC_SetCommonClock    0x800'5c89    0xc  Code  Lc  stm32h7xx_hal_adc.o [4]
LL_ADC_SetCommonPathInternalCh
                         0x800'5c95    0xc  Code  Lc  stm32h7xx_hal_adc.o [4]
LL_ADC_SetDataRightShift
                         0x800'5cc7   0x18  Code  Lc  stm32h7xx_hal_adc.o [4]
LL_ADC_SetOffset         0x800'5ca9   0x1e  Code  Lc  stm32h7xx_hal_adc.o [4]
LL_ADC_SetOffsetSignedSaturation
                         0x800'5cdf   0x18  Code  Lc  stm32h7xx_hal_adc.o [4]
MX_ADC2_Init             0x800'38bb   0xd2  Code  Lc  main.o [2]
MX_GPIO_Init             0x800'3ecd  0x164  Code  Lc  main.o [2]
MX_SPI2_Init             0x800'398d   0xce  Code  Lc  main.o [2]
MX_TIM1_Init             0x800'3a5b  0x10e  Code  Lc  main.o [2]
MX_TIM2_Init             0x800'3b69   0xac  Code  Lc  main.o [2]
MX_TIM3_Init             0x800'3c15   0xde  Code  Lc  main.o [2]
MX_TIM4_Init             0x800'3cf3   0xd2  Code  Lc  main.o [2]
MX_USART1_UART_Init      0x800'3dc5   0x84  Code  Lc  main.o [2]
MX_USART3_UART_Init      0x800'3e49   0x84  Code  Lc  main.o [2]
MemManage_Handler        0x800'6a45    0x2  Code  Gb  stm32h7xx_it.o [2]
NMI_Handler              0x800'6a41    0x2  Code  Gb  stm32h7xx_it.o [2]
NVIC_EncodePriority      0x800'2379   0x42  Code  Lc  stm32h7xx_hal_cortex.o [4]
PendSV_Handler           0x800'6a4f    0x2  Code  Gb  stm32h7xx_it.o [2]
RCCEx_PLL2_Config        0x800'1a31  0x130  Code  Lc  stm32h7xx_hal_rcc_ex.o [4]
RCCEx_PLL3_Config        0x800'1b69  0x130  Code  Lc  stm32h7xx_hal_rcc_ex.o [4]
Region$$Table$$Base      0x800'6988          --   Gb  - Linker created -
Region$$Table$$Limit     0x800'69ac          --   Gb  - Linker created -
SPI_CloseTransfer        0x800'53b9   0xce  Code  Lc  stm32h7xx_hal_spi.o [4]
SPI_GetPacketSize        0x800'54d1   0x16  Code  Lc  stm32h7xx_hal_spi.o [4]
SPI_WaitOnFlagUntilTimeout
                         0x800'548d   0x44  Code  Lc  stm32h7xx_hal_spi.o [4]
SVC_Handler              0x800'6a4b    0x2  Code  Gb  stm32h7xx_it.o [2]
SysTick_Config           0x800'23bb   0x30  Code  Lc  stm32h7xx_hal_cortex.o [4]
SysTick_Handler          0x800'6a51    0x8  Code  Gb  stm32h7xx_it.o [2]
SystemClock_Config       0x800'37e5   0xd6  Code  Gb  main.o [2]
SystemCoreClock         0x2000'0004    0x4  Data  Gb  system_stm32h7xx.o [3]
SystemD2Clock           0x2000'0008    0x4  Data  Gb  system_stm32h7xx.o [3]
SystemInit               0x800'67e5   0xc8  Code  Gb  system_stm32h7xx.o [3]
TIM_Base_SetConfig       0x800'48d9   0xca  Code  Gb  stm32h7xx_hal_tim.o [4]
TIM_CCxChannelCmd        0x800'4dc1   0x24  Code  Gb  stm32h7xx_hal_tim.o [4]
TIM_OC1_SetConfig        0x800'49a3   0xa0  Code  Lc  stm32h7xx_hal_tim.o [4]
TIM_OC2_SetConfig        0x800'4a43   0x92  Code  Gb  stm32h7xx_hal_tim.o [4]
TIM_OC3_SetConfig        0x800'4ad7   0x8e  Code  Lc  stm32h7xx_hal_tim.o [4]
TIM_OC4_SetConfig        0x800'4b65   0x68  Code  Lc  stm32h7xx_hal_tim.o [4]
TIM_OC5_SetConfig        0x800'4bcd   0x58  Code  Lc  stm32h7xx_hal_tim.o [4]
TIM_OC6_SetConfig        0x800'4c25   0x5a  Code  Lc  stm32h7xx_hal_tim.o [4]
TIM_TI1_SetConfig        0x800'4c7f   0x74  Code  Gb  stm32h7xx_hal_tim.o [4]
TIM_TI2_SetConfig        0x800'4cf3   0x36  Code  Lc  stm32h7xx_hal_tim.o [4]
TIM_TI3_SetConfig        0x800'4d29   0x34  Code  Lc  stm32h7xx_hal_tim.o [4]
TIM_TI4_SetConfig        0x800'4d5d   0x36  Code  Lc  stm32h7xx_hal_tim.o [4]
UARTEx_SetNbDataToProcess
                         0x800'676b   0x72  Code  Lc  stm32h7xx_hal_uart_ex.o [4]
UARTEx_SetNbDataToProcess::denominator
                         0x800'6a9c    0x8  Data  Lc  stm32h7xx_hal_uart_ex.o [4]
UARTEx_SetNbDataToProcess::numerator
                         0x800'6a94    0x8  Data  Lc  stm32h7xx_hal_uart_ex.o [4]
UARTPrescTable           0x800'6a10   0x18  Data  Gb  stm32h7xx_hal_uart.o [4]
UART_AdvFeatureConfig    0x800'2d25   0xda  Code  Gb  stm32h7xx_hal_uart.o [4]
UART_CheckIdleState      0x800'2dff   0x72  Code  Gb  stm32h7xx_hal_uart.o [4]
UART_SetConfig           0x800'26f1  0x632  Code  Gb  stm32h7xx_hal_uart.o [4]
UART_WaitOnFlagUntilTimeout
                         0x800'2e71   0xba  Code  Gb  stm32h7xx_hal_uart.o [4]
UsageFault_Handler       0x800'6a49    0x2  Code  Gb  stm32h7xx_it.o [2]
__NVIC_GetPriorityGrouping
                         0x800'233f    0xc  Code  Lc  stm32h7xx_hal_cortex.o [4]
__NVIC_SetPriority       0x800'234d   0x2c  Code  Lc  stm32h7xx_hal_cortex.o [4]
__NVIC_SetPriorityGrouping
                         0x800'231d   0x22  Code  Lc  stm32h7xx_hal_cortex.o [4]
__aeabi_ldiv0            0x800'43a5         Code  Gb  I64DivZer.o [7]
__aeabi_memset           0x800'43d1         Code  Gb  ABImemset.o [7]
__aeabi_uldivmod         0x800'34a5         Code  Gb  I64DivMod.o [7]
__cmain                  0x800'69ad         Code  Gb  cmain.o [7]
__exit                   0x800'69e1   0x14  Code  Gb  exit.o [8]
__iar_Memset             0x800'43d1         Code  Gb  ABImemset.o [7]
__iar_Memset_word        0x800'43d9         Code  Gb  ABImemset.o [7]
__iar_copy_init3         0x800'43a7   0x2a  Code  Gb  copy_init3.o [7]
__iar_data_init3         0x800'693d   0x28  Code  Gb  data_init.o [7]
__iar_init_vfp           0x800'6965         Code  Gb  fpinit_M.o [6]
__iar_program_start      0x800'69f5         Code  Gb  cstartup_M.o [7]
__iar_zero_init3         0x800'6905   0x38  Code  Gb  zero_init3.o [7]
__low_level_init         0x800'69cb    0x4  Code  Gb  low_level_init.o [5]
__vector_table           0x800'0000         Data  Gb  startup_stm32h7a3xxq.o [1]
_call_main               0x800'69b9         Code  Gb  cmain.o [7]
_exit                    0x800'69d5         Code  Gb  cexit.o [7]
exit                     0x800'69cf    0x4  Code  Gb  exit.o [5]
hadc2                   0x2000'01b8   0x64  Data  Gb  main.o [2]
hspi2                   0x2000'0130   0x88  Data  Gb  main.o [2]
htim1                   0x2000'021c   0x4c  Data  Gb  main.o [2]
htim2                   0x2000'0268   0x4c  Data  Gb  main.o [2]
htim3                   0x2000'02b4   0x4c  Data  Gb  main.o [2]
htim4                   0x2000'0300   0x4c  Data  Gb  main.o [2]
huart1                  0x2000'0010   0x90  Data  Gb  main.o [2]
huart3                  0x2000'00a0   0x90  Data  Gb  main.o [2]
main                     0x800'36e9   0xfc  Code  Gb  main.o [2]
memset                   0x800'36d5   0x14  Code  Gb  memset.o [7]
uwTick                  0x2000'034c    0x4  Data  Gb  stm32h7xx_hal.o [4]
uwTickFreq              0x2000'000c    0x1  Data  Gb  stm32h7xx_hal.o [4]
uwTickPrio              0x2000'0000    0x4  Data  Gb  stm32h7xx_hal.o [4]


[1] = C:\Users\yael\source\repos\EcoMilk\Nucleo H7A3ZIQ\EWARM\Nucleo H7A3ZIQ\Obj\Application\EWARM
[2] = C:\Users\yael\source\repos\EcoMilk\Nucleo H7A3ZIQ\EWARM\Nucleo H7A3ZIQ\Obj\Application\User\Core
[3] = C:\Users\yael\source\repos\EcoMilk\Nucleo H7A3ZIQ\EWARM\Nucleo H7A3ZIQ\Obj\Drivers\CMSIS
[4] = C:\Users\yael\source\repos\EcoMilk\Nucleo H7A3ZIQ\EWARM\Nucleo H7A3ZIQ\Obj\Drivers\STM32H7xx_HAL_Driver
[5] = dl7M_tlf.a
[6] = m7M_tlv.a
[7] = rt7M_tl.a
[8] = shb_l.a

  27'710 bytes of readonly  code memory
     122 bytes of readonly  data memory
   1'869 bytes of readwrite data memory

Errors: none
Warnings: none
