###############################################################################
#
# IAR ELF Linker V9.10.1.308/W64 for ARM                  06/Oct/2021  17:26:02
# Copyright 2007-2021 IAR Systems AB.
#
#    Output file  =
#        C:\Users\yael\source\repos\EcoMilk\Nucleo H7A3ZIQ\EWARM\Nucleo
#        H7A3ZIQ\Exe\Nucleo H7A3ZIQ.out
#    Map file     =
#        C:\Users\yael\source\repos\EcoMilk\Nucleo H7A3ZIQ\EWARM\Nucleo
#        H7A3ZIQ\List\Nucleo H7A3ZIQ.map
#    Command line =
#        -f "C:\Users\yael\source\repos\EcoMilk\Nucleo H7A3ZIQ\EWARM\Nucleo
#        H7A3ZIQ\Exe\Nucleo H7A3ZIQ.out.rsp"
#        ("C:\Users\yael\source\repos\EcoMilk\Nucleo H7A3ZIQ\EWARM\Nucleo
#        H7A3ZIQ\Obj\Application\User\Core\main.o"
#        "C:\Users\yael\source\repos\EcoMilk\Nucleo H7A3ZIQ\EWARM\Nucleo
#        H7A3ZIQ\Obj\Application\EWARM\startup_stm32h7a3xxq.o"
#        "C:\Users\yael\source\repos\EcoMilk\Nucleo H7A3ZIQ\EWARM\Nucleo
#        H7A3ZIQ\Obj\Drivers\STM32H7xx_HAL_Driver\stm32h7xx_hal.o"
#        "C:\Users\yael\source\repos\EcoMilk\Nucleo H7A3ZIQ\EWARM\Nucleo
#        H7A3ZIQ\Obj\Drivers\STM32H7xx_HAL_Driver\stm32h7xx_hal_adc.o"
#        "C:\Users\yael\source\repos\EcoMilk\Nucleo H7A3ZIQ\EWARM\Nucleo
#        H7A3ZIQ\Obj\Drivers\STM32H7xx_HAL_Driver\stm32h7xx_hal_adc_ex.o"
#        "C:\Users\yael\source\repos\EcoMilk\Nucleo H7A3ZIQ\EWARM\Nucleo
#        H7A3ZIQ\Obj\Drivers\STM32H7xx_HAL_Driver\stm32h7xx_hal_cortex.o"
#        "C:\Users\yael\source\repos\EcoMilk\Nucleo H7A3ZIQ\EWARM\Nucleo
#        H7A3ZIQ\Obj\Drivers\STM32H7xx_HAL_Driver\stm32h7xx_hal_dma.o"
#        "C:\Users\yael\source\repos\EcoMilk\Nucleo H7A3ZIQ\EWARM\Nucleo
#        H7A3ZIQ\Obj\Drivers\STM32H7xx_HAL_Driver\stm32h7xx_hal_dma_ex.o"
#        "C:\Users\yael\source\repos\EcoMilk\Nucleo H7A3ZIQ\EWARM\Nucleo
#        H7A3ZIQ\Obj\Drivers\STM32H7xx_HAL_Driver\stm32h7xx_hal_exti.o"
#        "C:\Users\yael\source\repos\EcoMilk\Nucleo H7A3ZIQ\EWARM\Nucleo
#        H7A3ZIQ\Obj\Drivers\STM32H7xx_HAL_Driver\stm32h7xx_hal_flash.o"
#        "C:\Users\yael\source\repos\EcoMilk\Nucleo H7A3ZIQ\EWARM\Nucleo
#        H7A3ZIQ\Obj\Drivers\STM32H7xx_HAL_Driver\stm32h7xx_hal_flash_ex.o"
#        "C:\Users\yael\source\repos\EcoMilk\Nucleo H7A3ZIQ\EWARM\Nucleo
#        H7A3ZIQ\Obj\Drivers\STM32H7xx_HAL_Driver\stm32h7xx_hal_gpio.o"
#        "C:\Users\yael\source\repos\EcoMilk\Nucleo H7A3ZIQ\EWARM\Nucleo
#        H7A3ZIQ\Obj\Drivers\STM32H7xx_HAL_Driver\stm32h7xx_hal_hsem.o"
#        "C:\Users\yael\source\repos\EcoMilk\Nucleo H7A3ZIQ\EWARM\Nucleo
#        H7A3ZIQ\Obj\Drivers\STM32H7xx_HAL_Driver\stm32h7xx_hal_i2c.o"
#        "C:\Users\yael\source\repos\EcoMilk\Nucleo H7A3ZIQ\EWARM\Nucleo
#        H7A3ZIQ\Obj\Drivers\STM32H7xx_HAL_Driver\stm32h7xx_hal_i2c_ex.o"
#        "C:\Users\yael\source\repos\EcoMilk\Nucleo H7A3ZIQ\EWARM\Nucleo
#        H7A3ZIQ\Obj\Drivers\STM32H7xx_HAL_Driver\stm32h7xx_hal_mdma.o"
#        "C:\Users\yael\source\repos\EcoMilk\Nucleo H7A3ZIQ\EWARM\Nucleo
#        H7A3ZIQ\Obj\Application\User\Core\stm32h7xx_hal_msp.o"
#        "C:\Users\yael\source\repos\EcoMilk\Nucleo H7A3ZIQ\EWARM\Nucleo
#        H7A3ZIQ\Obj\Drivers\STM32H7xx_HAL_Driver\stm32h7xx_hal_pwr.o"
#        "C:\Users\yael\source\repos\EcoMilk\Nucleo H7A3ZIQ\EWARM\Nucleo
#        H7A3ZIQ\Obj\Drivers\STM32H7xx_HAL_Driver\stm32h7xx_hal_pwr_ex.o"
#        "C:\Users\yael\source\repos\EcoMilk\Nucleo H7A3ZIQ\EWARM\Nucleo
#        H7A3ZIQ\Obj\Drivers\STM32H7xx_HAL_Driver\stm32h7xx_hal_rcc.o"
#        "C:\Users\yael\source\repos\EcoMilk\Nucleo H7A3ZIQ\EWARM\Nucleo
#        H7A3ZIQ\Obj\Drivers\STM32H7xx_HAL_Driver\stm32h7xx_hal_rcc_ex.o"
#        "C:\Users\yael\source\repos\EcoMilk\Nucleo H7A3ZIQ\EWARM\Nucleo
#        H7A3ZIQ\Obj\Drivers\STM32H7xx_HAL_Driver\stm32h7xx_hal_spi.o"
#        "C:\Users\yael\source\repos\EcoMilk\Nucleo H7A3ZIQ\EWARM\Nucleo
#        H7A3ZIQ\Obj\Drivers\STM32H7xx_HAL_Driver\stm32h7xx_hal_spi_ex.o"
#        "C:\Users\yael\source\repos\EcoMilk\Nucleo H7A3ZIQ\EWARM\Nucleo
#        H7A3ZIQ\Obj\Drivers\STM32H7xx_HAL_Driver\stm32h7xx_hal_tim.o"
#        "C:\Users\yael\source\repos\EcoMilk\Nucleo H7A3ZIQ\EWARM\Nucleo
#        H7A3ZIQ\Obj\Drivers\STM32H7xx_HAL_Driver\stm32h7xx_hal_tim_ex.o"
#        "C:\Users\yael\source\repos\EcoMilk\Nucleo H7A3ZIQ\EWARM\Nucleo
#        H7A3ZIQ\Obj\Drivers\STM32H7xx_HAL_Driver\stm32h7xx_hal_uart.o"
#        "C:\Users\yael\source\repos\EcoMilk\Nucleo H7A3ZIQ\EWARM\Nucleo
#        H7A3ZIQ\Obj\Drivers\STM32H7xx_HAL_Driver\stm32h7xx_hal_uart_ex.o"
#        "C:\Users\yael\source\repos\EcoMilk\Nucleo H7A3ZIQ\EWARM\Nucleo
#        H7A3ZIQ\Obj\Application\User\Core\stm32h7xx_it.o"
#        "C:\Users\yael\source\repos\EcoMilk\Nucleo H7A3ZIQ\EWARM\Nucleo
#        H7A3ZIQ\Obj\Drivers\CMSIS\system_stm32h7xx.o" --no_out_extension -o
#        "C:\Users\yael\source\repos\EcoMilk\Nucleo H7A3ZIQ\EWARM\Nucleo
#        H7A3ZIQ\Exe\Nucleo H7A3ZIQ.out" --redirect _Printf=_PrintfFullNoMb
#        --redirect _Scanf=_ScanfFullNoMb --map
#        "C:\Users\yael\source\repos\EcoMilk\Nucleo H7A3ZIQ\EWARM\Nucleo
#        H7A3ZIQ\List\Nucleo H7A3ZIQ.map" --config
#        "C:\Users\yael\source\repos\EcoMilk\Nucleo
#        H7A3ZIQ\EWARM/stm32h7a3xxq_flash.icf" --semihosting --entry
#        __iar_program_start --vfe --text_out locale)
#
###############################################################################

*******************************************************************************
*** RUNTIME MODEL ATTRIBUTES
***

CppFlavor       = *
__Heap_Handler  = Basic
__SystemLibrary = DLib
__dlib_version  = 6


*******************************************************************************
*** HEAP SELECTION
***

The basic heap was selected because no calls to memory allocation
functions were found in the application outside of system library
functions, and there are calls to deallocation functions in the
application.


*******************************************************************************
*** PLACEMENT SUMMARY
***

"A0":  place at address 0x800'0000 { ro section .intvec };
"P1":  place in [from 0x800'0000 to 0x81f'ffff] { ro };
define block CSTACK with size = 1K, alignment = 8 { };
define block HEAP with size = 512, alignment = 8 { };
"P2":  place in [from 0x2000'0000 to 0x2001'ffff] {
          rw, block CSTACK, block HEAP };
initialize by copy { rw };

  Section            Kind         Address    Size  Object
  -------            ----         -------    ----  ------
"A0":                                       0x2ac
  .intvec            ro code   0x800'0000   0x2ac  startup_stm32h7a3xxq.o [1]
                             - 0x800'02ac   0x2ac

"P1":                                      0x877d
  .text              ro code   0x800'02ac  0x1a18  stm32h7xx_hal_rcc_ex.o [4]
  .text              ro code   0x800'1cc4     0xc  stm32h7xx_hal.o [4]
  .text              ro code   0x800'1cd0   0x5f4  stm32h7xx_hal_rcc.o [4]
  .text              ro code   0x800'22c4    0x58  stm32h7xx_hal.o [4]
  .text              ro code   0x800'231c   0x128  stm32h7xx_hal_cortex.o [4]
  .text              ro code   0x800'2444   0xf32  xprintffull_nomb.o [5]
  .text              ro code   0x800'3376    0x76  lz77_init_single.o [7]
  .text              ro code   0x800'33ec    0x16  strchr.o [7]
  .rodata            const     0x800'3402     0x2  xlocale_c.o [5]
  .text              ro code   0x800'3404    0x40  xfail_s.o [5]
  .text              ro code   0x800'3444    0x36  strlen.o [7]
  .rodata            const     0x800'347a     0x1  xlocale_c.o [5]
  .text              ro code   0x800'347c    0x58  memchr.o [7]
  .text              ro code   0x800'34d4    0xa6  ABImemcpy.o [7]
  .text              ro code   0x800'357c    0x70  frexp.o [6]
  .text              ro code   0x800'35ec    0x34  DblCmpLe.o [6]
  .text              ro code   0x800'3620    0x34  DblCmpGe.o [6]
  .text              ro code   0x800'3654   0x104  ldexp.o [6]
  .text              ro code   0x800'3758     0xe  DblToS32.o [6]
  .text              ro code   0x800'3766     0xe  S32ToDbl.o [6]
  .text              ro code   0x800'3774    0x12  DblSub.o [6]
  .text              ro code   0x800'3786    0x12  DblDiv.o [6]
  .text              ro code   0x800'3798     0xe  DblToU32.o [6]
  .text              ro code   0x800'37a6     0xe  U32ToDbl.o [6]
  .text              ro code   0x800'37b4    0x12  DblMul.o [6]
  .text              ro code   0x800'37c8     0x8  xlocale_c.o [5]
  .text              ro code   0x800'37d0   0x230  I64DivMod.o [7]
  .text              ro code   0x800'3a00     0x6  abort.o [5]
  .text              ro code   0x800'3a08     0x2  I64DivZer.o [7]
  .text              ro code   0x800'3a0c    0x14  exit.o [8]
  .text              ro code   0x800'3a20    0x7c  iarttio.o [8]
  .text              ro code   0x800'3a9c     0x8  XShttio.o [5]
  .text              ro code   0x800'3aa4   0xb34  stm32h7xx_hal_uart.o [4]
  .text              ro code   0x800'45d8   0x52c  stm32h7xx_hal_msp.o [2]
  .text              ro code   0x800'4b04    0x14  memset.o [7]
  .text              ro code   0x800'4b18   0x954  main.o [2]
  .text              ro code   0x800'546c   0x26c  stm32h7xx_hal_gpio.o [4]
  .text              ro code   0x800'56d8    0x84  stm32h7xx_hal.o [4]
  .text              ro code   0x800'575c    0x66  ABImemset.o [7]
  .text              ro code   0x800'57c4    0x28  printf.o [5]
  .text              ro code   0x800'57ec   0x9ac  stm32h7xx_hal_tim.o [4]
  .text              ro code   0x800'6198   0x702  stm32h7xx_hal_spi.o [4]
  .text              ro code   0x800'689c   0xa80  stm32h7xx_hal_adc.o [4]
  .text              ro code   0x800'731c    0x9c  stm32h7xx_hal_pwr_ex.o [4]
  .text              ro code   0x800'73b8   0x704  stm32h7xx_hal_rcc.o [4]
  .text              ro code   0x800'7abc   0x14c  stm32h7xx_hal_tim_ex.o [4]
  .text              ro code   0x800'7c08   0x16c  stm32h7xx_hal_uart_ex.o [4]
  .text              ro code   0x800'7d74   0x13c  heap0.o [5]
  .text              ro code   0x800'7eb0    0x2c  xgetmemchunk.o [5]
  .text              ro code   0x800'7edc   0x120  system_stm32h7xx.o [3]
  .text              ro code   0x800'7ffc    0xd8  xfspos.o [5]
  .text              ro code   0x800'80d4    0xac  fflush.o [5]
  .text              ro code   0x800'8180     0xc  xfgpos.o [5]
  .text              ro code   0x800'818c    0x4e  lseek.o [8]
  .text              ro code   0x800'81da    0x10  write.o [8]
  .text              ro code   0x800'81ec    0xcc  XShHandles.o [5]
  .text              ro code   0x800'82b8    0x1e  dwrite.o [8]
  .text              ro code   0x800'82d6    0x20  iarwstd.o [8]
  .text              ro code   0x800'82f6    0x22  iarwrite.o [8]
  .text              ro code   0x800'8318    0xb4  xfwprep.o [5]
  .text              ro code   0x800'83cc    0x24  fseek.o [5]
  .text              ro code   0x800'83f0    0x9c  xfofind.o [5]
  .text              ro code   0x800'848c     0x4  heaptramp0.o [5]
  .text              ro code   0x800'8490    0x7e  fclose.o [5]
  .text              ro code   0x800'850e    0x18  close.o [8]
  .text              ro code   0x800'8526    0x14  remove.o [8]
  .text              ro code   0x800'853a    0x56  fputc.o [5]
  .text              ro code   0x800'8590    0x40  xcloseall.o [5]
  .text              ro code   0x800'85d0    0x38  zero_init3.o [7]
  .text              ro code   0x800'8608    0x28  data_init.o [7]
  .text              ro code   0x800'8630    0x22  fpinit_M.o [6]
  .iar.init_table    const     0x800'8654    0x20  - Linker created -
  .rodata            const     0x800'8674    0x20  main.o [2]
  .text              ro code   0x800'8694    0x1e  cmain.o [7]
  .text              ro code   0x800'86b2     0x4  low_level_init.o [5]
  .text              ro code   0x800'86b6     0x4  exit.o [5]
  .text              ro code   0x800'86bc     0xe  cexit.o [7]
  .text              ro code   0x800'86cc    0x1c  cstartup_M.o [7]
  .rodata            const     0x800'86e8    0x18  stm32h7xx_hal_uart.o [4]
  .text              ro code   0x800'8700    0x18  stm32h7xx_hal.o [4]
  .text              ro code   0x800'8718    0x18  stm32h7xx_it.o [2]
  .text              ro code   0x800'8730    0x16  xprout.o [5]
  .text              ro code   0x800'8748     0xc  putchar.o [5]
  .rodata            const     0x800'8754    0x10  system_stm32h7xx.o [3]
  .text              ro code   0x800'8764    0x10  startup_stm32h7a3xxq.o [1]
  .rodata            const     0x800'8774     0xc  main.o [2]
  .rodata            const     0x800'8780     0x8  main.o [2]
  .rodata            const     0x800'8788     0x8  main.o [2]
  .rodata            const     0x800'8790     0x8  stm32h7xx_hal_uart_ex.o [4]
  .rodata            const     0x800'8798     0x8  stm32h7xx_hal_uart_ex.o [4]
  .text              ro code   0x800'87a0     0x4  startup_stm32h7a3xxq.o [1]
  .text              ro code   0x800'87a4     0x4  startup_stm32h7a3xxq.o [1]
  .text              ro code   0x800'87a8     0x4  startup_stm32h7a3xxq.o [1]
  .text              ro code   0x800'87ac     0x4  startup_stm32h7a3xxq.o [1]
  .text              ro code   0x800'87b0     0x4  startup_stm32h7a3xxq.o [1]
  .text              ro code   0x800'87b4     0x4  startup_stm32h7a3xxq.o [1]
  .text              ro code   0x800'87b8     0x4  startup_stm32h7a3xxq.o [1]
  .text              ro code   0x800'87bc     0x4  startup_stm32h7a3xxq.o [1]
  .text              ro code   0x800'87c0     0x4  startup_stm32h7a3xxq.o [1]
  .text              ro code   0x800'87c4     0x4  startup_stm32h7a3xxq.o [1]
  .text              ro code   0x800'87c8     0x4  startup_stm32h7a3xxq.o [1]
  .text              ro code   0x800'87cc     0x4  startup_stm32h7a3xxq.o [1]
  .text              ro code   0x800'87d0     0x4  startup_stm32h7a3xxq.o [1]
  .text              ro code   0x800'87d4     0x4  startup_stm32h7a3xxq.o [1]
  .text              ro code   0x800'87d8     0x4  startup_stm32h7a3xxq.o [1]
  .text              ro code   0x800'87dc     0x4  startup_stm32h7a3xxq.o [1]
  .text              ro code   0x800'87e0     0x4  startup_stm32h7a3xxq.o [1]
  .text              ro code   0x800'87e4     0x4  startup_stm32h7a3xxq.o [1]
  .text              ro code   0x800'87e8     0x4  startup_stm32h7a3xxq.o [1]
  .text              ro code   0x800'87ec     0x4  startup_stm32h7a3xxq.o [1]
  .text              ro code   0x800'87f0     0x4  startup_stm32h7a3xxq.o [1]
  .text              ro code   0x800'87f4     0x4  startup_stm32h7a3xxq.o [1]
  .text              ro code   0x800'87f8     0x4  startup_stm32h7a3xxq.o [1]
  .text              ro code   0x800'87fc     0x4  startup_stm32h7a3xxq.o [1]
  .text              ro code   0x800'8800     0x4  startup_stm32h7a3xxq.o [1]
  .text              ro code   0x800'8804     0x4  startup_stm32h7a3xxq.o [1]
  .text              ro code   0x800'8808     0x4  startup_stm32h7a3xxq.o [1]
  .text              ro code   0x800'880c     0x4  startup_stm32h7a3xxq.o [1]
  .text              ro code   0x800'8810     0x4  startup_stm32h7a3xxq.o [1]
  .text              ro code   0x800'8814     0x4  startup_stm32h7a3xxq.o [1]
  .text              ro code   0x800'8818     0x4  startup_stm32h7a3xxq.o [1]
  .text              ro code   0x800'881c     0x4  startup_stm32h7a3xxq.o [1]
  .text              ro code   0x800'8820     0x4  startup_stm32h7a3xxq.o [1]
  .text              ro code   0x800'8824     0x4  startup_stm32h7a3xxq.o [1]
  .text              ro code   0x800'8828     0x4  startup_stm32h7a3xxq.o [1]
  .text              ro code   0x800'882c     0x4  startup_stm32h7a3xxq.o [1]
  .text              ro code   0x800'8830     0x4  startup_stm32h7a3xxq.o [1]
  .text              ro code   0x800'8834     0x4  startup_stm32h7a3xxq.o [1]
  .text              ro code   0x800'8838     0x4  startup_stm32h7a3xxq.o [1]
  .text              ro code   0x800'883c     0x4  startup_stm32h7a3xxq.o [1]
  .text              ro code   0x800'8840     0x4  startup_stm32h7a3xxq.o [1]
  .text              ro code   0x800'8844     0x4  startup_stm32h7a3xxq.o [1]
  .text              ro code   0x800'8848     0x4  startup_stm32h7a3xxq.o [1]
  .text              ro code   0x800'884c     0x4  startup_stm32h7a3xxq.o [1]
  .text              ro code   0x800'8850     0x4  startup_stm32h7a3xxq.o [1]
  .text              ro code   0x800'8854     0x4  startup_stm32h7a3xxq.o [1]
  .text              ro code   0x800'8858     0x4  startup_stm32h7a3xxq.o [1]
  .text              ro code   0x800'885c     0x4  startup_stm32h7a3xxq.o [1]
  .text              ro code   0x800'8860     0x4  startup_stm32h7a3xxq.o [1]
  .text              ro code   0x800'8864     0x4  startup_stm32h7a3xxq.o [1]
  .text              ro code   0x800'8868     0x4  startup_stm32h7a3xxq.o [1]
  .text              ro code   0x800'886c     0x4  startup_stm32h7a3xxq.o [1]
  .text              ro code   0x800'8870     0x4  startup_stm32h7a3xxq.o [1]
  .text              ro code   0x800'8874     0x4  startup_stm32h7a3xxq.o [1]
  .text              ro code   0x800'8878     0x4  startup_stm32h7a3xxq.o [1]
  .text              ro code   0x800'887c     0x4  startup_stm32h7a3xxq.o [1]
  .text              ro code   0x800'8880     0x4  startup_stm32h7a3xxq.o [1]
  .text              ro code   0x800'8884     0x4  startup_stm32h7a3xxq.o [1]
  .text              ro code   0x800'8888     0x4  startup_stm32h7a3xxq.o [1]
  .text              ro code   0x800'888c     0x4  startup_stm32h7a3xxq.o [1]
  .text              ro code   0x800'8890     0x4  startup_stm32h7a3xxq.o [1]
  .text              ro code   0x800'8894     0x4  startup_stm32h7a3xxq.o [1]
  .text              ro code   0x800'8898     0x4  startup_stm32h7a3xxq.o [1]
  .text              ro code   0x800'889c     0x4  startup_stm32h7a3xxq.o [1]
  .text              ro code   0x800'88a0     0x4  startup_stm32h7a3xxq.o [1]
  .text              ro code   0x800'88a4     0x4  startup_stm32h7a3xxq.o [1]
  .text              ro code   0x800'88a8     0x4  startup_stm32h7a3xxq.o [1]
  .text              ro code   0x800'88ac     0x4  startup_stm32h7a3xxq.o [1]
  .text              ro code   0x800'88b0     0x4  startup_stm32h7a3xxq.o [1]
  .text              ro code   0x800'88b4     0x4  startup_stm32h7a3xxq.o [1]
  .text              ro code   0x800'88b8     0x4  startup_stm32h7a3xxq.o [1]
  .text              ro code   0x800'88bc     0x4  startup_stm32h7a3xxq.o [1]
  .text              ro code   0x800'88c0     0x4  startup_stm32h7a3xxq.o [1]
  .text              ro code   0x800'88c4     0x4  startup_stm32h7a3xxq.o [1]
  .text              ro code   0x800'88c8     0x4  startup_stm32h7a3xxq.o [1]
  .text              ro code   0x800'88cc     0x4  startup_stm32h7a3xxq.o [1]
  .text              ro code   0x800'88d0     0x4  startup_stm32h7a3xxq.o [1]
  .text              ro code   0x800'88d4     0x4  startup_stm32h7a3xxq.o [1]
  .text              ro code   0x800'88d8     0x4  startup_stm32h7a3xxq.o [1]
  .text              ro code   0x800'88dc     0x4  startup_stm32h7a3xxq.o [1]
  .text              ro code   0x800'88e0     0x4  startup_stm32h7a3xxq.o [1]
  .text              ro code   0x800'88e4     0x4  startup_stm32h7a3xxq.o [1]
  .text              ro code   0x800'88e8     0x4  startup_stm32h7a3xxq.o [1]
  .text              ro code   0x800'88ec     0x4  startup_stm32h7a3xxq.o [1]
  .text              ro code   0x800'88f0     0x4  startup_stm32h7a3xxq.o [1]
  .text              ro code   0x800'88f4     0x4  startup_stm32h7a3xxq.o [1]
  .text              ro code   0x800'88f8     0x4  startup_stm32h7a3xxq.o [1]
  .text              ro code   0x800'88fc     0x4  startup_stm32h7a3xxq.o [1]
  .text              ro code   0x800'8900     0x4  startup_stm32h7a3xxq.o [1]
  .text              ro code   0x800'8904     0x4  startup_stm32h7a3xxq.o [1]
  .text              ro code   0x800'8908     0x4  startup_stm32h7a3xxq.o [1]
  .text              ro code   0x800'890c     0x4  startup_stm32h7a3xxq.o [1]
  .text              ro code   0x800'8910     0x4  startup_stm32h7a3xxq.o [1]
  .text              ro code   0x800'8914     0x4  startup_stm32h7a3xxq.o [1]
  .text              ro code   0x800'8918     0x4  startup_stm32h7a3xxq.o [1]
  .text              ro code   0x800'891c     0x4  startup_stm32h7a3xxq.o [1]
  .text              ro code   0x800'8920     0x4  startup_stm32h7a3xxq.o [1]
  .text              ro code   0x800'8924     0x4  startup_stm32h7a3xxq.o [1]
  .text              ro code   0x800'8928     0x4  startup_stm32h7a3xxq.o [1]
  .text              ro code   0x800'892c     0x4  startup_stm32h7a3xxq.o [1]
  .text              ro code   0x800'8930     0x4  startup_stm32h7a3xxq.o [1]
  .text              ro code   0x800'8934     0x4  startup_stm32h7a3xxq.o [1]
  .text              ro code   0x800'8938     0x4  startup_stm32h7a3xxq.o [1]
  .text              ro code   0x800'893c     0x4  startup_stm32h7a3xxq.o [1]
  .text              ro code   0x800'8940     0x4  startup_stm32h7a3xxq.o [1]
  .text              ro code   0x800'8944     0x4  startup_stm32h7a3xxq.o [1]
  .text              ro code   0x800'8948     0x4  startup_stm32h7a3xxq.o [1]
  .text              ro code   0x800'894c     0x4  startup_stm32h7a3xxq.o [1]
  .text              ro code   0x800'8950     0x4  startup_stm32h7a3xxq.o [1]
  .text              ro code   0x800'8954     0x4  startup_stm32h7a3xxq.o [1]
  .text              ro code   0x800'8958     0x4  startup_stm32h7a3xxq.o [1]
  .text              ro code   0x800'895c     0x4  startup_stm32h7a3xxq.o [1]
  .text              ro code   0x800'8960     0x4  startup_stm32h7a3xxq.o [1]
  .text              ro code   0x800'8964     0x4  startup_stm32h7a3xxq.o [1]
  .text              ro code   0x800'8968     0x4  startup_stm32h7a3xxq.o [1]
  .text              ro code   0x800'896c     0x4  startup_stm32h7a3xxq.o [1]
  .text              ro code   0x800'8970     0x4  startup_stm32h7a3xxq.o [1]
  .text              ro code   0x800'8974     0x4  startup_stm32h7a3xxq.o [1]
  .text              ro code   0x800'8978     0x4  startup_stm32h7a3xxq.o [1]
  .text              ro code   0x800'897c     0x4  startup_stm32h7a3xxq.o [1]
  .text              ro code   0x800'8980     0x4  startup_stm32h7a3xxq.o [1]
  .text              ro code   0x800'8984     0x4  startup_stm32h7a3xxq.o [1]
  .text              ro code   0x800'8988     0x4  startup_stm32h7a3xxq.o [1]
  .text              ro code   0x800'898c     0x4  startup_stm32h7a3xxq.o [1]
  .text              ro code   0x800'8990     0x4  startup_stm32h7a3xxq.o [1]
  .text              ro code   0x800'8994     0x4  startup_stm32h7a3xxq.o [1]
  .text              ro code   0x800'8998     0x4  startup_stm32h7a3xxq.o [1]
  .text              ro code   0x800'899c     0x4  startup_stm32h7a3xxq.o [1]
  .text              ro code   0x800'89a0     0x4  startup_stm32h7a3xxq.o [1]
  .text              ro code   0x800'89a4     0x4  startup_stm32h7a3xxq.o [1]
  .text              ro code   0x800'89a8     0x4  startup_stm32h7a3xxq.o [1]
  .text              ro code   0x800'89ac     0x4  startup_stm32h7a3xxq.o [1]
  .text              ro code   0x800'89b0     0x4  startup_stm32h7a3xxq.o [1]
  .text              ro code   0x800'89b4     0x0  cstart_closeall.o [7]
  .rodata            const     0x800'89b4     0x0  zero_init3.o [7]
  .rodata            const     0x800'89b4     0x0  lz77_init_single.o [7]
  Initializer bytes  const     0x800'89b4    0x75  <for P2-1>
                             - 0x800'8a29  0x877d

"P2", part 1 of 3:                          0x145
  P2-1                        0x2000'0000   0x145  <Init block>
    .data            inited   0x2000'0000     0x4  stm32h7xx_hal.o [4]
    .data            inited   0x2000'0004     0x4  system_stm32h7xx.o [3]
    .data            inited   0x2000'0008     0x4  system_stm32h7xx.o [3]
    .data            inited   0x2000'000c    0x38  xlocale_c.o [5]
    .data            inited   0x2000'0044    0x48  xfiles.o [5]
    .data            inited   0x2000'008c    0x48  xfiles.o [5]
    .data            inited   0x2000'00d4    0x48  xfiles.o [5]
    .data            inited   0x2000'011c    0x20  xfiles.o [5]
    .data            inited   0x2000'013c     0x8  XShttio.o [5]
    .data            inited   0x2000'0144     0x1  stm32h7xx_hal.o [4]
                            - 0x2000'0145   0x145

"P2", part 2 of 3:                          0x470
  .bss               zero     0x2000'0148    0x90  main.o [2]
  .bss               zero     0x2000'01d8    0x90  main.o [2]
  .bss               zero     0x2000'0268    0x88  main.o [2]
  .bss               zero     0x2000'02f0    0x80  XShHandles.o [5]
  .bss               zero     0x2000'0370    0x64  main.o [2]
  .bss               zero     0x2000'03d4    0x50  xfiles.o [5]
  .bss               zero     0x2000'0424    0x50  xfiles.o [5]
  .bss               zero     0x2000'0474    0x4c  main.o [2]
  .bss               zero     0x2000'04c0    0x4c  main.o [2]
  .bss               zero     0x2000'050c    0x4c  main.o [2]
  .bss               zero     0x2000'0558    0x4c  main.o [2]
  .bss               zero     0x2000'05a4     0x8  heap0.o [5]
  .bss               zero     0x2000'05ac     0x4  stm32h7xx_hal.o [4]
  .bss               zero     0x2000'05b0     0x4  xfail_s.o [5]
  .bss               zero     0x2000'05b4     0x4  xgetmemchunk.o [5]
                            - 0x2000'05b8   0x470

"P2", part 3 of 3:                          0x600
  CSTACK                      0x2000'05b8   0x400  <Block>
    CSTACK           uninit   0x2000'05b8   0x400  <Block tail>
  HEAP                        0x2000'09b8   0x200  <Block>
    HEAP             uninit   0x2000'09b8   0x200  <Block tail>
                            - 0x2000'0bb8   0x600

Unused ranges:

         From           To       Size
         ----           --       ----
   0x800'8a29   0x81f'ffff  0x1f'75d7
  0x2000'0145  0x2000'0147        0x3
  0x2000'0bb8  0x2001'ffff   0x1'f448


*******************************************************************************
*** INIT TABLE
***

          Address      Size
          -------      ----
Zero (__iar_zero_init3)
    1 destination range, total size 0x470:
          0x2000'0148  0x470

Copy/lz77 (__iar_lz77_init_single3)
    1 source range, total size 0x75 (36% of destination):
           0x800'89b4   0x75
    1 destination range, total size 0x145:
          0x2000'0000  0x145



*******************************************************************************
*** MODULE SUMMARY
***

    Module                   ro code  ro data  rw data
    ------                   -------  -------  -------
command line/config:
    --------------------------------------------------
    Total:

C:\Users\yael\source\repos\EcoMilk\Nucleo H7A3ZIQ\EWARM\Nucleo H7A3ZIQ\Obj\Application\EWARM: [1]
    startup_stm32h7a3xxq.o     1'232
    --------------------------------------------------
    Total:                     1'232

C:\Users\yael\source\repos\EcoMilk\Nucleo H7A3ZIQ\EWARM\Nucleo H7A3ZIQ\Obj\Application\User\Core: [2]
    main.o                     2'388       60      828
    stm32h7xx_hal_msp.o        1'324
    stm32h7xx_it.o                24
    --------------------------------------------------
    Total:                     3'736       60      828

C:\Users\yael\source\repos\EcoMilk\Nucleo H7A3ZIQ\EWARM\Nucleo H7A3ZIQ\Obj\Drivers\CMSIS: [3]
    system_stm32h7xx.o           288       19        8
    --------------------------------------------------
    Total:                       288       19        8

C:\Users\yael\source\repos\EcoMilk\Nucleo H7A3ZIQ\EWARM\Nucleo H7A3ZIQ\Obj\Drivers\STM32H7xx_HAL_Driver: [4]
    stm32h7xx_hal.o              256        2        9
    stm32h7xx_hal_adc.o        2'688
    stm32h7xx_hal_cortex.o       296
    stm32h7xx_hal_gpio.o         620
    stm32h7xx_hal_pwr_ex.o       156
    stm32h7xx_hal_rcc.o        3'320
    stm32h7xx_hal_rcc_ex.o     6'680
    stm32h7xx_hal_spi.o        1'794
    stm32h7xx_hal_tim.o        2'476
    stm32h7xx_hal_tim_ex.o       332
    stm32h7xx_hal_uart.o       2'868       24
    stm32h7xx_hal_uart_ex.o      364       16
    --------------------------------------------------
    Total:                    21'850       42        9

dl7M_tlf.a: [5]
    XShHandles.o                 204               128
    XShttio.o                      8        3        8
    abort.o                        6
    exit.o                         4
    fclose.o                     126
    fflush.o                     172
    fputc.o                       86
    fseek.o                       36
    heap0.o                      316                 8
    heaptramp0.o                   4
    low_level_init.o               4
    printf.o                      40
    putchar.o                     12
    xcloseall.o                   64
    xfail_s.o                     64                 4
    xfgpos.o                      12
    xfiles.o                               89      408
    xfofind.o                    156
    xfspos.o                     216
    xfwprep.o                    180
    xgetmemchunk.o                44                 4
    xlocale_c.o                    8       23       56
    xprintffull_nomb.o         3'890
    xprout.o                      22
    --------------------------------------------------
    Total:                     5'674      115      616

m7M_tlv.a: [6]
    DblCmpGe.o                    52
    DblCmpLe.o                    52
    DblDiv.o                      18
    DblMul.o                      18
    DblSub.o                      18
    DblToS32.o                    14
    DblToU32.o                    14
    S32ToDbl.o                    14
    U32ToDbl.o                    14
    fpinit_M.o                    34
    frexp.o                      112
    ldexp.o                      260
    --------------------------------------------------
    Total:                       620

rt7M_tl.a: [7]
    ABImemcpy.o                  166
    ABImemset.o                  102
    I64DivMod.o                  560
    I64DivZer.o                    2
    cexit.o                       14
    cmain.o                       30
    cstart_closeall.o
    cstartup_M.o                  28
    data_init.o                   40
    lz77_init_single.o           118
    memchr.o                      88
    memset.o                      20
    strchr.o                      22
    strlen.o                      54
    zero_init3.o                  56
    --------------------------------------------------
    Total:                     1'300

shb_l.a: [8]
    close.o                       24
    dwrite.o                      30
    exit.o                        20
    iarttio.o                    124
    iarwrite.o                    34
    iarwstd.o                     32
    lseek.o                       78
    remove.o                      20
    write.o                       16
    --------------------------------------------------
    Total:                       378

    Gaps                          21        2
    Linker created                         32    1'536
------------------------------------------------------
    Grand Total:              35'099      270    2'997


*******************************************************************************
*** ENTRY LIST
***

Entry                       Address   Size  Type      Object
-----                       -------   ----  ----      ------
.iar.init_table$$Base    0x800'8654          --   Gb  - Linker created -
.iar.init_table$$Limit   0x800'8674          --   Gb  - Linker created -
?main                    0x800'8695         Code  Gb  cmain.o [7]
ADC_ConfigureBoostMode   0x800'71f5   0xfa  Code  Gb  stm32h7xx_hal_adc.o [4]
ADC_Enable               0x800'7149   0x9c  Code  Gb  stm32h7xx_hal_adc.o [4]
Aldata                  0x2000'05a4    0x8  Data  Lc  heap0.o [5]
BusFault_Handler         0x800'871f    0x2  Code  Gb  stm32h7xx_it.o [2]
CSTACK$$Base            0x2000'05b8          --   Gb  - Linker created -
CSTACK$$Limit           0x2000'09b8          --   Gb  - Linker created -
D1CorePrescTable         0x800'8754   0x10  Data  Gb  system_stm32h7xx.o [3]
DebugMon_Handler         0x800'8725    0x2  Code  Gb  stm32h7xx_it.o [2]
Error_Handler            0x800'5469    0x4  Code  Gb  main.o [2]
HAL_ADC_ConfigChannel    0x800'6d49  0x400  Code  Gb  stm32h7xx_hal_adc.o [4]
HAL_ADC_Init             0x800'6a07  0x206  Code  Gb  stm32h7xx_hal_adc.o [4]
HAL_ADC_MspInit          0x800'45fd   0xca  Code  Gb  stm32h7xx_hal_msp.o [2]
HAL_ADC_Start            0x800'6c0d  0x10a  Code  Gb  stm32h7xx_hal_adc.o [4]
HAL_GPIO_Init            0x800'546d  0x232  Code  Gb  stm32h7xx_hal_gpio.o [4]
HAL_GetTick              0x800'1cc5    0xc  Code  Gb  stm32h7xx_hal.o [4]
HAL_IncTick              0x800'8701   0x18  Code  Gb  stm32h7xx_hal.o [4]
HAL_Init                 0x800'56d9   0x5e  Code  Gb  stm32h7xx_hal.o [4]
HAL_InitTick             0x800'22c5   0x58  Code  Gb  stm32h7xx_hal.o [4]
HAL_MspInit              0x800'45d9   0x24  Code  Gb  stm32h7xx_hal_msp.o [2]
HAL_NVIC_SetPriority     0x800'23f7   0x24  Code  Gb  stm32h7xx_hal_cortex.o [4]
HAL_NVIC_SetPriorityGrouping
                         0x800'23eb    0xc  Code  Gb  stm32h7xx_hal_cortex.o [4]
HAL_PWREx_ConfigSupply   0x800'731d   0x92  Code  Gb  stm32h7xx_hal_pwr_ex.o [4]
HAL_RCCEx_GetD3PCLK1Freq
                         0x800'133b   0x1e  Code  Gb  stm32h7xx_hal_rcc_ex.o [4]
HAL_RCCEx_GetPLL1ClockFreq
                         0x800'17e5  0x228  Code  Gb  stm32h7xx_hal_rcc_ex.o [4]
HAL_RCCEx_GetPLL2ClockFreq
                         0x800'135d  0x226  Code  Gb  stm32h7xx_hal_rcc_ex.o [4]
HAL_RCCEx_GetPLL3ClockFreq
                         0x800'159d  0x22c  Code  Gb  stm32h7xx_hal_rcc_ex.o [4]
HAL_RCCEx_GetPeriphCLKFreq
                         0x800'0d85  0x5b6  Code  Gb  stm32h7xx_hal_rcc_ex.o [4]
HAL_RCCEx_PeriphCLKConfig
                         0x800'02ad  0xab4  Code  Gb  stm32h7xx_hal_rcc_ex.o [4]
HAL_RCC_ClockConfig      0x800'1cd1  0x306  Code  Gb  stm32h7xx_hal_rcc.o [4]
HAL_RCC_GetHCLKFreq      0x800'21ff   0x3c  Code  Gb  stm32h7xx_hal_rcc.o [4]
HAL_RCC_GetPCLK1Freq     0x800'223b   0x1a  Code  Gb  stm32h7xx_hal_rcc.o [4]
HAL_RCC_GetPCLK2Freq     0x800'2255   0x1a  Code  Gb  stm32h7xx_hal_rcc.o [4]
HAL_RCC_GetSysClockFreq
                         0x800'1fd9  0x226  Code  Gb  stm32h7xx_hal_rcc.o [4]
HAL_RCC_OscConfig        0x800'73b9  0x704  Code  Gb  stm32h7xx_hal_rcc.o [4]
HAL_SPI_Init             0x800'6199  0x182  Code  Gb  stm32h7xx_hal_spi.o [4]
HAL_SPI_MspInit          0x800'46c7   0xd8  Code  Gb  stm32h7xx_hal_msp.o [2]
HAL_SPI_TransmitReceive
                         0x800'631b  0x444  Code  Gb  stm32h7xx_hal_spi.o [4]
HAL_SYSCFG_AnalogSwitchConfig
                         0x800'5737   0x12  Code  Gb  stm32h7xx_hal.o [4]
HAL_SYSTICK_Config       0x800'241b    0xc  Code  Gb  stm32h7xx_hal_cortex.o [4]
HAL_TIMEx_ConfigBreakDeadTime
                         0x800'7b5b   0x94  Code  Gb  stm32h7xx_hal_tim_ex.o [4]
HAL_TIMEx_MasterConfigSynchronization
                         0x800'7abd   0x9e  Code  Gb  stm32h7xx_hal_tim_ex.o [4]
HAL_TIM_IC_ConfigChannel
                         0x800'5a69   0xca  Code  Gb  stm32h7xx_hal_tim.o [4]
HAL_TIM_IC_Init          0x800'59e9   0x7a  Code  Gb  stm32h7xx_hal_tim.o [4]
HAL_TIM_IC_MspInit       0x800'47f5  0x10a  Code  Gb  stm32h7xx_hal_msp.o [2]
HAL_TIM_MspPostInit      0x800'48ff   0x92  Code  Gb  stm32h7xx_hal_msp.o [2]
HAL_TIM_PWM_ConfigChannel
                         0x800'5b33  0x15a  Code  Gb  stm32h7xx_hal_tim.o [4]
HAL_TIM_PWM_Init         0x800'57ed   0x7a  Code  Gb  stm32h7xx_hal_tim.o [4]
HAL_TIM_PWM_MspInit      0x800'479f   0x56  Code  Gb  stm32h7xx_hal_msp.o [2]
HAL_TIM_PWM_Start        0x800'5867  0x15e  Code  Gb  stm32h7xx_hal_tim.o [4]
HAL_UARTEx_DisableFifoMode
                         0x800'7c09   0x46  Code  Gb  stm32h7xx_hal_uart_ex.o [4]
HAL_UARTEx_SetRxFifoThreshold
                         0x800'7ca5   0x56  Code  Gb  stm32h7xx_hal_uart_ex.o [4]
HAL_UARTEx_SetTxFifoThreshold
                         0x800'7c4f   0x56  Code  Gb  stm32h7xx_hal_uart_ex.o [4]
HAL_UART_Init            0x800'3aa5   0x7e  Code  Gb  stm32h7xx_hal_uart.o [4]
HAL_UART_MspInit         0x800'4991  0x12e  Code  Gb  stm32h7xx_hal_msp.o [2]
HAL_UART_Receive         0x800'3c05  0x14c  Code  Gb  stm32h7xx_hal_uart.o [4]
HAL_UART_Transmit        0x800'3b23   0xe2  Code  Gb  stm32h7xx_hal_uart.o [4]
HEAP$$Base              0x2000'09b8          --   Gb  - Linker created -
HEAP$$Limit             0x2000'0bb8          --   Gb  - Linker created -
HardFault_Handler        0x800'871b    0x2  Code  Gb  stm32h7xx_it.o [2]
LL_ADC_DisableDeepPowerDown
                         0x800'699b    0xc  Code  Lc  stm32h7xx_hal_adc.o [4]
LL_ADC_Enable            0x800'69cb   0x10  Code  Lc  stm32h7xx_hal_adc.o [4]
LL_ADC_EnableInternalRegulator
                         0x800'69b1   0x10  Code  Lc  stm32h7xx_hal_adc.o [4]
LL_ADC_GetCommonPathInternalCh
                         0x800'68b5    0x8  Code  Lc  stm32h7xx_hal_adc.o [4]
LL_ADC_GetMultimode      0x800'6993    0x8  Code  Lc  stm32h7xx_hal_adc.o [4]
LL_ADC_INJ_IsConversionOngoing
                         0x800'69fd    0xa  Code  Lc  stm32h7xx_hal_adc.o [4]
LL_ADC_IsDeepPowerDownEnabled
                         0x800'69a7    0xa  Code  Lc  stm32h7xx_hal_adc.o [4]
LL_ADC_IsEnabled         0x800'69db    0x8  Code  Lc  stm32h7xx_hal_adc.o [4]
LL_ADC_IsInternalRegulatorEnabled
                         0x800'69c1    0xa  Code  Lc  stm32h7xx_hal_adc.o [4]
LL_ADC_REG_IsConversionOngoing
                         0x800'69f3    0xa  Code  Lc  stm32h7xx_hal_adc.o [4]
LL_ADC_REG_SetSequencerRanks
                         0x800'690b   0x2e  Code  Lc  stm32h7xx_hal_adc.o [4]
LL_ADC_REG_StartConversion
                         0x800'69e3   0x10  Code  Lc  stm32h7xx_hal_adc.o [4]
LL_ADC_SetChannelSamplingTime
                         0x800'6939   0x34  Code  Lc  stm32h7xx_hal_adc.o [4]
LL_ADC_SetChannelSingleDiff
                         0x800'696d   0x26  Code  Lc  stm32h7xx_hal_adc.o [4]
LL_ADC_SetCommonClock    0x800'689d    0xc  Code  Lc  stm32h7xx_hal_adc.o [4]
LL_ADC_SetCommonPathInternalCh
                         0x800'68a9    0xc  Code  Lc  stm32h7xx_hal_adc.o [4]
LL_ADC_SetDataRightShift
                         0x800'68db   0x18  Code  Lc  stm32h7xx_hal_adc.o [4]
LL_ADC_SetOffset         0x800'68bd   0x1e  Code  Lc  stm32h7xx_hal_adc.o [4]
LL_ADC_SetOffsetSignedSaturation
                         0x800'68f3   0x18  Code  Lc  stm32h7xx_hal_adc.o [4]
MX_ADC2_Init             0x800'4d0d   0xd0  Code  Lc  main.o [2]
MX_GPIO_Init             0x800'5305   0xf6  Code  Lc  main.o [2]
MX_SPI2_Init             0x800'4de1   0xce  Code  Lc  main.o [2]
MX_TIM1_Init             0x800'4eb9  0x106  Code  Lc  main.o [2]
MX_TIM2_Init             0x800'4fbf   0xa6  Code  Lc  main.o [2]
MX_TIM3_Init             0x800'5065   0xd8  Code  Lc  main.o [2]
MX_TIM4_Init             0x800'513d   0xc0  Code  Lc  main.o [2]
MX_USART1_UART_Init      0x800'51fd   0x84  Code  Lc  main.o [2]
MX_USART3_UART_Init      0x800'5281   0x84  Code  Lc  main.o [2]
MemManage_Handler        0x800'871d    0x2  Code  Gb  stm32h7xx_it.o [2]
NMI_Handler              0x800'8719    0x2  Code  Gb  stm32h7xx_it.o [2]
NVIC_EncodePriority      0x800'2379   0x42  Code  Lc  stm32h7xx_hal_cortex.o [4]
PendSV_Handler           0x800'8727    0x2  Code  Gb  stm32h7xx_it.o [2]
RCCEx_PLL2_Config        0x800'1a31  0x130  Code  Lc  stm32h7xx_hal_rcc_ex.o [4]
RCCEx_PLL3_Config        0x800'1b69  0x130  Code  Lc  stm32h7xx_hal_rcc_ex.o [4]
Region$$Table$$Base      0x800'8654          --   Gb  - Linker created -
Region$$Table$$Limit     0x800'8674          --   Gb  - Linker created -
SPI_CloseTransfer        0x800'676d   0xce  Code  Lc  stm32h7xx_hal_spi.o [4]
SPI_GetPacketSize        0x800'6885   0x16  Code  Lc  stm32h7xx_hal_spi.o [4]
SPI_WaitOnFlagUntilTimeout
                         0x800'6841   0x44  Code  Lc  stm32h7xx_hal_spi.o [4]
SVC_Handler              0x800'8723    0x2  Code  Gb  stm32h7xx_it.o [2]
SysTick_Config           0x800'23bb   0x30  Code  Lc  stm32h7xx_hal_cortex.o [4]
SysTick_Handler          0x800'8729    0x8  Code  Gb  stm32h7xx_it.o [2]
SystemClock_Config       0x800'4c3b   0xd2  Code  Gb  main.o [2]
SystemCoreClock         0x2000'0004    0x4  Data  Gb  system_stm32h7xx.o [3]
SystemD2Clock           0x2000'0008    0x4  Data  Gb  system_stm32h7xx.o [3]
SystemInit               0x800'7edd   0xc8  Code  Gb  system_stm32h7xx.o [3]
TIM_Base_SetConfig       0x800'5c8d   0xca  Code  Gb  stm32h7xx_hal_tim.o [4]
TIM_CCxChannelCmd        0x800'6175   0x24  Code  Gb  stm32h7xx_hal_tim.o [4]
TIM_OC1_SetConfig        0x800'5d57   0xa0  Code  Lc  stm32h7xx_hal_tim.o [4]
TIM_OC2_SetConfig        0x800'5df7   0x92  Code  Gb  stm32h7xx_hal_tim.o [4]
TIM_OC3_SetConfig        0x800'5e8b   0x8e  Code  Lc  stm32h7xx_hal_tim.o [4]
TIM_OC4_SetConfig        0x800'5f19   0x68  Code  Lc  stm32h7xx_hal_tim.o [4]
TIM_OC5_SetConfig        0x800'5f81   0x58  Code  Lc  stm32h7xx_hal_tim.o [4]
TIM_OC6_SetConfig        0x800'5fd9   0x5a  Code  Lc  stm32h7xx_hal_tim.o [4]
TIM_TI1_SetConfig        0x800'6033   0x74  Code  Gb  stm32h7xx_hal_tim.o [4]
TIM_TI2_SetConfig        0x800'60a7   0x36  Code  Lc  stm32h7xx_hal_tim.o [4]
TIM_TI3_SetConfig        0x800'60dd   0x34  Code  Lc  stm32h7xx_hal_tim.o [4]
TIM_TI4_SetConfig        0x800'6111   0x36  Code  Lc  stm32h7xx_hal_tim.o [4]
UARTEx_SetNbDataToProcess
                         0x800'7cfb   0x72  Code  Lc  stm32h7xx_hal_uart_ex.o [4]
UARTEx_SetNbDataToProcess::denominator
                         0x800'8798    0x8  Data  Lc  stm32h7xx_hal_uart_ex.o [4]
UARTEx_SetNbDataToProcess::numerator
                         0x800'8790    0x8  Data  Lc  stm32h7xx_hal_uart_ex.o [4]
UARTPrescTable           0x800'86e8   0x18  Data  Gb  stm32h7xx_hal_uart.o [4]
UART_AdvFeatureConfig    0x800'4385   0xda  Code  Gb  stm32h7xx_hal_uart.o [4]
UART_CheckIdleState      0x800'445f   0x72  Code  Gb  stm32h7xx_hal_uart.o [4]
UART_SetConfig           0x800'3d51  0x632  Code  Gb  stm32h7xx_hal_uart.o [4]
UART_WaitOnFlagUntilTimeout
                         0x800'44d1   0xba  Code  Gb  stm32h7xx_hal_uart.o [4]
UsageFault_Handler       0x800'8721    0x2  Code  Gb  stm32h7xx_it.o [2]
_Close_all               0x800'8591   0x40  Code  Gb  xcloseall.o [5]
_Files                  0x2000'011c   0x20  Data  Gb  xfiles.o [5]
_Fofree                  0x800'83f1   0x94  Code  Gb  xfofind.o [5]
_Fspos                   0x800'7ffd   0xd8  Code  Gb  xfspos.o [5]
_Fwprep                  0x800'8319   0xb4  Code  Gb  xfwprep.o [5]
_LitobFullNoMb           0x800'317d  0x10c  Code  Lc  xprintffull_nomb.o [5]
_Locale_lconv           0x2000'000c   0x38  Data  Lc  xlocale_c.o [5]
_Nnl                     0x800'8181    0xc  Code  Gb  xfgpos.o [5]
_PrintfFullNoMb          0x800'2445  0xd08  Code  Gb  xprintffull_nomb.o [5]
_Prout                   0x800'8731   0x16  Code  Gb  xprout.o [5]
_PutcharFullNoMb         0x800'32e1   0x20  Code  Lc  xprintffull_nomb.o [5]
_PutcharsFullNoMb        0x800'3301   0x2e  Code  Lc  xprintffull_nomb.o [5]
__NVIC_GetPriorityGrouping
                         0x800'233f    0xc  Code  Lc  stm32h7xx_hal_cortex.o [4]
__NVIC_SetPriority       0x800'234d   0x2c  Code  Lc  stm32h7xx_hal_cortex.o [4]
__NVIC_SetPriorityGrouping
                         0x800'231d   0x22  Code  Lc  stm32h7xx_hal_cortex.o [4]
__aeabi_cdcmple          0x800'35ed         Code  Gb  DblCmpLe.o [6]
__aeabi_cdrcmple         0x800'3621         Code  Gb  DblCmpGe.o [6]
__aeabi_d2iz             0x800'3759    0xe  Code  Gb  DblToS32.o [6]
__aeabi_d2uiz            0x800'3799    0xe  Code  Gb  DblToU32.o [6]
__aeabi_ddiv             0x800'3787   0x12  Code  Gb  DblDiv.o [6]
__aeabi_dmul             0x800'37b5   0x12  Code  Gb  DblMul.o [6]
__aeabi_dsub             0x800'3775   0x12  Code  Gb  DblSub.o [6]
__aeabi_i2d              0x800'3767    0xe  Code  Gb  S32ToDbl.o [6]
__aeabi_ldiv0            0x800'3a09         Code  Gb  I64DivZer.o [7]
__aeabi_memcpy           0x800'34d5         Code  Gb  ABImemcpy.o [7]
__aeabi_memcpy4          0x800'34f5         Code  Gb  ABImemcpy.o [7]
__aeabi_memcpy8          0x800'34f5         Code  Gb  ABImemcpy.o [7]
__aeabi_memset           0x800'575d         Code  Gb  ABImemset.o [7]
__aeabi_ui2d             0x800'37a7    0xe  Code  Gb  U32ToDbl.o [6]
__aeabi_uldivmod         0x800'37d1         Code  Gb  I64DivMod.o [7]
__basic_free             0x800'7e21   0x16  Code  Gb  heap0.o [5]
__basic_free_intern      0x800'7e37   0x74  Code  Lc  heap0.o [5]
__basic_malloc           0x800'7d75   0x18  Code  Gb  heap0.o [5]
__basic_malloc_intern    0x800'7d8d   0x94  Code  Lc  heap0.o [5]
__cexit_closeall         0x800'86bf         Code  Gb  cexit.o [7]
__close                  0x800'850f   0x18  Code  Gb  close.o [8]
__cmain                  0x800'8695         Code  Gb  cmain.o [7]
__cstart_closeall        0x800'89b4         Data  Gb  cstart_closeall.o [7]
__data_GetMemChunk       0x800'7eb1   0x2c  Code  Gb  xgetmemchunk.o [5]
__data_GetMemChunk::start
                        0x2000'05b4    0x4  Data  Lc  xgetmemchunk.o [5]
__dwrite                 0x800'82b9   0x1e  Code  Gb  dwrite.o [8]
__exit                   0x800'3a0d   0x14  Code  Gb  exit.o [8]
__iar_Fail_s             0x800'3405   0x1c  Code  Gb  xfail_s.o [5]
__iar_Memchr             0x800'347d         Code  Gb  memchr.o [7]
__iar_Memset             0x800'575d         Code  Gb  ABImemset.o [7]
__iar_Memset_word        0x800'5765         Code  Gb  ABImemset.o [7]
__iar_Stderr            0x2000'00d4   0x48  Data  Gb  xfiles.o [5]
__iar_Stdin             0x2000'0044   0x48  Data  Gb  xfiles.o [5]
__iar_Stdout            0x2000'008c   0x48  Data  Gb  xfiles.o [5]
__iar_Strchr             0x800'33ed         Code  Gb  strchr.o [7]
__iar_close_ttio         0x800'3a21   0x2c  Code  Gb  iarttio.o [8]
__iar_data_init3         0x800'8609   0x28  Code  Gb  data_init.o [7]
__iar_frexp              0x800'3589         Code  Gb  frexp.o [6]
__iar_frexpl             0x800'3589         Code  Gb  frexp.o [6]
__iar_get_ttio           0x800'3a4d   0x4c  Code  Gb  iarttio.o [8]
__iar_init_vfp           0x800'8631         Code  Gb  fpinit_M.o [6]
__iar_ldexp64            0x800'3669         Code  Gb  ldexp.o [6]
__iar_lookup_ttioh       0x800'3a9d    0x8  Code  Gb  XShttio.o [5]
__iar_lz77_init_single3
                         0x800'3377   0x76  Code  Gb  lz77_init_single.o [7]
__iar_program_start      0x800'86cd         Code  Gb  cstartup_M.o [7]
__iar_scalbln64          0x800'3669         Code  Gb  ldexp.o [6]
__iar_scalbn64           0x800'3669         Code  Gb  ldexp.o [6]
__iar_sh_Discard         0x800'81ed   0x42  Code  Gb  XShHandles.o [5]
__iar_sh_Move            0x800'822f   0x46  Code  Gb  XShHandles.o [5]
__iar_sh_Pos             0x800'8275   0x40  Code  Gb  XShHandles.o [5]
__iar_sh_stdout          0x800'82d7   0x20  Code  Gb  iarwstd.o [8]
__iar_sh_write           0x800'82f7   0x22  Code  Gb  iarwrite.o [8]
__iar_softfp___iar_frexp64
                         0x800'357d         Code  Gb  frexp.o [6]
__iar_softfp___iar_ldexp64
                         0x800'3655         Code  Gb  ldexp.o [6]
__iar_softfp___iar_scalbln64
                         0x800'3655         Code  Gb  ldexp.o [6]
__iar_softfp___iar_scalbn64
                         0x800'3655         Code  Gb  ldexp.o [6]
__iar_softfp_frexp       0x800'357d         Code  Gb  frexp.o [6]
__iar_softfp_frexpl      0x800'357d         Code  Gb  frexp.o [6]
__iar_softfp_ldexp       0x800'3655         Code  Gb  ldexp.o [6]
__iar_softfp_ldexpl      0x800'3655         Code  Gb  ldexp.o [6]
__iar_softfp_scalbln     0x800'3655         Code  Gb  ldexp.o [6]
__iar_softfp_scalblnl    0x800'3655         Code  Gb  ldexp.o [6]
__iar_softfp_scalbn      0x800'3655         Code  Gb  ldexp.o [6]
__iar_softfp_scalbnl     0x800'3655         Code  Gb  ldexp.o [6]
__iar_ttio_handles      0x2000'013c    0x8  Data  Lc  XShttio.o [5]
__iar_zero_init3         0x800'85d1   0x38  Code  Gb  zero_init3.o [7]
__low_level_init         0x800'86b3    0x4  Code  Gb  low_level_init.o [5]
__lseek                  0x800'818d   0x4e  Code  Gb  lseek.o [8]
__vector_table           0x800'0000         Data  Gb  startup_stm32h7a3xxq.o [1]
__write                  0x800'81db   0x10  Code  Gb  write.o [8]
_call_main               0x800'86a1         Code  Gb  cmain.o [7]
_exit                    0x800'86bd         Code  Gb  cexit.o [7]
abort                    0x800'3a01    0x6  Code  Gb  abort.o [5]
debug_Print              0x800'4b19   0x38  Code  Lc  main.o [2]
ebuf                    0x2000'03d4   0x50  Data  Lc  xfiles.o [5]
exit                     0x800'86b7    0x4  Code  Gb  exit.o [5]
fclose                   0x800'8491   0x7e  Code  Gb  fclose.o [5]
fflush                   0x800'8149   0x34  Code  Gb  fflush.o [5]
fflushOne                0x800'80d5   0x74  Code  Lc  fflush.o [5]
fputc                    0x800'853b   0x56  Code  Gb  fputc.o [5]
free                     0x800'848d    0x4  Code  Gb  heaptramp0.o [5]
fseek                    0x800'83cd   0x24  Code  Gb  fseek.o [5]
hadc2                   0x2000'0370   0x64  Data  Gb  main.o [2]
hspi2                   0x2000'0268   0x88  Data  Gb  main.o [2]
htim1                   0x2000'0474   0x4c  Data  Gb  main.o [2]
htim2                   0x2000'04c0   0x4c  Data  Gb  main.o [2]
htim3                   0x2000'050c   0x4c  Data  Gb  main.o [2]
htim4                   0x2000'0558   0x4c  Data  Gb  main.o [2]
huart1                  0x2000'0148   0x90  Data  Gb  main.o [2]
huart3                  0x2000'01d8   0x90  Data  Gb  main.o [2]
ldexp                    0x800'3669         Code  Gb  ldexp.o [6]
ldexpl                   0x800'3669         Code  Gb  ldexp.o [6]
localeconv               0x800'37c9    0x4  Code  Gb  xlocale_c.o [5]
main                     0x800'4b51   0xea  Code  Gb  main.o [2]
memchr                   0x800'347d         Code  Gb  memchr.o [7]
memset                   0x800'4b05   0x14  Code  Gb  memset.o [7]
obuf                    0x2000'0424   0x50  Data  Lc  xfiles.o [5]
printf                   0x800'57c5   0x28  Code  Gb  printf.o [5]
putchar                  0x800'8749    0xc  Code  Gb  putchar.o [5]
remove                   0x800'8527   0x14  Code  Gb  remove.o [8]
sFileInfo               0x2000'02f0   0x80  Data  Lc  XShHandles.o [5]
scalbln                  0x800'3669         Code  Gb  ldexp.o [6]
scalblnl                 0x800'3669         Code  Gb  ldexp.o [6]
scalbn                   0x800'3669         Code  Gb  ldexp.o [6]
scalbnl                  0x800'3669         Code  Gb  ldexp.o [6]
scale                    0x800'3289   0x46  Code  Lc  xprintffull_nomb.o [5]
sec_hand                0x2000'05b0    0x4  Data  Lc  xfail_s.o [5]
strchr                   0x800'33ed         Code  Gb  strchr.o [7]
strlen                   0x800'3445         Code  Gb  strlen.o [7]
uwTick                  0x2000'05ac    0x4  Data  Gb  stm32h7xx_hal.o [4]
uwTickFreq              0x2000'0144    0x1  Data  Gb  stm32h7xx_hal.o [4]
uwTickPrio              0x2000'0000    0x4  Data  Gb  stm32h7xx_hal.o [4]


[1] = C:\Users\yael\source\repos\EcoMilk\Nucleo H7A3ZIQ\EWARM\Nucleo H7A3ZIQ\Obj\Application\EWARM
[2] = C:\Users\yael\source\repos\EcoMilk\Nucleo H7A3ZIQ\EWARM\Nucleo H7A3ZIQ\Obj\Application\User\Core
[3] = C:\Users\yael\source\repos\EcoMilk\Nucleo H7A3ZIQ\EWARM\Nucleo H7A3ZIQ\Obj\Drivers\CMSIS
[4] = C:\Users\yael\source\repos\EcoMilk\Nucleo H7A3ZIQ\EWARM\Nucleo H7A3ZIQ\Obj\Drivers\STM32H7xx_HAL_Driver
[5] = dl7M_tlf.a
[6] = m7M_tlv.a
[7] = rt7M_tl.a
[8] = shb_l.a

  35'099 bytes of readonly  code memory
     270 bytes of readonly  data memory
   2'997 bytes of readwrite data memory

Errors: none
Warnings: none
