###############################################################################
#
# IAR ELF Linker V9.10.1.308/W64 for ARM                  07/Nov/2021  16:06:00
# Copyright 2007-2021 IAR Systems AB.
#
#    Output file  =
#        C:\Users\yael\source\repos\EcoMilk\Nucleo H7A3ZIQ\EWARM\Nucleo
#        H7A3ZIQ\Exe\Nucleo H7A3ZIQ.out
#    Map file     =
#        C:\Users\yael\source\repos\EcoMilk\Nucleo H7A3ZIQ\EWARM\Nucleo
#        H7A3ZIQ\List\Nucleo H7A3ZIQ.map
#    Command line =
#        -f "C:\Users\yael\source\repos\EcoMilk\Nucleo H7A3ZIQ\EWARM\Nucleo
#        H7A3ZIQ\Exe\Nucleo H7A3ZIQ.out.rsp"
#        ("C:\Users\yael\source\repos\EcoMilk\Nucleo H7A3ZIQ\EWARM\Nucleo
#        H7A3ZIQ\Obj\Application\User\Core\main.o"
#        "C:\Users\yael\source\repos\EcoMilk\Nucleo H7A3ZIQ\EWARM\Nucleo
#        H7A3ZIQ\Obj\Application\EWARM\startup_stm32h7a3xxq.o"
#        "C:\Users\yael\source\repos\EcoMilk\Nucleo H7A3ZIQ\EWARM\Nucleo
#        H7A3ZIQ\Obj\Drivers\STM32H7xx_HAL_Driver\stm32h7xx_hal.o"
#        "C:\Users\yael\source\repos\EcoMilk\Nucleo H7A3ZIQ\EWARM\Nucleo
#        H7A3ZIQ\Obj\Drivers\STM32H7xx_HAL_Driver\stm32h7xx_hal_adc.o"
#        "C:\Users\yael\source\repos\EcoMilk\Nucleo H7A3ZIQ\EWARM\Nucleo
#        H7A3ZIQ\Obj\Drivers\STM32H7xx_HAL_Driver\stm32h7xx_hal_adc_ex.o"
#        "C:\Users\yael\source\repos\EcoMilk\Nucleo H7A3ZIQ\EWARM\Nucleo
#        H7A3ZIQ\Obj\Drivers\STM32H7xx_HAL_Driver\stm32h7xx_hal_cortex.o"
#        "C:\Users\yael\source\repos\EcoMilk\Nucleo H7A3ZIQ\EWARM\Nucleo
#        H7A3ZIQ\Obj\Drivers\STM32H7xx_HAL_Driver\stm32h7xx_hal_dma.o"
#        "C:\Users\yael\source\repos\EcoMilk\Nucleo H7A3ZIQ\EWARM\Nucleo
#        H7A3ZIQ\Obj\Drivers\STM32H7xx_HAL_Driver\stm32h7xx_hal_dma_ex.o"
#        "C:\Users\yael\source\repos\EcoMilk\Nucleo H7A3ZIQ\EWARM\Nucleo
#        H7A3ZIQ\Obj\Drivers\STM32H7xx_HAL_Driver\stm32h7xx_hal_exti.o"
#        "C:\Users\yael\source\repos\EcoMilk\Nucleo H7A3ZIQ\EWARM\Nucleo
#        H7A3ZIQ\Obj\Drivers\STM32H7xx_HAL_Driver\stm32h7xx_hal_flash.o"
#        "C:\Users\yael\source\repos\EcoMilk\Nucleo H7A3ZIQ\EWARM\Nucleo
#        H7A3ZIQ\Obj\Drivers\STM32H7xx_HAL_Driver\stm32h7xx_hal_flash_ex.o"
#        "C:\Users\yael\source\repos\EcoMilk\Nucleo H7A3ZIQ\EWARM\Nucleo
#        H7A3ZIQ\Obj\Drivers\STM32H7xx_HAL_Driver\stm32h7xx_hal_gpio.o"
#        "C:\Users\yael\source\repos\EcoMilk\Nucleo H7A3ZIQ\EWARM\Nucleo
#        H7A3ZIQ\Obj\Drivers\STM32H7xx_HAL_Driver\stm32h7xx_hal_hsem.o"
#        "C:\Users\yael\source\repos\EcoMilk\Nucleo H7A3ZIQ\EWARM\Nucleo
#        H7A3ZIQ\Obj\Drivers\STM32H7xx_HAL_Driver\stm32h7xx_hal_i2c.o"
#        "C:\Users\yael\source\repos\EcoMilk\Nucleo H7A3ZIQ\EWARM\Nucleo
#        H7A3ZIQ\Obj\Drivers\STM32H7xx_HAL_Driver\stm32h7xx_hal_i2c_ex.o"
#        "C:\Users\yael\source\repos\EcoMilk\Nucleo H7A3ZIQ\EWARM\Nucleo
#        H7A3ZIQ\Obj\Drivers\STM32H7xx_HAL_Driver\stm32h7xx_hal_mdma.o"
#        "C:\Users\yael\source\repos\EcoMilk\Nucleo H7A3ZIQ\EWARM\Nucleo
#        H7A3ZIQ\Obj\Application\User\Core\stm32h7xx_hal_msp.o"
#        "C:\Users\yael\source\repos\EcoMilk\Nucleo H7A3ZIQ\EWARM\Nucleo
#        H7A3ZIQ\Obj\Drivers\STM32H7xx_HAL_Driver\stm32h7xx_hal_pwr.o"
#        "C:\Users\yael\source\repos\EcoMilk\Nucleo H7A3ZIQ\EWARM\Nucleo
#        H7A3ZIQ\Obj\Drivers\STM32H7xx_HAL_Driver\stm32h7xx_hal_pwr_ex.o"
#        "C:\Users\yael\source\repos\EcoMilk\Nucleo H7A3ZIQ\EWARM\Nucleo
#        H7A3ZIQ\Obj\Drivers\STM32H7xx_HAL_Driver\stm32h7xx_hal_rcc.o"
#        "C:\Users\yael\source\repos\EcoMilk\Nucleo H7A3ZIQ\EWARM\Nucleo
#        H7A3ZIQ\Obj\Drivers\STM32H7xx_HAL_Driver\stm32h7xx_hal_rcc_ex.o"
#        "C:\Users\yael\source\repos\EcoMilk\Nucleo H7A3ZIQ\EWARM\Nucleo
#        H7A3ZIQ\Obj\Drivers\STM32H7xx_HAL_Driver\stm32h7xx_hal_spi.o"
#        "C:\Users\yael\source\repos\EcoMilk\Nucleo H7A3ZIQ\EWARM\Nucleo
#        H7A3ZIQ\Obj\Drivers\STM32H7xx_HAL_Driver\stm32h7xx_hal_spi_ex.o"
#        "C:\Users\yael\source\repos\EcoMilk\Nucleo H7A3ZIQ\EWARM\Nucleo
#        H7A3ZIQ\Obj\Drivers\STM32H7xx_HAL_Driver\stm32h7xx_hal_tim.o"
#        "C:\Users\yael\source\repos\EcoMilk\Nucleo H7A3ZIQ\EWARM\Nucleo
#        H7A3ZIQ\Obj\Drivers\STM32H7xx_HAL_Driver\stm32h7xx_hal_tim_ex.o"
#        "C:\Users\yael\source\repos\EcoMilk\Nucleo H7A3ZIQ\EWARM\Nucleo
#        H7A3ZIQ\Obj\Drivers\STM32H7xx_HAL_Driver\stm32h7xx_hal_uart.o"
#        "C:\Users\yael\source\repos\EcoMilk\Nucleo H7A3ZIQ\EWARM\Nucleo
#        H7A3ZIQ\Obj\Drivers\STM32H7xx_HAL_Driver\stm32h7xx_hal_uart_ex.o"
#        "C:\Users\yael\source\repos\EcoMilk\Nucleo H7A3ZIQ\EWARM\Nucleo
#        H7A3ZIQ\Obj\Application\User\Core\stm32h7xx_it.o"
#        "C:\Users\yael\source\repos\EcoMilk\Nucleo H7A3ZIQ\EWARM\Nucleo
#        H7A3ZIQ\Obj\Drivers\CMSIS\system_stm32h7xx.o" --no_out_extension -o
#        "C:\Users\yael\source\repos\EcoMilk\Nucleo H7A3ZIQ\EWARM\Nucleo
#        H7A3ZIQ\Exe\Nucleo H7A3ZIQ.out" --redirect _Printf=_PrintfFullNoMb
#        --redirect _Scanf=_ScanfFullNoMb --map
#        "C:\Users\yael\source\repos\EcoMilk\Nucleo H7A3ZIQ\EWARM\Nucleo
#        H7A3ZIQ\List\Nucleo H7A3ZIQ.map" --config
#        "C:\Users\yael\source\repos\EcoMilk\Nucleo
#        H7A3ZIQ\EWARM/stm32h7a3xxq_flash.icf" --semihosting --entry
#        __iar_program_start --vfe --text_out locale)
#
###############################################################################

*******************************************************************************
*** RUNTIME MODEL ATTRIBUTES
***

CppFlavor       = *
__SystemLibrary = DLib
__dlib_version  = 6


*******************************************************************************
*** HEAP SELECTION
***

The basic heap was selected because no calls to memory allocation
functions were found in the application outside of system library
functions, and there are calls to deallocation functions in the
application.


*******************************************************************************
*** PLACEMENT SUMMARY
***

"A0":  place at address 0x800'0000 { ro section .intvec };
"P1":  place in [from 0x800'0000 to 0x81f'ffff] { ro };
define block CSTACK with size = 1K, alignment = 8 { };
define block HEAP with size = 512, alignment = 8 { };
"P2":  place in [from 0x2400'0000 to 0x2407'ffff] {
          rw, block CSTACK, block HEAP };
initialize by copy { rw };

  Section            Kind         Address    Size  Object
  -------            ----         -------    ----  ------
"A0":                                       0x2ac
  .intvec            ro code   0x800'0000   0x2ac  startup_stm32h7a3xxq.o [1]
                             - 0x800'02ac   0x2ac

"P1":                                      0xa9bc
  .text              ro code   0x800'02ac  0x257c  stm32h7xx_hal_dma.o [4]
  .text              ro code   0x800'2828     0xc  stm32h7xx_hal.o [4]
  .text              ro code   0x800'2834  0x1a18  stm32h7xx_hal_rcc_ex.o [4]
  .text              ro code   0x800'424c   0x5f4  stm32h7xx_hal_rcc.o [4]
  .text              ro code   0x800'4840    0x58  stm32h7xx_hal.o [4]
  .text              ro code   0x800'4898   0x158  stm32h7xx_hal_cortex.o [4]
  .text              ro code   0x800'49f0  0x1118  stm32h7xx_hal_tim.o [4]
  .text              ro code   0x800'5b08   0x69c  stm32h7xx_hal_msp.o [2]
  .text              ro code   0x800'61a4  0x1070  main.o [2]
  .text              ro code   0x800'7214     0x2  stm32h7xx_hal_tim.o [4]
  .text              ro code   0x800'7216     0x2  stm32h7xx_hal_tim.o [4]
  .text              ro code   0x800'7218     0x2  stm32h7xx_hal_tim.o [4]
  .text              ro code   0x800'721a     0x2  stm32h7xx_hal_tim_ex.o [4]
  .text              ro code   0x800'721c     0x2  stm32h7xx_hal_tim_ex.o [4]
  .text              ro code   0x800'721e     0x2  stm32h7xx_hal_tim.o [4]
  .text              ro code   0x800'7220     0x2  stm32h7xx_hal_tim_ex.o [4]
  .text              ro code   0x800'7222     0x2  stm32h7xx_hal_tim.o [4]
  .text              ro code   0x800'7224     0x2  stm32h7xx_hal_tim.o [4]
  .text              ro code   0x800'7226    0x14  memset.o [7]
  .text              ro code   0x800'723a    0x2a  copy_init3.o [7]
  .text              ro code   0x800'7264   0x284  stm32h7xx_hal_gpio.o [4]
  .text              ro code   0x800'74e8    0x84  stm32h7xx_hal.o [4]
  .text              ro code   0x800'756c    0x66  ABImemset.o [7]
  .text              ro code   0x800'75d4   0xc7e  stm32h7xx_hal_spi.o [4]
  .text              ro code   0x800'8254   0xfc0  stm32h7xx_hal_uart.o [4]
  .text              ro code   0x800'9214    0x9c  stm32h7xx_hal_pwr_ex.o [4]
  .text              ro code   0x800'92b0   0x704  stm32h7xx_hal_rcc.o [4]
  .text              ro code   0x800'99b4   0x8a4  stm32h7xx_hal_adc.o [4]
  .text              ro code   0x800'a258   0x14c  stm32h7xx_hal_tim_ex.o [4]
  .text              ro code   0x800'a3a4   0x178  stm32h7xx_hal_uart_ex.o [4]
  .text              ro code   0x800'a51c     0x2  stm32h7xx_hal_uart.o [4]
  .text              ro code   0x800'a51e     0x2  stm32h7xx_hal_uart.o [4]
  .text              ro code   0x800'a520     0x2  stm32h7xx_hal_uart_ex.o [4]
  .text              ro code   0x800'a522     0x2  stm32h7xx_hal_uart_ex.o [4]
  .text              ro code   0x800'a524     0x2  stm32h7xx_hal_uart_ex.o [4]
  .text              ro code   0x800'a528   0x230  I64DivMod.o [7]
  .text              ro code   0x800'a758     0x2  stm32h7xx_hal_uart.o [4]
  .text              ro code   0x800'a75c     0x2  I64DivZer.o [7]
  .text              ro code   0x800'a760   0x120  system_stm32h7xx.o [3]
  .text              ro code   0x800'a880    0x50  stm32h7xx_it.o [2]
  .text              ro code   0x800'a8d0    0x18  stm32h7xx_hal.o [4]
  .text              ro code   0x800'a8e8    0x38  zero_init3.o [7]
  .text              ro code   0x800'a920    0x28  data_init.o [7]
  .text              ro code   0x800'a948    0x22  fpinit_M.o [6]
  .iar.init_table    const     0x800'a96c    0x24  - Linker created -
  .text              ro code   0x800'a990    0x1e  cmain.o [7]
  .text              ro code   0x800'a9ae     0x4  low_level_init.o [5]
  .text              ro code   0x800'a9b2     0x4  exit.o [5]
  .text              ro code   0x800'a9b8     0xa  cexit.o [7]
  .text              ro code   0x800'a9c4    0x14  exit.o [8]
  .text              ro code   0x800'a9d8    0x1c  cstartup_M.o [7]
  .rodata            const     0x800'a9f4    0x18  stm32h7xx_hal_uart.o [4]
  .rodata            const     0x800'aa0c    0x10  system_stm32h7xx.o [3]
  .text              ro code   0x800'aa1c    0x10  startup_stm32h7a3xxq.o [1]
  Initializer bytes  const     0x800'aa2c    0x10  <for P2-1>
  .rodata            const     0x800'aa3c     0xc  main.o [2]
  .rodata            const     0x800'aa48     0x8  stm32h7xx_hal_dma.o [4]
  .rodata            const     0x800'aa50     0x8  stm32h7xx_hal_uart_ex.o [4]
  .rodata            const     0x800'aa58     0x8  stm32h7xx_hal_uart_ex.o [4]
  .rodata            const     0x800'aa60     0x4  main.o [2]
  .text              ro code   0x800'aa64     0x4  startup_stm32h7a3xxq.o [1]
  .text              ro code   0x800'aa68     0x4  startup_stm32h7a3xxq.o [1]
  .text              ro code   0x800'aa6c     0x4  startup_stm32h7a3xxq.o [1]
  .text              ro code   0x800'aa70     0x4  startup_stm32h7a3xxq.o [1]
  .text              ro code   0x800'aa74     0x4  startup_stm32h7a3xxq.o [1]
  .text              ro code   0x800'aa78     0x4  startup_stm32h7a3xxq.o [1]
  .text              ro code   0x800'aa7c     0x4  startup_stm32h7a3xxq.o [1]
  .text              ro code   0x800'aa80     0x4  startup_stm32h7a3xxq.o [1]
  .text              ro code   0x800'aa84     0x4  startup_stm32h7a3xxq.o [1]
  .text              ro code   0x800'aa88     0x4  startup_stm32h7a3xxq.o [1]
  .text              ro code   0x800'aa8c     0x4  startup_stm32h7a3xxq.o [1]
  .text              ro code   0x800'aa90     0x4  startup_stm32h7a3xxq.o [1]
  .text              ro code   0x800'aa94     0x4  startup_stm32h7a3xxq.o [1]
  .text              ro code   0x800'aa98     0x4  startup_stm32h7a3xxq.o [1]
  .text              ro code   0x800'aa9c     0x4  startup_stm32h7a3xxq.o [1]
  .text              ro code   0x800'aaa0     0x4  startup_stm32h7a3xxq.o [1]
  .text              ro code   0x800'aaa4     0x4  startup_stm32h7a3xxq.o [1]
  .text              ro code   0x800'aaa8     0x4  startup_stm32h7a3xxq.o [1]
  .text              ro code   0x800'aaac     0x4  startup_stm32h7a3xxq.o [1]
  .text              ro code   0x800'aab0     0x4  startup_stm32h7a3xxq.o [1]
  .text              ro code   0x800'aab4     0x4  startup_stm32h7a3xxq.o [1]
  .text              ro code   0x800'aab8     0x4  startup_stm32h7a3xxq.o [1]
  .text              ro code   0x800'aabc     0x4  startup_stm32h7a3xxq.o [1]
  .text              ro code   0x800'aac0     0x4  startup_stm32h7a3xxq.o [1]
  .text              ro code   0x800'aac4     0x4  startup_stm32h7a3xxq.o [1]
  .text              ro code   0x800'aac8     0x4  startup_stm32h7a3xxq.o [1]
  .text              ro code   0x800'aacc     0x4  startup_stm32h7a3xxq.o [1]
  .text              ro code   0x800'aad0     0x4  startup_stm32h7a3xxq.o [1]
  .text              ro code   0x800'aad4     0x4  startup_stm32h7a3xxq.o [1]
  .text              ro code   0x800'aad8     0x4  startup_stm32h7a3xxq.o [1]
  .text              ro code   0x800'aadc     0x4  startup_stm32h7a3xxq.o [1]
  .text              ro code   0x800'aae0     0x4  startup_stm32h7a3xxq.o [1]
  .text              ro code   0x800'aae4     0x4  startup_stm32h7a3xxq.o [1]
  .text              ro code   0x800'aae8     0x4  startup_stm32h7a3xxq.o [1]
  .text              ro code   0x800'aaec     0x4  startup_stm32h7a3xxq.o [1]
  .text              ro code   0x800'aaf0     0x4  startup_stm32h7a3xxq.o [1]
  .text              ro code   0x800'aaf4     0x4  startup_stm32h7a3xxq.o [1]
  .text              ro code   0x800'aaf8     0x4  startup_stm32h7a3xxq.o [1]
  .text              ro code   0x800'aafc     0x4  startup_stm32h7a3xxq.o [1]
  .text              ro code   0x800'ab00     0x4  startup_stm32h7a3xxq.o [1]
  .text              ro code   0x800'ab04     0x4  startup_stm32h7a3xxq.o [1]
  .text              ro code   0x800'ab08     0x4  startup_stm32h7a3xxq.o [1]
  .text              ro code   0x800'ab0c     0x4  startup_stm32h7a3xxq.o [1]
  .text              ro code   0x800'ab10     0x4  startup_stm32h7a3xxq.o [1]
  .text              ro code   0x800'ab14     0x4  startup_stm32h7a3xxq.o [1]
  .text              ro code   0x800'ab18     0x4  startup_stm32h7a3xxq.o [1]
  .text              ro code   0x800'ab1c     0x4  startup_stm32h7a3xxq.o [1]
  .text              ro code   0x800'ab20     0x4  startup_stm32h7a3xxq.o [1]
  .text              ro code   0x800'ab24     0x4  startup_stm32h7a3xxq.o [1]
  .text              ro code   0x800'ab28     0x4  startup_stm32h7a3xxq.o [1]
  .text              ro code   0x800'ab2c     0x4  startup_stm32h7a3xxq.o [1]
  .text              ro code   0x800'ab30     0x4  startup_stm32h7a3xxq.o [1]
  .text              ro code   0x800'ab34     0x4  startup_stm32h7a3xxq.o [1]
  .text              ro code   0x800'ab38     0x4  startup_stm32h7a3xxq.o [1]
  .text              ro code   0x800'ab3c     0x4  startup_stm32h7a3xxq.o [1]
  .text              ro code   0x800'ab40     0x4  startup_stm32h7a3xxq.o [1]
  .text              ro code   0x800'ab44     0x4  startup_stm32h7a3xxq.o [1]
  .text              ro code   0x800'ab48     0x4  startup_stm32h7a3xxq.o [1]
  .text              ro code   0x800'ab4c     0x4  startup_stm32h7a3xxq.o [1]
  .text              ro code   0x800'ab50     0x4  startup_stm32h7a3xxq.o [1]
  .text              ro code   0x800'ab54     0x4  startup_stm32h7a3xxq.o [1]
  .text              ro code   0x800'ab58     0x4  startup_stm32h7a3xxq.o [1]
  .text              ro code   0x800'ab5c     0x4  startup_stm32h7a3xxq.o [1]
  .text              ro code   0x800'ab60     0x4  startup_stm32h7a3xxq.o [1]
  .text              ro code   0x800'ab64     0x4  startup_stm32h7a3xxq.o [1]
  .text              ro code   0x800'ab68     0x4  startup_stm32h7a3xxq.o [1]
  .text              ro code   0x800'ab6c     0x4  startup_stm32h7a3xxq.o [1]
  .text              ro code   0x800'ab70     0x4  startup_stm32h7a3xxq.o [1]
  .text              ro code   0x800'ab74     0x4  startup_stm32h7a3xxq.o [1]
  .text              ro code   0x800'ab78     0x4  startup_stm32h7a3xxq.o [1]
  .text              ro code   0x800'ab7c     0x4  startup_stm32h7a3xxq.o [1]
  .text              ro code   0x800'ab80     0x4  startup_stm32h7a3xxq.o [1]
  .text              ro code   0x800'ab84     0x4  startup_stm32h7a3xxq.o [1]
  .text              ro code   0x800'ab88     0x4  startup_stm32h7a3xxq.o [1]
  .text              ro code   0x800'ab8c     0x4  startup_stm32h7a3xxq.o [1]
  .text              ro code   0x800'ab90     0x4  startup_stm32h7a3xxq.o [1]
  .text              ro code   0x800'ab94     0x4  startup_stm32h7a3xxq.o [1]
  .text              ro code   0x800'ab98     0x4  startup_stm32h7a3xxq.o [1]
  .text              ro code   0x800'ab9c     0x4  startup_stm32h7a3xxq.o [1]
  .text              ro code   0x800'aba0     0x4  startup_stm32h7a3xxq.o [1]
  .text              ro code   0x800'aba4     0x4  startup_stm32h7a3xxq.o [1]
  .text              ro code   0x800'aba8     0x4  startup_stm32h7a3xxq.o [1]
  .text              ro code   0x800'abac     0x4  startup_stm32h7a3xxq.o [1]
  .text              ro code   0x800'abb0     0x4  startup_stm32h7a3xxq.o [1]
  .text              ro code   0x800'abb4     0x4  startup_stm32h7a3xxq.o [1]
  .text              ro code   0x800'abb8     0x4  startup_stm32h7a3xxq.o [1]
  .text              ro code   0x800'abbc     0x4  startup_stm32h7a3xxq.o [1]
  .text              ro code   0x800'abc0     0x4  startup_stm32h7a3xxq.o [1]
  .text              ro code   0x800'abc4     0x4  startup_stm32h7a3xxq.o [1]
  .text              ro code   0x800'abc8     0x4  startup_stm32h7a3xxq.o [1]
  .text              ro code   0x800'abcc     0x4  startup_stm32h7a3xxq.o [1]
  .text              ro code   0x800'abd0     0x4  startup_stm32h7a3xxq.o [1]
  .text              ro code   0x800'abd4     0x4  startup_stm32h7a3xxq.o [1]
  .text              ro code   0x800'abd8     0x4  startup_stm32h7a3xxq.o [1]
  .text              ro code   0x800'abdc     0x4  startup_stm32h7a3xxq.o [1]
  .text              ro code   0x800'abe0     0x4  startup_stm32h7a3xxq.o [1]
  .text              ro code   0x800'abe4     0x4  startup_stm32h7a3xxq.o [1]
  .text              ro code   0x800'abe8     0x4  startup_stm32h7a3xxq.o [1]
  .text              ro code   0x800'abec     0x4  startup_stm32h7a3xxq.o [1]
  .text              ro code   0x800'abf0     0x4  startup_stm32h7a3xxq.o [1]
  .text              ro code   0x800'abf4     0x4  startup_stm32h7a3xxq.o [1]
  .text              ro code   0x800'abf8     0x4  startup_stm32h7a3xxq.o [1]
  .text              ro code   0x800'abfc     0x4  startup_stm32h7a3xxq.o [1]
  .text              ro code   0x800'ac00     0x4  startup_stm32h7a3xxq.o [1]
  .text              ro code   0x800'ac04     0x4  startup_stm32h7a3xxq.o [1]
  .text              ro code   0x800'ac08     0x4  startup_stm32h7a3xxq.o [1]
  .text              ro code   0x800'ac0c     0x4  startup_stm32h7a3xxq.o [1]
  .text              ro code   0x800'ac10     0x4  startup_stm32h7a3xxq.o [1]
  .text              ro code   0x800'ac14     0x4  startup_stm32h7a3xxq.o [1]
  .text              ro code   0x800'ac18     0x4  startup_stm32h7a3xxq.o [1]
  .text              ro code   0x800'ac1c     0x4  startup_stm32h7a3xxq.o [1]
  .text              ro code   0x800'ac20     0x4  startup_stm32h7a3xxq.o [1]
  .text              ro code   0x800'ac24     0x4  startup_stm32h7a3xxq.o [1]
  .text              ro code   0x800'ac28     0x4  startup_stm32h7a3xxq.o [1]
  .text              ro code   0x800'ac2c     0x4  startup_stm32h7a3xxq.o [1]
  .text              ro code   0x800'ac30     0x4  startup_stm32h7a3xxq.o [1]
  .text              ro code   0x800'ac34     0x4  startup_stm32h7a3xxq.o [1]
  .text              ro code   0x800'ac38     0x4  startup_stm32h7a3xxq.o [1]
  .text              ro code   0x800'ac3c     0x4  startup_stm32h7a3xxq.o [1]
  .text              ro code   0x800'ac40     0x4  startup_stm32h7a3xxq.o [1]
  .text              ro code   0x800'ac44     0x4  startup_stm32h7a3xxq.o [1]
  .text              ro code   0x800'ac48     0x4  startup_stm32h7a3xxq.o [1]
  .text              ro code   0x800'ac4c     0x4  startup_stm32h7a3xxq.o [1]
  .text              ro code   0x800'ac50     0x4  startup_stm32h7a3xxq.o [1]
  .text              ro code   0x800'ac54     0x4  startup_stm32h7a3xxq.o [1]
  .text              ro code   0x800'ac58     0x4  startup_stm32h7a3xxq.o [1]
  .text              ro code   0x800'ac5c     0x4  startup_stm32h7a3xxq.o [1]
  .text              ro code   0x800'ac60     0x4  startup_stm32h7a3xxq.o [1]
  .text              ro code   0x800'ac64     0x4  startup_stm32h7a3xxq.o [1]
  .rodata            const     0x800'ac68     0x0  zero_init3.o [7]
  .rodata            const     0x800'ac68     0x0  copy_init3.o [7]
                             - 0x800'ac68  0xa9bc

"P2", part 1 of 3:                           0x10
  P2-1                        0x2400'0000     0xd  <Init block>
    .data            inited   0x2400'0000     0x4  stm32h7xx_hal.o [4]
    .data            inited   0x2400'0004     0x4  system_stm32h7xx.o [3]
    .data            inited   0x2400'0008     0x4  system_stm32h7xx.o [3]
    .data            inited   0x2400'000c     0x1  stm32h7xx_hal.o [4]
                            - 0x2400'000d     0xd

"P2", part 2 of 3:                          0x410
  .bss               zero     0x2400'0010    0x90  main.o [2]
  .bss               zero     0x2400'00a0    0x90  main.o [2]
  .bss               zero     0x2400'0130    0x88  main.o [2]
  .bss               zero     0x2400'01b8    0x78  main.o [2]
  .bss               zero     0x2400'0230    0x64  main.o [2]
  .bss               zero     0x2400'0294    0x4c  main.o [2]
  .bss               zero     0x2400'02e0    0x4c  main.o [2]
  .bss               zero     0x2400'032c    0x4c  main.o [2]
  .bss               zero     0x2400'0378    0x4c  main.o [2]
  .bss               zero     0x2400'03c4    0x4c  main.o [2]
  .bss               zero     0x2400'0410     0x4  main.o [2]
  .bss               zero     0x2400'0414     0x4  main.o [2]
  .bss               zero     0x2400'0418     0x4  main.o [2]
  .bss               zero     0x2400'041c     0x4  stm32h7xx_hal.o [4]
                            - 0x2400'0420   0x410

"P2", part 3 of 3:                          0x400
  CSTACK                      0x2400'0420   0x400  <Block>
    CSTACK           uninit   0x2400'0420   0x400  <Block tail>
                            - 0x2400'0820   0x400

Unused ranges:

         From           To       Size
         ----           --       ----
   0x800'ac68   0x81f'ffff  0x1f'5398
  0x2400'0820  0x2407'ffff   0x7'f7e0


*******************************************************************************
*** INIT TABLE
***

          Address      Size
          -------      ----
Zero (__iar_zero_init3)
    1 destination range, total size 0x410:
          0x2400'0010  0x410

Copy (__iar_copy_init3)
    1 source range, total size 0x10 (123% of destination):
           0x800'aa2c   0x10
    1 destination range, total size 0xd:
          0x2400'0000    0xd



*******************************************************************************
*** MODULE SUMMARY
***

    Module                   ro code  ro data  rw data
    ------                   -------  -------  -------
command line/config:
    --------------------------------------------------
    Total:

C:\Users\yael\source\repos\EcoMilk\Nucleo H7A3ZIQ\EWARM\Nucleo H7A3ZIQ\Obj\Application\EWARM: [1]
    startup_stm32h7a3xxq.o     1'216
    --------------------------------------------------
    Total:                     1'216

C:\Users\yael\source\repos\EcoMilk\Nucleo H7A3ZIQ\EWARM\Nucleo H7A3ZIQ\Obj\Application\User\Core: [2]
    main.o                     4'208       16    1'036
    stm32h7xx_hal_msp.o        1'692
    stm32h7xx_it.o                80
    --------------------------------------------------
    Total:                     5'980       16    1'036

C:\Users\yael\source\repos\EcoMilk\Nucleo H7A3ZIQ\EWARM\Nucleo H7A3ZIQ\Obj\Drivers\CMSIS: [3]
    system_stm32h7xx.o           288       24        8
    --------------------------------------------------
    Total:                       288       24        8

C:\Users\yael\source\repos\EcoMilk\Nucleo H7A3ZIQ\EWARM\Nucleo H7A3ZIQ\Obj\Drivers\STM32H7xx_HAL_Driver: [4]
    stm32h7xx_hal.o              256        5        9
    stm32h7xx_hal_adc.o        2'212
    stm32h7xx_hal_cortex.o       344
    stm32h7xx_hal_dma.o        9'596        8
    stm32h7xx_hal_gpio.o         644
    stm32h7xx_hal_pwr_ex.o       156
    stm32h7xx_hal_rcc.o        3'320
    stm32h7xx_hal_rcc_ex.o     6'680
    stm32h7xx_hal_spi.o        3'198
    stm32h7xx_hal_tim.o        4'388
    stm32h7xx_hal_tim_ex.o       338
    stm32h7xx_hal_uart.o       4'038       24
    stm32h7xx_hal_uart_ex.o      382       16
    --------------------------------------------------
    Total:                    35'552       53        9

dl7M_tlf.a: [5]
    exit.o                         4
    low_level_init.o               4
    --------------------------------------------------
    Total:                         8

m7M_tlv.a: [6]
    fpinit_M.o                    34
    --------------------------------------------------
    Total:                        34

rt7M_tl.a: [7]
    ABImemset.o                  102
    I64DivMod.o                  560
    I64DivZer.o                    2
    cexit.o                       10
    cmain.o                       30
    copy_init3.o                  42
    cstartup_M.o                  28
    data_init.o                   40
    memset.o                      20
    zero_init3.o                  56
    --------------------------------------------------
    Total:                       890

shb_l.a: [8]
    exit.o                        20
    --------------------------------------------------
    Total:                        20

    Gaps                          14        2
    Linker created                         39    1'024
------------------------------------------------------
    Grand Total:              44'002      134    2'077


*******************************************************************************
*** ENTRY LIST
***

Entry                       Address   Size  Type      Object
-----                       -------   ----  ----      ------
.iar.init_table$$Base    0x800'a96c          --   Gb  - Linker created -
.iar.init_table$$Limit   0x800'a990          --   Gb  - Linker created -
?main                    0x800'a991         Code  Gb  cmain.o [7]
ADC_ConfigureBoostMode   0x800'a131   0xfa  Code  Gb  stm32h7xx_hal_adc.o [4]
BusFault_Handler         0x800'a887    0x2  Code  Gb  stm32h7xx_it.o [2]
CSTACK$$Base            0x2400'0420          --   Gb  - Linker created -
CSTACK$$Limit           0x2400'0820          --   Gb  - Linker created -
D1CorePrescTable         0x800'aa0c   0x10  Data  Gb  system_stm32h7xx.o [3]
DMA1_Stream0_IRQHandler
                         0x800'a899    0xa  Code  Gb  stm32h7xx_it.o [2]
DMA_CalcBaseAndBitshift
                         0x800'24bd   0xd8  Code  Lc  stm32h7xx_hal_dma.o [4]
DMA_CalcBaseAndBitshift{1}{2}::flagBitshiftOffset
                         0x800'aa48    0x8  Data  Lc  stm32h7xx_hal_dma.o [4]
DMA_CalcDMAMUXChannelBaseAndMask
                         0x800'2673   0xac  Code  Lc  stm32h7xx_hal_dma.o [4]
DMA_CalcDMAMUXRequestGenBaseAndMask
                         0x800'271f   0x80  Code  Lc  stm32h7xx_hal_dma.o [4]
DMA_CheckFifoParam       0x800'25d9   0x9a  Code  Lc  stm32h7xx_hal_dma.o [4]
DMA_SetConfig            0x800'2209  0x2b4  Code  Lc  stm32h7xx_hal_dma.o [4]
DebugMon_Handler         0x800'a88d    0x2  Code  Gb  stm32h7xx_it.o [2]
Error_Handler            0x800'7211    0x4  Code  Gb  main.o [2]
HAL_ADC_ConfigChannel    0x800'9d29  0x400  Code  Gb  stm32h7xx_hal_adc.o [4]
HAL_ADC_Init             0x800'9af7  0x206  Code  Gb  stm32h7xx_hal_adc.o [4]
HAL_ADC_MspInit          0x800'5b2d   0xca  Code  Gb  stm32h7xx_hal_msp.o [2]
HAL_DMA_Abort            0x800'0e5d  0x4d4  Code  Gb  stm32h7xx_hal_dma.o [4]
HAL_DMA_Abort_IT         0x800'1355  0x344  Code  Gb  stm32h7xx_hal_dma.o [4]
HAL_DMA_IRQHandler       0x800'16f9  0xaca  Code  Gb  stm32h7xx_hal_dma.o [4]
HAL_DMA_Init             0x800'02ad  0x57e  Code  Gb  stm32h7xx_hal_dma.o [4]
HAL_DMA_Start            0x800'0871  0x1d8  Code  Gb  stm32h7xx_hal_dma.o [4]
HAL_DMA_Start_IT         0x800'0a8d  0x392  Code  Gb  stm32h7xx_hal_dma.o [4]
HAL_GPIO_Init            0x800'7265  0x232  Code  Gb  stm32h7xx_hal_gpio.o [4]
HAL_GPIO_WritePin        0x800'7497   0x1a  Code  Gb  stm32h7xx_hal_gpio.o [4]
HAL_GetTick              0x800'2829    0xc  Code  Gb  stm32h7xx_hal.o [4]
HAL_IncTick              0x800'a8d1   0x18  Code  Gb  stm32h7xx_hal.o [4]
HAL_Init                 0x800'74e9   0x5e  Code  Gb  stm32h7xx_hal.o [4]
HAL_InitTick             0x800'4841   0x58  Code  Gb  stm32h7xx_hal.o [4]
HAL_MspInit              0x800'5b09   0x24  Code  Gb  stm32h7xx_hal_msp.o [2]
HAL_NVIC_EnableIRQ       0x800'49b7    0xe  Code  Gb  stm32h7xx_hal_cortex.o [4]
HAL_NVIC_SetPriority     0x800'4993   0x24  Code  Gb  stm32h7xx_hal_cortex.o [4]
HAL_NVIC_SetPriorityGrouping
                         0x800'4987    0xc  Code  Gb  stm32h7xx_hal_cortex.o [4]
HAL_PWREx_ConfigSupply   0x800'9215   0x92  Code  Gb  stm32h7xx_hal_pwr_ex.o [4]
HAL_RCCEx_GetD3PCLK1Freq
                         0x800'38c3   0x1e  Code  Gb  stm32h7xx_hal_rcc_ex.o [4]
HAL_RCCEx_GetPLL1ClockFreq
                         0x800'3d6d  0x228  Code  Gb  stm32h7xx_hal_rcc_ex.o [4]
HAL_RCCEx_GetPLL2ClockFreq
                         0x800'38e5  0x226  Code  Gb  stm32h7xx_hal_rcc_ex.o [4]
HAL_RCCEx_GetPLL3ClockFreq
                         0x800'3b25  0x22c  Code  Gb  stm32h7xx_hal_rcc_ex.o [4]
HAL_RCCEx_GetPeriphCLKFreq
                         0x800'330d  0x5b6  Code  Gb  stm32h7xx_hal_rcc_ex.o [4]
HAL_RCCEx_PeriphCLKConfig
                         0x800'2835  0xab4  Code  Gb  stm32h7xx_hal_rcc_ex.o [4]
HAL_RCC_ClockConfig      0x800'424d  0x306  Code  Gb  stm32h7xx_hal_rcc.o [4]
HAL_RCC_GetHCLKFreq      0x800'477b   0x3c  Code  Gb  stm32h7xx_hal_rcc.o [4]
HAL_RCC_GetPCLK1Freq     0x800'47b7   0x1a  Code  Gb  stm32h7xx_hal_rcc.o [4]
HAL_RCC_GetPCLK2Freq     0x800'47d1   0x1a  Code  Gb  stm32h7xx_hal_rcc.o [4]
HAL_RCC_GetSysClockFreq
                         0x800'4555  0x226  Code  Gb  stm32h7xx_hal_rcc.o [4]
HAL_RCC_OscConfig        0x800'92b1  0x704  Code  Gb  stm32h7xx_hal_rcc.o [4]
HAL_SPI_Init             0x800'75d5  0x182  Code  Gb  stm32h7xx_hal_spi.o [4]
HAL_SPI_MspInit          0x800'5bf7   0xd8  Code  Gb  stm32h7xx_hal_msp.o [2]
HAL_SPI_Receive          0x800'7a13  0x2c2  Code  Gb  stm32h7xx_hal_spi.o [4]
HAL_SPI_Transmit         0x800'7757  0x2bc  Code  Gb  stm32h7xx_hal_spi.o [4]
HAL_SPI_TransmitReceive
                         0x800'7cd5  0x444  Code  Gb  stm32h7xx_hal_spi.o [4]
HAL_SYSCFG_AnalogSwitchConfig
                         0x800'7547   0x12  Code  Gb  stm32h7xx_hal.o [4]
HAL_SYSTICK_Config       0x800'49c5    0xc  Code  Gb  stm32h7xx_hal_cortex.o [4]
HAL_TIMEx_Break2Callback
                         0x800'721d    0x2  Code  Gb  stm32h7xx_hal_tim_ex.o [4]
HAL_TIMEx_BreakCallback
                         0x800'721b    0x2  Code  Gb  stm32h7xx_hal_tim_ex.o [4]
HAL_TIMEx_CommutCallback
                         0x800'7221    0x2  Code  Gb  stm32h7xx_hal_tim_ex.o [4]
HAL_TIMEx_ConfigBreakDeadTime
                         0x800'a2f7   0x94  Code  Gb  stm32h7xx_hal_tim_ex.o [4]
HAL_TIMEx_MasterConfigSynchronization
                         0x800'a259   0x9e  Code  Gb  stm32h7xx_hal_tim_ex.o [4]
HAL_TIM_ErrorCallback    0x800'7223    0x2  Code  Gb  stm32h7xx_hal_tim.o [4]
HAL_TIM_IC_CaptureCallback
                         0x800'6263   0x52  Code  Gb  main.o [2]
HAL_TIM_IC_CaptureHalfCpltCallback
                         0x800'7225    0x2  Code  Gb  stm32h7xx_hal_tim.o [4]
HAL_TIM_IC_ConfigChannel
                         0x800'5299   0xca  Code  Gb  stm32h7xx_hal_tim.o [4]
HAL_TIM_IC_Init          0x800'4bed   0x7a  Code  Gb  stm32h7xx_hal_tim.o [4]
HAL_TIM_IC_MspInit       0x800'5d71  0x214  Code  Gb  stm32h7xx_hal_msp.o [2]
HAL_TIM_IC_Start_DMA     0x800'4e31  0x2aa  Code  Gb  stm32h7xx_hal_tim.o [4]
HAL_TIM_IC_Start_IT      0x800'4c6d  0x1c4  Code  Gb  stm32h7xx_hal_tim.o [4]
HAL_TIM_IRQHandler       0x800'5105  0x194  Code  Gb  stm32h7xx_hal_tim.o [4]
HAL_TIM_MspPostInit      0x800'5f85   0x90  Code  Gb  stm32h7xx_hal_msp.o [2]
HAL_TIM_OC_DelayElapsedCallback
                         0x800'7215    0x2  Code  Gb  stm32h7xx_hal_tim.o [4]
HAL_TIM_PWM_ConfigChannel
                         0x800'5363  0x15a  Code  Gb  stm32h7xx_hal_tim.o [4]
HAL_TIM_PWM_Init         0x800'49f1   0x7a  Code  Gb  stm32h7xx_hal_tim.o [4]
HAL_TIM_PWM_MspInit      0x800'5ccf   0xa2  Code  Gb  stm32h7xx_hal_msp.o [2]
HAL_TIM_PWM_PulseFinishedCallback
                         0x800'7217    0x2  Code  Gb  stm32h7xx_hal_tim.o [4]
HAL_TIM_PWM_Start        0x800'4a6b  0x15e  Code  Gb  stm32h7xx_hal_tim.o [4]
HAL_TIM_PeriodElapsedCallback
                         0x800'7219    0x2  Code  Gb  stm32h7xx_hal_tim.o [4]
HAL_TIM_TriggerCallback
                         0x800'721f    0x2  Code  Gb  stm32h7xx_hal_tim.o [4]
HAL_UARTEx_EnableFifoMode
                         0x800'a3a5   0x50  Code  Gb  stm32h7xx_hal_uart_ex.o [4]
HAL_UARTEx_RxEventCallback
                         0x800'a51f    0x2  Code  Gb  stm32h7xx_hal_uart.o [4]
HAL_UARTEx_RxFifoFullCallback
                         0x800'a525    0x2  Code  Gb  stm32h7xx_hal_uart_ex.o [4]
HAL_UARTEx_SetRxFifoThreshold
                         0x800'a44b   0x56  Code  Gb  stm32h7xx_hal_uart_ex.o [4]
HAL_UARTEx_SetTxFifoThreshold
                         0x800'a3f5   0x56  Code  Gb  stm32h7xx_hal_uart_ex.o [4]
HAL_UARTEx_TxFifoEmptyCallback
                         0x800'a523    0x2  Code  Gb  stm32h7xx_hal_uart_ex.o [4]
HAL_UARTEx_WakeupCallback
                         0x800'a521    0x2  Code  Gb  stm32h7xx_hal_uart_ex.o [4]
HAL_UART_ErrorCallback   0x800'a51d    0x2  Code  Gb  stm32h7xx_hal_uart.o [4]
HAL_UART_IRQHandler      0x800'8501  0x3c0  Code  Gb  stm32h7xx_hal_uart.o [4]
HAL_UART_Init            0x800'8255   0x7e  Code  Gb  stm32h7xx_hal_uart.o [4]
HAL_UART_MspInit         0x800'6015  0x13e  Code  Gb  stm32h7xx_hal_msp.o [2]
HAL_UART_Receive         0x800'83b5  0x14c  Code  Gb  stm32h7xx_hal_uart.o [4]
HAL_UART_Transmit        0x800'82d3   0xe2  Code  Gb  stm32h7xx_hal_uart.o [4]
HAL_UART_TxCpltCallback
                         0x800'a759    0x2  Code  Gb  stm32h7xx_hal_uart.o [4]
HardFault_Handler        0x800'a883    0x2  Code  Gb  stm32h7xx_it.o [2]
LL_ADC_DisableDeepPowerDown
                         0x800'9aab    0xc  Code  Lc  stm32h7xx_hal_adc.o [4]
LL_ADC_EnableInternalRegulator
                         0x800'9ac1   0x10  Code  Lc  stm32h7xx_hal_adc.o [4]
LL_ADC_GetCommonPathInternalCh
                         0x800'99cd    0x8  Code  Lc  stm32h7xx_hal_adc.o [4]
LL_ADC_INJ_IsConversionOngoing
                         0x800'9aed    0xa  Code  Lc  stm32h7xx_hal_adc.o [4]
LL_ADC_IsDeepPowerDownEnabled
                         0x800'9ab7    0xa  Code  Lc  stm32h7xx_hal_adc.o [4]
LL_ADC_IsEnabled         0x800'9adb    0x8  Code  Lc  stm32h7xx_hal_adc.o [4]
LL_ADC_IsInternalRegulatorEnabled
                         0x800'9ad1    0xa  Code  Lc  stm32h7xx_hal_adc.o [4]
LL_ADC_REG_IsConversionOngoing
                         0x800'9ae3    0xa  Code  Lc  stm32h7xx_hal_adc.o [4]
LL_ADC_REG_SetSequencerRanks
                         0x800'9a23   0x2e  Code  Lc  stm32h7xx_hal_adc.o [4]
LL_ADC_SetChannelSamplingTime
                         0x800'9a51   0x34  Code  Lc  stm32h7xx_hal_adc.o [4]
LL_ADC_SetChannelSingleDiff
                         0x800'9a85   0x26  Code  Lc  stm32h7xx_hal_adc.o [4]
LL_ADC_SetCommonClock    0x800'99b5    0xc  Code  Lc  stm32h7xx_hal_adc.o [4]
LL_ADC_SetCommonPathInternalCh
                         0x800'99c1    0xc  Code  Lc  stm32h7xx_hal_adc.o [4]
LL_ADC_SetDataRightShift
                         0x800'99f3   0x18  Code  Lc  stm32h7xx_hal_adc.o [4]
LL_ADC_SetOffset         0x800'99d5   0x1e  Code  Lc  stm32h7xx_hal_adc.o [4]
LL_ADC_SetOffsetSignedSaturation
                         0x800'9a0b   0x18  Code  Lc  stm32h7xx_hal_adc.o [4]
MX_ADC2_Init             0x800'690b   0xd2  Code  Lc  main.o [2]
MX_DMA_Init              0x800'6ff1   0x2c  Code  Lc  main.o [2]
MX_GPIO_Init             0x800'705d  0x164  Code  Lc  main.o [2]
MX_SPI2_Init             0x800'69dd   0xce  Code  Lc  main.o [2]
MX_TIM1_Init             0x800'6aab  0x10e  Code  Lc  main.o [2]
MX_TIM2_Init             0x800'6bb9   0xa8  Code  Lc  main.o [2]
MX_TIM3_Init             0x800'6c61   0xd8  Code  Lc  main.o [2]
MX_TIM4_Init             0x800'6d39   0xde  Code  Lc  main.o [2]
MX_TIM8_Init             0x800'6e17   0xb2  Code  Lc  main.o [2]
MX_USART1_UART_Init      0x800'6ed5   0x84  Code  Lc  main.o [2]
MX_USART3_UART_Init      0x800'6f65   0x84  Code  Lc  main.o [2]
MemManage_Handler        0x800'a885    0x2  Code  Gb  stm32h7xx_it.o [2]
NMI_Handler              0x800'a881    0x2  Code  Gb  stm32h7xx_it.o [2]
NVIC_EncodePriority      0x800'4915   0x42  Code  Lc  stm32h7xx_hal_cortex.o [4]
PendSV_Handler           0x800'a88f    0x2  Code  Gb  stm32h7xx_it.o [2]
RCCEx_PLL2_Config        0x800'3fb9  0x130  Code  Lc  stm32h7xx_hal_rcc_ex.o [4]
RCCEx_PLL3_Config        0x800'40f1  0x130  Code  Lc  stm32h7xx_hal_rcc_ex.o [4]
Region$$Table$$Base      0x800'a96c          --   Gb  - Linker created -
Region$$Table$$Limit     0x800'a990          --   Gb  - Linker created -
SPI_CloseTransfer        0x800'8125   0xce  Code  Lc  stm32h7xx_hal_spi.o [4]
SPI_GetPacketSize        0x800'823d   0x16  Code  Lc  stm32h7xx_hal_spi.o [4]
SPI_WaitOnFlagUntilTimeout
                         0x800'81f9   0x44  Code  Lc  stm32h7xx_hal_spi.o [4]
SVC_Handler              0x800'a88b    0x2  Code  Gb  stm32h7xx_it.o [2]
SysTick_Config           0x800'4957   0x30  Code  Lc  stm32h7xx_hal_cortex.o [4]
SysTick_Handler          0x800'a891    0x8  Code  Gb  stm32h7xx_it.o [2]
SystemClock_Config       0x800'6835   0xd6  Code  Gb  main.o [2]
SystemCoreClock         0x2400'0004    0x4  Data  Gb  system_stm32h7xx.o [3]
SystemD2Clock           0x2400'0008    0x4  Data  Gb  system_stm32h7xx.o [3]
SystemInit               0x800'a761   0xc8  Code  Gb  system_stm32h7xx.o [3]
TIM3_IRQHandler          0x800'a8a3    0xa  Code  Gb  stm32h7xx_it.o [2]
TIM8_CC_IRQHandler       0x800'a8b7    0xa  Code  Gb  stm32h7xx_it.o [2]
TIM_Base_SetConfig       0x800'55fd   0xca  Code  Gb  stm32h7xx_hal_tim.o [4]
TIM_CCxChannelCmd        0x800'5ae5   0x24  Code  Gb  stm32h7xx_hal_tim.o [4]
TIM_DMACaptureCplt       0x800'5525   0x98  Code  Gb  stm32h7xx_hal_tim.o [4]
TIM_DMACaptureHalfCplt   0x800'55bd   0x40  Code  Gb  stm32h7xx_hal_tim.o [4]
TIM_DMAError             0x800'54bd   0x68  Code  Gb  stm32h7xx_hal_tim.o [4]
TIM_OC1_SetConfig        0x800'56c7   0xa0  Code  Lc  stm32h7xx_hal_tim.o [4]
TIM_OC2_SetConfig        0x800'5767   0x92  Code  Gb  stm32h7xx_hal_tim.o [4]
TIM_OC3_SetConfig        0x800'57fb   0x8e  Code  Lc  stm32h7xx_hal_tim.o [4]
TIM_OC4_SetConfig        0x800'5889   0x68  Code  Lc  stm32h7xx_hal_tim.o [4]
TIM_OC5_SetConfig        0x800'58f1   0x58  Code  Lc  stm32h7xx_hal_tim.o [4]
TIM_OC6_SetConfig        0x800'5949   0x5a  Code  Lc  stm32h7xx_hal_tim.o [4]
TIM_TI1_SetConfig        0x800'59a3   0x74  Code  Gb  stm32h7xx_hal_tim.o [4]
TIM_TI2_SetConfig        0x800'5a17   0x36  Code  Lc  stm32h7xx_hal_tim.o [4]
TIM_TI3_SetConfig        0x800'5a4d   0x34  Code  Lc  stm32h7xx_hal_tim.o [4]
TIM_TI4_SetConfig        0x800'5a81   0x36  Code  Lc  stm32h7xx_hal_tim.o [4]
UARTEx_SetNbDataToProcess
                         0x800'a4a1   0x72  Code  Lc  stm32h7xx_hal_uart_ex.o [4]
UARTEx_SetNbDataToProcess::denominator
                         0x800'aa58    0x8  Data  Lc  stm32h7xx_hal_uart_ex.o [4]
UARTEx_SetNbDataToProcess::numerator
                         0x800'aa50    0x8  Data  Lc  stm32h7xx_hal_uart_ex.o [4]
UARTPrescTable           0x800'a9f4   0x18  Data  Gb  stm32h7xx_hal_uart.o [4]
UART_AdvFeatureConfig    0x800'8f45   0xda  Code  Gb  stm32h7xx_hal_uart.o [4]
UART_CheckIdleState      0x800'901f   0x72  Code  Gb  stm32h7xx_hal_uart.o [4]
UART_DMAAbortOnError     0x800'91cd   0x1a  Code  Lc  stm32h7xx_hal_uart.o [4]
UART_EndRxTransfer       0x800'914b   0x3c  Code  Lc  stm32h7xx_hal_uart.o [4]
UART_EndTransmit_IT      0x800'91e7   0x22  Code  Lc  stm32h7xx_hal_uart.o [4]
UART_SetConfig           0x800'88d1  0x632  Code  Gb  stm32h7xx_hal_uart.o [4]
UART_WaitOnFlagUntilTimeout
                         0x800'9091   0xba  Code  Gb  stm32h7xx_hal_uart.o [4]
USART1_IRQHandler        0x800'a8ad    0xa  Code  Gb  stm32h7xx_it.o [2]
UsageFault_Handler       0x800'a889    0x2  Code  Gb  stm32h7xx_it.o [2]
__NVIC_EnableIRQ         0x800'48c9   0x20  Code  Lc  stm32h7xx_hal_cortex.o [4]
__NVIC_GetPriorityGrouping
                         0x800'48bb    0xc  Code  Lc  stm32h7xx_hal_cortex.o [4]
__NVIC_SetPriority       0x800'48e9   0x2c  Code  Lc  stm32h7xx_hal_cortex.o [4]
__NVIC_SetPriorityGrouping
                         0x800'4899   0x22  Code  Lc  stm32h7xx_hal_cortex.o [4]
__aeabi_ldiv0            0x800'a75d         Code  Gb  I64DivZer.o [7]
__aeabi_memset           0x800'756d         Code  Gb  ABImemset.o [7]
__aeabi_uldivmod         0x800'a529         Code  Gb  I64DivMod.o [7]
__cmain                  0x800'a991         Code  Gb  cmain.o [7]
__exit                   0x800'a9c5   0x14  Code  Gb  exit.o [8]
__iar_Memset             0x800'756d         Code  Gb  ABImemset.o [7]
__iar_Memset_word        0x800'7575         Code  Gb  ABImemset.o [7]
__iar_copy_init3         0x800'723b   0x2a  Code  Gb  copy_init3.o [7]
__iar_data_init3         0x800'a921   0x28  Code  Gb  data_init.o [7]
__iar_init_vfp           0x800'a949         Code  Gb  fpinit_M.o [6]
__iar_program_start      0x800'a9d9         Code  Gb  cstartup_M.o [7]
__iar_zero_init3         0x800'a8e9   0x38  Code  Gb  zero_init3.o [7]
__low_level_init         0x800'a9af    0x4  Code  Gb  low_level_init.o [5]
__vector_table           0x800'0000         Data  Gb  startup_stm32h7a3xxq.o [1]
_call_main               0x800'a99d         Code  Gb  cmain.o [7]
_exit                    0x800'a9b9         Code  Gb  cexit.o [7]
cmd_send_16              0x800'620b   0x58  Code  Gb  main.o [2]
cmd_send_32              0x800'61a5   0x66  Code  Gb  main.o [2]
exit                     0x800'a9b3    0x4  Code  Gb  exit.o [5]
hadc2                   0x2400'0230   0x64  Data  Gb  main.o [2]
hdma_tim3_ch1           0x2400'01b8   0x78  Data  Gb  main.o [2]
hspi2                   0x2400'0130   0x88  Data  Gb  main.o [2]
htim1                   0x2400'0294   0x4c  Data  Gb  main.o [2]
htim2                   0x2400'02e0   0x4c  Data  Gb  main.o [2]
htim3                   0x2400'032c   0x4c  Data  Gb  main.o [2]
htim4                   0x2400'0378   0x4c  Data  Gb  main.o [2]
htim8                   0x2400'03c4   0x4c  Data  Gb  main.o [2]
huart1                  0x2400'0010   0x90  Data  Gb  main.o [2]
huart3                  0x2400'00a0   0x90  Data  Gb  main.o [2]
main                     0x800'62b5  0x580  Code  Gb  main.o [2]
memset                   0x800'7227   0x14  Code  Gb  memset.o [7]
tim8_delta              0x2400'0418    0x4  Data  Lc  main.o [2]
tim8_falling            0x2400'0410    0x4  Data  Lc  main.o [2]
tim8_rising             0x2400'0414    0x4  Data  Lc  main.o [2]
uwTick                  0x2400'041c    0x4  Data  Gb  stm32h7xx_hal.o [4]
uwTickFreq              0x2400'000c    0x1  Data  Gb  stm32h7xx_hal.o [4]
uwTickPrio              0x2400'0000    0x4  Data  Gb  stm32h7xx_hal.o [4]


[1] = C:\Users\yael\source\repos\EcoMilk\Nucleo H7A3ZIQ\EWARM\Nucleo H7A3ZIQ\Obj\Application\EWARM
[2] = C:\Users\yael\source\repos\EcoMilk\Nucleo H7A3ZIQ\EWARM\Nucleo H7A3ZIQ\Obj\Application\User\Core
[3] = C:\Users\yael\source\repos\EcoMilk\Nucleo H7A3ZIQ\EWARM\Nucleo H7A3ZIQ\Obj\Drivers\CMSIS
[4] = C:\Users\yael\source\repos\EcoMilk\Nucleo H7A3ZIQ\EWARM\Nucleo H7A3ZIQ\Obj\Drivers\STM32H7xx_HAL_Driver
[5] = dl7M_tlf.a
[6] = m7M_tlv.a
[7] = rt7M_tl.a
[8] = shb_l.a

  44'002 bytes of readonly  code memory
     134 bytes of readonly  data memory
   2'077 bytes of readwrite data memory

Errors: none
Warnings: none
