###############################################################################
#
# IAR ELF Linker V9.10.1.308/W64 for ARM                  08/Nov/2021  10:57:58
# Copyright 2007-2021 IAR Systems AB.
#
#    Output file  =
#        C:\Users\yael\source\repos\EcoMilk\Nucleo H7A3ZIQ\EWARM\Nucleo
#        H7A3ZIQ\Exe\Nucleo H7A3ZIQ.out
#    Map file     =
#        C:\Users\yael\source\repos\EcoMilk\Nucleo H7A3ZIQ\EWARM\Nucleo
#        H7A3ZIQ\List\Nucleo H7A3ZIQ.map
#    Command line =
#        -f "C:\Users\yael\source\repos\EcoMilk\Nucleo H7A3ZIQ\EWARM\Nucleo
#        H7A3ZIQ\Exe\Nucleo H7A3ZIQ.out.rsp"
#        ("C:\Users\yael\source\repos\EcoMilk\Nucleo H7A3ZIQ\EWARM\Nucleo
#        H7A3ZIQ\Obj\Application\User\Core\main.o"
#        "C:\Users\yael\source\repos\EcoMilk\Nucleo H7A3ZIQ\EWARM\Nucleo
#        H7A3ZIQ\Obj\Application\EWARM\startup_stm32h7a3xxq.o"
#        "C:\Users\yael\source\repos\EcoMilk\Nucleo H7A3ZIQ\EWARM\Nucleo
#        H7A3ZIQ\Obj\Drivers\STM32H7xx_HAL_Driver\stm32h7xx_hal.o"
#        "C:\Users\yael\source\repos\EcoMilk\Nucleo H7A3ZIQ\EWARM\Nucleo
#        H7A3ZIQ\Obj\Drivers\STM32H7xx_HAL_Driver\stm32h7xx_hal_adc.o"
#        "C:\Users\yael\source\repos\EcoMilk\Nucleo H7A3ZIQ\EWARM\Nucleo
#        H7A3ZIQ\Obj\Drivers\STM32H7xx_HAL_Driver\stm32h7xx_hal_adc_ex.o"
#        "C:\Users\yael\source\repos\EcoMilk\Nucleo H7A3ZIQ\EWARM\Nucleo
#        H7A3ZIQ\Obj\Drivers\STM32H7xx_HAL_Driver\stm32h7xx_hal_cortex.o"
#        "C:\Users\yael\source\repos\EcoMilk\Nucleo H7A3ZIQ\EWARM\Nucleo
#        H7A3ZIQ\Obj\Drivers\STM32H7xx_HAL_Driver\stm32h7xx_hal_dma.o"
#        "C:\Users\yael\source\repos\EcoMilk\Nucleo H7A3ZIQ\EWARM\Nucleo
#        H7A3ZIQ\Obj\Drivers\STM32H7xx_HAL_Driver\stm32h7xx_hal_dma_ex.o"
#        "C:\Users\yael\source\repos\EcoMilk\Nucleo H7A3ZIQ\EWARM\Nucleo
#        H7A3ZIQ\Obj\Drivers\STM32H7xx_HAL_Driver\stm32h7xx_hal_exti.o"
#        "C:\Users\yael\source\repos\EcoMilk\Nucleo H7A3ZIQ\EWARM\Nucleo
#        H7A3ZIQ\Obj\Drivers\STM32H7xx_HAL_Driver\stm32h7xx_hal_flash.o"
#        "C:\Users\yael\source\repos\EcoMilk\Nucleo H7A3ZIQ\EWARM\Nucleo
#        H7A3ZIQ\Obj\Drivers\STM32H7xx_HAL_Driver\stm32h7xx_hal_flash_ex.o"
#        "C:\Users\yael\source\repos\EcoMilk\Nucleo H7A3ZIQ\EWARM\Nucleo
#        H7A3ZIQ\Obj\Drivers\STM32H7xx_HAL_Driver\stm32h7xx_hal_gpio.o"
#        "C:\Users\yael\source\repos\EcoMilk\Nucleo H7A3ZIQ\EWARM\Nucleo
#        H7A3ZIQ\Obj\Drivers\STM32H7xx_HAL_Driver\stm32h7xx_hal_hsem.o"
#        "C:\Users\yael\source\repos\EcoMilk\Nucleo H7A3ZIQ\EWARM\Nucleo
#        H7A3ZIQ\Obj\Drivers\STM32H7xx_HAL_Driver\stm32h7xx_hal_i2c.o"
#        "C:\Users\yael\source\repos\EcoMilk\Nucleo H7A3ZIQ\EWARM\Nucleo
#        H7A3ZIQ\Obj\Drivers\STM32H7xx_HAL_Driver\stm32h7xx_hal_i2c_ex.o"
#        "C:\Users\yael\source\repos\EcoMilk\Nucleo H7A3ZIQ\EWARM\Nucleo
#        H7A3ZIQ\Obj\Drivers\STM32H7xx_HAL_Driver\stm32h7xx_hal_mdma.o"
#        "C:\Users\yael\source\repos\EcoMilk\Nucleo H7A3ZIQ\EWARM\Nucleo
#        H7A3ZIQ\Obj\Application\User\Core\stm32h7xx_hal_msp.o"
#        "C:\Users\yael\source\repos\EcoMilk\Nucleo H7A3ZIQ\EWARM\Nucleo
#        H7A3ZIQ\Obj\Drivers\STM32H7xx_HAL_Driver\stm32h7xx_hal_pwr.o"
#        "C:\Users\yael\source\repos\EcoMilk\Nucleo H7A3ZIQ\EWARM\Nucleo
#        H7A3ZIQ\Obj\Drivers\STM32H7xx_HAL_Driver\stm32h7xx_hal_pwr_ex.o"
#        "C:\Users\yael\source\repos\EcoMilk\Nucleo H7A3ZIQ\EWARM\Nucleo
#        H7A3ZIQ\Obj\Drivers\STM32H7xx_HAL_Driver\stm32h7xx_hal_rcc.o"
#        "C:\Users\yael\source\repos\EcoMilk\Nucleo H7A3ZIQ\EWARM\Nucleo
#        H7A3ZIQ\Obj\Drivers\STM32H7xx_HAL_Driver\stm32h7xx_hal_rcc_ex.o"
#        "C:\Users\yael\source\repos\EcoMilk\Nucleo H7A3ZIQ\EWARM\Nucleo
#        H7A3ZIQ\Obj\Drivers\STM32H7xx_HAL_Driver\stm32h7xx_hal_spi.o"
#        "C:\Users\yael\source\repos\EcoMilk\Nucleo H7A3ZIQ\EWARM\Nucleo
#        H7A3ZIQ\Obj\Drivers\STM32H7xx_HAL_Driver\stm32h7xx_hal_spi_ex.o"
#        "C:\Users\yael\source\repos\EcoMilk\Nucleo H7A3ZIQ\EWARM\Nucleo
#        H7A3ZIQ\Obj\Drivers\STM32H7xx_HAL_Driver\stm32h7xx_hal_tim.o"
#        "C:\Users\yael\source\repos\EcoMilk\Nucleo H7A3ZIQ\EWARM\Nucleo
#        H7A3ZIQ\Obj\Drivers\STM32H7xx_HAL_Driver\stm32h7xx_hal_tim_ex.o"
#        "C:\Users\yael\source\repos\EcoMilk\Nucleo H7A3ZIQ\EWARM\Nucleo
#        H7A3ZIQ\Obj\Drivers\STM32H7xx_HAL_Driver\stm32h7xx_hal_uart.o"
#        "C:\Users\yael\source\repos\EcoMilk\Nucleo H7A3ZIQ\EWARM\Nucleo
#        H7A3ZIQ\Obj\Drivers\STM32H7xx_HAL_Driver\stm32h7xx_hal_uart_ex.o"
#        "C:\Users\yael\source\repos\EcoMilk\Nucleo H7A3ZIQ\EWARM\Nucleo
#        H7A3ZIQ\Obj\Application\User\Core\stm32h7xx_it.o"
#        "C:\Users\yael\source\repos\EcoMilk\Nucleo H7A3ZIQ\EWARM\Nucleo
#        H7A3ZIQ\Obj\Drivers\CMSIS\system_stm32h7xx.o" --no_out_extension -o
#        "C:\Users\yael\source\repos\EcoMilk\Nucleo H7A3ZIQ\EWARM\Nucleo
#        H7A3ZIQ\Exe\Nucleo H7A3ZIQ.out" --redirect _Printf=_PrintfFullNoMb
#        --redirect _Scanf=_ScanfFullNoMb --map
#        "C:\Users\yael\source\repos\EcoMilk\Nucleo H7A3ZIQ\EWARM\Nucleo
#        H7A3ZIQ\List\Nucleo H7A3ZIQ.map" --config
#        "C:\Users\yael\source\repos\EcoMilk\Nucleo
#        H7A3ZIQ\EWARM/stm32h7a3xxq_flash.icf" --semihosting --entry
#        __iar_program_start --vfe --text_out locale)
#
###############################################################################

*******************************************************************************
*** RUNTIME MODEL ATTRIBUTES
***

CppFlavor       = *
__Heap_Handler  = Basic
__SystemLibrary = DLib
__dlib_version  = 6


*******************************************************************************
*** HEAP SELECTION
***

The basic heap was selected because no calls to memory allocation
functions were found in the application outside of system library
functions, and there are calls to deallocation functions in the
application.


*******************************************************************************
*** PLACEMENT SUMMARY
***

"A0":  place at address 0x800'0000 { ro section .intvec };
"P1":  place in [from 0x800'0000 to 0x81f'ffff] { ro };
define block CSTACK with size = 1K, alignment = 8 { };
define block HEAP with size = 512, alignment = 8 { };
"P2":  place in [from 0x2400'0000 to 0x2407'ffff] {
          rw, block CSTACK, block HEAP };
initialize by copy { rw };

  Section            Kind         Address    Size  Object
  -------            ----         -------    ----  ------
"A0":                                       0x2ac
  .intvec            ro code   0x800'0000   0x2ac  startup_stm32h7a3xxq.o [1]
                             - 0x800'02ac   0x2ac

"P1":                                      0xc524
  .text              ro code   0x800'02ac  0x257c  stm32h7xx_hal_dma.o [4]
  .text              ro code   0x800'2828     0xc  stm32h7xx_hal.o [4]
  .text              ro code   0x800'2834  0x1a18  stm32h7xx_hal_rcc_ex.o [4]
  .text              ro code   0x800'424c   0x5f4  stm32h7xx_hal_rcc.o [4]
  .text              ro code   0x800'4840    0x58  stm32h7xx_hal.o [4]
  .text              ro code   0x800'4898   0x158  stm32h7xx_hal_cortex.o [4]
  .text              ro code   0x800'49f0  0x1118  stm32h7xx_hal_tim.o [4]
  .text              ro code   0x800'5b08   0x69c  stm32h7xx_hal_msp.o [2]
  .text              ro code   0x800'61a4   0xff8  main.o [2]
  .text              ro code   0x800'719c     0x2  stm32h7xx_hal_tim.o [4]
  .text              ro code   0x800'719e     0x2  stm32h7xx_hal_tim.o [4]
  .text              ro code   0x800'71a0     0x2  stm32h7xx_hal_tim.o [4]
  .text              ro code   0x800'71a2     0x2  stm32h7xx_hal_tim_ex.o [4]
  .text              ro code   0x800'71a4     0x2  stm32h7xx_hal_tim_ex.o [4]
  .text              ro code   0x800'71a6     0x2  stm32h7xx_hal_tim.o [4]
  .text              ro code   0x800'71a8     0x2  stm32h7xx_hal_tim_ex.o [4]
  .text              ro code   0x800'71aa     0x2  stm32h7xx_hal_tim.o [4]
  .text              ro code   0x800'71ac     0x2  stm32h7xx_hal_tim.o [4]
  .text              ro code   0x800'71ae    0x14  memset.o [7]
  .text              ro code   0x800'71c2    0x76  lz77_init_single.o [7]
  .text              ro code   0x800'7238   0x284  stm32h7xx_hal_gpio.o [4]
  .text              ro code   0x800'74bc    0x84  stm32h7xx_hal.o [4]
  .text              ro code   0x800'7540    0x66  ABImemset.o [7]
  .rodata            const     0x800'75a6     0x2  xlocale_c.o [5]
  .text              ro code   0x800'75a8   0xc7e  stm32h7xx_hal_spi.o [4]
  .rodata            const     0x800'8226     0x1  xlocale_c.o [5]
  .text              ro code   0x800'8228    0x28  printf.o [5]
  .text              ro code   0x800'8250   0xfc0  stm32h7xx_hal_uart.o [4]
  .text              ro code   0x800'9210    0x9c  stm32h7xx_hal_pwr_ex.o [4]
  .text              ro code   0x800'92ac   0x704  stm32h7xx_hal_rcc.o [4]
  .text              ro code   0x800'99b0   0x8a4  stm32h7xx_hal_adc.o [4]
  .text              ro code   0x800'a254   0x14c  stm32h7xx_hal_tim_ex.o [4]
  .text              ro code   0x800'a3a0   0x178  stm32h7xx_hal_uart_ex.o [4]
  .text              ro code   0x800'a518   0xf32  xprintffull_nomb.o [5]
  .text              ro code   0x800'b44a     0x2  stm32h7xx_hal_uart.o [4]
  .text              ro code   0x800'b44c     0x2  stm32h7xx_hal_uart.o [4]
  .text              ro code   0x800'b44e     0x2  stm32h7xx_hal_uart_ex.o [4]
  .text              ro code   0x800'b450     0x2  stm32h7xx_hal_uart_ex.o [4]
  .text              ro code   0x800'b452     0x2  stm32h7xx_hal_uart_ex.o [4]
  .text              ro code   0x800'b454   0x230  I64DivMod.o [7]
  .text              ro code   0x800'b684     0x2  stm32h7xx_hal_uart.o [4]
  .text              ro code   0x800'b688    0x16  strchr.o [7]
  .text              ro code   0x800'b6a0    0x40  xfail_s.o [5]
  .text              ro code   0x800'b6e0    0x36  strlen.o [7]
  .text              ro code   0x800'b718    0x58  memchr.o [7]
  .text              ro code   0x800'b770    0xa6  ABImemcpy.o [7]
  .text              ro code   0x800'b818    0x70  frexp.o [6]
  .text              ro code   0x800'b888    0x34  DblCmpLe.o [6]
  .text              ro code   0x800'b8bc    0x34  DblCmpGe.o [6]
  .text              ro code   0x800'b8f0   0x104  ldexp.o [6]
  .text              ro code   0x800'b9f4     0xe  DblToS32.o [6]
  .text              ro code   0x800'ba02     0xe  S32ToDbl.o [6]
  .text              ro code   0x800'ba10    0x12  DblSub.o [6]
  .text              ro code   0x800'ba22    0x12  DblDiv.o [6]
  .text              ro code   0x800'ba34     0xe  DblToU32.o [6]
  .text              ro code   0x800'ba42     0xe  U32ToDbl.o [6]
  .text              ro code   0x800'ba50    0x12  DblMul.o [6]
  .text              ro code   0x800'ba64     0x8  xlocale_c.o [5]
  .text              ro code   0x800'ba6c     0x2  I64DivZer.o [7]
  .text              ro code   0x800'ba6e     0x6  abort.o [5]
  .text              ro code   0x800'ba74    0x14  exit.o [8]
  .text              ro code   0x800'ba88    0x7c  iarttio.o [8]
  .text              ro code   0x800'bb04     0x8  XShttio.o [5]
  .text              ro code   0x800'bb0c   0x13c  heap0.o [5]
  .text              ro code   0x800'bc48    0x2c  xgetmemchunk.o [5]
  .text              ro code   0x800'bc74   0x120  system_stm32h7xx.o [3]
  .text              ro code   0x800'bd94    0xd8  xfspos.o [5]
  .text              ro code   0x800'be6c    0xac  fflush.o [5]
  .text              ro code   0x800'bf18     0xc  xfgpos.o [5]
  .text              ro code   0x800'bf24    0x4e  lseek.o [8]
  .text              ro code   0x800'bf72    0x10  write.o [8]
  .text              ro code   0x800'bf84    0xcc  XShHandles.o [5]
  .text              ro code   0x800'c050    0x1e  dwrite.o [8]
  .text              ro code   0x800'c06e    0x20  iarwstd.o [8]
  .text              ro code   0x800'c08e    0x22  iarwrite.o [8]
  .text              ro code   0x800'c0b0    0xb4  xfwprep.o [5]
  .text              ro code   0x800'c164    0x24  fseek.o [5]
  .text              ro code   0x800'c188    0x9c  xfofind.o [5]
  .text              ro code   0x800'c224     0x4  heaptramp0.o [5]
  .text              ro code   0x800'c228    0x7e  fclose.o [5]
  .text              ro code   0x800'c2a6    0x18  close.o [8]
  .text              ro code   0x800'c2be    0x14  remove.o [8]
  .text              ro code   0x800'c2d2    0x56  fputc.o [5]
  .text              ro code   0x800'c328    0x50  stm32h7xx_it.o [2]
  .text              ro code   0x800'c378    0x18  stm32h7xx_hal.o [4]
  .text              ro code   0x800'c390    0x40  xcloseall.o [5]
  .text              ro code   0x800'c3d0    0x38  zero_init3.o [7]
  .text              ro code   0x800'c408    0x28  data_init.o [7]
  .text              ro code   0x800'c430    0x22  fpinit_M.o [6]
  .iar.init_table    const     0x800'c454    0x20  - Linker created -
  .text              ro code   0x800'c474    0x1e  cmain.o [7]
  .text              ro code   0x800'c492     0x4  low_level_init.o [5]
  .text              ro code   0x800'c496     0x4  exit.o [5]
  .text              ro code   0x800'c49c     0xe  cexit.o [7]
  .text              ro code   0x800'c4ac    0x1c  cstartup_M.o [7]
  .rodata            const     0x800'c4c8    0x18  stm32h7xx_hal_uart.o [4]
  .text              ro code   0x800'c4e0    0x16  xprout.o [5]
  .text              ro code   0x800'c4f8     0xc  putchar.o [5]
  .rodata            const     0x800'c504    0x10  system_stm32h7xx.o [3]
  .text              ro code   0x800'c514    0x10  startup_stm32h7a3xxq.o [1]
  .rodata            const     0x800'c524     0xc  main.o [2]
  .rodata            const     0x800'c530     0xc  main.o [2]
  .rodata            const     0x800'c53c     0x8  stm32h7xx_hal_dma.o [4]
  .rodata            const     0x800'c544     0x8  stm32h7xx_hal_uart_ex.o [4]
  .rodata            const     0x800'c54c     0x8  stm32h7xx_hal_uart_ex.o [4]
  .rodata            const     0x800'c554     0x4  main.o [2]
  .text              ro code   0x800'c558     0x4  startup_stm32h7a3xxq.o [1]
  .text              ro code   0x800'c55c     0x4  startup_stm32h7a3xxq.o [1]
  .text              ro code   0x800'c560     0x4  startup_stm32h7a3xxq.o [1]
  .text              ro code   0x800'c564     0x4  startup_stm32h7a3xxq.o [1]
  .text              ro code   0x800'c568     0x4  startup_stm32h7a3xxq.o [1]
  .text              ro code   0x800'c56c     0x4  startup_stm32h7a3xxq.o [1]
  .text              ro code   0x800'c570     0x4  startup_stm32h7a3xxq.o [1]
  .text              ro code   0x800'c574     0x4  startup_stm32h7a3xxq.o [1]
  .text              ro code   0x800'c578     0x4  startup_stm32h7a3xxq.o [1]
  .text              ro code   0x800'c57c     0x4  startup_stm32h7a3xxq.o [1]
  .text              ro code   0x800'c580     0x4  startup_stm32h7a3xxq.o [1]
  .text              ro code   0x800'c584     0x4  startup_stm32h7a3xxq.o [1]
  .text              ro code   0x800'c588     0x4  startup_stm32h7a3xxq.o [1]
  .text              ro code   0x800'c58c     0x4  startup_stm32h7a3xxq.o [1]
  .text              ro code   0x800'c590     0x4  startup_stm32h7a3xxq.o [1]
  .text              ro code   0x800'c594     0x4  startup_stm32h7a3xxq.o [1]
  .text              ro code   0x800'c598     0x4  startup_stm32h7a3xxq.o [1]
  .text              ro code   0x800'c59c     0x4  startup_stm32h7a3xxq.o [1]
  .text              ro code   0x800'c5a0     0x4  startup_stm32h7a3xxq.o [1]
  .text              ro code   0x800'c5a4     0x4  startup_stm32h7a3xxq.o [1]
  .text              ro code   0x800'c5a8     0x4  startup_stm32h7a3xxq.o [1]
  .text              ro code   0x800'c5ac     0x4  startup_stm32h7a3xxq.o [1]
  .text              ro code   0x800'c5b0     0x4  startup_stm32h7a3xxq.o [1]
  .text              ro code   0x800'c5b4     0x4  startup_stm32h7a3xxq.o [1]
  .text              ro code   0x800'c5b8     0x4  startup_stm32h7a3xxq.o [1]
  .text              ro code   0x800'c5bc     0x4  startup_stm32h7a3xxq.o [1]
  .text              ro code   0x800'c5c0     0x4  startup_stm32h7a3xxq.o [1]
  .text              ro code   0x800'c5c4     0x4  startup_stm32h7a3xxq.o [1]
  .text              ro code   0x800'c5c8     0x4  startup_stm32h7a3xxq.o [1]
  .text              ro code   0x800'c5cc     0x4  startup_stm32h7a3xxq.o [1]
  .text              ro code   0x800'c5d0     0x4  startup_stm32h7a3xxq.o [1]
  .text              ro code   0x800'c5d4     0x4  startup_stm32h7a3xxq.o [1]
  .text              ro code   0x800'c5d8     0x4  startup_stm32h7a3xxq.o [1]
  .text              ro code   0x800'c5dc     0x4  startup_stm32h7a3xxq.o [1]
  .text              ro code   0x800'c5e0     0x4  startup_stm32h7a3xxq.o [1]
  .text              ro code   0x800'c5e4     0x4  startup_stm32h7a3xxq.o [1]
  .text              ro code   0x800'c5e8     0x4  startup_stm32h7a3xxq.o [1]
  .text              ro code   0x800'c5ec     0x4  startup_stm32h7a3xxq.o [1]
  .text              ro code   0x800'c5f0     0x4  startup_stm32h7a3xxq.o [1]
  .text              ro code   0x800'c5f4     0x4  startup_stm32h7a3xxq.o [1]
  .text              ro code   0x800'c5f8     0x4  startup_stm32h7a3xxq.o [1]
  .text              ro code   0x800'c5fc     0x4  startup_stm32h7a3xxq.o [1]
  .text              ro code   0x800'c600     0x4  startup_stm32h7a3xxq.o [1]
  .text              ro code   0x800'c604     0x4  startup_stm32h7a3xxq.o [1]
  .text              ro code   0x800'c608     0x4  startup_stm32h7a3xxq.o [1]
  .text              ro code   0x800'c60c     0x4  startup_stm32h7a3xxq.o [1]
  .text              ro code   0x800'c610     0x4  startup_stm32h7a3xxq.o [1]
  .text              ro code   0x800'c614     0x4  startup_stm32h7a3xxq.o [1]
  .text              ro code   0x800'c618     0x4  startup_stm32h7a3xxq.o [1]
  .text              ro code   0x800'c61c     0x4  startup_stm32h7a3xxq.o [1]
  .text              ro code   0x800'c620     0x4  startup_stm32h7a3xxq.o [1]
  .text              ro code   0x800'c624     0x4  startup_stm32h7a3xxq.o [1]
  .text              ro code   0x800'c628     0x4  startup_stm32h7a3xxq.o [1]
  .text              ro code   0x800'c62c     0x4  startup_stm32h7a3xxq.o [1]
  .text              ro code   0x800'c630     0x4  startup_stm32h7a3xxq.o [1]
  .text              ro code   0x800'c634     0x4  startup_stm32h7a3xxq.o [1]
  .text              ro code   0x800'c638     0x4  startup_stm32h7a3xxq.o [1]
  .text              ro code   0x800'c63c     0x4  startup_stm32h7a3xxq.o [1]
  .text              ro code   0x800'c640     0x4  startup_stm32h7a3xxq.o [1]
  .text              ro code   0x800'c644     0x4  startup_stm32h7a3xxq.o [1]
  .text              ro code   0x800'c648     0x4  startup_stm32h7a3xxq.o [1]
  .text              ro code   0x800'c64c     0x4  startup_stm32h7a3xxq.o [1]
  .text              ro code   0x800'c650     0x4  startup_stm32h7a3xxq.o [1]
  .text              ro code   0x800'c654     0x4  startup_stm32h7a3xxq.o [1]
  .text              ro code   0x800'c658     0x4  startup_stm32h7a3xxq.o [1]
  .text              ro code   0x800'c65c     0x4  startup_stm32h7a3xxq.o [1]
  .text              ro code   0x800'c660     0x4  startup_stm32h7a3xxq.o [1]
  .text              ro code   0x800'c664     0x4  startup_stm32h7a3xxq.o [1]
  .text              ro code   0x800'c668     0x4  startup_stm32h7a3xxq.o [1]
  .text              ro code   0x800'c66c     0x4  startup_stm32h7a3xxq.o [1]
  .text              ro code   0x800'c670     0x4  startup_stm32h7a3xxq.o [1]
  .text              ro code   0x800'c674     0x4  startup_stm32h7a3xxq.o [1]
  .text              ro code   0x800'c678     0x4  startup_stm32h7a3xxq.o [1]
  .text              ro code   0x800'c67c     0x4  startup_stm32h7a3xxq.o [1]
  .text              ro code   0x800'c680     0x4  startup_stm32h7a3xxq.o [1]
  .text              ro code   0x800'c684     0x4  startup_stm32h7a3xxq.o [1]
  .text              ro code   0x800'c688     0x4  startup_stm32h7a3xxq.o [1]
  .text              ro code   0x800'c68c     0x4  startup_stm32h7a3xxq.o [1]
  .text              ro code   0x800'c690     0x4  startup_stm32h7a3xxq.o [1]
  .text              ro code   0x800'c694     0x4  startup_stm32h7a3xxq.o [1]
  .text              ro code   0x800'c698     0x4  startup_stm32h7a3xxq.o [1]
  .text              ro code   0x800'c69c     0x4  startup_stm32h7a3xxq.o [1]
  .text              ro code   0x800'c6a0     0x4  startup_stm32h7a3xxq.o [1]
  .text              ro code   0x800'c6a4     0x4  startup_stm32h7a3xxq.o [1]
  .text              ro code   0x800'c6a8     0x4  startup_stm32h7a3xxq.o [1]
  .text              ro code   0x800'c6ac     0x4  startup_stm32h7a3xxq.o [1]
  .text              ro code   0x800'c6b0     0x4  startup_stm32h7a3xxq.o [1]
  .text              ro code   0x800'c6b4     0x4  startup_stm32h7a3xxq.o [1]
  .text              ro code   0x800'c6b8     0x4  startup_stm32h7a3xxq.o [1]
  .text              ro code   0x800'c6bc     0x4  startup_stm32h7a3xxq.o [1]
  .text              ro code   0x800'c6c0     0x4  startup_stm32h7a3xxq.o [1]
  .text              ro code   0x800'c6c4     0x4  startup_stm32h7a3xxq.o [1]
  .text              ro code   0x800'c6c8     0x4  startup_stm32h7a3xxq.o [1]
  .text              ro code   0x800'c6cc     0x4  startup_stm32h7a3xxq.o [1]
  .text              ro code   0x800'c6d0     0x4  startup_stm32h7a3xxq.o [1]
  .text              ro code   0x800'c6d4     0x4  startup_stm32h7a3xxq.o [1]
  .text              ro code   0x800'c6d8     0x4  startup_stm32h7a3xxq.o [1]
  .text              ro code   0x800'c6dc     0x4  startup_stm32h7a3xxq.o [1]
  .text              ro code   0x800'c6e0     0x4  startup_stm32h7a3xxq.o [1]
  .text              ro code   0x800'c6e4     0x4  startup_stm32h7a3xxq.o [1]
  .text              ro code   0x800'c6e8     0x4  startup_stm32h7a3xxq.o [1]
  .text              ro code   0x800'c6ec     0x4  startup_stm32h7a3xxq.o [1]
  .text              ro code   0x800'c6f0     0x4  startup_stm32h7a3xxq.o [1]
  .text              ro code   0x800'c6f4     0x4  startup_stm32h7a3xxq.o [1]
  .text              ro code   0x800'c6f8     0x4  startup_stm32h7a3xxq.o [1]
  .text              ro code   0x800'c6fc     0x4  startup_stm32h7a3xxq.o [1]
  .text              ro code   0x800'c700     0x4  startup_stm32h7a3xxq.o [1]
  .text              ro code   0x800'c704     0x4  startup_stm32h7a3xxq.o [1]
  .text              ro code   0x800'c708     0x4  startup_stm32h7a3xxq.o [1]
  .text              ro code   0x800'c70c     0x4  startup_stm32h7a3xxq.o [1]
  .text              ro code   0x800'c710     0x4  startup_stm32h7a3xxq.o [1]
  .text              ro code   0x800'c714     0x4  startup_stm32h7a3xxq.o [1]
  .text              ro code   0x800'c718     0x4  startup_stm32h7a3xxq.o [1]
  .text              ro code   0x800'c71c     0x4  startup_stm32h7a3xxq.o [1]
  .text              ro code   0x800'c720     0x4  startup_stm32h7a3xxq.o [1]
  .text              ro code   0x800'c724     0x4  startup_stm32h7a3xxq.o [1]
  .text              ro code   0x800'c728     0x4  startup_stm32h7a3xxq.o [1]
  .text              ro code   0x800'c72c     0x4  startup_stm32h7a3xxq.o [1]
  .text              ro code   0x800'c730     0x4  startup_stm32h7a3xxq.o [1]
  .text              ro code   0x800'c734     0x4  startup_stm32h7a3xxq.o [1]
  .text              ro code   0x800'c738     0x4  startup_stm32h7a3xxq.o [1]
  .text              ro code   0x800'c73c     0x4  startup_stm32h7a3xxq.o [1]
  .text              ro code   0x800'c740     0x4  startup_stm32h7a3xxq.o [1]
  .text              ro code   0x800'c744     0x4  startup_stm32h7a3xxq.o [1]
  .text              ro code   0x800'c748     0x4  startup_stm32h7a3xxq.o [1]
  .text              ro code   0x800'c74c     0x4  startup_stm32h7a3xxq.o [1]
  .text              ro code   0x800'c750     0x4  startup_stm32h7a3xxq.o [1]
  .text              ro code   0x800'c754     0x4  startup_stm32h7a3xxq.o [1]
  .text              ro code   0x800'c758     0x4  startup_stm32h7a3xxq.o [1]
  .text              ro code   0x800'c75c     0x0  cstart_closeall.o [7]
  .rodata            const     0x800'c75c     0x0  zero_init3.o [7]
  .rodata            const     0x800'c75c     0x0  lz77_init_single.o [7]
  Initializer bytes  const     0x800'c75c    0x74  <for P2-1>
                             - 0x800'c7d0  0xc524

"P2", part 1 of 3:                          0x145
  P2-1                        0x2400'0000   0x145  <Init block>
    .data            inited   0x2400'0000     0x4  stm32h7xx_hal.o [4]
    .data            inited   0x2400'0004     0x4  system_stm32h7xx.o [3]
    .data            inited   0x2400'0008     0x4  system_stm32h7xx.o [3]
    .data            inited   0x2400'000c    0x38  xlocale_c.o [5]
    .data            inited   0x2400'0044    0x48  xfiles.o [5]
    .data            inited   0x2400'008c    0x48  xfiles.o [5]
    .data            inited   0x2400'00d4    0x48  xfiles.o [5]
    .data            inited   0x2400'011c    0x20  xfiles.o [5]
    .data            inited   0x2400'013c     0x8  XShttio.o [5]
    .data            inited   0x2400'0144     0x1  stm32h7xx_hal.o [4]
                            - 0x2400'0145   0x145

"P2", part 2 of 3:                          0x540
  .bss               zero     0x2400'0148    0x90  main.o [2]
  .bss               zero     0x2400'01d8    0x90  main.o [2]
  .bss               zero     0x2400'0268    0x88  main.o [2]
  .bss               zero     0x2400'02f0    0x80  XShHandles.o [5]
  .bss               zero     0x2400'0370    0x78  main.o [2]
  .bss               zero     0x2400'03e8    0x64  main.o [2]
  .bss               zero     0x2400'044c    0x50  xfiles.o [5]
  .bss               zero     0x2400'049c    0x50  xfiles.o [5]
  .bss               zero     0x2400'04ec    0x4c  main.o [2]
  .bss               zero     0x2400'0538    0x4c  main.o [2]
  .bss               zero     0x2400'0584    0x4c  main.o [2]
  .bss               zero     0x2400'05d0    0x4c  main.o [2]
  .bss               zero     0x2400'061c    0x4c  main.o [2]
  .bss               zero     0x2400'0668     0x8  heap0.o [5]
  .bss               zero     0x2400'0670     0x4  main.o [2]
  .bss               zero     0x2400'0674     0x4  main.o [2]
  .bss               zero     0x2400'0678     0x4  main.o [2]
  .bss               zero     0x2400'067c     0x4  stm32h7xx_hal.o [4]
  .bss               zero     0x2400'0680     0x4  xfail_s.o [5]
  .bss               zero     0x2400'0684     0x4  xgetmemchunk.o [5]
                            - 0x2400'0688   0x540

"P2", part 3 of 3:                          0x600
  CSTACK                      0x2400'0688   0x400  <Block>
    CSTACK           uninit   0x2400'0688   0x400  <Block tail>
  HEAP                        0x2400'0a88   0x200  <Block>
    HEAP             uninit   0x2400'0a88   0x200  <Block tail>
                            - 0x2400'0c88   0x600

Unused ranges:

         From           To       Size
         ----           --       ----
   0x800'c7d0   0x81f'ffff  0x1f'3830
  0x2400'0145  0x2400'0147        0x3
  0x2400'0c88  0x2407'ffff   0x7'f378


*******************************************************************************
*** INIT TABLE
***

          Address      Size
          -------      ----
Zero (__iar_zero_init3)
    1 destination range, total size 0x540:
          0x2400'0148  0x540

Copy/lz77 (__iar_lz77_init_single3)
    1 source range, total size 0x74 (35% of destination):
           0x800'c75c   0x74
    1 destination range, total size 0x145:
          0x2400'0000  0x145



*******************************************************************************
*** MODULE SUMMARY
***

    Module                   ro code  ro data  rw data
    ------                   -------  -------  -------
command line/config:
    --------------------------------------------------
    Total:

C:\Users\yael\source\repos\EcoMilk\Nucleo H7A3ZIQ\EWARM\Nucleo H7A3ZIQ\Obj\Application\EWARM: [1]
    startup_stm32h7a3xxq.o     1'216
    --------------------------------------------------
    Total:                     1'216

C:\Users\yael\source\repos\EcoMilk\Nucleo H7A3ZIQ\EWARM\Nucleo H7A3ZIQ\Obj\Application\User\Core: [2]
    main.o                     4'088       28    1'036
    stm32h7xx_hal_msp.o        1'692
    stm32h7xx_it.o                80
    --------------------------------------------------
    Total:                     5'860       28    1'036

C:\Users\yael\source\repos\EcoMilk\Nucleo H7A3ZIQ\EWARM\Nucleo H7A3ZIQ\Obj\Drivers\CMSIS: [3]
    system_stm32h7xx.o           288       19        8
    --------------------------------------------------
    Total:                       288       19        8

C:\Users\yael\source\repos\EcoMilk\Nucleo H7A3ZIQ\EWARM\Nucleo H7A3ZIQ\Obj\Drivers\STM32H7xx_HAL_Driver: [4]
    stm32h7xx_hal.o              256        1        9
    stm32h7xx_hal_adc.o        2'212
    stm32h7xx_hal_cortex.o       344
    stm32h7xx_hal_dma.o        9'596        8
    stm32h7xx_hal_gpio.o         644
    stm32h7xx_hal_pwr_ex.o       156
    stm32h7xx_hal_rcc.o        3'320
    stm32h7xx_hal_rcc_ex.o     6'680
    stm32h7xx_hal_spi.o        3'198
    stm32h7xx_hal_tim.o        4'388
    stm32h7xx_hal_tim_ex.o       338
    stm32h7xx_hal_uart.o       4'038       24
    stm32h7xx_hal_uart_ex.o      382       16
    --------------------------------------------------
    Total:                    35'552       49        9

dl7M_tlf.a: [5]
    XShHandles.o                 204               128
    XShttio.o                      8        3        8
    abort.o                        6
    exit.o                         4
    fclose.o                     126
    fflush.o                     172
    fputc.o                       86
    fseek.o                       36
    heap0.o                      316                 8
    heaptramp0.o                   4
    low_level_init.o               4
    printf.o                      40
    putchar.o                     12
    xcloseall.o                   64
    xfail_s.o                     64                 4
    xfgpos.o                      12
    xfiles.o                               88      408
    xfofind.o                    156
    xfspos.o                     216
    xfwprep.o                    180
    xgetmemchunk.o                44                 4
    xlocale_c.o                    8       23       56
    xprintffull_nomb.o         3'890
    xprout.o                      22
    --------------------------------------------------
    Total:                     5'674      114      616

m7M_tlv.a: [6]
    DblCmpGe.o                    52
    DblCmpLe.o                    52
    DblDiv.o                      18
    DblMul.o                      18
    DblSub.o                      18
    DblToS32.o                    14
    DblToU32.o                    14
    S32ToDbl.o                    14
    U32ToDbl.o                    14
    fpinit_M.o                    34
    frexp.o                      112
    ldexp.o                      260
    --------------------------------------------------
    Total:                       620

rt7M_tl.a: [7]
    ABImemcpy.o                  166
    ABImemset.o                  102
    I64DivMod.o                  560
    I64DivZer.o                    2
    cexit.o                       14
    cmain.o                       30
    cstart_closeall.o
    cstartup_M.o                  28
    data_init.o                   40
    lz77_init_single.o           118
    memchr.o                      88
    memset.o                      20
    strchr.o                      22
    strlen.o                      54
    zero_init3.o                  56
    --------------------------------------------------
    Total:                     1'300

shb_l.a: [8]
    close.o                       24
    dwrite.o                      30
    exit.o                        20
    iarttio.o                    124
    iarwrite.o                    34
    iarwstd.o                     32
    lseek.o                       78
    remove.o                      20
    write.o                       16
    --------------------------------------------------
    Total:                       378

    Gaps                          19        2
    Linker created                         33    1'536
------------------------------------------------------
    Grand Total:              50'907      245    3'205


*******************************************************************************
*** ENTRY LIST
***

Entry                       Address   Size  Type      Object
-----                       -------   ----  ----      ------
.iar.init_table$$Base    0x800'c454          --   Gb  - Linker created -
.iar.init_table$$Limit   0x800'c474          --   Gb  - Linker created -
?main                    0x800'c475         Code  Gb  cmain.o [7]
ADC_ConfigureBoostMode   0x800'a12d   0xfa  Code  Gb  stm32h7xx_hal_adc.o [4]
Aldata                  0x2400'0668    0x8  Data  Lc  heap0.o [5]
BusFault_Handler         0x800'c32f    0x2  Code  Gb  stm32h7xx_it.o [2]
CSTACK$$Base            0x2400'0688          --   Gb  - Linker created -
CSTACK$$Limit           0x2400'0a88          --   Gb  - Linker created -
D1CorePrescTable         0x800'c504   0x10  Data  Gb  system_stm32h7xx.o [3]
DMA1_Stream0_IRQHandler
                         0x800'c341    0xa  Code  Gb  stm32h7xx_it.o [2]
DMA_CalcBaseAndBitshift
                         0x800'24bd   0xd8  Code  Lc  stm32h7xx_hal_dma.o [4]
DMA_CalcBaseAndBitshift{1}{2}::flagBitshiftOffset
                         0x800'c53c    0x8  Data  Lc  stm32h7xx_hal_dma.o [4]
DMA_CalcDMAMUXChannelBaseAndMask
                         0x800'2673   0xac  Code  Lc  stm32h7xx_hal_dma.o [4]
DMA_CalcDMAMUXRequestGenBaseAndMask
                         0x800'271f   0x80  Code  Lc  stm32h7xx_hal_dma.o [4]
DMA_CheckFifoParam       0x800'25d9   0x9a  Code  Lc  stm32h7xx_hal_dma.o [4]
DMA_SetConfig            0x800'2209  0x2b4  Code  Lc  stm32h7xx_hal_dma.o [4]
DebugMon_Handler         0x800'c335    0x2  Code  Gb  stm32h7xx_it.o [2]
Error_Handler            0x800'7199    0x4  Code  Gb  main.o [2]
HAL_ADC_ConfigChannel    0x800'9d25  0x400  Code  Gb  stm32h7xx_hal_adc.o [4]
HAL_ADC_Init             0x800'9af3  0x206  Code  Gb  stm32h7xx_hal_adc.o [4]
HAL_ADC_MspInit          0x800'5b2d   0xca  Code  Gb  stm32h7xx_hal_msp.o [2]
HAL_DMA_Abort            0x800'0e5d  0x4d4  Code  Gb  stm32h7xx_hal_dma.o [4]
HAL_DMA_Abort_IT         0x800'1355  0x344  Code  Gb  stm32h7xx_hal_dma.o [4]
HAL_DMA_IRQHandler       0x800'16f9  0xaca  Code  Gb  stm32h7xx_hal_dma.o [4]
HAL_DMA_Init             0x800'02ad  0x57e  Code  Gb  stm32h7xx_hal_dma.o [4]
HAL_DMA_Start            0x800'0871  0x1d8  Code  Gb  stm32h7xx_hal_dma.o [4]
HAL_DMA_Start_IT         0x800'0a8d  0x392  Code  Gb  stm32h7xx_hal_dma.o [4]
HAL_GPIO_Init            0x800'7239  0x232  Code  Gb  stm32h7xx_hal_gpio.o [4]
HAL_GPIO_WritePin        0x800'746b   0x1a  Code  Gb  stm32h7xx_hal_gpio.o [4]
HAL_GetTick              0x800'2829    0xc  Code  Gb  stm32h7xx_hal.o [4]
HAL_IncTick              0x800'c379   0x18  Code  Gb  stm32h7xx_hal.o [4]
HAL_Init                 0x800'74bd   0x5e  Code  Gb  stm32h7xx_hal.o [4]
HAL_InitTick             0x800'4841   0x58  Code  Gb  stm32h7xx_hal.o [4]
HAL_MspInit              0x800'5b09   0x24  Code  Gb  stm32h7xx_hal_msp.o [2]
HAL_NVIC_EnableIRQ       0x800'49b7    0xe  Code  Gb  stm32h7xx_hal_cortex.o [4]
HAL_NVIC_SetPriority     0x800'4993   0x24  Code  Gb  stm32h7xx_hal_cortex.o [4]
HAL_NVIC_SetPriorityGrouping
                         0x800'4987    0xc  Code  Gb  stm32h7xx_hal_cortex.o [4]
HAL_PWREx_ConfigSupply   0x800'9211   0x92  Code  Gb  stm32h7xx_hal_pwr_ex.o [4]
HAL_RCCEx_GetD3PCLK1Freq
                         0x800'38c3   0x1e  Code  Gb  stm32h7xx_hal_rcc_ex.o [4]
HAL_RCCEx_GetPLL1ClockFreq
                         0x800'3d6d  0x228  Code  Gb  stm32h7xx_hal_rcc_ex.o [4]
HAL_RCCEx_GetPLL2ClockFreq
                         0x800'38e5  0x226  Code  Gb  stm32h7xx_hal_rcc_ex.o [4]
HAL_RCCEx_GetPLL3ClockFreq
                         0x800'3b25  0x22c  Code  Gb  stm32h7xx_hal_rcc_ex.o [4]
HAL_RCCEx_GetPeriphCLKFreq
                         0x800'330d  0x5b6  Code  Gb  stm32h7xx_hal_rcc_ex.o [4]
HAL_RCCEx_PeriphCLKConfig
                         0x800'2835  0xab4  Code  Gb  stm32h7xx_hal_rcc_ex.o [4]
HAL_RCC_ClockConfig      0x800'424d  0x306  Code  Gb  stm32h7xx_hal_rcc.o [4]
HAL_RCC_GetHCLKFreq      0x800'477b   0x3c  Code  Gb  stm32h7xx_hal_rcc.o [4]
HAL_RCC_GetPCLK1Freq     0x800'47b7   0x1a  Code  Gb  stm32h7xx_hal_rcc.o [4]
HAL_RCC_GetPCLK2Freq     0x800'47d1   0x1a  Code  Gb  stm32h7xx_hal_rcc.o [4]
HAL_RCC_GetSysClockFreq
                         0x800'4555  0x226  Code  Gb  stm32h7xx_hal_rcc.o [4]
HAL_RCC_OscConfig        0x800'92ad  0x704  Code  Gb  stm32h7xx_hal_rcc.o [4]
HAL_SPI_Init             0x800'75a9  0x182  Code  Gb  stm32h7xx_hal_spi.o [4]
HAL_SPI_MspInit          0x800'5bf7   0xd8  Code  Gb  stm32h7xx_hal_msp.o [2]
HAL_SPI_Receive          0x800'79e7  0x2c2  Code  Gb  stm32h7xx_hal_spi.o [4]
HAL_SPI_Transmit         0x800'772b  0x2bc  Code  Gb  stm32h7xx_hal_spi.o [4]
HAL_SPI_TransmitReceive
                         0x800'7ca9  0x444  Code  Gb  stm32h7xx_hal_spi.o [4]
HAL_SYSCFG_AnalogSwitchConfig
                         0x800'751b   0x12  Code  Gb  stm32h7xx_hal.o [4]
HAL_SYSTICK_Config       0x800'49c5    0xc  Code  Gb  stm32h7xx_hal_cortex.o [4]
HAL_TIMEx_Break2Callback
                         0x800'71a5    0x2  Code  Gb  stm32h7xx_hal_tim_ex.o [4]
HAL_TIMEx_BreakCallback
                         0x800'71a3    0x2  Code  Gb  stm32h7xx_hal_tim_ex.o [4]
HAL_TIMEx_CommutCallback
                         0x800'71a9    0x2  Code  Gb  stm32h7xx_hal_tim_ex.o [4]
HAL_TIMEx_ConfigBreakDeadTime
                         0x800'a2f3   0x94  Code  Gb  stm32h7xx_hal_tim_ex.o [4]
HAL_TIMEx_MasterConfigSynchronization
                         0x800'a255   0x9e  Code  Gb  stm32h7xx_hal_tim_ex.o [4]
HAL_TIM_ErrorCallback    0x800'71ab    0x2  Code  Gb  stm32h7xx_hal_tim.o [4]
HAL_TIM_IC_CaptureCallback
                         0x800'6263   0x52  Code  Gb  main.o [2]
HAL_TIM_IC_CaptureHalfCpltCallback
                         0x800'71ad    0x2  Code  Gb  stm32h7xx_hal_tim.o [4]
HAL_TIM_IC_ConfigChannel
                         0x800'5299   0xca  Code  Gb  stm32h7xx_hal_tim.o [4]
HAL_TIM_IC_Init          0x800'4bed   0x7a  Code  Gb  stm32h7xx_hal_tim.o [4]
HAL_TIM_IC_MspInit       0x800'5d71  0x214  Code  Gb  stm32h7xx_hal_msp.o [2]
HAL_TIM_IC_Start_DMA     0x800'4e31  0x2aa  Code  Gb  stm32h7xx_hal_tim.o [4]
HAL_TIM_IC_Start_IT      0x800'4c6d  0x1c4  Code  Gb  stm32h7xx_hal_tim.o [4]
HAL_TIM_IRQHandler       0x800'5105  0x194  Code  Gb  stm32h7xx_hal_tim.o [4]
HAL_TIM_MspPostInit      0x800'5f85   0x90  Code  Gb  stm32h7xx_hal_msp.o [2]
HAL_TIM_OC_DelayElapsedCallback
                         0x800'719d    0x2  Code  Gb  stm32h7xx_hal_tim.o [4]
HAL_TIM_PWM_ConfigChannel
                         0x800'5363  0x15a  Code  Gb  stm32h7xx_hal_tim.o [4]
HAL_TIM_PWM_Init         0x800'49f1   0x7a  Code  Gb  stm32h7xx_hal_tim.o [4]
HAL_TIM_PWM_MspInit      0x800'5ccf   0xa2  Code  Gb  stm32h7xx_hal_msp.o [2]
HAL_TIM_PWM_PulseFinishedCallback
                         0x800'719f    0x2  Code  Gb  stm32h7xx_hal_tim.o [4]
HAL_TIM_PWM_Start        0x800'4a6b  0x15e  Code  Gb  stm32h7xx_hal_tim.o [4]
HAL_TIM_PeriodElapsedCallback
                         0x800'71a1    0x2  Code  Gb  stm32h7xx_hal_tim.o [4]
HAL_TIM_TriggerCallback
                         0x800'71a7    0x2  Code  Gb  stm32h7xx_hal_tim.o [4]
HAL_UARTEx_EnableFifoMode
                         0x800'a3a1   0x50  Code  Gb  stm32h7xx_hal_uart_ex.o [4]
HAL_UARTEx_RxEventCallback
                         0x800'b44d    0x2  Code  Gb  stm32h7xx_hal_uart.o [4]
HAL_UARTEx_RxFifoFullCallback
                         0x800'b453    0x2  Code  Gb  stm32h7xx_hal_uart_ex.o [4]
HAL_UARTEx_SetRxFifoThreshold
                         0x800'a447   0x56  Code  Gb  stm32h7xx_hal_uart_ex.o [4]
HAL_UARTEx_SetTxFifoThreshold
                         0x800'a3f1   0x56  Code  Gb  stm32h7xx_hal_uart_ex.o [4]
HAL_UARTEx_TxFifoEmptyCallback
                         0x800'b451    0x2  Code  Gb  stm32h7xx_hal_uart_ex.o [4]
HAL_UARTEx_WakeupCallback
                         0x800'b44f    0x2  Code  Gb  stm32h7xx_hal_uart_ex.o [4]
HAL_UART_ErrorCallback   0x800'b44b    0x2  Code  Gb  stm32h7xx_hal_uart.o [4]
HAL_UART_IRQHandler      0x800'84fd  0x3c0  Code  Gb  stm32h7xx_hal_uart.o [4]
HAL_UART_Init            0x800'8251   0x7e  Code  Gb  stm32h7xx_hal_uart.o [4]
HAL_UART_MspInit         0x800'6015  0x13e  Code  Gb  stm32h7xx_hal_msp.o [2]
HAL_UART_Receive         0x800'83b1  0x14c  Code  Gb  stm32h7xx_hal_uart.o [4]
HAL_UART_Transmit        0x800'82cf   0xe2  Code  Gb  stm32h7xx_hal_uart.o [4]
HAL_UART_TxCpltCallback
                         0x800'b685    0x2  Code  Gb  stm32h7xx_hal_uart.o [4]
HEAP$$Base              0x2400'0a88          --   Gb  - Linker created -
HEAP$$Limit             0x2400'0c88          --   Gb  - Linker created -
HardFault_Handler        0x800'c32b    0x2  Code  Gb  stm32h7xx_it.o [2]
LL_ADC_DisableDeepPowerDown
                         0x800'9aa7    0xc  Code  Lc  stm32h7xx_hal_adc.o [4]
LL_ADC_EnableInternalRegulator
                         0x800'9abd   0x10  Code  Lc  stm32h7xx_hal_adc.o [4]
LL_ADC_GetCommonPathInternalCh
                         0x800'99c9    0x8  Code  Lc  stm32h7xx_hal_adc.o [4]
LL_ADC_INJ_IsConversionOngoing
                         0x800'9ae9    0xa  Code  Lc  stm32h7xx_hal_adc.o [4]
LL_ADC_IsDeepPowerDownEnabled
                         0x800'9ab3    0xa  Code  Lc  stm32h7xx_hal_adc.o [4]
LL_ADC_IsEnabled         0x800'9ad7    0x8  Code  Lc  stm32h7xx_hal_adc.o [4]
LL_ADC_IsInternalRegulatorEnabled
                         0x800'9acd    0xa  Code  Lc  stm32h7xx_hal_adc.o [4]
LL_ADC_REG_IsConversionOngoing
                         0x800'9adf    0xa  Code  Lc  stm32h7xx_hal_adc.o [4]
LL_ADC_REG_SetSequencerRanks
                         0x800'9a1f   0x2e  Code  Lc  stm32h7xx_hal_adc.o [4]
LL_ADC_SetChannelSamplingTime
                         0x800'9a4d   0x34  Code  Lc  stm32h7xx_hal_adc.o [4]
LL_ADC_SetChannelSingleDiff
                         0x800'9a81   0x26  Code  Lc  stm32h7xx_hal_adc.o [4]
LL_ADC_SetCommonClock    0x800'99b1    0xc  Code  Lc  stm32h7xx_hal_adc.o [4]
LL_ADC_SetCommonPathInternalCh
                         0x800'99bd    0xc  Code  Lc  stm32h7xx_hal_adc.o [4]
LL_ADC_SetDataRightShift
                         0x800'99ef   0x18  Code  Lc  stm32h7xx_hal_adc.o [4]
LL_ADC_SetOffset         0x800'99d1   0x1e  Code  Lc  stm32h7xx_hal_adc.o [4]
LL_ADC_SetOffsetSignedSaturation
                         0x800'9a07   0x18  Code  Lc  stm32h7xx_hal_adc.o [4]
MX_ADC2_Init             0x800'688d   0xd2  Code  Lc  main.o [2]
MX_DMA_Init              0x800'6f69   0x2c  Code  Lc  main.o [2]
MX_GPIO_Init             0x800'6fe1  0x164  Code  Lc  main.o [2]
MX_SPI2_Init             0x800'695f   0xce  Code  Lc  main.o [2]
MX_TIM1_Init             0x800'6a2d  0x10e  Code  Lc  main.o [2]
MX_TIM2_Init             0x800'6b3b   0xa8  Code  Lc  main.o [2]
MX_TIM3_Init             0x800'6be3   0xd8  Code  Lc  main.o [2]
MX_TIM4_Init             0x800'6cbb   0xde  Code  Lc  main.o [2]
MX_TIM8_Init             0x800'6d99   0xb2  Code  Lc  main.o [2]
MX_USART1_UART_Init      0x800'6e51   0x84  Code  Lc  main.o [2]
MX_USART3_UART_Init      0x800'6ee1   0x84  Code  Lc  main.o [2]
MemManage_Handler        0x800'c32d    0x2  Code  Gb  stm32h7xx_it.o [2]
NMI_Handler              0x800'c329    0x2  Code  Gb  stm32h7xx_it.o [2]
NVIC_EncodePriority      0x800'4915   0x42  Code  Lc  stm32h7xx_hal_cortex.o [4]
PendSV_Handler           0x800'c337    0x2  Code  Gb  stm32h7xx_it.o [2]
RCCEx_PLL2_Config        0x800'3fb9  0x130  Code  Lc  stm32h7xx_hal_rcc_ex.o [4]
RCCEx_PLL3_Config        0x800'40f1  0x130  Code  Lc  stm32h7xx_hal_rcc_ex.o [4]
Region$$Table$$Base      0x800'c454          --   Gb  - Linker created -
Region$$Table$$Limit     0x800'c474          --   Gb  - Linker created -
SPI_CloseTransfer        0x800'80f9   0xce  Code  Lc  stm32h7xx_hal_spi.o [4]
SPI_GetPacketSize        0x800'8211   0x16  Code  Lc  stm32h7xx_hal_spi.o [4]
SPI_WaitOnFlagUntilTimeout
                         0x800'81cd   0x44  Code  Lc  stm32h7xx_hal_spi.o [4]
SVC_Handler              0x800'c333    0x2  Code  Gb  stm32h7xx_it.o [2]
SysTick_Config           0x800'4957   0x30  Code  Lc  stm32h7xx_hal_cortex.o [4]
SysTick_Handler          0x800'c339    0x8  Code  Gb  stm32h7xx_it.o [2]
SystemClock_Config       0x800'67b7   0xd6  Code  Gb  main.o [2]
SystemCoreClock         0x2400'0004    0x4  Data  Gb  system_stm32h7xx.o [3]
SystemD2Clock           0x2400'0008    0x4  Data  Gb  system_stm32h7xx.o [3]
SystemInit               0x800'bc75   0xc8  Code  Gb  system_stm32h7xx.o [3]
TIM3_IRQHandler          0x800'c34b    0xa  Code  Gb  stm32h7xx_it.o [2]
TIM8_CC_IRQHandler       0x800'c35f    0xa  Code  Gb  stm32h7xx_it.o [2]
TIM_Base_SetConfig       0x800'55fd   0xca  Code  Gb  stm32h7xx_hal_tim.o [4]
TIM_CCxChannelCmd        0x800'5ae5   0x24  Code  Gb  stm32h7xx_hal_tim.o [4]
TIM_DMACaptureCplt       0x800'5525   0x98  Code  Gb  stm32h7xx_hal_tim.o [4]
TIM_DMACaptureHalfCplt   0x800'55bd   0x40  Code  Gb  stm32h7xx_hal_tim.o [4]
TIM_DMAError             0x800'54bd   0x68  Code  Gb  stm32h7xx_hal_tim.o [4]
TIM_OC1_SetConfig        0x800'56c7   0xa0  Code  Lc  stm32h7xx_hal_tim.o [4]
TIM_OC2_SetConfig        0x800'5767   0x92  Code  Gb  stm32h7xx_hal_tim.o [4]
TIM_OC3_SetConfig        0x800'57fb   0x8e  Code  Lc  stm32h7xx_hal_tim.o [4]
TIM_OC4_SetConfig        0x800'5889   0x68  Code  Lc  stm32h7xx_hal_tim.o [4]
TIM_OC5_SetConfig        0x800'58f1   0x58  Code  Lc  stm32h7xx_hal_tim.o [4]
TIM_OC6_SetConfig        0x800'5949   0x5a  Code  Lc  stm32h7xx_hal_tim.o [4]
TIM_TI1_SetConfig        0x800'59a3   0x74  Code  Gb  stm32h7xx_hal_tim.o [4]
TIM_TI2_SetConfig        0x800'5a17   0x36  Code  Lc  stm32h7xx_hal_tim.o [4]
TIM_TI3_SetConfig        0x800'5a4d   0x34  Code  Lc  stm32h7xx_hal_tim.o [4]
TIM_TI4_SetConfig        0x800'5a81   0x36  Code  Lc  stm32h7xx_hal_tim.o [4]
UARTEx_SetNbDataToProcess
                         0x800'a49d   0x72  Code  Lc  stm32h7xx_hal_uart_ex.o [4]
UARTEx_SetNbDataToProcess::denominator
                         0x800'c54c    0x8  Data  Lc  stm32h7xx_hal_uart_ex.o [4]
UARTEx_SetNbDataToProcess::numerator
                         0x800'c544    0x8  Data  Lc  stm32h7xx_hal_uart_ex.o [4]
UARTPrescTable           0x800'c4c8   0x18  Data  Gb  stm32h7xx_hal_uart.o [4]
UART_AdvFeatureConfig    0x800'8f41   0xda  Code  Gb  stm32h7xx_hal_uart.o [4]
UART_CheckIdleState      0x800'901b   0x72  Code  Gb  stm32h7xx_hal_uart.o [4]
UART_DMAAbortOnError     0x800'91c9   0x1a  Code  Lc  stm32h7xx_hal_uart.o [4]
UART_EndRxTransfer       0x800'9147   0x3c  Code  Lc  stm32h7xx_hal_uart.o [4]
UART_EndTransmit_IT      0x800'91e3   0x22  Code  Lc  stm32h7xx_hal_uart.o [4]
UART_SetConfig           0x800'88cd  0x632  Code  Gb  stm32h7xx_hal_uart.o [4]
UART_WaitOnFlagUntilTimeout
                         0x800'908d   0xba  Code  Gb  stm32h7xx_hal_uart.o [4]
USART1_IRQHandler        0x800'c355    0xa  Code  Gb  stm32h7xx_it.o [2]
UsageFault_Handler       0x800'c331    0x2  Code  Gb  stm32h7xx_it.o [2]
_Close_all               0x800'c391   0x40  Code  Gb  xcloseall.o [5]
_Files                  0x2400'011c   0x20  Data  Gb  xfiles.o [5]
_Fofree                  0x800'c189   0x94  Code  Gb  xfofind.o [5]
_Fspos                   0x800'bd95   0xd8  Code  Gb  xfspos.o [5]
_Fwprep                  0x800'c0b1   0xb4  Code  Gb  xfwprep.o [5]
_LitobFullNoMb           0x800'b251  0x10c  Code  Lc  xprintffull_nomb.o [5]
_Locale_lconv           0x2400'000c   0x38  Data  Lc  xlocale_c.o [5]
_Nnl                     0x800'bf19    0xc  Code  Gb  xfgpos.o [5]
_PrintfFullNoMb          0x800'a519  0xd08  Code  Gb  xprintffull_nomb.o [5]
_Prout                   0x800'c4e1   0x16  Code  Gb  xprout.o [5]
_PutcharFullNoMb         0x800'b3b5   0x20  Code  Lc  xprintffull_nomb.o [5]
_PutcharsFullNoMb        0x800'b3d5   0x2e  Code  Lc  xprintffull_nomb.o [5]
__NVIC_EnableIRQ         0x800'48c9   0x20  Code  Lc  stm32h7xx_hal_cortex.o [4]
__NVIC_GetPriorityGrouping
                         0x800'48bb    0xc  Code  Lc  stm32h7xx_hal_cortex.o [4]
__NVIC_SetPriority       0x800'48e9   0x2c  Code  Lc  stm32h7xx_hal_cortex.o [4]
__NVIC_SetPriorityGrouping
                         0x800'4899   0x22  Code  Lc  stm32h7xx_hal_cortex.o [4]
__aeabi_cdcmple          0x800'b889         Code  Gb  DblCmpLe.o [6]
__aeabi_cdrcmple         0x800'b8bd         Code  Gb  DblCmpGe.o [6]
__aeabi_d2iz             0x800'b9f5    0xe  Code  Gb  DblToS32.o [6]
__aeabi_d2uiz            0x800'ba35    0xe  Code  Gb  DblToU32.o [6]
__aeabi_ddiv             0x800'ba23   0x12  Code  Gb  DblDiv.o [6]
__aeabi_dmul             0x800'ba51   0x12  Code  Gb  DblMul.o [6]
__aeabi_dsub             0x800'ba11   0x12  Code  Gb  DblSub.o [6]
__aeabi_i2d              0x800'ba03    0xe  Code  Gb  S32ToDbl.o [6]
__aeabi_ldiv0            0x800'ba6d         Code  Gb  I64DivZer.o [7]
__aeabi_memcpy           0x800'b771         Code  Gb  ABImemcpy.o [7]
__aeabi_memcpy4          0x800'b791         Code  Gb  ABImemcpy.o [7]
__aeabi_memcpy8          0x800'b791         Code  Gb  ABImemcpy.o [7]
__aeabi_memset           0x800'7541         Code  Gb  ABImemset.o [7]
__aeabi_ui2d             0x800'ba43    0xe  Code  Gb  U32ToDbl.o [6]
__aeabi_uldivmod         0x800'b455         Code  Gb  I64DivMod.o [7]
__basic_free             0x800'bbb9   0x16  Code  Gb  heap0.o [5]
__basic_free_intern      0x800'bbcf   0x74  Code  Lc  heap0.o [5]
__basic_malloc           0x800'bb0d   0x18  Code  Gb  heap0.o [5]
__basic_malloc_intern    0x800'bb25   0x94  Code  Lc  heap0.o [5]
__cexit_closeall         0x800'c49f         Code  Gb  cexit.o [7]
__close                  0x800'c2a7   0x18  Code  Gb  close.o [8]
__cmain                  0x800'c475         Code  Gb  cmain.o [7]
__cstart_closeall        0x800'c75c         Data  Gb  cstart_closeall.o [7]
__data_GetMemChunk       0x800'bc49   0x2c  Code  Gb  xgetmemchunk.o [5]
__data_GetMemChunk::start
                        0x2400'0684    0x4  Data  Lc  xgetmemchunk.o [5]
__dwrite                 0x800'c051   0x1e  Code  Gb  dwrite.o [8]
__exit                   0x800'ba75   0x14  Code  Gb  exit.o [8]
__iar_Fail_s             0x800'b6a1   0x1c  Code  Gb  xfail_s.o [5]
__iar_Memchr             0x800'b719         Code  Gb  memchr.o [7]
__iar_Memset             0x800'7541         Code  Gb  ABImemset.o [7]
__iar_Memset_word        0x800'7549         Code  Gb  ABImemset.o [7]
__iar_Stderr            0x2400'00d4   0x48  Data  Gb  xfiles.o [5]
__iar_Stdin             0x2400'0044   0x48  Data  Gb  xfiles.o [5]
__iar_Stdout            0x2400'008c   0x48  Data  Gb  xfiles.o [5]
__iar_Strchr             0x800'b689         Code  Gb  strchr.o [7]
__iar_close_ttio         0x800'ba89   0x2c  Code  Gb  iarttio.o [8]
__iar_data_init3         0x800'c409   0x28  Code  Gb  data_init.o [7]
__iar_frexp              0x800'b825         Code  Gb  frexp.o [6]
__iar_frexpl             0x800'b825         Code  Gb  frexp.o [6]
__iar_get_ttio           0x800'bab5   0x4c  Code  Gb  iarttio.o [8]
__iar_init_vfp           0x800'c431         Code  Gb  fpinit_M.o [6]
__iar_ldexp64            0x800'b905         Code  Gb  ldexp.o [6]
__iar_lookup_ttioh       0x800'bb05    0x8  Code  Gb  XShttio.o [5]
__iar_lz77_init_single3
                         0x800'71c3   0x76  Code  Gb  lz77_init_single.o [7]
__iar_program_start      0x800'c4ad         Code  Gb  cstartup_M.o [7]
__iar_scalbln64          0x800'b905         Code  Gb  ldexp.o [6]
__iar_scalbn64           0x800'b905         Code  Gb  ldexp.o [6]
__iar_sh_Discard         0x800'bf85   0x42  Code  Gb  XShHandles.o [5]
__iar_sh_Move            0x800'bfc7   0x46  Code  Gb  XShHandles.o [5]
__iar_sh_Pos             0x800'c00d   0x40  Code  Gb  XShHandles.o [5]
__iar_sh_stdout          0x800'c06f   0x20  Code  Gb  iarwstd.o [8]
__iar_sh_write           0x800'c08f   0x22  Code  Gb  iarwrite.o [8]
__iar_softfp___iar_frexp64
                         0x800'b819         Code  Gb  frexp.o [6]
__iar_softfp___iar_ldexp64
                         0x800'b8f1         Code  Gb  ldexp.o [6]
__iar_softfp___iar_scalbln64
                         0x800'b8f1         Code  Gb  ldexp.o [6]
__iar_softfp___iar_scalbn64
                         0x800'b8f1         Code  Gb  ldexp.o [6]
__iar_softfp_frexp       0x800'b819         Code  Gb  frexp.o [6]
__iar_softfp_frexpl      0x800'b819         Code  Gb  frexp.o [6]
__iar_softfp_ldexp       0x800'b8f1         Code  Gb  ldexp.o [6]
__iar_softfp_ldexpl      0x800'b8f1         Code  Gb  ldexp.o [6]
__iar_softfp_scalbln     0x800'b8f1         Code  Gb  ldexp.o [6]
__iar_softfp_scalblnl    0x800'b8f1         Code  Gb  ldexp.o [6]
__iar_softfp_scalbn      0x800'b8f1         Code  Gb  ldexp.o [6]
__iar_softfp_scalbnl     0x800'b8f1         Code  Gb  ldexp.o [6]
__iar_ttio_handles      0x2400'013c    0x8  Data  Lc  XShttio.o [5]
__iar_zero_init3         0x800'c3d1   0x38  Code  Gb  zero_init3.o [7]
__low_level_init         0x800'c493    0x4  Code  Gb  low_level_init.o [5]
__lseek                  0x800'bf25   0x4e  Code  Gb  lseek.o [8]
__vector_table           0x800'0000         Data  Gb  startup_stm32h7a3xxq.o [1]
__write                  0x800'bf73   0x10  Code  Gb  write.o [8]
_call_main               0x800'c481         Code  Gb  cmain.o [7]
_exit                    0x800'c49d         Code  Gb  cexit.o [7]
abort                    0x800'ba6f    0x6  Code  Gb  abort.o [5]
cmd_send_16              0x800'620b   0x58  Code  Gb  main.o [2]
cmd_send_32              0x800'61a5   0x66  Code  Gb  main.o [2]
ebuf                    0x2400'044c   0x50  Data  Lc  xfiles.o [5]
exit                     0x800'c497    0x4  Code  Gb  exit.o [5]
fclose                   0x800'c229   0x7e  Code  Gb  fclose.o [5]
fflush                   0x800'bee1   0x34  Code  Gb  fflush.o [5]
fflushOne                0x800'be6d   0x74  Code  Lc  fflush.o [5]
fputc                    0x800'c2d3   0x56  Code  Gb  fputc.o [5]
free                     0x800'c225    0x4  Code  Gb  heaptramp0.o [5]
fseek                    0x800'c165   0x24  Code  Gb  fseek.o [5]
hadc2                   0x2400'03e8   0x64  Data  Gb  main.o [2]
hdma_tim3_ch1           0x2400'0370   0x78  Data  Gb  main.o [2]
hspi2                   0x2400'0268   0x88  Data  Gb  main.o [2]
htim1                   0x2400'04ec   0x4c  Data  Gb  main.o [2]
htim2                   0x2400'0538   0x4c  Data  Gb  main.o [2]
htim3                   0x2400'0584   0x4c  Data  Gb  main.o [2]
htim4                   0x2400'05d0   0x4c  Data  Gb  main.o [2]
htim8                   0x2400'061c   0x4c  Data  Gb  main.o [2]
huart1                  0x2400'0148   0x90  Data  Gb  main.o [2]
huart3                  0x2400'01d8   0x90  Data  Gb  main.o [2]
ldexp                    0x800'b905         Code  Gb  ldexp.o [6]
ldexpl                   0x800'b905         Code  Gb  ldexp.o [6]
localeconv               0x800'ba65    0x4  Code  Gb  xlocale_c.o [5]
main                     0x800'62b5  0x502  Code  Gb  main.o [2]
memchr                   0x800'b719         Code  Gb  memchr.o [7]
memset                   0x800'71af   0x14  Code  Gb  memset.o [7]
obuf                    0x2400'049c   0x50  Data  Lc  xfiles.o [5]
printf                   0x800'8229   0x28  Code  Gb  printf.o [5]
putchar                  0x800'c4f9    0xc  Code  Gb  putchar.o [5]
remove                   0x800'c2bf   0x14  Code  Gb  remove.o [8]
sFileInfo               0x2400'02f0   0x80  Data  Lc  XShHandles.o [5]
scalbln                  0x800'b905         Code  Gb  ldexp.o [6]
scalblnl                 0x800'b905         Code  Gb  ldexp.o [6]
scalbn                   0x800'b905         Code  Gb  ldexp.o [6]
scalbnl                  0x800'b905         Code  Gb  ldexp.o [6]
scale                    0x800'b35d   0x46  Code  Lc  xprintffull_nomb.o [5]
sec_hand                0x2400'0680    0x4  Data  Lc  xfail_s.o [5]
strchr                   0x800'b689         Code  Gb  strchr.o [7]
strlen                   0x800'b6e1         Code  Gb  strlen.o [7]
tim8_delta              0x2400'0678    0x4  Data  Lc  main.o [2]
tim8_falling            0x2400'0670    0x4  Data  Lc  main.o [2]
tim8_rising             0x2400'0674    0x4  Data  Lc  main.o [2]
uwTick                  0x2400'067c    0x4  Data  Gb  stm32h7xx_hal.o [4]
uwTickFreq              0x2400'0144    0x1  Data  Gb  stm32h7xx_hal.o [4]
uwTickPrio              0x2400'0000    0x4  Data  Gb  stm32h7xx_hal.o [4]


[1] = C:\Users\yael\source\repos\EcoMilk\Nucleo H7A3ZIQ\EWARM\Nucleo H7A3ZIQ\Obj\Application\EWARM
[2] = C:\Users\yael\source\repos\EcoMilk\Nucleo H7A3ZIQ\EWARM\Nucleo H7A3ZIQ\Obj\Application\User\Core
[3] = C:\Users\yael\source\repos\EcoMilk\Nucleo H7A3ZIQ\EWARM\Nucleo H7A3ZIQ\Obj\Drivers\CMSIS
[4] = C:\Users\yael\source\repos\EcoMilk\Nucleo H7A3ZIQ\EWARM\Nucleo H7A3ZIQ\Obj\Drivers\STM32H7xx_HAL_Driver
[5] = dl7M_tlf.a
[6] = m7M_tlv.a
[7] = rt7M_tl.a
[8] = shb_l.a

  50'907 bytes of readonly  code memory
     245 bytes of readonly  data memory
   3'205 bytes of readwrite data memory

Errors: none
Warnings: none
