###############################################################################
#
# IAR ELF Linker V9.10.1.308/W64 for ARM                  27/May/2021  10:28:13
# Copyright 2007-2021 IAR Systems AB.
#
#    Output file  =
#        C:\Users\yael\source\repos\EcoMilk\STM32H7A3\EWARM\STM32H7A3\Exe\STM32H7A3.out
#    Map file     =
#        C:\Users\yael\source\repos\EcoMilk\STM32H7A3\EWARM\STM32H7A3\List\STM32H7A3.map
#    Command line =
#        -f
#        C:\Users\yael\source\repos\EcoMilk\STM32H7A3\EWARM\STM32H7A3\Exe\STM32H7A3.out.rsp
#        (C:\Users\yael\source\repos\EcoMilk\STM32H7A3\EWARM\STM32H7A3\Obj\Application\User\Core\main.o
#        C:\Users\yael\source\repos\EcoMilk\STM32H7A3\EWARM\STM32H7A3\Obj\Application\EWARM\startup_stm32h7a3xx.o
#        C:\Users\yael\source\repos\EcoMilk\STM32H7A3\EWARM\STM32H7A3\Obj\Drivers\STM32H7xx_HAL_Driver\stm32h7xx_hal.o
#        C:\Users\yael\source\repos\EcoMilk\STM32H7A3\EWARM\STM32H7A3\Obj\Drivers\STM32H7xx_HAL_Driver\stm32h7xx_hal_cortex.o
#        C:\Users\yael\source\repos\EcoMilk\STM32H7A3\EWARM\STM32H7A3\Obj\Drivers\STM32H7xx_HAL_Driver\stm32h7xx_hal_dma.o
#        C:\Users\yael\source\repos\EcoMilk\STM32H7A3\EWARM\STM32H7A3\Obj\Drivers\STM32H7xx_HAL_Driver\stm32h7xx_hal_dma_ex.o
#        C:\Users\yael\source\repos\EcoMilk\STM32H7A3\EWARM\STM32H7A3\Obj\Drivers\STM32H7xx_HAL_Driver\stm32h7xx_hal_exti.o
#        C:\Users\yael\source\repos\EcoMilk\STM32H7A3\EWARM\STM32H7A3\Obj\Drivers\STM32H7xx_HAL_Driver\stm32h7xx_hal_flash.o
#        C:\Users\yael\source\repos\EcoMilk\STM32H7A3\EWARM\STM32H7A3\Obj\Drivers\STM32H7xx_HAL_Driver\stm32h7xx_hal_flash_ex.o
#        C:\Users\yael\source\repos\EcoMilk\STM32H7A3\EWARM\STM32H7A3\Obj\Drivers\STM32H7xx_HAL_Driver\stm32h7xx_hal_gpio.o
#        C:\Users\yael\source\repos\EcoMilk\STM32H7A3\EWARM\STM32H7A3\Obj\Drivers\STM32H7xx_HAL_Driver\stm32h7xx_hal_hsem.o
#        C:\Users\yael\source\repos\EcoMilk\STM32H7A3\EWARM\STM32H7A3\Obj\Drivers\STM32H7xx_HAL_Driver\stm32h7xx_hal_i2c.o
#        C:\Users\yael\source\repos\EcoMilk\STM32H7A3\EWARM\STM32H7A3\Obj\Drivers\STM32H7xx_HAL_Driver\stm32h7xx_hal_i2c_ex.o
#        C:\Users\yael\source\repos\EcoMilk\STM32H7A3\EWARM\STM32H7A3\Obj\Drivers\STM32H7xx_HAL_Driver\stm32h7xx_hal_mdma.o
#        C:\Users\yael\source\repos\EcoMilk\STM32H7A3\EWARM\STM32H7A3\Obj\Application\User\Core\stm32h7xx_hal_msp.o
#        C:\Users\yael\source\repos\EcoMilk\STM32H7A3\EWARM\STM32H7A3\Obj\Drivers\STM32H7xx_HAL_Driver\stm32h7xx_hal_pwr.o
#        C:\Users\yael\source\repos\EcoMilk\STM32H7A3\EWARM\STM32H7A3\Obj\Drivers\STM32H7xx_HAL_Driver\stm32h7xx_hal_pwr_ex.o
#        C:\Users\yael\source\repos\EcoMilk\STM32H7A3\EWARM\STM32H7A3\Obj\Drivers\STM32H7xx_HAL_Driver\stm32h7xx_hal_rcc.o
#        C:\Users\yael\source\repos\EcoMilk\STM32H7A3\EWARM\STM32H7A3\Obj\Drivers\STM32H7xx_HAL_Driver\stm32h7xx_hal_rcc_ex.o
#        C:\Users\yael\source\repos\EcoMilk\STM32H7A3\EWARM\STM32H7A3\Obj\Drivers\STM32H7xx_HAL_Driver\stm32h7xx_hal_spi.o
#        C:\Users\yael\source\repos\EcoMilk\STM32H7A3\EWARM\STM32H7A3\Obj\Drivers\STM32H7xx_HAL_Driver\stm32h7xx_hal_spi_ex.o
#        C:\Users\yael\source\repos\EcoMilk\STM32H7A3\EWARM\STM32H7A3\Obj\Drivers\STM32H7xx_HAL_Driver\stm32h7xx_hal_tim.o
#        C:\Users\yael\source\repos\EcoMilk\STM32H7A3\EWARM\STM32H7A3\Obj\Drivers\STM32H7xx_HAL_Driver\stm32h7xx_hal_tim_ex.o
#        C:\Users\yael\source\repos\EcoMilk\STM32H7A3\EWARM\STM32H7A3\Obj\Drivers\STM32H7xx_HAL_Driver\stm32h7xx_hal_uart.o
#        C:\Users\yael\source\repos\EcoMilk\STM32H7A3\EWARM\STM32H7A3\Obj\Drivers\STM32H7xx_HAL_Driver\stm32h7xx_hal_uart_ex.o
#        C:\Users\yael\source\repos\EcoMilk\STM32H7A3\EWARM\STM32H7A3\Obj\Application\User\Core\stm32h7xx_it.o
#        C:\Users\yael\source\repos\EcoMilk\STM32H7A3\EWARM\STM32H7A3\Obj\Drivers\CMSIS\system_stm32h7xx.o
#        --no_out_extension -o
#        C:\Users\yael\source\repos\EcoMilk\STM32H7A3\EWARM\STM32H7A3\Exe\STM32H7A3.out
#        --redirect _Printf=_PrintfFullNoMb --redirect _Scanf=_ScanfFullNoMb
#        --map
#        C:\Users\yael\source\repos\EcoMilk\STM32H7A3\EWARM\STM32H7A3\List\STM32H7A3.map
#        --config
#        C:\Users\yael\source\repos\EcoMilk\STM32H7A3\EWARM/stm32h7a3xx_flash.icf
#        --semihosting --entry __iar_program_start --vfe --text_out locale)
#
###############################################################################

*******************************************************************************
*** RUNTIME MODEL ATTRIBUTES
***

CppFlavor       = *
__SystemLibrary = DLib
__dlib_version  = 6


*******************************************************************************
*** HEAP SELECTION
***

The basic heap was selected because some modules are built with
size limitations (and not runtime checking), and --advanced_heap
was not specified.


*******************************************************************************
*** PLACEMENT SUMMARY
***

"A0":  place at address 0x800'0000 { ro section .intvec };
"P1":  place in [from 0x800'0000 to 0x81f'ffff] { ro };
define block CSTACK with size = 1K, alignment = 8 { };
define block HEAP with size = 512, alignment = 8 { };
"P2":  place in [from 0x2000'0000 to 0x2001'ffff] {
          rw, block CSTACK, block HEAP };
initialize by copy { rw };

  Section            Kind         Address    Size  Object
  -------            ----         -------    ----  ------
"A0":                                       0x2ac
  .intvec            ro code   0x800'0000   0x2ac  startup_stm32h7a3xx.o [1]
                             - 0x800'02ac   0x2ac

"P1":                                      0x4a4c
  .text              ro code   0x800'02ac  0x1204  stm32h7xx_hal_rcc_ex.o [4]
  .text              ro code   0x800'14b0     0xc  stm32h7xx_hal.o [4]
  .text              ro code   0x800'14bc   0x5f4  stm32h7xx_hal_rcc.o [4]
  .text              ro code   0x800'1ab0    0x58  stm32h7xx_hal.o [4]
  .text              ro code   0x800'1b08   0x128  stm32h7xx_hal_cortex.o [4]
  .text              ro code   0x800'1c30   0x904  stm32h7xx_hal_uart.o [4]
  .text              ro code   0x800'2534   0x268  stm32h7xx_hal_msp.o [2]
  .text              ro code   0x800'279c   0x230  I64DivMod.o [7]
  .text              ro code   0x800'29cc    0x14  memset.o [7]
  .text              ro code   0x800'29e0   0x870  main.o [2]
  .text              ro code   0x800'3250   0x29c  stm32h7xx_hal_gpio.o [4]
  .text              ro code   0x800'34ec     0x2  I64DivZer.o [7]
  .text              ro code   0x800'34ee    0x2a  copy_init3.o [7]
  .text              ro code   0x800'3518    0x66  ABImemset.o [7]
  .text              ro code   0x800'3580    0x70  stm32h7xx_hal.o [4]
  .text              ro code   0x800'35f0   0x260  stm32h7xx_hal_tim_ex.o [4]
  .text              ro code   0x800'3850   0x704  stm32h7xx_hal_rcc.o [4]
  .text              ro code   0x800'3f54   0x1a6  stm32h7xx_hal_spi.o [4]
  .text              ro code   0x800'40fc   0x5c8  stm32h7xx_hal_tim.o [4]
  .text              ro code   0x800'46c4   0x16c  stm32h7xx_hal_uart_ex.o [4]
  .text              ro code   0x800'4830   0x120  system_stm32h7xx.o [3]
  .text              ro code   0x800'4950    0x38  zero_init3.o [7]
  .text              ro code   0x800'4988    0x28  data_init.o [7]
  .text              ro code   0x800'49b0    0x22  fpinit_M.o [6]
  .iar.init_table    const     0x800'49d4    0x24  - Linker created -
  .text              ro code   0x800'49f8    0x1e  cmain.o [7]
  .text              ro code   0x800'4a16     0x4  low_level_init.o [5]
  .text              ro code   0x800'4a1a     0x4  exit.o [5]
  .text              ro code   0x800'4a20     0xa  cexit.o [7]
  .text              ro code   0x800'4a2c    0x14  exit.o [8]
  .text              ro code   0x800'4a40    0x1c  cstartup_M.o [7]
  .rodata            const     0x800'4a5c    0x18  stm32h7xx_hal_uart.o [4]
  .text              ro code   0x800'4a74    0x18  stm32h7xx_hal.o [4]
  .text              ro code   0x800'4a8c    0x18  stm32h7xx_it.o [2]
  .rodata            const     0x800'4aa4    0x10  system_stm32h7xx.o [3]
  .text              ro code   0x800'4ab4    0x10  startup_stm32h7a3xx.o [1]
  Initializer bytes  const     0x800'4ac4    0x10  <for P2-1>
  .rodata            const     0x800'4ad4     0x8  stm32h7xx_hal_uart_ex.o [4]
  .rodata            const     0x800'4adc     0x8  stm32h7xx_hal_uart_ex.o [4]
  .text              ro code   0x800'4ae4     0x4  startup_stm32h7a3xx.o [1]
  .text              ro code   0x800'4ae8     0x4  startup_stm32h7a3xx.o [1]
  .text              ro code   0x800'4aec     0x4  startup_stm32h7a3xx.o [1]
  .text              ro code   0x800'4af0     0x4  startup_stm32h7a3xx.o [1]
  .text              ro code   0x800'4af4     0x4  startup_stm32h7a3xx.o [1]
  .text              ro code   0x800'4af8     0x4  startup_stm32h7a3xx.o [1]
  .text              ro code   0x800'4afc     0x4  startup_stm32h7a3xx.o [1]
  .text              ro code   0x800'4b00     0x4  startup_stm32h7a3xx.o [1]
  .text              ro code   0x800'4b04     0x4  startup_stm32h7a3xx.o [1]
  .text              ro code   0x800'4b08     0x4  startup_stm32h7a3xx.o [1]
  .text              ro code   0x800'4b0c     0x4  startup_stm32h7a3xx.o [1]
  .text              ro code   0x800'4b10     0x4  startup_stm32h7a3xx.o [1]
  .text              ro code   0x800'4b14     0x4  startup_stm32h7a3xx.o [1]
  .text              ro code   0x800'4b18     0x4  startup_stm32h7a3xx.o [1]
  .text              ro code   0x800'4b1c     0x4  startup_stm32h7a3xx.o [1]
  .text              ro code   0x800'4b20     0x4  startup_stm32h7a3xx.o [1]
  .text              ro code   0x800'4b24     0x4  startup_stm32h7a3xx.o [1]
  .text              ro code   0x800'4b28     0x4  startup_stm32h7a3xx.o [1]
  .text              ro code   0x800'4b2c     0x4  startup_stm32h7a3xx.o [1]
  .text              ro code   0x800'4b30     0x4  startup_stm32h7a3xx.o [1]
  .text              ro code   0x800'4b34     0x4  startup_stm32h7a3xx.o [1]
  .text              ro code   0x800'4b38     0x4  startup_stm32h7a3xx.o [1]
  .text              ro code   0x800'4b3c     0x4  startup_stm32h7a3xx.o [1]
  .text              ro code   0x800'4b40     0x4  startup_stm32h7a3xx.o [1]
  .text              ro code   0x800'4b44     0x4  startup_stm32h7a3xx.o [1]
  .text              ro code   0x800'4b48     0x4  startup_stm32h7a3xx.o [1]
  .text              ro code   0x800'4b4c     0x4  startup_stm32h7a3xx.o [1]
  .text              ro code   0x800'4b50     0x4  startup_stm32h7a3xx.o [1]
  .text              ro code   0x800'4b54     0x4  startup_stm32h7a3xx.o [1]
  .text              ro code   0x800'4b58     0x4  startup_stm32h7a3xx.o [1]
  .text              ro code   0x800'4b5c     0x4  startup_stm32h7a3xx.o [1]
  .text              ro code   0x800'4b60     0x4  startup_stm32h7a3xx.o [1]
  .text              ro code   0x800'4b64     0x4  startup_stm32h7a3xx.o [1]
  .text              ro code   0x800'4b68     0x4  startup_stm32h7a3xx.o [1]
  .text              ro code   0x800'4b6c     0x4  startup_stm32h7a3xx.o [1]
  .text              ro code   0x800'4b70     0x4  startup_stm32h7a3xx.o [1]
  .text              ro code   0x800'4b74     0x4  startup_stm32h7a3xx.o [1]
  .text              ro code   0x800'4b78     0x4  startup_stm32h7a3xx.o [1]
  .text              ro code   0x800'4b7c     0x4  startup_stm32h7a3xx.o [1]
  .text              ro code   0x800'4b80     0x4  startup_stm32h7a3xx.o [1]
  .text              ro code   0x800'4b84     0x4  startup_stm32h7a3xx.o [1]
  .text              ro code   0x800'4b88     0x4  startup_stm32h7a3xx.o [1]
  .text              ro code   0x800'4b8c     0x4  startup_stm32h7a3xx.o [1]
  .text              ro code   0x800'4b90     0x4  startup_stm32h7a3xx.o [1]
  .text              ro code   0x800'4b94     0x4  startup_stm32h7a3xx.o [1]
  .text              ro code   0x800'4b98     0x4  startup_stm32h7a3xx.o [1]
  .text              ro code   0x800'4b9c     0x4  startup_stm32h7a3xx.o [1]
  .text              ro code   0x800'4ba0     0x4  startup_stm32h7a3xx.o [1]
  .text              ro code   0x800'4ba4     0x4  startup_stm32h7a3xx.o [1]
  .text              ro code   0x800'4ba8     0x4  startup_stm32h7a3xx.o [1]
  .text              ro code   0x800'4bac     0x4  startup_stm32h7a3xx.o [1]
  .text              ro code   0x800'4bb0     0x4  startup_stm32h7a3xx.o [1]
  .text              ro code   0x800'4bb4     0x4  startup_stm32h7a3xx.o [1]
  .text              ro code   0x800'4bb8     0x4  startup_stm32h7a3xx.o [1]
  .text              ro code   0x800'4bbc     0x4  startup_stm32h7a3xx.o [1]
  .text              ro code   0x800'4bc0     0x4  startup_stm32h7a3xx.o [1]
  .text              ro code   0x800'4bc4     0x4  startup_stm32h7a3xx.o [1]
  .text              ro code   0x800'4bc8     0x4  startup_stm32h7a3xx.o [1]
  .text              ro code   0x800'4bcc     0x4  startup_stm32h7a3xx.o [1]
  .text              ro code   0x800'4bd0     0x4  startup_stm32h7a3xx.o [1]
  .text              ro code   0x800'4bd4     0x4  startup_stm32h7a3xx.o [1]
  .text              ro code   0x800'4bd8     0x4  startup_stm32h7a3xx.o [1]
  .text              ro code   0x800'4bdc     0x4  startup_stm32h7a3xx.o [1]
  .text              ro code   0x800'4be0     0x4  startup_stm32h7a3xx.o [1]
  .text              ro code   0x800'4be4     0x4  startup_stm32h7a3xx.o [1]
  .text              ro code   0x800'4be8     0x4  startup_stm32h7a3xx.o [1]
  .text              ro code   0x800'4bec     0x4  startup_stm32h7a3xx.o [1]
  .text              ro code   0x800'4bf0     0x4  startup_stm32h7a3xx.o [1]
  .text              ro code   0x800'4bf4     0x4  startup_stm32h7a3xx.o [1]
  .text              ro code   0x800'4bf8     0x4  startup_stm32h7a3xx.o [1]
  .text              ro code   0x800'4bfc     0x4  startup_stm32h7a3xx.o [1]
  .text              ro code   0x800'4c00     0x4  startup_stm32h7a3xx.o [1]
  .text              ro code   0x800'4c04     0x4  startup_stm32h7a3xx.o [1]
  .text              ro code   0x800'4c08     0x4  startup_stm32h7a3xx.o [1]
  .text              ro code   0x800'4c0c     0x4  startup_stm32h7a3xx.o [1]
  .text              ro code   0x800'4c10     0x4  startup_stm32h7a3xx.o [1]
  .text              ro code   0x800'4c14     0x4  startup_stm32h7a3xx.o [1]
  .text              ro code   0x800'4c18     0x4  startup_stm32h7a3xx.o [1]
  .text              ro code   0x800'4c1c     0x4  startup_stm32h7a3xx.o [1]
  .text              ro code   0x800'4c20     0x4  startup_stm32h7a3xx.o [1]
  .text              ro code   0x800'4c24     0x4  startup_stm32h7a3xx.o [1]
  .text              ro code   0x800'4c28     0x4  startup_stm32h7a3xx.o [1]
  .text              ro code   0x800'4c2c     0x4  startup_stm32h7a3xx.o [1]
  .text              ro code   0x800'4c30     0x4  startup_stm32h7a3xx.o [1]
  .text              ro code   0x800'4c34     0x4  startup_stm32h7a3xx.o [1]
  .text              ro code   0x800'4c38     0x4  startup_stm32h7a3xx.o [1]
  .text              ro code   0x800'4c3c     0x4  startup_stm32h7a3xx.o [1]
  .text              ro code   0x800'4c40     0x4  startup_stm32h7a3xx.o [1]
  .text              ro code   0x800'4c44     0x4  startup_stm32h7a3xx.o [1]
  .text              ro code   0x800'4c48     0x4  startup_stm32h7a3xx.o [1]
  .text              ro code   0x800'4c4c     0x4  startup_stm32h7a3xx.o [1]
  .text              ro code   0x800'4c50     0x4  startup_stm32h7a3xx.o [1]
  .text              ro code   0x800'4c54     0x4  startup_stm32h7a3xx.o [1]
  .text              ro code   0x800'4c58     0x4  startup_stm32h7a3xx.o [1]
  .text              ro code   0x800'4c5c     0x4  startup_stm32h7a3xx.o [1]
  .text              ro code   0x800'4c60     0x4  startup_stm32h7a3xx.o [1]
  .text              ro code   0x800'4c64     0x4  startup_stm32h7a3xx.o [1]
  .text              ro code   0x800'4c68     0x4  startup_stm32h7a3xx.o [1]
  .text              ro code   0x800'4c6c     0x4  startup_stm32h7a3xx.o [1]
  .text              ro code   0x800'4c70     0x4  startup_stm32h7a3xx.o [1]
  .text              ro code   0x800'4c74     0x4  startup_stm32h7a3xx.o [1]
  .text              ro code   0x800'4c78     0x4  startup_stm32h7a3xx.o [1]
  .text              ro code   0x800'4c7c     0x4  startup_stm32h7a3xx.o [1]
  .text              ro code   0x800'4c80     0x4  startup_stm32h7a3xx.o [1]
  .text              ro code   0x800'4c84     0x4  startup_stm32h7a3xx.o [1]
  .text              ro code   0x800'4c88     0x4  startup_stm32h7a3xx.o [1]
  .text              ro code   0x800'4c8c     0x4  startup_stm32h7a3xx.o [1]
  .text              ro code   0x800'4c90     0x4  startup_stm32h7a3xx.o [1]
  .text              ro code   0x800'4c94     0x4  startup_stm32h7a3xx.o [1]
  .text              ro code   0x800'4c98     0x4  startup_stm32h7a3xx.o [1]
  .text              ro code   0x800'4c9c     0x4  startup_stm32h7a3xx.o [1]
  .text              ro code   0x800'4ca0     0x4  startup_stm32h7a3xx.o [1]
  .text              ro code   0x800'4ca4     0x4  startup_stm32h7a3xx.o [1]
  .text              ro code   0x800'4ca8     0x4  startup_stm32h7a3xx.o [1]
  .text              ro code   0x800'4cac     0x4  startup_stm32h7a3xx.o [1]
  .text              ro code   0x800'4cb0     0x4  startup_stm32h7a3xx.o [1]
  .text              ro code   0x800'4cb4     0x4  startup_stm32h7a3xx.o [1]
  .text              ro code   0x800'4cb8     0x4  startup_stm32h7a3xx.o [1]
  .text              ro code   0x800'4cbc     0x4  startup_stm32h7a3xx.o [1]
  .text              ro code   0x800'4cc0     0x4  startup_stm32h7a3xx.o [1]
  .text              ro code   0x800'4cc4     0x4  startup_stm32h7a3xx.o [1]
  .text              ro code   0x800'4cc8     0x4  startup_stm32h7a3xx.o [1]
  .text              ro code   0x800'4ccc     0x4  startup_stm32h7a3xx.o [1]
  .text              ro code   0x800'4cd0     0x4  startup_stm32h7a3xx.o [1]
  .text              ro code   0x800'4cd4     0x4  startup_stm32h7a3xx.o [1]
  .text              ro code   0x800'4cd8     0x4  startup_stm32h7a3xx.o [1]
  .text              ro code   0x800'4cdc     0x4  startup_stm32h7a3xx.o [1]
  .text              ro code   0x800'4ce0     0x4  startup_stm32h7a3xx.o [1]
  .text              ro code   0x800'4ce4     0x4  startup_stm32h7a3xx.o [1]
  .text              ro code   0x800'4ce8     0x4  startup_stm32h7a3xx.o [1]
  .text              ro code   0x800'4cec     0x4  startup_stm32h7a3xx.o [1]
  .text              ro code   0x800'4cf0     0x4  startup_stm32h7a3xx.o [1]
  .text              ro code   0x800'4cf4     0x4  startup_stm32h7a3xx.o [1]
  .rodata            const     0x800'4cf8     0x0  zero_init3.o [7]
  .rodata            const     0x800'4cf8     0x0  copy_init3.o [7]
                             - 0x800'4cf8  0x4a4c

"P2", part 1 of 3:                           0x10
  P2-1                        0x2000'0000     0xd  <Init block>
    .data            inited   0x2000'0000     0x4  stm32h7xx_hal.o [4]
    .data            inited   0x2000'0004     0x4  system_stm32h7xx.o [3]
    .data            inited   0x2000'0008     0x4  system_stm32h7xx.o [3]
    .data            inited   0x2000'000c     0x1  stm32h7xx_hal.o [4]
                            - 0x2000'000d     0xd

"P2", part 2 of 3:                          0x1b4
  .bss               zero     0x2000'0010    0x90  main.o [2]
  .bss               zero     0x2000'00a0    0x88  main.o [2]
  .bss               zero     0x2000'0128    0x4c  main.o [2]
  .bss               zero     0x2000'0174    0x4c  main.o [2]
  .bss               zero     0x2000'01c0     0x4  stm32h7xx_hal.o [4]
                            - 0x2000'01c4   0x1b4

"P2", part 3 of 3:                          0x400
  CSTACK                      0x2000'01c8   0x400  <Block>
    CSTACK           uninit   0x2000'01c8   0x400  <Block tail>
                            - 0x2000'05c8   0x400

Unused ranges:

         From           To       Size
         ----           --       ----
   0x800'4cf8   0x81f'ffff  0x1f'b308
  0x2000'01c4  0x2000'01c7        0x4
  0x2000'05c8  0x2001'ffff   0x1'fa38


*******************************************************************************
*** INIT TABLE
***

          Address      Size
          -------      ----
Zero (__iar_zero_init3)
    1 destination range, total size 0x1b4:
          0x2000'0010  0x1b4

Copy (__iar_copy_init3)
    1 source range, total size 0x10 (123% of destination):
           0x800'4ac4   0x10
    1 destination range, total size 0xd:
          0x2000'0000    0xd



*******************************************************************************
*** MODULE SUMMARY
***

    Module                   ro code  ro data  rw data
    ------                   -------  -------  -------
command line/config:
    --------------------------------------------------
    Total:

C:\Users\yael\source\repos\EcoMilk\STM32H7A3\EWARM\STM32H7A3\Obj\Application\EWARM: [1]
    startup_stm32h7a3xx.o      1'232
    --------------------------------------------------
    Total:                     1'232

C:\Users\yael\source\repos\EcoMilk\STM32H7A3\EWARM\STM32H7A3\Obj\Application\User\Core: [2]
    main.o                     2'160               432
    stm32h7xx_hal_msp.o          616
    stm32h7xx_it.o                24
    --------------------------------------------------
    Total:                     2'800               432

C:\Users\yael\source\repos\EcoMilk\STM32H7A3\EWARM\STM32H7A3\Obj\Drivers\CMSIS: [3]
    system_stm32h7xx.o           288       24        8
    --------------------------------------------------
    Total:                       288       24        8

C:\Users\yael\source\repos\EcoMilk\STM32H7A3\EWARM\STM32H7A3\Obj\Drivers\STM32H7xx_HAL_Driver: [4]
    stm32h7xx_hal.o              236        5        9
    stm32h7xx_hal_cortex.o       296
    stm32h7xx_hal_gpio.o         668
    stm32h7xx_hal_rcc.o        3'320
    stm32h7xx_hal_rcc_ex.o     4'612
    stm32h7xx_hal_spi.o          422
    stm32h7xx_hal_tim.o        1'480
    stm32h7xx_hal_tim_ex.o       608
    stm32h7xx_hal_uart.o       2'308       24
    stm32h7xx_hal_uart_ex.o      364       16
    --------------------------------------------------
    Total:                    14'314       45        9

dl7M_tln.a: [5]
    exit.o                         4
    low_level_init.o               4
    --------------------------------------------------
    Total:                         8

m7M_tlv.a: [6]
    fpinit_M.o                    34
    --------------------------------------------------
    Total:                        34

rt7M_tl.a: [7]
    ABImemset.o                  102
    I64DivMod.o                  560
    I64DivZer.o                    2
    cexit.o                       10
    cmain.o                       30
    copy_init3.o                  42
    cstartup_M.o                  28
    data_init.o                   40
    memset.o                      20
    zero_init3.o                  56
    --------------------------------------------------
    Total:                       890

shb_l.a: [8]
    exit.o                        20
    --------------------------------------------------
    Total:                        20

    Gaps                           8        2
    Linker created                         39    1'024
------------------------------------------------------
    Grand Total:              19'594      110    1'473


*******************************************************************************
*** ENTRY LIST
***

Entry                       Address   Size  Type      Object
-----                       -------   ----  ----      ------
.iar.init_table$$Base    0x800'49d4          --   Gb  - Linker created -
.iar.init_table$$Limit   0x800'49f8          --   Gb  - Linker created -
?main                    0x800'49f9         Code  Gb  cmain.o [7]
BusFault_Handler         0x800'4a93    0x2  Code  Gb  stm32h7xx_it.o [2]
CSTACK$$Base            0x2000'01c8          --   Gb  - Linker created -
CSTACK$$Limit           0x2000'05c8          --   Gb  - Linker created -
D1CorePrescTable         0x800'4aa4   0x10  Data  Gb  system_stm32h7xx.o [3]
DebugMon_Handler         0x800'4a99    0x2  Code  Gb  stm32h7xx_it.o [2]
Error_Handler            0x800'324d    0x4  Code  Gb  main.o [2]
HAL_GPIO_Init            0x800'3251  0x232  Code  Gb  stm32h7xx_hal_gpio.o [4]
HAL_GPIO_ReadPin         0x800'3483   0x16  Code  Gb  stm32h7xx_hal_gpio.o [4]
HAL_GPIO_WritePin        0x800'3499   0x1a  Code  Gb  stm32h7xx_hal_gpio.o [4]
HAL_GetTick              0x800'14b1    0xc  Code  Gb  stm32h7xx_hal.o [4]
HAL_IncTick              0x800'4a75   0x18  Code  Gb  stm32h7xx_hal.o [4]
HAL_Init                 0x800'3581   0x5e  Code  Gb  stm32h7xx_hal.o [4]
HAL_InitTick             0x800'1ab1   0x58  Code  Gb  stm32h7xx_hal.o [4]
HAL_MspInit              0x800'2535   0x1e  Code  Gb  stm32h7xx_hal_msp.o [2]
HAL_NVIC_SetPriority     0x800'1be3   0x24  Code  Gb  stm32h7xx_hal_cortex.o [4]
HAL_NVIC_SetPriorityGrouping
                         0x800'1bd7    0xc  Code  Gb  stm32h7xx_hal_cortex.o [4]
HAL_RCCEx_GetD3PCLK1Freq
                         0x800'0d85   0x1e  Code  Gb  stm32h7xx_hal_rcc_ex.o [4]
HAL_RCCEx_GetPLL2ClockFreq
                         0x800'0da5  0x226  Code  Gb  stm32h7xx_hal_rcc_ex.o [4]
HAL_RCCEx_GetPLL3ClockFreq
                         0x800'0fe5  0x22c  Code  Gb  stm32h7xx_hal_rcc_ex.o [4]
HAL_RCCEx_PeriphCLKConfig
                         0x800'02ad  0xab4  Code  Gb  stm32h7xx_hal_rcc_ex.o [4]
HAL_RCC_ClockConfig      0x800'14bd  0x306  Code  Gb  stm32h7xx_hal_rcc.o [4]
HAL_RCC_GetHCLKFreq      0x800'19eb   0x3c  Code  Gb  stm32h7xx_hal_rcc.o [4]
HAL_RCC_GetPCLK1Freq     0x800'1a27   0x1a  Code  Gb  stm32h7xx_hal_rcc.o [4]
HAL_RCC_GetPCLK2Freq     0x800'1a41   0x1a  Code  Gb  stm32h7xx_hal_rcc.o [4]
HAL_RCC_GetSysClockFreq
                         0x800'17c5  0x226  Code  Gb  stm32h7xx_hal_rcc.o [4]
HAL_RCC_OscConfig        0x800'3851  0x704  Code  Gb  stm32h7xx_hal_rcc.o [4]
HAL_SPI_Init             0x800'3f55  0x182  Code  Gb  stm32h7xx_hal_spi.o [4]
HAL_SPI_MspInit          0x800'2553   0xc0  Code  Gb  stm32h7xx_hal_msp.o [2]
HAL_SYSTICK_Config       0x800'1c07    0xc  Code  Gb  stm32h7xx_hal_cortex.o [4]
HAL_TIMEx_MasterConfigSynchronization
                         0x800'3775   0x9e  Code  Gb  stm32h7xx_hal_tim_ex.o [4]
HAL_TIMEx_OnePulseN_Start
                         0x800'36e9   0x8c  Code  Gb  stm32h7xx_hal_tim_ex.o [4]
HAL_TIMEx_PWMN_Start     0x800'35f1   0xea  Code  Gb  stm32h7xx_hal_tim_ex.o [4]
HAL_TIM_MspPostInit      0x800'265b   0x8e  Code  Gb  stm32h7xx_hal_msp.o [2]
HAL_TIM_PWM_ConfigChannel
                         0x800'4177  0x15a  Code  Gb  stm32h7xx_hal_tim.o [4]
HAL_TIM_PWM_Init         0x800'40fd   0x7a  Code  Gb  stm32h7xx_hal_tim.o [4]
HAL_TIM_PWM_MspInit      0x800'2613   0x48  Code  Gb  stm32h7xx_hal_msp.o [2]
HAL_UARTEx_DisableFifoMode
                         0x800'46c5   0x46  Code  Gb  stm32h7xx_hal_uart_ex.o [4]
HAL_UARTEx_SetRxFifoThreshold
                         0x800'4761   0x56  Code  Gb  stm32h7xx_hal_uart_ex.o [4]
HAL_UARTEx_SetTxFifoThreshold
                         0x800'470b   0x56  Code  Gb  stm32h7xx_hal_uart_ex.o [4]
HAL_UART_Init            0x800'1c31   0x7e  Code  Gb  stm32h7xx_hal_uart.o [4]
HAL_UART_MspInit         0x800'26e9   0x8a  Code  Gb  stm32h7xx_hal_msp.o [2]
HardFault_Handler        0x800'4a8f    0x2  Code  Gb  stm32h7xx_it.o [2]
MX_GPIO_Init             0x800'30a9  0x16a  Code  Lc  main.o [2]
MX_SPI1_Init             0x800'2e37   0xcc  Code  Lc  main.o [2]
MX_TIM2_Init             0x800'2f03   0x92  Code  Lc  main.o [2]
MX_TIM3_Init             0x800'2f95   0x90  Code  Lc  main.o [2]
MX_USART1_UART_Init      0x800'3025   0x84  Code  Lc  main.o [2]
MemManage_Handler        0x800'4a91    0x2  Code  Gb  stm32h7xx_it.o [2]
NMI_Handler              0x800'4a8d    0x2  Code  Gb  stm32h7xx_it.o [2]
NVIC_EncodePriority      0x800'1b65   0x42  Code  Lc  stm32h7xx_hal_cortex.o [4]
PendSV_Handler           0x800'4a9b    0x2  Code  Gb  stm32h7xx_it.o [2]
RCCEx_PLL2_Config        0x800'1229  0x130  Code  Lc  stm32h7xx_hal_rcc_ex.o [4]
RCCEx_PLL3_Config        0x800'1361  0x130  Code  Lc  stm32h7xx_hal_rcc_ex.o [4]
Region$$Table$$Base      0x800'49d4          --   Gb  - Linker created -
Region$$Table$$Limit     0x800'49f8          --   Gb  - Linker created -
SPI_GetPacketSize        0x800'40e5   0x16  Code  Lc  stm32h7xx_hal_spi.o [4]
SVC_Handler              0x800'4a97    0x2  Code  Gb  stm32h7xx_it.o [2]
SysTick_Config           0x800'1ba7   0x30  Code  Lc  stm32h7xx_hal_cortex.o [4]
SysTick_Handler          0x800'4a9d    0x8  Code  Gb  stm32h7xx_it.o [2]
SystemClock_Config       0x800'2d7b   0xbc  Code  Gb  main.o [2]
SystemCoreClock         0x2000'0004    0x4  Data  Gb  system_stm32h7xx.o [3]
SystemD2Clock           0x2000'0008    0x4  Data  Gb  system_stm32h7xx.o [3]
SystemInit               0x800'4831   0xc8  Code  Gb  system_stm32h7xx.o [3]
TIM_Base_SetConfig       0x800'42d1   0xca  Code  Gb  stm32h7xx_hal_tim.o [4]
TIM_CCxChannelCmd        0x800'46a1   0x24  Code  Gb  stm32h7xx_hal_tim.o [4]
TIM_CCxNChannelCmd       0x800'382d   0x24  Code  Lc  stm32h7xx_hal_tim_ex.o [4]
TIM_OC1_SetConfig        0x800'439b   0xa0  Code  Lc  stm32h7xx_hal_tim.o [4]
TIM_OC2_SetConfig        0x800'443b   0x92  Code  Gb  stm32h7xx_hal_tim.o [4]
TIM_OC3_SetConfig        0x800'44cf   0x8e  Code  Lc  stm32h7xx_hal_tim.o [4]
TIM_OC4_SetConfig        0x800'455d   0x68  Code  Lc  stm32h7xx_hal_tim.o [4]
TIM_OC5_SetConfig        0x800'45c5   0x58  Code  Lc  stm32h7xx_hal_tim.o [4]
TIM_OC6_SetConfig        0x800'461d   0x5a  Code  Lc  stm32h7xx_hal_tim.o [4]
UARTEx_SetNbDataToProcess
                         0x800'47b7   0x72  Code  Lc  stm32h7xx_hal_uart_ex.o [4]
UARTEx_SetNbDataToProcess::denominator
                         0x800'4adc    0x8  Data  Lc  stm32h7xx_hal_uart_ex.o [4]
UARTEx_SetNbDataToProcess::numerator
                         0x800'4ad4    0x8  Data  Lc  stm32h7xx_hal_uart_ex.o [4]
UARTPrescTable           0x800'4a5c   0x18  Data  Gb  stm32h7xx_hal_uart.o [4]
UART_AdvFeatureConfig    0x800'22e3   0xda  Code  Gb  stm32h7xx_hal_uart.o [4]
UART_CheckIdleState      0x800'23bd   0x72  Code  Gb  stm32h7xx_hal_uart.o [4]
UART_SetConfig           0x800'1caf  0x632  Code  Gb  stm32h7xx_hal_uart.o [4]
UART_WaitOnFlagUntilTimeout
                         0x800'242f   0xba  Code  Gb  stm32h7xx_hal_uart.o [4]
UsageFault_Handler       0x800'4a95    0x2  Code  Gb  stm32h7xx_it.o [2]
__NVIC_GetPriorityGrouping
                         0x800'1b2b    0xc  Code  Lc  stm32h7xx_hal_cortex.o [4]
__NVIC_SetPriority       0x800'1b39   0x2c  Code  Lc  stm32h7xx_hal_cortex.o [4]
__NVIC_SetPriorityGrouping
                         0x800'1b09   0x22  Code  Lc  stm32h7xx_hal_cortex.o [4]
__aeabi_ldiv0            0x800'34ed         Code  Gb  I64DivZer.o [7]
__aeabi_memset           0x800'3519         Code  Gb  ABImemset.o [7]
__aeabi_uldivmod         0x800'279d         Code  Gb  I64DivMod.o [7]
__cmain                  0x800'49f9         Code  Gb  cmain.o [7]
__exit                   0x800'4a2d   0x14  Code  Gb  exit.o [8]
__iar_Memset             0x800'3519         Code  Gb  ABImemset.o [7]
__iar_Memset_word        0x800'3521         Code  Gb  ABImemset.o [7]
__iar_copy_init3         0x800'34ef   0x2a  Code  Gb  copy_init3.o [7]
__iar_data_init3         0x800'4989   0x28  Code  Gb  data_init.o [7]
__iar_init_vfp           0x800'49b1         Code  Gb  fpinit_M.o [6]
__iar_program_start      0x800'4a41         Code  Gb  cstartup_M.o [7]
__iar_zero_init3         0x800'4951   0x38  Code  Gb  zero_init3.o [7]
__low_level_init         0x800'4a17    0x4  Code  Gb  low_level_init.o [5]
__vector_table           0x800'0000         Data  Gb  startup_stm32h7a3xx.o [1]
_call_main               0x800'4a05         Code  Gb  cmain.o [7]
_exit                    0x800'4a21         Code  Gb  cexit.o [7]
exit                     0x800'4a1b    0x4  Code  Gb  exit.o [5]
hspi1                   0x2000'00a0   0x88  Data  Gb  main.o [2]
htim2                   0x2000'0128   0x4c  Data  Gb  main.o [2]
htim3                   0x2000'0174   0x4c  Data  Gb  main.o [2]
huart1                  0x2000'0010   0x90  Data  Gb  main.o [2]
main                     0x800'29e1  0x39a  Code  Gb  main.o [2]
memset                   0x800'29cd   0x14  Code  Gb  memset.o [7]
uwTick                  0x2000'01c0    0x4  Data  Gb  stm32h7xx_hal.o [4]
uwTickFreq              0x2000'000c    0x1  Data  Gb  stm32h7xx_hal.o [4]
uwTickPrio              0x2000'0000    0x4  Data  Gb  stm32h7xx_hal.o [4]


[1] = C:\Users\yael\source\repos\EcoMilk\STM32H7A3\EWARM\STM32H7A3\Obj\Application\EWARM
[2] = C:\Users\yael\source\repos\EcoMilk\STM32H7A3\EWARM\STM32H7A3\Obj\Application\User\Core
[3] = C:\Users\yael\source\repos\EcoMilk\STM32H7A3\EWARM\STM32H7A3\Obj\Drivers\CMSIS
[4] = C:\Users\yael\source\repos\EcoMilk\STM32H7A3\EWARM\STM32H7A3\Obj\Drivers\STM32H7xx_HAL_Driver
[5] = dl7M_tln.a
[6] = m7M_tlv.a
[7] = rt7M_tl.a
[8] = shb_l.a

  19'594 bytes of readonly  code memory
     110 bytes of readonly  data memory
   1'473 bytes of readwrite data memory

Errors: none
Warnings: none
