###############################################################################
#
# IAR ELF Linker V9.10.1.308/W64 for ARM                  23/May/2021  12:18:07
# Copyright 2007-2021 IAR Systems AB.
#
#    Output file  =
#        C:\Users\yael\source\repos\EcoMilk\EcoMilkExsample\EWARM\EcoMilkExsample\Exe\EcoMilkExsample.out
#    Map file     =
#        C:\Users\yael\source\repos\EcoMilk\EcoMilkExsample\EWARM\EcoMilkExsample\List\EcoMilkExsample.map
#    Command line =
#        -f
#        C:\Users\yael\source\repos\EcoMilk\EcoMilkExsample\EWARM\EcoMilkExsample\Exe\EcoMilkExsample.out.rsp
#        (C:\Users\yael\source\repos\EcoMilk\EcoMilkExsample\EWARM\EcoMilkExsample\Obj\Application\User\Core\main.o
#        C:\Users\yael\source\repos\EcoMilk\EcoMilkExsample\EWARM\EcoMilkExsample\Obj\Application\EWARM\startup_stm32f072xb.o
#        C:\Users\yael\source\repos\EcoMilk\EcoMilkExsample\EWARM\EcoMilkExsample\Obj\Drivers\STM32F0xx_HAL_Driver\stm32f0xx_hal.o
#        C:\Users\yael\source\repos\EcoMilk\EcoMilkExsample\EWARM\EcoMilkExsample\Obj\Drivers\STM32F0xx_HAL_Driver\stm32f0xx_hal_cortex.o
#        C:\Users\yael\source\repos\EcoMilk\EcoMilkExsample\EWARM\EcoMilkExsample\Obj\Drivers\STM32F0xx_HAL_Driver\stm32f0xx_hal_dma.o
#        C:\Users\yael\source\repos\EcoMilk\EcoMilkExsample\EWARM\EcoMilkExsample\Obj\Drivers\STM32F0xx_HAL_Driver\stm32f0xx_hal_exti.o
#        C:\Users\yael\source\repos\EcoMilk\EcoMilkExsample\EWARM\EcoMilkExsample\Obj\Drivers\STM32F0xx_HAL_Driver\stm32f0xx_hal_flash.o
#        C:\Users\yael\source\repos\EcoMilk\EcoMilkExsample\EWARM\EcoMilkExsample\Obj\Drivers\STM32F0xx_HAL_Driver\stm32f0xx_hal_flash_ex.o
#        C:\Users\yael\source\repos\EcoMilk\EcoMilkExsample\EWARM\EcoMilkExsample\Obj\Drivers\STM32F0xx_HAL_Driver\stm32f0xx_hal_gpio.o
#        C:\Users\yael\source\repos\EcoMilk\EcoMilkExsample\EWARM\EcoMilkExsample\Obj\Drivers\STM32F0xx_HAL_Driver\stm32f0xx_hal_i2c.o
#        C:\Users\yael\source\repos\EcoMilk\EcoMilkExsample\EWARM\EcoMilkExsample\Obj\Drivers\STM32F0xx_HAL_Driver\stm32f0xx_hal_i2c_ex.o
#        C:\Users\yael\source\repos\EcoMilk\EcoMilkExsample\EWARM\EcoMilkExsample\Obj\Application\User\Core\stm32f0xx_hal_msp.o
#        C:\Users\yael\source\repos\EcoMilk\EcoMilkExsample\EWARM\EcoMilkExsample\Obj\Drivers\STM32F0xx_HAL_Driver\stm32f0xx_hal_pwr.o
#        C:\Users\yael\source\repos\EcoMilk\EcoMilkExsample\EWARM\EcoMilkExsample\Obj\Drivers\STM32F0xx_HAL_Driver\stm32f0xx_hal_pwr_ex.o
#        C:\Users\yael\source\repos\EcoMilk\EcoMilkExsample\EWARM\EcoMilkExsample\Obj\Drivers\STM32F0xx_HAL_Driver\stm32f0xx_hal_rcc.o
#        C:\Users\yael\source\repos\EcoMilk\EcoMilkExsample\EWARM\EcoMilkExsample\Obj\Drivers\STM32F0xx_HAL_Driver\stm32f0xx_hal_rcc_ex.o
#        C:\Users\yael\source\repos\EcoMilk\EcoMilkExsample\EWARM\EcoMilkExsample\Obj\Drivers\STM32F0xx_HAL_Driver\stm32f0xx_hal_spi.o
#        C:\Users\yael\source\repos\EcoMilk\EcoMilkExsample\EWARM\EcoMilkExsample\Obj\Drivers\STM32F0xx_HAL_Driver\stm32f0xx_hal_spi_ex.o
#        C:\Users\yael\source\repos\EcoMilk\EcoMilkExsample\EWARM\EcoMilkExsample\Obj\Drivers\STM32F0xx_HAL_Driver\stm32f0xx_hal_tim.o
#        C:\Users\yael\source\repos\EcoMilk\EcoMilkExsample\EWARM\EcoMilkExsample\Obj\Drivers\STM32F0xx_HAL_Driver\stm32f0xx_hal_tim_ex.o
#        C:\Users\yael\source\repos\EcoMilk\EcoMilkExsample\EWARM\EcoMilkExsample\Obj\Drivers\STM32F0xx_HAL_Driver\stm32f0xx_hal_uart.o
#        C:\Users\yael\source\repos\EcoMilk\EcoMilkExsample\EWARM\EcoMilkExsample\Obj\Drivers\STM32F0xx_HAL_Driver\stm32f0xx_hal_uart_ex.o
#        C:\Users\yael\source\repos\EcoMilk\EcoMilkExsample\EWARM\EcoMilkExsample\Obj\Application\User\Core\stm32f0xx_it.o
#        C:\Users\yael\source\repos\EcoMilk\EcoMilkExsample\EWARM\EcoMilkExsample\Obj\Drivers\CMSIS\system_stm32f0xx.o
#        --no_out_extension -o
#        C:\Users\yael\source\repos\EcoMilk\EcoMilkExsample\EWARM\EcoMilkExsample\Exe\EcoMilkExsample.out
#        --redirect _Printf=_PrintfFullNoMb --redirect _Scanf=_ScanfFullNoMb
#        --map
#        C:\Users\yael\source\repos\EcoMilk\EcoMilkExsample\EWARM\EcoMilkExsample\List\EcoMilkExsample.map
#        --config
#        C:\Users\yael\source\repos\EcoMilk\EcoMilkExsample\EWARM/stm32f072xb_flash.icf
#        --semihosting --entry __iar_program_start --vfe --text_out locale)
#
###############################################################################

*******************************************************************************
*** RUNTIME MODEL ATTRIBUTES
***

CppFlavor       = *
__Heap_Handler  = Basic
__SystemLibrary = DLib
__dlib_version  = 6


*******************************************************************************
*** HEAP SELECTION
***

The basic heap was selected because no calls to memory allocation
functions were found in the application outside of system library
functions, and there are calls to deallocation functions in the
application.


*******************************************************************************
*** PLACEMENT SUMMARY
***

"A0":  place at address 0x800'0000 { ro section .intvec };
"P1":  place in [from 0x800'0000 to 0x801'ffff] { ro };
define block CSTACK with size = 1K, alignment = 8 { };
define block HEAP with size = 512, alignment = 8 { };
"P2":  place in [from 0x2000'0000 to 0x2000'3fff] {
          rw, block CSTACK, block HEAP };
initialize by copy { rw };

  Section            Kind         Address    Size  Object
  -------            ----         -------    ----  ------
"A0":                                        0xc0
  .intvec            ro code   0x800'0000    0xc0  startup_stm32f072xb.o [1]
                             - 0x800'00c0    0xc0

"P1":                                      0x3bea
  .text              ro code   0x800'00c0   0xfe4  xprintffull_nomb.o [5]
  .text              ro code   0x800'10a4    0x12  strchr.o [7]
  .rodata            const     0x800'10b6     0x2  xlocale_c.o [5]
  .text              ro code   0x800'10b8    0x48  xfail_s.o [5]
  .text              ro code   0x800'1100     0xe  strlen.o [7]
  .text              ro code   0x800'110e     0x2  startup_stm32f072xb.o [1]
  .text              ro code   0x800'1110    0x16  memchr.o [7]
  .text              ro code   0x800'1126     0x2  startup_stm32f072xb.o [1]
  .text              ro code   0x800'1128    0x4e  ABImemcpy.o [7]
  .text              ro code   0x800'1176    0x2a  frexp.o [6]
  .text              ro code   0x800'11a0    0x32  DblCmpLe.o [6]
  .text              ro code   0x800'11d2    0x32  DblCmpGe.o [6]
  .text              ro code   0x800'1204    0x70  ldexp.o [6]
  .text              ro code   0x800'1274    0x52  DblToI32.o [6]
  .text              ro code   0x800'12c6     0x2  startup_stm32f072xb.o [1]
  .text              ro code   0x800'12c8    0x34  IxxToDbl.o [6]
  .text              ro code   0x800'12fc   0x1a8  DblAddSub.o [6]
  .text              ro code   0x800'14a4    0x5e  I32DivMod.o [7]
  .text              ro code   0x800'1502    0xc2  DblDiv.o [6]
  .text              ro code   0x800'15c4   0x184  DblMul.o [6]
  .text              ro code   0x800'1748     0xc  xlocale_c.o [5]
  .text              ro code   0x800'1754    0x6a  I64DivMod.o [7]
  .text              ro code   0x800'17be     0xa  abort.o [5]
  .text              ro code   0x800'17c8     0x2  IntDivZer.o [7]
  .text              ro code   0x800'17ca     0x2  startup_stm32f072xb.o [1]
  .text              ro code   0x800'17cc     0x2  I64DivZer.o [7]
  .text              ro code   0x800'17ce     0x2  startup_stm32f072xb.o [1]
  .text              ro code   0x800'17d0    0x14  exit.o [8]
  .text              ro code   0x800'17e4    0x7c  iarttio.o [8]
  .text              ro code   0x800'1860     0x8  XShttio.o [5]
  .text              ro code   0x800'1868   0x8e8  stm32f0xx_hal_spi.o [4]
  .text              ro code   0x800'2150   0x15c  stm32f0xx_hal_msp.o [2]
  .text              ro code   0x800'22ac     0xc  stm32f0xx_hal.o [4]
  .text              ro code   0x800'22b8    0x14  memset.o [7]
  .text              ro code   0x800'22cc   0x19c  stm32f0xx_hal_gpio.o [4]
  .text              ro code   0x800'2468    0x4e  ABImemset.o [7]
  .text              ro code   0x800'24b6     0x2  startup_stm32f072xb.o [1]
  .text              ro code   0x800'24b8   0x5e8  stm32f0xx_hal_rcc.o [4]
  .text              ro code   0x800'2aa0    0x44  stm32f0xx_hal.o [4]
  .text              ro code   0x800'2ae4    0x78  stm32f0xx_hal_cortex.o [4]
  .text              ro code   0x800'2b5c   0x3c8  stm32f0xx_hal_uart.o [4]
  .text              ro code   0x800'2f24   0x1d8  main.o [2]
  .text              ro code   0x800'30fc    0x20  stm32f0xx_hal.o [4]
  .text              ro code   0x800'311c    0x28  printf.o [5]
  .text              ro code   0x800'3144   0x134  stm32f0xx_hal_rcc_ex.o [4]
  .text              ro code   0x800'3278   0x140  heap0.o [5]
  .text              ro code   0x800'33b8    0x2c  xgetmemchunk.o [5]
  .text              ro code   0x800'33e4    0xdc  xfspos.o [5]
  .text              ro code   0x800'34c0    0xb4  fflush.o [5]
  .text              ro code   0x800'3574     0xc  xfgpos.o [5]
  .text              ro code   0x800'3580    0x4e  lseek.o [8]
  .text              ro code   0x800'35ce    0x10  write.o [8]
  .text              ro code   0x800'35de     0x2  startup_stm32f072xb.o [1]
  .text              ro code   0x800'35e0    0xc4  XShHandles.o [5]
  .text              ro code   0x800'36a4    0x1e  dwrite.o [8]
  .text              ro code   0x800'36c2    0x20  iarwstd.o [8]
  .text              ro code   0x800'36e2    0x22  iarwrite.o [8]
  .text              ro code   0x800'3704    0xc0  xfwprep.o [5]
  .text              ro code   0x800'37c4    0x24  fseek.o [5]
  .text              ro code   0x800'37e8    0xa4  xfofind.o [5]
  .text              ro code   0x800'388c     0x8  heaptramp0.o [5]
  .text              ro code   0x800'3894    0x80  fclose.o [5]
  .text              ro code   0x800'3914    0x18  close.o [8]
  .text              ro code   0x800'392c    0x14  remove.o [8]
  .text              ro code   0x800'3940    0x7c  lz77_init_single.o [7]
  .rodata            const     0x800'39bc    0x6a  xprintffull_nomb.o [5]
  .text              ro code   0x800'3a26    0x56  fputc.o [5]
  .text              ro code   0x800'3a7c    0x3c  xcloseall.o [5]
  .text              ro code   0x800'3ab8    0x3c  zero_init3.o [7]
  .text              ro code   0x800'3af4    0x28  data_init.o [7]
  .iar.init_table    const     0x800'3b1c    0x20  - Linker created -
  .text              ro code   0x800'3b3c    0x1e  cmain.o [7]
  .text              ro code   0x800'3b5a     0x4  low_level_init.o [5]
  .text              ro code   0x800'3b5e     0x8  exit.o [5]
  .text              ro code   0x800'3b66     0x2  startup_stm32f072xb.o [1]
  .text              ro code   0x800'3b68     0xe  cexit.o [7]
  .text              ro code   0x800'3b76     0x2  startup_stm32f072xb.o [1]
  .text              ro code   0x800'3b78    0x1c  cstartup_M.o [7]
  .text              ro code   0x800'3b94    0x16  xprout.o [5]
  .text              ro code   0x800'3baa     0x2  startup_stm32f072xb.o [1]
  .text              ro code   0x800'3bac    0x10  putchar.o [5]
  .text              ro code   0x800'3bbc    0x14  system_stm32f0xx.o [3]
  .text              ro code   0x800'3bd0    0x10  startup_stm32f072xb.o [1]
  .text              ro code   0x800'3be0    0x10  stm32f0xx_hal.o [4]
  .text              ro code   0x800'3bf0    0x10  stm32f0xx_it.o [2]
  .rodata            const     0x800'3c00     0x8  system_stm32f0xx.o [3]
  .text              ro code   0x800'3c08     0x2  startup_stm32f072xb.o [1]
  .text              ro code   0x800'3c0a     0x2  startup_stm32f072xb.o [1]
  .text              ro code   0x800'3c0c     0x2  startup_stm32f072xb.o [1]
  .text              ro code   0x800'3c0e     0x2  startup_stm32f072xb.o [1]
  .text              ro code   0x800'3c10     0x2  startup_stm32f072xb.o [1]
  .text              ro code   0x800'3c12     0x2  startup_stm32f072xb.o [1]
  .text              ro code   0x800'3c14     0x2  startup_stm32f072xb.o [1]
  .text              ro code   0x800'3c16     0x2  startup_stm32f072xb.o [1]
  .text              ro code   0x800'3c18     0x2  startup_stm32f072xb.o [1]
  .text              ro code   0x800'3c1a     0x2  startup_stm32f072xb.o [1]
  .text              ro code   0x800'3c1c     0x2  startup_stm32f072xb.o [1]
  .text              ro code   0x800'3c1e     0x2  startup_stm32f072xb.o [1]
  .text              ro code   0x800'3c20     0x2  startup_stm32f072xb.o [1]
  .text              ro code   0x800'3c22     0x2  startup_stm32f072xb.o [1]
  .text              ro code   0x800'3c24     0x2  startup_stm32f072xb.o [1]
  .text              ro code   0x800'3c26     0x2  startup_stm32f072xb.o [1]
  .text              ro code   0x800'3c28     0x2  startup_stm32f072xb.o [1]
  .text              ro code   0x800'3c2a     0x2  startup_stm32f072xb.o [1]
  .text              ro code   0x800'3c2c     0x2  startup_stm32f072xb.o [1]
  .text              ro code   0x800'3c2e     0x2  startup_stm32f072xb.o [1]
  .text              ro code   0x800'3c30     0x2  startup_stm32f072xb.o [1]
  .text              ro code   0x800'3c32     0x2  startup_stm32f072xb.o [1]
  .rodata            const     0x800'3c34     0x1  xlocale_c.o [5]
  .text              ro code   0x800'3c38     0x0  cstart_closeall.o [7]
  .rodata            const     0x800'3c38     0x0  zero_init3.o [7]
  .rodata            const     0x800'3c38     0x0  lz77_init_single.o [7]
  Initializer bytes  const     0x800'3c38    0x72  <for P2-1>
                             - 0x800'3caa  0x3bea

"P2", part 1 of 3:                          0x148
  P2-1                        0x2000'0000   0x148  <Init block>
    .data            inited   0x2000'0000     0xc  stm32f0xx_hal.o [4]
    .data            inited   0x2000'000c     0x4  system_stm32f0xx.o [3]
    .data            inited   0x2000'0010    0x38  xlocale_c.o [5]
    .data            inited   0x2000'0048    0x48  xfiles.o [5]
    .data            inited   0x2000'0090    0x48  xfiles.o [5]
    .data            inited   0x2000'00d8    0x48  xfiles.o [5]
    .data            inited   0x2000'0120    0x20  xfiles.o [5]
    .data            inited   0x2000'0140     0x8  XShttio.o [5]
                            - 0x2000'0148   0x148

"P2", part 2 of 3:                          0x27c
  .bss               zero     0x2000'0148   0x14c  main.o [2]
  .bss               zero     0x2000'0294    0x80  XShHandles.o [5]
  .bss               zero     0x2000'0314    0x50  xfiles.o [5]
  .bss               zero     0x2000'0364    0x50  xfiles.o [5]
  .bss               zero     0x2000'03b4     0x8  heap0.o [5]
  .bss               zero     0x2000'03bc     0x4  xfail_s.o [5]
  .bss               zero     0x2000'03c0     0x4  xgetmemchunk.o [5]
                            - 0x2000'03c4   0x27c

"P2", part 3 of 3:                          0x600
  CSTACK                      0x2000'03c8   0x400  <Block>
    CSTACK           uninit   0x2000'03c8   0x400  <Block tail>
  HEAP                        0x2000'07c8   0x200  <Block>
    HEAP             uninit   0x2000'07c8   0x200  <Block tail>
                            - 0x2000'09c8   0x600

Unused ranges:

         From           To      Size
         ----           --      ----
   0x800'3caa   0x801'ffff  0x1'c356
  0x2000'03c4  0x2000'03c7       0x4
  0x2000'09c8  0x2000'3fff    0x3638


*******************************************************************************
*** INIT TABLE
***

          Address      Size
          -------      ----
Zero (__iar_zero_init3)
    1 destination range, total size 0x27c:
          0x2000'0148  0x27c

Copy/lz77 (__iar_lz77_init_single3)
    1 source range, total size 0x72 (34% of destination):
           0x800'3c38   0x72
    1 destination range, total size 0x148:
          0x2000'0000  0x148



*******************************************************************************
*** MODULE SUMMARY
***

    Module                  ro code  ro data  rw data
    ------                  -------  -------  -------
command line/config:
    -------------------------------------------------
    Total:

C:\Users\yael\source\repos\EcoMilk\EcoMilkExsample\EWARM\EcoMilkExsample\Obj\Application\EWARM: [1]
    startup_stm32f072xb.o       272
    -------------------------------------------------
    Total:                      272

C:\Users\yael\source\repos\EcoMilk\EcoMilkExsample\EWARM\EcoMilkExsample\Obj\Application\User\Core: [2]
    main.o                      472               332
    stm32f0xx_hal_msp.o         348
    stm32f0xx_it.o               16
    -------------------------------------------------
    Total:                      836               332

C:\Users\yael\source\repos\EcoMilk\EcoMilkExsample\EWARM\EcoMilkExsample\Obj\Drivers\CMSIS: [3]
    system_stm32f0xx.o           20        9        4
    -------------------------------------------------
    Total:                       20        9        4

C:\Users\yael\source\repos\EcoMilk\EcoMilkExsample\EWARM\EcoMilkExsample\Obj\Drivers\STM32F0xx_HAL_Driver: [4]
    stm32f0xx_hal.o             128        4       12
    stm32f0xx_hal_cortex.o      120
    stm32f0xx_hal_gpio.o        412
    stm32f0xx_hal_rcc.o       1'512
    stm32f0xx_hal_rcc_ex.o      308
    stm32f0xx_hal_spi.o       2'280
    stm32f0xx_hal_uart.o        968
    -------------------------------------------------
    Total:                    5'728        4       12

dl6M_tlf.a: [5]
    XShHandles.o                196               128
    XShttio.o                     8        2        8
    abort.o                      10
    exit.o                        8
    fclose.o                    128
    fflush.o                    180
    fputc.o                      86
    fseek.o                      36
    heap0.o                     320                 8
    heaptramp0.o                  8
    low_level_init.o              4
    printf.o                     40
    putchar.o                    16
    xcloseall.o                  60
    xfail_s.o                    72                 4
    xfgpos.o                     12
    xfiles.o                              86      408
    xfofind.o                   164
    xfspos.o                    220
    xfwprep.o                   192
    xgetmemchunk.o               44                 4
    xlocale_c.o                  12       23       56
    xprintffull_nomb.o        4'068      106
    xprout.o                     22
    -------------------------------------------------
    Total:                    5'906      217      616

m6M_tl.a: [6]
    DblAddSub.o                 424
    DblCmpGe.o                   50
    DblCmpLe.o                   50
    DblDiv.o                    194
    DblMul.o                    388
    DblToI32.o                   82
    IxxToDbl.o                   52
    frexp.o                      42
    ldexp.o                     112
    -------------------------------------------------
    Total:                    1'394

rt6M_tl.a: [7]
    ABImemcpy.o                  78
    ABImemset.o                  78
    I32DivMod.o                  94
    I64DivMod.o                 106
    I64DivZer.o                   2
    IntDivZer.o                   2
    cexit.o                      14
    cmain.o                      30
    cstart_closeall.o
    cstartup_M.o                 28
    data_init.o                  40
    lz77_init_single.o          124
    memchr.o                     22
    memset.o                     20
    strchr.o                     18
    strlen.o                     14
    zero_init3.o                 60
    -------------------------------------------------
    Total:                      730

shb_l.a: [8]
    close.o                      24
    dwrite.o                     30
    exit.o                       20
    iarttio.o                   124
    iarwrite.o                   34
    iarwstd.o                    32
    lseek.o                      78
    remove.o                     20
    write.o                      16
    -------------------------------------------------
    Total:                      378

    Gaps                          3
    Linker created                        33    1'536
-----------------------------------------------------
    Grand Total:             15'267      263    2'500


*******************************************************************************
*** ENTRY LIST
***

Entry                       Address   Size  Type      Object
-----                       -------   ----  ----      ------
.iar.init_table$$Base    0x800'3b1c          --   Gb  - Linker created -
.iar.init_table$$Limit   0x800'3b3c          --   Gb  - Linker created -
?main                    0x800'3b3d         Code  Gb  cmain.o [7]
AHBPrescTable            0x800'3bc0   0x10  Data  Gb  system_stm32f0xx.o [3]
APBPrescTable            0x800'3c00    0x8  Data  Gb  system_stm32f0xx.o [3]
Aldata                  0x2000'03b4    0x8  Data  Lc  heap0.o [5]
CSTACK$$Base            0x2000'03c8          --   Gb  - Linker created -
CSTACK$$Limit           0x2000'07c8          --   Gb  - Linker created -
Error_Handler            0x800'30e5    0x4  Code  Gb  main.o [2]
HAL_GPIO_Init            0x800'22cd  0x17e  Code  Gb  stm32f0xx_hal_gpio.o [4]
HAL_GetTick              0x800'22ad    0xc  Code  Gb  stm32f0xx_hal.o [4]
HAL_IncTick              0x800'3be1   0x10  Code  Gb  stm32f0xx_hal.o [4]
HAL_Init                 0x800'30fd   0x1a  Code  Gb  stm32f0xx_hal.o [4]
HAL_InitTick             0x800'2aa1   0x44  Code  Gb  stm32f0xx_hal.o [4]
HAL_MspInit              0x800'2151   0x2a  Code  Gb  stm32f0xx_hal_msp.o [2]
HAL_NVIC_SetPriority     0x800'2b1f    0x8  Code  Gb  stm32f0xx_hal_cortex.o [4]
HAL_RCCEx_PeriphCLKConfig
                         0x800'3145  0x118  Code  Gb  stm32f0xx_hal_rcc_ex.o [4]
HAL_RCC_ClockConfig      0x800'28e5  0x106  Code  Gb  stm32f0xx_hal_rcc.o [4]
HAL_RCC_GetPCLK1Freq     0x800'2a41   0x14  Code  Gb  stm32f0xx_hal_rcc.o [4]
HAL_RCC_GetSysClockFreq
                         0x800'29f1   0x50  Code  Gb  stm32f0xx_hal_rcc.o [4]
HAL_RCC_GetSysClockFreq::aPLLMULFactorTable
                         0x800'2a80   0x10  Data  Lc  stm32f0xx_hal_rcc.o [4]
HAL_RCC_GetSysClockFreq::aPredivFactorTable
                         0x800'2a90   0x10  Data  Lc  stm32f0xx_hal_rcc.o [4]
HAL_RCC_OscConfig        0x800'24b9  0x41e  Code  Gb  stm32f0xx_hal_rcc.o [4]
HAL_SPI_Init             0x800'1869  0x104  Code  Gb  stm32f0xx_hal_spi.o [4]
HAL_SPI_MspInit          0x800'217b   0xba  Code  Gb  stm32f0xx_hal_msp.o [2]
HAL_SPI_Receive          0x800'1b2d  0x17e  Code  Gb  stm32f0xx_hal_spi.o [4]
HAL_SPI_Transmit         0x800'196d  0x1ba  Code  Gb  stm32f0xx_hal_spi.o [4]
HAL_SPI_TransmitReceive
                         0x800'1cb5  0x226  Code  Gb  stm32f0xx_hal_spi.o [4]
HAL_SYSTICK_Config       0x800'2b27   0x28  Code  Gb  stm32f0xx_hal_cortex.o [4]
HAL_UART_Init            0x800'2b5d   0x56  Code  Gb  stm32f0xx_hal_uart.o [4]
HAL_UART_MspInit         0x800'2235   0x5c  Code  Gb  stm32f0xx_hal_msp.o [2]
HEAP$$Base              0x2000'07c8          --   Gb  - Linker created -
HEAP$$Limit             0x2000'09c8          --   Gb  - Linker created -
HardFault_Handler        0x800'3bf3    0x2  Code  Gb  stm32f0xx_it.o [2]
NMI_Handler              0x800'3bf1    0x2  Code  Gb  stm32f0xx_it.o [2]
PendSV_Handler           0x800'3bf7    0x2  Code  Gb  stm32f0xx_it.o [2]
Region$$Table$$Base      0x800'3b1c          --   Gb  - Linker created -
Region$$Table$$Limit     0x800'3b3c          --   Gb  - Linker created -
SPI_EndRxTransaction     0x800'208d   0x78  Code  Lc  stm32f0xx_hal_spi.o [4]
SPI_EndRxTxTransaction   0x800'2105   0x4c  Code  Lc  stm32f0xx_hal_spi.o [4]
SPI_WaitFifoStateUntilTimeout
                         0x800'1fab   0xd8  Code  Lc  stm32f0xx_hal_spi.o [4]
SPI_WaitFlagStateUntilTimeout
                         0x800'1ee5   0xc6  Code  Lc  stm32f0xx_hal_spi.o [4]
SVC_Handler              0x800'3bf5    0x2  Code  Gb  stm32f0xx_it.o [2]
SysTick_Handler          0x800'3bf9    0x8  Code  Gb  stm32f0xx_it.o [2]
SystemClock_Config       0x800'3075   0x70  Code  Gb  main.o [2]
SystemCoreClock         0x2000'000c    0x4  Data  Gb  system_stm32f0xx.o [3]
SystemInit               0x800'3bbd    0x2  Code  Gb  system_stm32f0xx.o [3]
UART_AdvFeatureConfig    0x800'2cfb   0xc8  Code  Gb  stm32f0xx_hal_uart.o [4]
UART_CheckIdleState      0x800'2dc3   0x60  Code  Gb  stm32f0xx_hal_uart.o [4]
UART_SetConfig           0x800'2bc9  0x130  Code  Gb  stm32f0xx_hal_uart.o [4]
UART_WaitOnFlagUntilTimeout
                         0x800'2e3d   0xa6  Code  Gb  stm32f0xx_hal_uart.o [4]
_Close_all               0x800'3a7d   0x3c  Code  Gb  xcloseall.o [5]
_Files                  0x2000'0120   0x20  Data  Gb  xfiles.o [5]
_Fofree                  0x800'37e9   0x9e  Code  Gb  xfofind.o [5]
_Fspos                   0x800'33e5   0xdc  Code  Gb  xfspos.o [5]
_Fwprep                  0x800'3705   0xc0  Code  Gb  xfwprep.o [5]
_LitobFullNoMb           0x800'0edd  0x124  Code  Lc  xprintffull_nomb.o [5]
_Locale_lconv           0x2000'0010   0x38  Data  Lc  xlocale_c.o [5]
_Nnl                     0x800'3575    0xc  Code  Gb  xfgpos.o [5]
_PrintfFullNoMb          0x800'00c1  0xe1c  Code  Gb  xprintffull_nomb.o [5]
_Prout                   0x800'3b95   0x16  Code  Gb  xprout.o [5]
_PutcharFullNoMb         0x800'104d   0x22  Code  Lc  xprintffull_nomb.o [5]
_PutcharsFullNoMb        0x800'106f   0x36  Code  Lc  xprintffull_nomb.o [5]
__ICFEDIT_region_RAM_end__ {Abs}
                        0x2000'3fff         Data  Gb  <internal module>
__ICFEDIT_region_RAM_start__ {Abs}
                        0x2000'0000         Data  Gb  <internal module>
__NVIC_SetPriority       0x800'2ae5   0x3a  Code  Lc  stm32f0xx_hal_cortex.o [4]
__aeabi_cdcmple          0x800'11a1         Code  Gb  DblCmpLe.o [6]
__aeabi_cdrcmple         0x800'11d3         Code  Gb  DblCmpGe.o [6]
__aeabi_d2iz             0x800'1275         Code  Gb  DblToI32.o [6]
__aeabi_d2uiz            0x800'1299         Code  Gb  DblToI32.o [6]
__aeabi_ddiv             0x800'1503         Code  Gb  DblDiv.o [6]
__aeabi_dmul             0x800'15c5         Code  Gb  DblMul.o [6]
__aeabi_dsub             0x800'13b7         Code  Gb  DblAddSub.o [6]
__aeabi_i2d              0x800'12e9         Code  Gb  IxxToDbl.o [6]
__aeabi_idiv0            0x800'17c9         Code  Gb  IntDivZer.o [7]
__aeabi_ldiv0            0x800'17cd         Code  Gb  I64DivZer.o [7]
__aeabi_memcpy           0x800'115d         Code  Gb  ABImemcpy.o [7]
__aeabi_memcpy4          0x800'1129         Code  Gb  ABImemcpy.o [7]
__aeabi_memcpy8          0x800'1129         Code  Gb  ABImemcpy.o [7]
__aeabi_memset           0x800'2469         Code  Gb  ABImemset.o [7]
__aeabi_ui2d             0x800'12c9         Code  Gb  IxxToDbl.o [6]
__aeabi_uldivmod         0x800'1755         Code  Gb  I64DivMod.o [7]
__basic_free             0x800'3329   0x16  Code  Gb  heap0.o [5]
__basic_free_intern      0x800'333f   0x76  Code  Lc  heap0.o [5]
__basic_malloc           0x800'3279   0x18  Code  Gb  heap0.o [5]
__basic_malloc_intern    0x800'3291   0x98  Code  Lc  heap0.o [5]
__cexit_closeall         0x800'3b6b         Code  Gb  cexit.o [7]
__close                  0x800'3915   0x18  Code  Gb  close.o [8]
__cmain                  0x800'3b3d         Code  Gb  cmain.o [7]
__cstart_closeall        0x800'3c38         Data  Gb  cstart_closeall.o [7]
__data_GetMemChunk       0x800'33b9   0x2c  Code  Gb  xgetmemchunk.o [5]
__data_GetMemChunk::start
                        0x2000'03c0    0x4  Data  Lc  xgetmemchunk.o [5]
__dwrite                 0x800'36a5   0x1e  Code  Gb  dwrite.o [8]
__exit                   0x800'17d1   0x14  Code  Gb  exit.o [8]
__iar_Fail_s             0x800'10b9   0x22  Code  Gb  xfail_s.o [5]
__iar_Memchr             0x800'1111         Code  Gb  memchr.o [7]
__iar_Memcpy             0x800'1169         Code  Gb  ABImemcpy.o [7]
__iar_Memset4_word       0x800'2489         Code  Gb  ABImemset.o [7]
__iar_Memset_word        0x800'2475         Code  Gb  ABImemset.o [7]
__iar_Stderr            0x2000'00d8   0x48  Data  Gb  xfiles.o [5]
__iar_Stdin             0x2000'0048   0x48  Data  Gb  xfiles.o [5]
__iar_Stdout            0x2000'0090   0x48  Data  Gb  xfiles.o [5]
__iar_Strchr             0x800'10a5         Code  Gb  strchr.o [7]
__iar_close_ttio         0x800'17e5   0x2c  Code  Gb  iarttio.o [8]
__iar_d2uiz              0x800'129d         Code  Gb  DblToI32.o [6]
__iar_data_init3         0x800'3af5   0x28  Code  Gb  data_init.o [7]
__iar_frexp              0x800'1183         Code  Gb  frexp.o [6]
__iar_frexp64            0x800'1177         Code  Gb  frexp.o [6]
__iar_frexpl             0x800'1183         Code  Gb  frexp.o [6]
__iar_get_ttio           0x800'1811   0x4c  Code  Gb  iarttio.o [8]
__iar_ldexp64            0x800'1205         Code  Gb  ldexp.o [6]
__iar_lookup_ttioh       0x800'1861    0x8  Code  Gb  XShttio.o [5]
__iar_lz77_init_single3
                         0x800'3941   0x7c  Code  Gb  lz77_init_single.o [7]
__iar_program_start      0x800'3b79         Code  Gb  cstartup_M.o [7]
__iar_scalbln64          0x800'1205         Code  Gb  ldexp.o [6]
__iar_scalbn64           0x800'1205         Code  Gb  ldexp.o [6]
__iar_sh_Discard         0x800'35e1   0x3e  Code  Gb  XShHandles.o [5]
__iar_sh_Move            0x800'361f   0x44  Code  Gb  XShHandles.o [5]
__iar_sh_Pos             0x800'3663   0x3e  Code  Gb  XShHandles.o [5]
__iar_sh_stdout          0x800'36c3   0x20  Code  Gb  iarwstd.o [8]
__iar_sh_write           0x800'36e3   0x22  Code  Gb  iarwrite.o [8]
__iar_small_idiv         0x800'14a5         Code  Gb  I32DivMod.o [7]
__iar_small_idivmod      0x800'14a5         Code  Gb  I32DivMod.o [7]
__iar_small_uidiv        0x800'14cd         Code  Gb  I32DivMod.o [7]
__iar_small_uidivmod     0x800'14cd         Code  Gb  I32DivMod.o [7]
__iar_ttio_handles      0x2000'0140    0x8  Data  Lc  XShttio.o [5]
__iar_zero_init3         0x800'3ab9   0x3c  Code  Gb  zero_init3.o [7]
__low_level_init         0x800'3b5b    0x4  Code  Gb  low_level_init.o [5]
__lseek                  0x800'3581   0x4e  Code  Gb  lseek.o [8]
__vector_table           0x800'0000         Data  Gb  startup_stm32f072xb.o [1]
__write                  0x800'35cf   0x10  Code  Gb  write.o [8]
_call_main               0x800'3b49         Code  Gb  cmain.o [7]
_exit                    0x800'3b69         Code  Gb  cexit.o [7]
abort                    0x800'17bf    0xa  Code  Gb  abort.o [5]
ebuf                    0x2000'0314   0x50  Data  Lc  xfiles.o [5]
exit                     0x800'3b5f    0x8  Code  Gb  exit.o [5]
fclose                   0x800'3895   0x80  Code  Gb  fclose.o [5]
fflush                   0x800'3535   0x38  Code  Gb  fflush.o [5]
fflushOne                0x800'34c1   0x74  Code  Lc  fflush.o [5]
fputc                    0x800'3a27   0x56  Code  Gb  fputc.o [5]
free                     0x800'388d    0x8  Code  Gb  heaptramp0.o [5]
frexp                    0x800'1177         Code  Gb  frexp.o [6]
frexpl                   0x800'1177         Code  Gb  frexp.o [6]
fseek                    0x800'37c5   0x24  Code  Gb  fseek.o [5]
hspi1                   0x2000'0148   0x64  Data  Gb  main.o [2]
hspi2                   0x2000'01ac   0x64  Data  Gb  main.o [2]
huart2                  0x2000'0210   0x84  Data  Gb  main.o [2]
ldexp                    0x800'1205         Code  Gb  ldexp.o [6]
ldexpl                   0x800'1205         Code  Gb  ldexp.o [6]
localeconv               0x800'1749    0x4  Code  Gb  xlocale_c.o [5]
main                     0x800'2f25  0x13c  Code  Gb  main.o [2]
memchr                   0x800'1111         Code  Gb  memchr.o [7]
memset                   0x800'22b9   0x14  Code  Gb  memset.o [7]
obuf                    0x2000'0364   0x50  Data  Lc  xfiles.o [5]
printf                   0x800'311d   0x28  Code  Gb  printf.o [5]
putchar                  0x800'3bad   0x10  Code  Gb  putchar.o [5]
remove                   0x800'392d   0x14  Code  Gb  remove.o [8]
sFileInfo               0x2000'0294   0x80  Data  Lc  XShHandles.o [5]
scalbln                  0x800'1205         Code  Gb  ldexp.o [6]
scalblnl                 0x800'1205         Code  Gb  ldexp.o [6]
scalbn                   0x800'1205         Code  Gb  ldexp.o [6]
scalbnl                  0x800'1205         Code  Gb  ldexp.o [6]
scale                    0x800'1001   0x44  Code  Lc  xprintffull_nomb.o [5]
sec_hand                0x2000'03bc    0x4  Data  Lc  xfail_s.o [5]
strchr                   0x800'10a5         Code  Gb  strchr.o [7]
strlen                   0x800'1101         Code  Gb  strlen.o [7]
uwTick                  0x2000'0004    0x4  Data  Gb  stm32f0xx_hal.o [4]
uwTickFreq              0x2000'0000    0x1  Data  Gb  stm32f0xx_hal.o [4]
uwTickPrio              0x2000'0008    0x4  Data  Gb  stm32f0xx_hal.o [4]


[1] = C:\Users\yael\source\repos\EcoMilk\EcoMilkExsample\EWARM\EcoMilkExsample\Obj\Application\EWARM
[2] = C:\Users\yael\source\repos\EcoMilk\EcoMilkExsample\EWARM\EcoMilkExsample\Obj\Application\User\Core
[3] = C:\Users\yael\source\repos\EcoMilk\EcoMilkExsample\EWARM\EcoMilkExsample\Obj\Drivers\CMSIS
[4] = C:\Users\yael\source\repos\EcoMilk\EcoMilkExsample\EWARM\EcoMilkExsample\Obj\Drivers\STM32F0xx_HAL_Driver
[5] = dl6M_tlf.a
[6] = m6M_tl.a
[7] = rt6M_tl.a
[8] = shb_l.a

  15'267 bytes of readonly  code memory
     263 bytes of readonly  data memory
   2'500 bytes of readwrite data memory

Errors: none
Warnings: none
